EN fd_mxilinx_tld NULL C:/Temp/Work/AlphaX/HDM01/PLD/FPASIC/TLD.vhf sub00/vhpl04 1500920870
AR encoder behavioral C:/Temp/Work/AlphaX/HDM01/PLD/FPASIC/encoder.vhd sub00/vhpl01 1500920869
EN tld NULL C:/Temp/Work/AlphaX/HDM01/PLD/FPASIC/TLD.vhf sub00/vhpl02 1500920872
AR tld behavioral C:/Temp/Work/AlphaX/HDM01/PLD/FPASIC/TLD.vhf sub00/vhpl03 1500920873
EN encoder NULL C:/Temp/Work/AlphaX/HDM01/PLD/FPASIC/encoder.vhd sub00/vhpl00 1500920868
AR fd_mxilinx_tld behavioral C:/Temp/Work/AlphaX/HDM01/PLD/FPASIC/TLD.vhf sub00/vhpl05 1500920871
