Release 14.7 - xst P.20131013 (nt64)
Copyright (c) 1995-2013 Xilinx, Inc.  All rights reserved.
--> Parameter TMPDIR set to xst/projnav.tmp


Total REAL time to Xst completion: 0.00 secs
Total CPU time to Xst completion: 0.08 secs
 
--> Parameter xsthdpdir set to xst


Total REAL time to Xst completion: 0.00 secs
Total CPU time to Xst completion: 0.08 secs
 
--> Reading design: FrontPanel.prj

TABLE OF CONTENTS
  1) Synthesis Options Summary
  2) HDL Compilation
  3) Design Hierarchy Analysis
  4) HDL Analysis
  5) HDL Synthesis
     5.1) HDL Synthesis Report
  6) Advanced HDL Synthesis
     6.1) Advanced HDL Synthesis Report
  7) Low Level Synthesis
  8) Partition Report
  9) Final Report

=========================================================================
*                      Synthesis Options Summary                        *
=========================================================================
---- Source Parameters
Input File Name                    : "FrontPanel.prj"
Input Format                       : mixed
Ignore Synthesis Constraint File   : NO

---- Target Parameters
Output File Name                   : "FrontPanel"
Output Format                      : NGC
Target Device                      : XC9500XL CPLDs

---- Source Options
Top Module Name                    : FrontPanel
Automatic FSM Extraction           : YES
FSM Encoding Algorithm             : Auto
Safe Implementation                : No
Mux Extraction                     : Yes
Resource Sharing                   : YES

---- Target Options
Add IO Buffers                     : YES
MACRO Preserve                     : YES
XOR Preserve                       : YES
Equivalent register Removal        : YES

---- General Options
Optimization Goal                  : Speed
Optimization Effort                : 1
Keep Hierarchy                     : Yes
Netlist Hierarchy                  : As_Optimized
RTL Output                         : Yes
Hierarchy Separator                : /
Bus Delimiter                      : <>
Case Specifier                     : Maintain
Verilog 2001                       : YES

---- Other Options
Clock Enable                       : YES
wysiwyg                            : NO

=========================================================================


=========================================================================
*                          HDL Compilation                              *
=========================================================================
Compiling verilog file "spi.v" in library work
Compiling verilog file "clock_divider.v" in library work
Module <spi> compiled
Module <clock_divider> compiled
No errors in compilation
Analysis of file <"FrontPanel.prj"> succeeded.
 
Compiling vhdl file "C:/Temp/Work/AlphaX/HDM01/PLD/FrontPanelASIC/rotary_decoder.vhd" in Library work.
Architecture behavioral of Entity rotary_decoder is up to date.
Compiling vhdl file "C:/Temp/Work/AlphaX/HDM01/PLD/FrontPanelASIC/FrontPanel.vhf" in Library work.
Architecture behavioral of Entity frontpanel is up to date.

=========================================================================
*                     Design Hierarchy Analysis                         *
=========================================================================
Analyzing hierarchy for entity <FrontPanel> in library <work> (architecture <behavioral>).

Analyzing hierarchy for entity <rotary_decoder> in library <work> (architecture <behavioral>).

Analyzing hierarchy for module <clock_divider> in library <work> with parameters.
	N = "00000000000000000000000000000101"
	WIDTH = "00000000000000000000000000000011"

Analyzing hierarchy for module <spi> in library <work> with parameters.
	ACK = "00000000000000000000000000000001"
	CHIP_ID = "00000000000000000000000001110001"
	NAK = "00000000000000000000000010000000"
	NO_OPERATION = "00000000000000000000000000000000"
	READ_CHIP_ID = "00000000000000000000000000000110"
	READ_VENDOR_ID = "00000000000000000000000000011001"
	VENDOR_ID = "00000000000000000000000010101110"
	WRITE_LED_PORT = "00000000000000000000000000000001"


=========================================================================
*                            HDL Analysis                               *
=========================================================================
Analyzing Entity <FrontPanel> in library <work> (Architecture <behavioral>).
    Set user-defined property "SLEW =  SLOW" for instance <XLXI_6> in unit <FrontPanel>.
    Set user-defined property "SLEW =  SLOW" for instance <XLXI_7> in unit <FrontPanel>.
    Set user-defined property "SLEW =  SLOW" for instance <XLXI_16> in unit <FrontPanel>.
    Set user-defined property "SLEW =  SLOW" for instance <XLXI_19> in unit <FrontPanel>.
    Set user-defined property "SLEW =  SLOW" for instance <XLXI_27> in unit <FrontPanel>.
    Set user-defined property "SLEW =  SLOW" for instance <XLXI_28> in unit <FrontPanel>.
Entity <FrontPanel> analyzed. Unit <FrontPanel> generated.

Analyzing Entity <rotary_decoder> in library <work> (Architecture <behavioral>).
INFO:Xst:1561 - "C:/Temp/Work/AlphaX/HDM01/PLD/FrontPanelASIC/rotary_decoder.vhd" line 121: Mux is complete : default of case is discarded
Entity <rotary_decoder> analyzed. Unit <rotary_decoder> generated.

Analyzing module <clock_divider> in library <work>.
	N = 32'sb00000000000000000000000000000101
	WIDTH = 32'sb00000000000000000000000000000011
Module <clock_divider> is correct for synthesis.
 
Analyzing module <spi> in library <work>.
	ACK = 32'b00000000000000000000000000000001
	CHIP_ID = 32'b00000000000000000000000001110001
	NAK = 32'b00000000000000000000000010000000
	NO_OPERATION = 32'b00000000000000000000000000000000
	READ_CHIP_ID = 32'b00000000000000000000000000000110
	READ_VENDOR_ID = 32'b00000000000000000000000000011001
	VENDOR_ID = 32'b00000000000000000000000010101110
	WRITE_LED_PORT = 32'b00000000000000000000000000000001
Module <spi> is correct for synthesis.
 

=========================================================================
*                           HDL Synthesis                               *
=========================================================================

Performing bidirectional port resolution...

Synthesizing Unit <rotary_decoder>.
    Related source file is "C:/Temp/Work/AlphaX/HDM01/PLD/FrontPanelASIC/rotary_decoder.vhd".
    Found 1-bit register for signal <detent>.
    Found 1-bit register for signal <delay_rotary_q1>.
    Found 1-bit register for signal <internal_detent>.
    Found 1-bit register for signal <internal_direction>.
    Found 1-bit register for signal <rotary_a_in>.
    Found 1-bit register for signal <rotary_b_in>.
    Found 1-bit register for signal <rotary_event>.
    Found 2-bit register for signal <rotary_in>.
    Found 1-bit register for signal <rotary_left>.
    Found 1-bit register for signal <rotary_q1>.
    Found 1-bit register for signal <rotary_q2>.
    Summary:
	inferred   8 D-type flip-flop(s).
Unit <rotary_decoder> synthesized.


Synthesizing Unit <clock_divider>.
    Related source file is "clock_divider.v".
    Found 1-bit register for signal <clk_track>.
    Found 3-bit adder for signal <r_nxt>.
    Found 3-bit up counter for signal <r_reg>.
    Summary:
	inferred   1 Counter(s).
	inferred   1 D-type flip-flop(s).
	inferred   1 Adder/Subtractor(s).
Unit <clock_divider> synthesized.


Synthesizing Unit <spi>.
    Related source file is "spi.v".
    Found 1-bit register for signal <BYTE_IN>.
    Found 1-bit register for signal <MISO>.
    Found 8-bit register for signal <LEDPORT>.
    Found 4-bit up counter for signal <BITCNT>.
    Found 1-bit register for signal <CMDDATA>.
    Found 8-bit register for signal <DEVCMD>.
    Found 4-bit adder for signal <old_BITCNT_2$add0000> created at line 127.
    Found 8-bit register for signal <SPIDATA_IN>.
    Found 8-bit register for signal <SPIDATA_OUT>.
    Summary:
	inferred   1 Counter(s).
	inferred   2 D-type flip-flop(s).
	inferred   1 Adder/Subtractor(s).
Unit <spi> synthesized.


Synthesizing Unit <FrontPanel>.
    Related source file is "C:/Temp/Work/AlphaX/HDM01/PLD/FrontPanelASIC/FrontPanel.vhf".
WARNING:Xst:646 - Signal <LED<7:3>> is assigned but never used. This unconnected signal will be trimmed during the optimization process.
Unit <FrontPanel> synthesized.


=========================================================================
HDL Synthesis Report

Macro Statistics
# Adders/Subtractors                                   : 2
 3-bit adder                                           : 1
 4-bit adder                                           : 1
# Counters                                             : 2
 3-bit up counter                                      : 1
 4-bit up counter                                      : 1
# Registers                                            : 19
 1-bit register                                        : 14
 2-bit register                                        : 1
 8-bit register                                        : 4
# Multiplexers                                         : 1
 1-bit 8-to-1 multiplexer                              : 1

=========================================================================

=========================================================================
*                       Advanced HDL Synthesis                          *
=========================================================================


=========================================================================
Advanced HDL Synthesis Report

Macro Statistics
# Adders/Subtractors                                   : 2
 3-bit adder                                           : 1
 4-bit adder                                           : 1
# Counters                                             : 2
 3-bit up counter                                      : 1
 4-bit up counter                                      : 1
# Registers                                            : 11
 Flip-Flops                                            : 11
# Multiplexers                                         : 1
 1-bit 8-to-1 multiplexer                              : 1

=========================================================================

=========================================================================
*                         Low Level Synthesis                           *
=========================================================================
INFO:Xst:2261 - The FF/Latch <SPIDATA_OUT_3> in Unit <spi> is equivalent to the following 2 FFs/Latches, which will be removed : <SPIDATA_OUT_2> <SPIDATA_OUT_1> 
INFO:Xst:2261 - The FF/Latch <SPIDATA_OUT_6> in Unit <spi> is equivalent to the following FF/Latch, which will be removed : <SPIDATA_OUT_4> 

Optimizing unit <FrontPanel> ...

Optimizing unit <rotary_decoder> ...

Optimizing unit <clock_divider> ...

Optimizing unit <spi> ...
  implementation constraint: INIT=r	 : SPIDATA_OUT_0
  implementation constraint: INIT=r	 : DEVCMD_7
  implementation constraint: INIT=r	 : LEDPORT_7
  implementation constraint: INIT=r	 : BITCNT_2
  implementation constraint: INIT=r	 : BITCNT_3
  implementation constraint: INIT=r	 : SPIDATA_IN_2
  implementation constraint: INIT=r	 : BYTE_IN
  implementation constraint: INIT=r	 : CMDDATA
  implementation constraint: INIT=r	 : SPIDATA_IN_7
  implementation constraint: INIT=r	 : SPIDATA_IN_3
  implementation constraint: INIT=r	 : MISO
  implementation constraint: INIT=r	 : BITCNT_0
  implementation constraint: INIT=r	 : BITCNT_1
  implementation constraint: INIT=r	 : LEDPORT_0
  implementation constraint: INIT=r	 : LEDPORT_1
  implementation constraint: INIT=r	 : LEDPORT_2
  implementation constraint: INIT=r	 : LEDPORT_3
  implementation constraint: INIT=r	 : LEDPORT_4
  implementation constraint: INIT=r	 : LEDPORT_5
  implementation constraint: INIT=r	 : LEDPORT_6
  implementation constraint: INIT=r	 : DEVCMD_0
  implementation constraint: INIT=r	 : DEVCMD_1
  implementation constraint: INIT=r	 : DEVCMD_2
  implementation constraint: INIT=r	 : DEVCMD_3
  implementation constraint: INIT=r	 : DEVCMD_4
  implementation constraint: INIT=r	 : DEVCMD_5
  implementation constraint: INIT=r	 : DEVCMD_6
  implementation constraint: INIT=r	 : SPIDATA_OUT_7
  implementation constraint: INIT=r	 : SPIDATA_IN_4
  implementation constraint: INIT=r	 : SPIDATA_OUT_6
  implementation constraint: INIT=r	 : SPIDATA_OUT_5
  implementation constraint: INIT=r	 : SPIDATA_IN_6
  implementation constraint: INIT=r	 : SPIDATA_OUT_3
  implementation constraint: INIT=r	 : SPIDATA_IN_5
  implementation constraint: INIT=r	 : SPIDATA_IN_1
  implementation constraint: INIT=r	 : SPIDATA_IN_0
WARNING:Xst:2677 - Node <LEDPORT_3> of sequential type is unconnected in block <XLXI_29>.
WARNING:Xst:2677 - Node <LEDPORT_4> of sequential type is unconnected in block <XLXI_29>.
WARNING:Xst:2677 - Node <LEDPORT_5> of sequential type is unconnected in block <XLXI_29>.
WARNING:Xst:2677 - Node <LEDPORT_6> of sequential type is unconnected in block <XLXI_29>.
WARNING:Xst:2677 - Node <LEDPORT_7> of sequential type is unconnected in block <XLXI_29>.

=========================================================================
*                           Partition Report                            *
=========================================================================

Partition Implementation Status
-------------------------------

  No Partitions were found in this design.

-------------------------------

=========================================================================
*                            Final Report                               *
=========================================================================
Final Results
RTL Top Level Output File Name     : FrontPanel.ngr
Top Level Output File Name         : FrontPanel
Output Format                      : NGC
Optimization Goal                  : Speed
Keep Hierarchy                     : Yes
Target Technology                  : XC9500XL CPLDs
Macro Preserve                     : YES
XOR Preserve                       : YES
Clock Enable                       : YES
wysiwyg                            : NO

Design Statistics
# IOs                              : 15

Cell Usage :
# BELS                             : 115
#      AND2                        : 34
#      AND3                        : 5
#      AND4                        : 3
#      GND                         : 3
#      INV                         : 47
#      OR2                         : 13
#      OR3                         : 3
#      OR4                         : 2
#      XOR2                        : 5
# FlipFlops/Latches                : 47
#      FD                          : 19
#      FDC                         : 5
#      FDCE                        : 23
# IO Buffers                       : 15
#      IBUF                        : 7
#      OBUF                        : 8
=========================================================================


Total REAL time to Xst completion: 4.00 secs
Total CPU time to Xst completion: 3.97 secs
 
--> 

Total memory usage is 266364 kilobytes

Number of errors   :    0 (   0 filtered)
Number of warnings :    6 (   0 filtered)
Number of infos    :    3 (   0 filtered)

