AR encoder behavioral C:/Temp/Work/AlphaX/HDM01/PLD/FrontPanelASIC/rotary_decoder.vhd sub00/vhpl01 1501618579
MO PWM NULL PWM.v vlg50/_p_w_m.bin 1502637862
EN rotary_decoder NULL C:/Temp/Work/AlphaX/HDM01/PLD/FrontPanelASIC/rotary_decoder.vhd sub00/vhpl02 1503680376
AR frontpanel behavioral C:/Temp/Work/AlphaX/HDM01/PLD/FrontPanelASIC/FrontPanel.vhf sub00/vhpl05 1503680379
MO clock_divider NULL clock_divider.v vlg1E/clock__divider.bin 1503680376
MO spi NULL spi.v vlg54/spi.bin 1503680376
MO nec_decoder NULL nec_decoder.v vlg0F/nec__decoder.bin 1501967627
EN encoder NULL C:/Temp/Work/AlphaX/HDM01/PLD/FrontPanelASIC/rotary_decoder.vhd sub00/vhpl00 1501618578
AR rotary_decoder behavioral C:/Temp/Work/AlphaX/HDM01/PLD/FrontPanelASIC/rotary_decoder.vhd sub00/vhpl03 1503680377
MO pulsetimer NULL pulsetimer.v vlg7E/pulsetimer.bin 1501972990
AR nec_ir_decoder behavioral C:/Temp/Work/AlphaX/HDM01/PLD/FrontPanelASIC/NEC_IR_DECODER.vhd sub00/vhpl07 1501965499
MO necdecoder NULL necdecoder.v vlg14/necdecoder.bin 1501972990
EN nec_ir_decoder NULL C:/Temp/Work/AlphaX/HDM01/PLD/FrontPanelASIC/NEC_IR_DECODER.vhd sub00/vhpl06 1501965498
MO timer NULL timer.v vlg09/timer.bin 1501967627
EN frontpanel NULL C:/Temp/Work/AlphaX/HDM01/PLD/FrontPanelASIC/FrontPanel.vhf sub00/vhpl04 1503680378
MO counter8 NULL counter8.v vlg08/counter8.bin 1503680376
