Release 14.7 - xst P.20131013 (nt64)
Copyright (c) 1995-2013 Xilinx, Inc.  All rights reserved.
--> Parameter TMPDIR set to xst/projnav.tmp


Total REAL time to Xst completion: 0.00 secs
Total CPU time to Xst completion: 0.08 secs
 
--> Parameter xsthdpdir set to xst


Total REAL time to Xst completion: 0.00 secs
Total CPU time to Xst completion: 0.08 secs
 
--> Reading design: TLD.prj

TABLE OF CONTENTS
  1) Synthesis Options Summary
  2) HDL Compilation
  3) Design Hierarchy Analysis
  4) HDL Analysis
  5) HDL Synthesis
     5.1) HDL Synthesis Report
  6) Advanced HDL Synthesis
     6.1) Advanced HDL Synthesis Report
  7) Low Level Synthesis
  8) Partition Report
  9) Final Report

=========================================================================
*                      Synthesis Options Summary                        *
=========================================================================
---- Source Parameters
Input File Name                    : "TLD.prj"
Input Format                       : mixed
Ignore Synthesis Constraint File   : NO

---- Target Parameters
Output File Name                   : "TLD"
Output Format                      : NGC
Target Device                      : XC9500XL CPLDs

---- Source Options
Top Module Name                    : TLD
Automatic FSM Extraction           : YES
FSM Encoding Algorithm             : Auto
Safe Implementation                : No
Mux Extraction                     : Yes
Resource Sharing                   : YES

---- Target Options
Add IO Buffers                     : YES
MACRO Preserve                     : YES
XOR Preserve                       : YES
Equivalent register Removal        : YES

---- General Options
Optimization Goal                  : Speed
Optimization Effort                : 1
Keep Hierarchy                     : Yes
Netlist Hierarchy                  : As_Optimized
RTL Output                         : Yes
Hierarchy Separator                : /
Bus Delimiter                      : <>
Case Specifier                     : Maintain
Verilog 2001                       : YES

---- Other Options
Clock Enable                       : YES
wysiwyg                            : NO

=========================================================================


=========================================================================
*                          HDL Compilation                              *
=========================================================================
Compiling vhdl file "C:/Temp/Work/AlphaX/HDM01/PLD/FPASIC/encoder.vhd" in Library work.
Architecture behavioral of Entity encoder is up to date.
Compiling vhdl file "C:/Temp/Work/AlphaX/HDM01/PLD/FPASIC/TLD.vhf" in Library work.
Entity <comp4_mxilinx_tld> compiled.
Entity <comp4_mxilinx_tld> (Architecture <behavioral>) compiled.
Entity <fd_mxilinx_tld> compiled.
Entity <fd_mxilinx_tld> (Architecture <behavioral>) compiled.
Entity <ftce_mxilinx_tld> compiled.
Entity <ftce_mxilinx_tld> (Architecture <behavioral>) compiled.
Entity <cb4ce_mxilinx_tld> compiled.
Entity <cb4ce_mxilinx_tld> (Architecture <behavioral>) compiled.
Entity <tld> compiled.
Entity <tld> (Architecture <behavioral>) compiled.

=========================================================================
*                     Design Hierarchy Analysis                         *
=========================================================================
Analyzing hierarchy for entity <TLD> in library <work> (architecture <behavioral>).

Analyzing hierarchy for entity <encoder> in library <work> (architecture <behavioral>).

Analyzing hierarchy for entity <CB4CE_MXILINX_TLD> in library <work> (architecture <behavioral>).

Analyzing hierarchy for entity <COMP4_MXILINX_TLD> in library <work> (architecture <behavioral>).

Analyzing hierarchy for entity <FD_MXILINX_TLD> in library <work> (architecture <behavioral>) with generics.
	INIT = '0'

Analyzing hierarchy for entity <FTCE_MXILINX_TLD> in library <work> (architecture <behavioral>) with generics.
	INIT = '0'


=========================================================================
*                            HDL Analysis                               *
=========================================================================
Analyzing Entity <TLD> in library <work> (Architecture <behavioral>).
    Set user-defined property "SLEW =  SLOW" for instance <XLXI_8> in unit <TLD>.
    Set user-defined property "SLEW =  SLOW" for instance <XLXI_9> in unit <TLD>.
WARNING:Xst:753 - "C:/Temp/Work/AlphaX/HDM01/PLD/FPASIC/TLD.vhf" line 493: Unconnected output port 'CEO' of component 'CB4CE_MXILINX_TLD'.
WARNING:Xst:753 - "C:/Temp/Work/AlphaX/HDM01/PLD/FPASIC/TLD.vhf" line 493: Unconnected output port 'TC' of component 'CB4CE_MXILINX_TLD'.
    Set user-defined property "HU_SET =  XLXI_13_4" for instance <XLXI_13> in unit <TLD>.
    Set user-defined property "HU_SET =  XLXI_16_5" for instance <XLXI_16> in unit <TLD>.
    Set user-defined property "SLEW =  SLOW" for instance <XLXI_21> in unit <TLD>.
    Set user-defined property "HU_SET =  XLXI_29_6" for instance <XLXI_29> in unit <TLD>.
    Set user-defined property "HU_SET =  XLXI_31_7" for instance <XLXI_31> in unit <TLD>.
    Set user-defined property "HU_SET =  XLXI_37_8" for instance <XLXI_37> in unit <TLD>.
Entity <TLD> analyzed. Unit <TLD> generated.

Analyzing Entity <encoder> in library <work> (Architecture <behavioral>).
INFO:Xst:1561 - "C:/Temp/Work/AlphaX/HDM01/PLD/FPASIC/encoder.vhd" line 89: Mux is complete : default of case is discarded
Entity <encoder> analyzed. Unit <encoder> generated.

Analyzing Entity <CB4CE_MXILINX_TLD> in library <work> (Architecture <behavioral>).
    Set user-defined property "HU_SET =  U0_0" for instance <U0> in unit <CB4CE_MXILINX_TLD>.
    Set user-defined property "HU_SET =  U1_1" for instance <U1> in unit <CB4CE_MXILINX_TLD>.
    Set user-defined property "HU_SET =  U2_2" for instance <U2> in unit <CB4CE_MXILINX_TLD>.
    Set user-defined property "HU_SET =  U3_3" for instance <U3> in unit <CB4CE_MXILINX_TLD>.
Entity <CB4CE_MXILINX_TLD> analyzed. Unit <CB4CE_MXILINX_TLD> generated.

Analyzing generic Entity <FTCE_MXILINX_TLD> in library <work> (Architecture <behavioral>).
	INIT = '0'
    Set user-defined property "INIT =  0" for instance <I_36_35> in unit <FTCE_MXILINX_TLD>.
Entity <FTCE_MXILINX_TLD> analyzed. Unit <FTCE_MXILINX_TLD> generated.

Analyzing Entity <COMP4_MXILINX_TLD> in library <work> (Architecture <behavioral>).
Entity <COMP4_MXILINX_TLD> analyzed. Unit <COMP4_MXILINX_TLD> generated.

Analyzing generic Entity <FD_MXILINX_TLD> in library <work> (Architecture <behavioral>).
	INIT = '0'
    Set user-defined property "INIT =  0" for instance <U0> in unit <FD_MXILINX_TLD>.
Entity <FD_MXILINX_TLD> analyzed. Unit <FD_MXILINX_TLD> generated.


=========================================================================
*                           HDL Synthesis                               *
=========================================================================

Performing bidirectional port resolution...

Synthesizing Unit <encoder>.
    Related source file is "C:/Temp/Work/AlphaX/HDM01/PLD/FPASIC/encoder.vhd".
    Found 1-bit register for signal <detent>.
    Found 1-bit register for signal <delay_rotary_q1>.
    Found 1-bit register for signal <internal_detent>.
    Found 1-bit register for signal <internal_direction>.
    Found 1-bit register for signal <rotary_a_in>.
    Found 1-bit register for signal <rotary_b_in>.
    Found 1-bit register for signal <rotary_event>.
    Found 2-bit register for signal <rotary_in>.
    Found 1-bit register for signal <rotary_left>.
    Found 1-bit register for signal <rotary_q1>.
    Found 1-bit register for signal <rotary_q2>.
    Summary:
	inferred   8 D-type flip-flop(s).
Unit <encoder> synthesized.


Synthesizing Unit <COMP4_MXILINX_TLD>.
    Related source file is "C:/Temp/Work/AlphaX/HDM01/PLD/FPASIC/TLD.vhf".
Unit <COMP4_MXILINX_TLD> synthesized.


Synthesizing Unit <FD_MXILINX_TLD>.
    Related source file is "C:/Temp/Work/AlphaX/HDM01/PLD/FPASIC/TLD.vhf".
Unit <FD_MXILINX_TLD> synthesized.


Synthesizing Unit <FTCE_MXILINX_TLD>.
    Related source file is "C:/Temp/Work/AlphaX/HDM01/PLD/FPASIC/TLD.vhf".
Unit <FTCE_MXILINX_TLD> synthesized.


Synthesizing Unit <CB4CE_MXILINX_TLD>.
    Related source file is "C:/Temp/Work/AlphaX/HDM01/PLD/FPASIC/TLD.vhf".
Unit <CB4CE_MXILINX_TLD> synthesized.


Synthesizing Unit <TLD>.
    Related source file is "C:/Temp/Work/AlphaX/HDM01/PLD/FPASIC/TLD.vhf".
Unit <TLD> synthesized.


=========================================================================
HDL Synthesis Report

Macro Statistics
# Registers                                            : 11
 1-bit register                                        : 10
 2-bit register                                        : 1

=========================================================================

=========================================================================
*                       Advanced HDL Synthesis                          *
=========================================================================


=========================================================================
Advanced HDL Synthesis Report

Macro Statistics
# Registers                                            : 13
 Flip-Flops                                            : 13

=========================================================================

=========================================================================
*                         Low Level Synthesis                           *
=========================================================================

Optimizing unit <TLD> ...

Optimizing unit <COMP4_MXILINX_TLD> ...

Optimizing unit <FD_MXILINX_TLD> ...
  implementation constraint: INIT=0	 : U0

Optimizing unit <FTCE_MXILINX_TLD> ...
  implementation constraint: INIT=0	 : I_36_35

Optimizing unit <encoder> ...

Optimizing unit <CB4CE_MXILINX_TLD> ...

=========================================================================
*                           Partition Report                            *
=========================================================================

Partition Implementation Status
-------------------------------

  No Partitions were found in this design.

-------------------------------

=========================================================================
*                            Final Report                               *
=========================================================================
Final Results
RTL Top Level Output File Name     : TLD.ngr
Top Level Output File Name         : TLD
Output Format                      : NGC
Optimization Goal                  : Speed
Keep Hierarchy                     : Yes
Target Technology                  : XC9500XL CPLDs
Macro Preserve                     : YES
XOR Preserve                       : YES
Clock Enable                       : YES
wysiwyg                            : NO

Design Statistics
# IOs                              : 10

Cell Usage :
# BELS                             : 42
#      AND2                        : 8
#      AND3                        : 1
#      AND4                        : 4
#      GND                         : 3
#      INV                         : 2
#      OR2                         : 4
#      OR4                         : 1
#      VCC                         : 2
#      XNOR2                       : 12
#      XOR2                        : 5
# FlipFlops/Latches                : 17
#      FD                          : 10
#      FDCE                        : 6
#      FDCP                        : 1
# IO Buffers                       : 10
#      IBUF                        : 7
#      OBUF                        : 3
=========================================================================


Total REAL time to Xst completion: 4.00 secs
Total CPU time to Xst completion: 3.78 secs
 
--> 

Total memory usage is 260732 kilobytes

Number of errors   :    0 (   0 filtered)
Number of warnings :    2 (   0 filtered)
Number of infos    :    1 (   0 filtered)

