<?xml version="1.0"?>
<link_info>
   <banner>MSP430 Linker PC v4.4.3</banner>
   <copyright>Copyright (c) 2003-2015 Texas Instruments Incorporated</copyright>
   <link_time>0x59ad9a49</link_time>
   <link_errors>0x0</link_errors>
   <output_file>RMC01.out</output_file>
   <entry_point>
      <name>_c_int00_noargs_noexit</name>
      <address>0xf8f6</address>
   </entry_point>
   <input_file_list>
      <input_file id="fl-2">
         <path>.\</path>
         <kind>object</kind>
         <file>main.obj</file>
         <name>main.obj</name>
      </input_file>
      <input_file id="fl-31">
         <path>C:\ti\ccsv6\tools\compiler\ti-cgt-msp430_4.4.3\lib\</path>
         <kind>archive</kind>
         <file>rts430_eabi.lib</file>
         <name>boot.obj</name>
      </input_file>
      <input_file id="fl-32">
         <path>C:\ti\ccsv6\tools\compiler\ti-cgt-msp430_4.4.3\lib\</path>
         <kind>archive</kind>
         <file>rts430_eabi.lib</file>
         <name>boot_special.obj</name>
      </input_file>
      <input_file id="fl-33">
         <path>C:\ti\ccsv6\tools\compiler\ti-cgt-msp430_4.4.3\lib\</path>
         <kind>archive</kind>
         <file>rts430_eabi.lib</file>
         <name>copy_decompress_none.obj</name>
      </input_file>
      <input_file id="fl-34">
         <path>C:\ti\ccsv6\tools\compiler\ti-cgt-msp430_4.4.3\lib\</path>
         <kind>archive</kind>
         <file>rts430_eabi.lib</file>
         <name>copy_decompress_rle.obj</name>
      </input_file>
      <input_file id="fl-35">
         <path>C:\ti\ccsv6\tools\compiler\ti-cgt-msp430_4.4.3\lib\</path>
         <kind>archive</kind>
         <file>rts430_eabi.lib</file>
         <name>copy_zero_init.obj</name>
      </input_file>
      <input_file id="fl-36">
         <path>C:\ti\ccsv6\tools\compiler\ti-cgt-msp430_4.4.3\lib\</path>
         <kind>archive</kind>
         <file>rts430_eabi.lib</file>
         <name>epilog.obj</name>
      </input_file>
      <input_file id="fl-37">
         <path>C:\ti\ccsv6\tools\compiler\ti-cgt-msp430_4.4.3\lib\</path>
         <kind>archive</kind>
         <file>rts430_eabi.lib</file>
         <name>exit.obj</name>
      </input_file>
      <input_file id="fl-38">
         <path>C:\ti\ccsv6\tools\compiler\ti-cgt-msp430_4.4.3\lib\</path>
         <kind>archive</kind>
         <file>rts430_eabi.lib</file>
         <name>int03.obj</name>
      </input_file>
      <input_file id="fl-39">
         <path>C:\ti\ccsv6\tools\compiler\ti-cgt-msp430_4.4.3\lib\</path>
         <kind>archive</kind>
         <file>rts430_eabi.lib</file>
         <name>int04.obj</name>
      </input_file>
      <input_file id="fl-3a">
         <path>C:\ti\ccsv6\tools\compiler\ti-cgt-msp430_4.4.3\lib\</path>
         <kind>archive</kind>
         <file>rts430_eabi.lib</file>
         <name>int05.obj</name>
      </input_file>
      <input_file id="fl-3b">
         <path>C:\ti\ccsv6\tools\compiler\ti-cgt-msp430_4.4.3\lib\</path>
         <kind>archive</kind>
         <file>rts430_eabi.lib</file>
         <name>int08.obj</name>
      </input_file>
      <input_file id="fl-3c">
         <path>C:\ti\ccsv6\tools\compiler\ti-cgt-msp430_4.4.3\lib\</path>
         <kind>archive</kind>
         <file>rts430_eabi.lib</file>
         <name>int09.obj</name>
      </input_file>
      <input_file id="fl-3d">
         <path>C:\ti\ccsv6\tools\compiler\ti-cgt-msp430_4.4.3\lib\</path>
         <kind>archive</kind>
         <file>rts430_eabi.lib</file>
         <name>int14.obj</name>
      </input_file>
      <input_file id="fl-3e">
         <path>C:\ti\ccsv6\tools\compiler\ti-cgt-msp430_4.4.3\lib\</path>
         <kind>archive</kind>
         <file>rts430_eabi.lib</file>
         <name>isr_trap.obj</name>
      </input_file>
      <input_file id="fl-3f">
         <path>C:\ti\ccsv6\tools\compiler\ti-cgt-msp430_4.4.3\lib\</path>
         <kind>archive</kind>
         <file>rts430_eabi.lib</file>
         <name>memcpy.obj</name>
      </input_file>
      <input_file id="fl-40">
         <path>C:\ti\ccsv6\tools\compiler\ti-cgt-msp430_4.4.3\lib\</path>
         <kind>archive</kind>
         <file>rts430_eabi.lib</file>
         <name>mpu_init.obj</name>
      </input_file>
      <input_file id="fl-41">
         <path>C:\ti\ccsv6\tools\compiler\ti-cgt-msp430_4.4.3\lib\</path>
         <kind>archive</kind>
         <file>rts430_eabi.lib</file>
         <name>pre_init.obj</name>
      </input_file>
      <input_file id="fl-42">
         <path>C:\ti\ccsv6\tools\compiler\ti-cgt-msp430_4.4.3\lib\</path>
         <kind>archive</kind>
         <file>rts430_eabi.lib</file>
         <name>_lock.obj</name>
      </input_file>
      <input_file id="fl-43">
         <path>C:\ti\ccsv6\tools\compiler\ti-cgt-msp430_4.4.3\lib\</path>
         <kind>archive</kind>
         <file>rts430_eabi.lib</file>
         <name>args_main.obj</name>
      </input_file>
      <input_file id="fl-44">
         <path>C:\ti\ccsv6\tools\compiler\ti-cgt-msp430_4.4.3\lib\</path>
         <kind>archive</kind>
         <file>rts430_eabi.lib</file>
         <name>autoinit.obj</name>
      </input_file>
   </input_file_list>
   <object_component_list>
      <object_component id="oc-82">
         <name>.stack</name>
         <uninitialized>true</uninitialized>
         <run_address>0x24c</run_address>
         <size>0x2</size>
         <input_file_ref idref="fl-31"/>
      </object_component>
      <object_component id="oc-188">
         <name>.stack</name>
         <uninitialized>true</uninitialized>
         <run_address>0x24c</run_address>
         <size>0x0</size>
      </object_component>
      <object_component id="oc-93">
         <name>.text:__TI_decompress_rle_core</name>
         <load_address>0xf800</load_address>
         <run_address>0xf800</run_address>
         <size>0x64</size>
         <input_file_ref idref="fl-34"/>
      </object_component>
      <object_component id="oc-be">
         <name>.text:_auto_init</name>
         <load_address>0xf864</load_address>
         <run_address>0xf864</run_address>
         <size>0x58</size>
         <input_file_ref idref="fl-44"/>
      </object_component>
      <object_component id="oc-a0">
         <name>.text:Port_1</name>
         <load_address>0xf8bc</load_address>
         <run_address>0xf8bc</run_address>
         <size>0x1e</size>
         <input_file_ref idref="fl-2"/>
      </object_component>
      <object_component id="oc-ab">
         <name>.text:watchdog_timer</name>
         <load_address>0xf8da</load_address>
         <run_address>0xf8da</run_address>
         <size>0x1c</size>
         <input_file_ref idref="fl-2"/>
      </object_component>
      <object_component id="oc-5e">
         <name>.text:_c_int00_noargs_noexit</name>
         <load_address>0xf8f6</load_address>
         <run_address>0xf8f6</run_address>
         <size>0x1a</size>
         <input_file_ref idref="fl-32"/>
      </object_component>
      <object_component id="oc-d8">
         <name>.text:main</name>
         <load_address>0xf910</load_address>
         <run_address>0xf910</run_address>
         <size>0x1a</size>
         <input_file_ref idref="fl-2"/>
      </object_component>
      <object_component id="oc-2c">
         <name>.text:decompress:none:__TI_decompress_none</name>
         <load_address>0xf92a</load_address>
         <run_address>0xf92a</run_address>
         <size>0x12</size>
         <input_file_ref idref="fl-33"/>
      </object_component>
      <object_component id="oc-86">
         <name>.text:memcpy</name>
         <load_address>0xf93c</load_address>
         <run_address>0xf93c</run_address>
         <size>0x12</size>
         <input_file_ref idref="fl-3f"/>
      </object_component>
      <object_component id="oc-101">
         <name>.text</name>
         <load_address>0xf94e</load_address>
         <run_address>0xf94e</run_address>
         <size>0x10</size>
         <input_file_ref idref="fl-36"/>
      </object_component>
      <object_component id="oc-a6">
         <name>.text:_isr:__TI_ISR_TRAP</name>
         <load_address>0xf95e</load_address>
         <run_address>0xf95e</run_address>
         <size>0x6</size>
         <input_file_ref idref="fl-3e"/>
      </object_component>
      <object_component id="oc-32">
         <name>.text:decompress:rle24:__TI_decompress_rle24</name>
         <load_address>0xf964</load_address>
         <run_address>0xf964</run_address>
         <size>0x6</size>
         <input_file_ref idref="fl-34"/>
      </object_component>
      <object_component id="oc-b8">
         <name>.text:_system_pre_init</name>
         <load_address>0xf96a</load_address>
         <run_address>0xf96a</run_address>
         <size>0x4</size>
         <input_file_ref idref="fl-41"/>
      </object_component>
      <object_component id="oc-e0">
         <name>.text:abort</name>
         <load_address>0xf96e</load_address>
         <run_address>0xf96e</run_address>
         <size>0x4</size>
         <input_file_ref idref="fl-37"/>
      </object_component>
      <object_component id="oc-187">
         <name>.cinit..data.load</name>
         <load_address>0xf972</load_address>
         <run_address>0xf972</run_address>
         <size>0x6</size>
      </object_component>
      <object_component id="oc-185">
         <name>__TI_handler_table</name>
         <load_address>0xf978</load_address>
         <run_address>0xf978</run_address>
         <size>0x4</size>
      </object_component>
      <object_component id="oc-186">
         <name>__TI_cinit_table</name>
         <load_address>0xf97c</load_address>
         <run_address>0xf97c</run_address>
         <size>0x4</size>
      </object_component>
      <object_component id="oc-38">
         <name>.int02</name>
         <load_address>0xffe4</load_address>
         <run_address>0xffe4</run_address>
         <size>0x2</size>
         <input_file_ref idref="fl-2"/>
      </object_component>
      <object_component id="oc-39">
         <name>.int03</name>
         <load_address>0xffe6</load_address>
         <run_address>0xffe6</run_address>
         <size>0x2</size>
         <input_file_ref idref="fl-38"/>
      </object_component>
      <object_component id="oc-3a">
         <name>.int04</name>
         <load_address>0xffe8</load_address>
         <run_address>0xffe8</run_address>
         <size>0x2</size>
         <input_file_ref idref="fl-39"/>
      </object_component>
      <object_component id="oc-3b">
         <name>.int05</name>
         <load_address>0xffea</load_address>
         <run_address>0xffea</run_address>
         <size>0x2</size>
         <input_file_ref idref="fl-3a"/>
      </object_component>
      <object_component id="oc-3c">
         <name>.int08</name>
         <load_address>0xfff0</load_address>
         <run_address>0xfff0</run_address>
         <size>0x2</size>
         <input_file_ref idref="fl-3b"/>
      </object_component>
      <object_component id="oc-3d">
         <name>.int09</name>
         <load_address>0xfff2</load_address>
         <run_address>0xfff2</run_address>
         <size>0x2</size>
         <input_file_ref idref="fl-3c"/>
      </object_component>
      <object_component id="oc-3e">
         <name>.int10</name>
         <load_address>0xfff4</load_address>
         <run_address>0xfff4</run_address>
         <size>0x2</size>
         <input_file_ref idref="fl-2"/>
      </object_component>
      <object_component id="oc-3f">
         <name>.int14</name>
         <load_address>0xfffc</load_address>
         <run_address>0xfffc</run_address>
         <size>0x2</size>
         <input_file_ref idref="fl-3d"/>
      </object_component>
      <object_component id="oc-85">
         <name>.reset</name>
         <load_address>0xfffe</load_address>
         <run_address>0xfffe</run_address>
         <size>0x2</size>
         <input_file_ref idref="fl-31"/>
      </object_component>
      <object_component id="oc-109">
         <name>.data</name>
         <load_address>0x200</load_address>
         <run_address>0x200</run_address>
         <size>0x2</size>
         <input_file_ref idref="fl-2"/>
      </object_component>
      <object_component id="oc-10a">
         <name>.debug_info</name>
         <load_address>0x0</load_address>
         <run_address>0x0</run_address>
         <size>0xca</size>
         <input_file_ref idref="fl-2"/>
      </object_component>
      <object_component id="oc-d9">
         <name>.debug_info</name>
         <load_address>0xca</load_address>
         <run_address>0xca</run_address>
         <size>0xdd</size>
         <input_file_ref idref="fl-2"/>
      </object_component>
      <object_component id="oc-ac">
         <name>.debug_info</name>
         <load_address>0x1a7</load_address>
         <run_address>0x1a7</run_address>
         <size>0xfd</size>
         <input_file_ref idref="fl-2"/>
      </object_component>
      <object_component id="oc-a1">
         <name>.debug_info</name>
         <load_address>0x2a4</load_address>
         <run_address>0x2a4</run_address>
         <size>0xed</size>
         <input_file_ref idref="fl-2"/>
      </object_component>
      <object_component id="oc-ee">
         <name>.debug_info</name>
         <load_address>0x391</load_address>
         <run_address>0x391</run_address>
         <size>0x84</size>
         <input_file_ref idref="fl-2"/>
      </object_component>
      <object_component id="oc-83">
         <name>.debug_info</name>
         <load_address>0x415</load_address>
         <run_address>0x415</run_address>
         <size>0xd8</size>
         <input_file_ref idref="fl-31"/>
      </object_component>
      <object_component id="oc-5f">
         <name>.debug_info</name>
         <load_address>0x4ed</load_address>
         <run_address>0x4ed</run_address>
         <size>0x179</size>
         <input_file_ref idref="fl-32"/>
      </object_component>
      <object_component id="oc-92">
         <name>.debug_info</name>
         <load_address>0x666</load_address>
         <run_address>0x666</run_address>
         <size>0x195</size>
         <input_file_ref idref="fl-33"/>
      </object_component>
      <object_component id="oc-2e">
         <name>.debug_info</name>
         <load_address>0x7fb</load_address>
         <run_address>0x7fb</run_address>
         <size>0x1c2</size>
         <input_file_ref idref="fl-33"/>
      </object_component>
      <object_component id="oc-8d">
         <name>.debug_info</name>
         <load_address>0x9bd</load_address>
         <run_address>0x9bd</run_address>
         <size>0x46</size>
         <input_file_ref idref="fl-33"/>
      </object_component>
      <object_component id="oc-fa">
         <name>.debug_info</name>
         <load_address>0xa03</load_address>
         <run_address>0xa03</run_address>
         <size>0x2c</size>
         <input_file_ref idref="fl-33"/>
      </object_component>
      <object_component id="oc-9a">
         <name>.debug_info</name>
         <load_address>0xa2f</load_address>
         <run_address>0xa2f</run_address>
         <size>0x157</size>
         <input_file_ref idref="fl-34"/>
      </object_component>
      <object_component id="oc-94">
         <name>.debug_info</name>
         <load_address>0xb86</load_address>
         <run_address>0xb86</run_address>
         <size>0x21d</size>
         <input_file_ref idref="fl-34"/>
      </object_component>
      <object_component id="oc-33">
         <name>.debug_info</name>
         <load_address>0xda3</load_address>
         <run_address>0xda3</run_address>
         <size>0x194</size>
         <input_file_ref idref="fl-34"/>
      </object_component>
      <object_component id="oc-9b">
         <name>.debug_info</name>
         <load_address>0xf37</load_address>
         <run_address>0xf37</run_address>
         <size>0x39</size>
         <input_file_ref idref="fl-34"/>
      </object_component>
      <object_component id="oc-f5">
         <name>.debug_info</name>
         <load_address>0xf70</load_address>
         <run_address>0xf70</run_address>
         <size>0x2c</size>
         <input_file_ref idref="fl-35"/>
      </object_component>
      <object_component id="oc-103">
         <name>.debug_info</name>
         <load_address>0xf9c</load_address>
         <run_address>0xf9c</run_address>
         <size>0x10d</size>
         <input_file_ref idref="fl-36"/>
      </object_component>
      <object_component id="oc-e1">
         <name>.debug_info</name>
         <load_address>0x10a9</load_address>
         <run_address>0x10a9</run_address>
         <size>0xfa</size>
         <input_file_ref idref="fl-37"/>
      </object_component>
      <object_component id="oc-a7">
         <name>.debug_info</name>
         <load_address>0x11a3</load_address>
         <run_address>0x11a3</run_address>
         <size>0xee</size>
         <input_file_ref idref="fl-3e"/>
      </object_component>
      <object_component id="oc-f4">
         <name>.debug_info</name>
         <load_address>0x1291</load_address>
         <run_address>0x1291</run_address>
         <size>0x150</size>
         <input_file_ref idref="fl-3f"/>
      </object_component>
      <object_component id="oc-87">
         <name>.debug_info</name>
         <load_address>0x13e1</load_address>
         <run_address>0x13e1</run_address>
         <size>0x174</size>
         <input_file_ref idref="fl-3f"/>
      </object_component>
      <object_component id="oc-b9">
         <name>.debug_info</name>
         <load_address>0x1555</load_address>
         <run_address>0x1555</run_address>
         <size>0x12b</size>
         <input_file_ref idref="fl-41"/>
      </object_component>
      <object_component id="oc-113">
         <name>.debug_info</name>
         <load_address>0x1680</load_address>
         <run_address>0x1680</run_address>
         <size>0x2cc</size>
         <input_file_ref idref="fl-44"/>
      </object_component>
      <object_component id="oc-bf">
         <name>.debug_info</name>
         <load_address>0x194c</load_address>
         <run_address>0x194c</run_address>
         <size>0x17e</size>
         <input_file_ref idref="fl-44"/>
      </object_component>
      <object_component id="oc-12e">
         <name>.debug_info</name>
         <load_address>0x1aca</load_address>
         <run_address>0x1aca</run_address>
         <size>0x39</size>
         <input_file_ref idref="fl-44"/>
      </object_component>
      <object_component id="oc-189">
         <name>.debug_info</name>
         <load_address>0x1b03</load_address>
         <run_address>0x1b03</run_address>
         <size>0x9c</size>
      </object_component>
      <object_component id="oc-12b">
         <name>.debug_line</name>
         <load_address>0x0</load_address>
         <run_address>0x0</run_address>
         <size>0x2d</size>
         <input_file_ref idref="fl-2"/>
      </object_component>
      <object_component id="oc-dc">
         <name>.debug_line</name>
         <load_address>0x2d</load_address>
         <run_address>0x2d</run_address>
         <size>0x45</size>
         <input_file_ref idref="fl-2"/>
      </object_component>
      <object_component id="oc-af">
         <name>.debug_line</name>
         <load_address>0x72</load_address>
         <run_address>0x72</run_address>
         <size>0x46</size>
         <input_file_ref idref="fl-2"/>
      </object_component>
      <object_component id="oc-a4">
         <name>.debug_line</name>
         <load_address>0xb8</load_address>
         <run_address>0xb8</run_address>
         <size>0x45</size>
         <input_file_ref idref="fl-2"/>
      </object_component>
      <object_component id="oc-f1">
         <name>.debug_line</name>
         <load_address>0xfd</load_address>
         <run_address>0xfd</run_address>
         <size>0x20</size>
         <input_file_ref idref="fl-2"/>
      </object_component>
      <object_component id="oc-ed">
         <name>.debug_line</name>
         <load_address>0x11d</load_address>
         <run_address>0x11d</run_address>
         <size>0x2a</size>
         <input_file_ref idref="fl-31"/>
      </object_component>
      <object_component id="oc-62">
         <name>.debug_line</name>
         <load_address>0x147</load_address>
         <run_address>0x147</run_address>
         <size>0x4c</size>
         <input_file_ref idref="fl-32"/>
      </object_component>
      <object_component id="oc-100">
         <name>.debug_line</name>
         <load_address>0x193</load_address>
         <run_address>0x193</run_address>
         <size>0x72</size>
         <input_file_ref idref="fl-33"/>
      </object_component>
      <object_component id="oc-31">
         <name>.debug_line</name>
         <load_address>0x205</load_address>
         <run_address>0x205</run_address>
         <size>0x50</size>
         <input_file_ref idref="fl-33"/>
      </object_component>
      <object_component id="oc-90">
         <name>.debug_line</name>
         <load_address>0x255</load_address>
         <run_address>0x255</run_address>
         <size>0x3a</size>
         <input_file_ref idref="fl-33"/>
      </object_component>
      <object_component id="oc-fd">
         <name>.debug_line</name>
         <load_address>0x28f</load_address>
         <run_address>0x28f</run_address>
         <size>0x72</size>
         <input_file_ref idref="fl-33"/>
      </object_component>
      <object_component id="oc-108">
         <name>.debug_line</name>
         <load_address>0x301</load_address>
         <run_address>0x301</run_address>
         <size>0x20</size>
         <input_file_ref idref="fl-34"/>
      </object_component>
      <object_component id="oc-97">
         <name>.debug_line</name>
         <load_address>0x321</load_address>
         <run_address>0x321</run_address>
         <size>0x87</size>
         <input_file_ref idref="fl-34"/>
      </object_component>
      <object_component id="oc-36">
         <name>.debug_line</name>
         <load_address>0x3a8</load_address>
         <run_address>0x3a8</run_address>
         <size>0x49</size>
         <input_file_ref idref="fl-34"/>
      </object_component>
      <object_component id="oc-9e">
         <name>.debug_line</name>
         <load_address>0x3f1</load_address>
         <run_address>0x3f1</run_address>
         <size>0x39</size>
         <input_file_ref idref="fl-34"/>
      </object_component>
      <object_component id="oc-f8">
         <name>.debug_line</name>
         <load_address>0x42a</load_address>
         <run_address>0x42a</run_address>
         <size>0x72</size>
         <input_file_ref idref="fl-35"/>
      </object_component>
      <object_component id="oc-102">
         <name>.debug_line</name>
         <load_address>0x49c</load_address>
         <run_address>0x49c</run_address>
         <size>0x40</size>
         <input_file_ref idref="fl-36"/>
      </object_component>
      <object_component id="oc-e4">
         <name>.debug_line</name>
         <load_address>0x4dc</load_address>
         <run_address>0x4dc</run_address>
         <size>0x3a</size>
         <input_file_ref idref="fl-37"/>
      </object_component>
      <object_component id="oc-aa">
         <name>.debug_line</name>
         <load_address>0x516</load_address>
         <run_address>0x516</run_address>
         <size>0x3c</size>
         <input_file_ref idref="fl-3e"/>
      </object_component>
      <object_component id="oc-128">
         <name>.debug_line</name>
         <load_address>0x552</load_address>
         <run_address>0x552</run_address>
         <size>0x20</size>
         <input_file_ref idref="fl-3f"/>
      </object_component>
      <object_component id="oc-8a">
         <name>.debug_line</name>
         <load_address>0x572</load_address>
         <run_address>0x572</run_address>
         <size>0x45</size>
         <input_file_ref idref="fl-3f"/>
      </object_component>
      <object_component id="oc-bc">
         <name>.debug_line</name>
         <load_address>0x5b7</load_address>
         <run_address>0x5b7</run_address>
         <size>0x3e</size>
         <input_file_ref idref="fl-41"/>
      </object_component>
      <object_component id="oc-12d">
         <name>.debug_line</name>
         <load_address>0x5f5</load_address>
         <run_address>0x5f5</run_address>
         <size>0x2e</size>
         <input_file_ref idref="fl-44"/>
      </object_component>
      <object_component id="oc-c2">
         <name>.debug_line</name>
         <load_address>0x623</load_address>
         <run_address>0x623</run_address>
         <size>0x7b</size>
         <input_file_ref idref="fl-44"/>
      </object_component>
      <object_component id="oc-131">
         <name>.debug_line</name>
         <load_address>0x69e</load_address>
         <run_address>0x69e</run_address>
         <size>0x2e</size>
         <input_file_ref idref="fl-44"/>
      </object_component>
      <object_component id="oc-dd">
         <name>.debug_frame</name>
         <load_address>0x0</load_address>
         <run_address>0x0</run_address>
         <size>0x47</size>
         <input_file_ref idref="fl-2"/>
      </object_component>
      <object_component id="oc-b0">
         <name>.debug_frame</name>
         <load_address>0x47</load_address>
         <run_address>0x47</run_address>
         <size>0x47</size>
         <input_file_ref idref="fl-2"/>
      </object_component>
      <object_component id="oc-a5">
         <name>.debug_frame</name>
         <load_address>0x8e</load_address>
         <run_address>0x8e</run_address>
         <size>0x50</size>
         <input_file_ref idref="fl-2"/>
      </object_component>
      <object_component id="oc-63">
         <name>.debug_frame</name>
         <load_address>0xde</load_address>
         <run_address>0xde</run_address>
         <size>0x42</size>
         <input_file_ref idref="fl-32"/>
      </object_component>
      <object_component id="oc-2d">
         <name>.debug_frame</name>
         <load_address>0x120</load_address>
         <run_address>0x120</run_address>
         <size>0x47</size>
         <input_file_ref idref="fl-33"/>
      </object_component>
      <object_component id="oc-98">
         <name>.debug_frame</name>
         <load_address>0x167</load_address>
         <run_address>0x167</run_address>
         <size>0x51</size>
         <input_file_ref idref="fl-34"/>
      </object_component>
      <object_component id="oc-37">
         <name>.debug_frame</name>
         <load_address>0x1b8</load_address>
         <run_address>0x1b8</run_address>
         <size>0x47</size>
         <input_file_ref idref="fl-34"/>
      </object_component>
      <object_component id="oc-e5">
         <name>.debug_frame</name>
         <load_address>0x1ff</load_address>
         <run_address>0x1ff</run_address>
         <size>0x47</size>
         <input_file_ref idref="fl-37"/>
      </object_component>
      <object_component id="oc-8b">
         <name>.debug_frame</name>
         <load_address>0x246</load_address>
         <run_address>0x246</run_address>
         <size>0x47</size>
         <input_file_ref idref="fl-3f"/>
      </object_component>
      <object_component id="oc-bd">
         <name>.debug_frame</name>
         <load_address>0x28d</load_address>
         <run_address>0x28d</run_address>
         <size>0x47</size>
         <input_file_ref idref="fl-41"/>
      </object_component>
      <object_component id="oc-c3">
         <name>.debug_frame</name>
         <load_address>0x2d4</load_address>
         <run_address>0x2d4</run_address>
         <size>0x51</size>
         <input_file_ref idref="fl-44"/>
      </object_component>
      <object_component id="oc-12a">
         <name>.debug_abbrev</name>
         <load_address>0x0</load_address>
         <run_address>0x0</run_address>
         <size>0x29</size>
         <input_file_ref idref="fl-2"/>
      </object_component>
      <object_component id="oc-125">
         <name>.debug_abbrev</name>
         <load_address>0x29</load_address>
         <run_address>0x29</run_address>
         <size>0x42</size>
         <input_file_ref idref="fl-2"/>
      </object_component>
      <object_component id="oc-10e">
         <name>.debug_abbrev</name>
         <load_address>0x6b</load_address>
         <run_address>0x6b</run_address>
         <size>0x53</size>
         <input_file_ref idref="fl-2"/>
      </object_component>
      <object_component id="oc-10c">
         <name>.debug_abbrev</name>
         <load_address>0xbe</load_address>
         <run_address>0xbe</run_address>
         <size>0x53</size>
         <input_file_ref idref="fl-2"/>
      </object_component>
      <object_component id="oc-f0">
         <name>.debug_abbrev</name>
         <load_address>0x111</load_address>
         <run_address>0x111</run_address>
         <size>0x1f</size>
         <input_file_ref idref="fl-2"/>
      </object_component>
      <object_component id="oc-ec">
         <name>.debug_abbrev</name>
         <load_address>0x130</load_address>
         <run_address>0x130</run_address>
         <size>0x29</size>
         <input_file_ref idref="fl-31"/>
      </object_component>
      <object_component id="oc-e6">
         <name>.debug_abbrev</name>
         <load_address>0x159</load_address>
         <run_address>0x159</run_address>
         <size>0x58</size>
         <input_file_ref idref="fl-32"/>
      </object_component>
      <object_component id="oc-ff">
         <name>.debug_abbrev</name>
         <load_address>0x1b1</load_address>
         <run_address>0x1b1</run_address>
         <size>0x5d</size>
         <input_file_ref idref="fl-33"/>
      </object_component>
      <object_component id="oc-8c">
         <name>.debug_abbrev</name>
         <load_address>0x20e</load_address>
         <run_address>0x20e</run_address>
         <size>0x74</size>
         <input_file_ref idref="fl-33"/>
      </object_component>
      <object_component id="oc-8f">
         <name>.debug_abbrev</name>
         <load_address>0x282</load_address>
         <run_address>0x282</run_address>
         <size>0x24</size>
         <input_file_ref idref="fl-33"/>
      </object_component>
      <object_component id="oc-fc">
         <name>.debug_abbrev</name>
         <load_address>0x2a6</load_address>
         <run_address>0x2a6</run_address>
         <size>0x24</size>
         <input_file_ref idref="fl-33"/>
      </object_component>
      <object_component id="oc-107">
         <name>.debug_abbrev</name>
         <load_address>0x2ca</load_address>
         <run_address>0x2ca</run_address>
         <size>0x37</size>
         <input_file_ref idref="fl-34"/>
      </object_component>
      <object_component id="oc-106">
         <name>.debug_abbrev</name>
         <load_address>0x301</load_address>
         <run_address>0x301</run_address>
         <size>0x6d</size>
         <input_file_ref idref="fl-34"/>
      </object_component>
      <object_component id="oc-99">
         <name>.debug_abbrev</name>
         <load_address>0x36e</load_address>
         <run_address>0x36e</run_address>
         <size>0x66</size>
         <input_file_ref idref="fl-34"/>
      </object_component>
      <object_component id="oc-9d">
         <name>.debug_abbrev</name>
         <load_address>0x3d4</load_address>
         <run_address>0x3d4</run_address>
         <size>0x24</size>
         <input_file_ref idref="fl-34"/>
      </object_component>
      <object_component id="oc-f7">
         <name>.debug_abbrev</name>
         <load_address>0x3f8</load_address>
         <run_address>0x3f8</run_address>
         <size>0x24</size>
         <input_file_ref idref="fl-35"/>
      </object_component>
      <object_component id="oc-129">
         <name>.debug_abbrev</name>
         <load_address>0x41c</load_address>
         <run_address>0x41c</run_address>
         <size>0x3a</size>
         <input_file_ref idref="fl-36"/>
      </object_component>
      <object_component id="oc-126">
         <name>.debug_abbrev</name>
         <load_address>0x456</load_address>
         <run_address>0x456</run_address>
         <size>0x45</size>
         <input_file_ref idref="fl-37"/>
      </object_component>
      <object_component id="oc-10d">
         <name>.debug_abbrev</name>
         <load_address>0x49b</load_address>
         <run_address>0x49b</run_address>
         <size>0x28</size>
         <input_file_ref idref="fl-3e"/>
      </object_component>
      <object_component id="oc-127">
         <name>.debug_abbrev</name>
         <load_address>0x4c3</load_address>
         <run_address>0x4c3</run_address>
         <size>0x3e</size>
         <input_file_ref idref="fl-3f"/>
      </object_component>
      <object_component id="oc-f3">
         <name>.debug_abbrev</name>
         <load_address>0x501</load_address>
         <run_address>0x501</run_address>
         <size>0x71</size>
         <input_file_ref idref="fl-3f"/>
      </object_component>
      <object_component id="oc-111">
         <name>.debug_abbrev</name>
         <load_address>0x572</load_address>
         <run_address>0x572</run_address>
         <size>0x55</size>
         <input_file_ref idref="fl-41"/>
      </object_component>
      <object_component id="oc-12c">
         <name>.debug_abbrev</name>
         <load_address>0x5c7</load_address>
         <run_address>0x5c7</run_address>
         <size>0x7b</size>
         <input_file_ref idref="fl-44"/>
      </object_component>
      <object_component id="oc-112">
         <name>.debug_abbrev</name>
         <load_address>0x642</load_address>
         <run_address>0x642</run_address>
         <size>0x70</size>
         <input_file_ref idref="fl-44"/>
      </object_component>
      <object_component id="oc-130">
         <name>.debug_abbrev</name>
         <load_address>0x6b2</load_address>
         <run_address>0x6b2</run_address>
         <size>0x24</size>
         <input_file_ref idref="fl-44"/>
      </object_component>
      <object_component id="oc-18a">
         <name>.debug_abbrev</name>
         <load_address>0x6d6</load_address>
         <run_address>0x6d6</run_address>
         <size>0xf</size>
      </object_component>
      <object_component id="oc-f2">
         <name>.debug_str</name>
         <load_address>0x0</load_address>
         <run_address>0x0</run_address>
         <size>0xf5</size>
         <input_file_ref idref="fl-2"/>
      </object_component>
      <object_component id="oc-91">
         <name>.debug_str</name>
         <load_address>0xf5</load_address>
         <run_address>0xf5</run_address>
         <size>0xe3</size>
         <input_file_ref idref="fl-33"/>
      </object_component>
      <object_component id="oc-fe">
         <name>.debug_str</name>
         <load_address>0x1d8</load_address>
         <run_address>0x1d8</run_address>
         <size>0xf8</size>
         <input_file_ref idref="fl-33"/>
      </object_component>
      <object_component id="oc-9f">
         <name>.debug_str</name>
         <load_address>0x2d0</load_address>
         <run_address>0x2d0</run_address>
         <size>0xd5</size>
         <input_file_ref idref="fl-34"/>
      </object_component>
      <object_component id="oc-f9">
         <name>.debug_str</name>
         <load_address>0x3a5</load_address>
         <run_address>0x3a5</run_address>
         <size>0xf8</size>
         <input_file_ref idref="fl-35"/>
      </object_component>
      <object_component id="oc-132">
         <name>.debug_str</name>
         <load_address>0x49d</load_address>
         <run_address>0x49d</run_address>
         <size>0xc5</size>
         <input_file_ref idref="fl-44"/>
      </object_component>
      <object_component id="oc-da">
         <name>.debug_aranges</name>
         <load_address>0x0</load_address>
         <run_address>0x0</run_address>
         <size>0x20</size>
         <input_file_ref idref="fl-2"/>
      </object_component>
      <object_component id="oc-ad">
         <name>.debug_aranges</name>
         <load_address>0x20</load_address>
         <run_address>0x20</run_address>
         <size>0x20</size>
         <input_file_ref idref="fl-2"/>
      </object_component>
      <object_component id="oc-a2">
         <name>.debug_aranges</name>
         <load_address>0x40</load_address>
         <run_address>0x40</run_address>
         <size>0x20</size>
         <input_file_ref idref="fl-2"/>
      </object_component>
      <object_component id="oc-60">
         <name>.debug_aranges</name>
         <load_address>0x60</load_address>
         <run_address>0x60</run_address>
         <size>0x20</size>
         <input_file_ref idref="fl-32"/>
      </object_component>
      <object_component id="oc-2f">
         <name>.debug_aranges</name>
         <load_address>0x80</load_address>
         <run_address>0x80</run_address>
         <size>0x20</size>
         <input_file_ref idref="fl-33"/>
      </object_component>
      <object_component id="oc-95">
         <name>.debug_aranges</name>
         <load_address>0xa0</load_address>
         <run_address>0xa0</run_address>
         <size>0x20</size>
         <input_file_ref idref="fl-34"/>
      </object_component>
      <object_component id="oc-34">
         <name>.debug_aranges</name>
         <load_address>0xc0</load_address>
         <run_address>0xc0</run_address>
         <size>0x20</size>
         <input_file_ref idref="fl-34"/>
      </object_component>
      <object_component id="oc-104">
         <name>.debug_aranges</name>
         <load_address>0xe0</load_address>
         <run_address>0xe0</run_address>
         <size>0x20</size>
         <input_file_ref idref="fl-36"/>
      </object_component>
      <object_component id="oc-e2">
         <name>.debug_aranges</name>
         <load_address>0x100</load_address>
         <run_address>0x100</run_address>
         <size>0x20</size>
         <input_file_ref idref="fl-37"/>
      </object_component>
      <object_component id="oc-a8">
         <name>.debug_aranges</name>
         <load_address>0x120</load_address>
         <run_address>0x120</run_address>
         <size>0x20</size>
         <input_file_ref idref="fl-3e"/>
      </object_component>
      <object_component id="oc-88">
         <name>.debug_aranges</name>
         <load_address>0x140</load_address>
         <run_address>0x140</run_address>
         <size>0x20</size>
         <input_file_ref idref="fl-3f"/>
      </object_component>
      <object_component id="oc-ba">
         <name>.debug_aranges</name>
         <load_address>0x160</load_address>
         <run_address>0x160</run_address>
         <size>0x20</size>
         <input_file_ref idref="fl-41"/>
      </object_component>
      <object_component id="oc-c0">
         <name>.debug_aranges</name>
         <load_address>0x180</load_address>
         <run_address>0x180</run_address>
         <size>0x20</size>
         <input_file_ref idref="fl-44"/>
      </object_component>
      <object_component id="oc-10b">
         <name>.debug_pubnames</name>
         <load_address>0x0</load_address>
         <run_address>0x0</run_address>
         <size>0x21</size>
         <input_file_ref idref="fl-2"/>
      </object_component>
      <object_component id="oc-db">
         <name>.debug_pubnames</name>
         <load_address>0x21</load_address>
         <run_address>0x21</run_address>
         <size>0x1b</size>
         <input_file_ref idref="fl-2"/>
      </object_component>
      <object_component id="oc-ae">
         <name>.debug_pubnames</name>
         <load_address>0x3c</load_address>
         <run_address>0x3c</run_address>
         <size>0x25</size>
         <input_file_ref idref="fl-2"/>
      </object_component>
      <object_component id="oc-a3">
         <name>.debug_pubnames</name>
         <load_address>0x61</load_address>
         <run_address>0x61</run_address>
         <size>0x1d</size>
         <input_file_ref idref="fl-2"/>
      </object_component>
      <object_component id="oc-84">
         <name>.debug_pubnames</name>
         <load_address>0x7e</load_address>
         <run_address>0x7e</run_address>
         <size>0x1d</size>
         <input_file_ref idref="fl-31"/>
      </object_component>
      <object_component id="oc-61">
         <name>.debug_pubnames</name>
         <load_address>0x9b</load_address>
         <run_address>0x9b</run_address>
         <size>0x2d</size>
         <input_file_ref idref="fl-32"/>
      </object_component>
      <object_component id="oc-30">
         <name>.debug_pubnames</name>
         <load_address>0xc8</load_address>
         <run_address>0xc8</run_address>
         <size>0x2b</size>
         <input_file_ref idref="fl-33"/>
      </object_component>
      <object_component id="oc-96">
         <name>.debug_pubnames</name>
         <load_address>0xf3</load_address>
         <run_address>0xf3</run_address>
         <size>0x2f</size>
         <input_file_ref idref="fl-34"/>
      </object_component>
      <object_component id="oc-35">
         <name>.debug_pubnames</name>
         <load_address>0x122</load_address>
         <run_address>0x122</run_address>
         <size>0x2c</size>
         <input_file_ref idref="fl-34"/>
      </object_component>
      <object_component id="oc-105">
         <name>.debug_pubnames</name>
         <load_address>0x14e</load_address>
         <run_address>0x14e</run_address>
         <size>0x2b</size>
         <input_file_ref idref="fl-36"/>
      </object_component>
      <object_component id="oc-e3">
         <name>.debug_pubnames</name>
         <load_address>0x179</load_address>
         <run_address>0x179</run_address>
         <size>0x1c</size>
         <input_file_ref idref="fl-37"/>
      </object_component>
      <object_component id="oc-a9">
         <name>.debug_pubnames</name>
         <load_address>0x195</load_address>
         <run_address>0x195</run_address>
         <size>0x2b</size>
         <input_file_ref idref="fl-3e"/>
      </object_component>
      <object_component id="oc-89">
         <name>.debug_pubnames</name>
         <load_address>0x1c0</load_address>
         <run_address>0x1c0</run_address>
         <size>0x1d</size>
         <input_file_ref idref="fl-3f"/>
      </object_component>
      <object_component id="oc-bb">
         <name>.debug_pubnames</name>
         <load_address>0x1dd</load_address>
         <run_address>0x1dd</run_address>
         <size>0x27</size>
         <input_file_ref idref="fl-41"/>
      </object_component>
      <object_component id="oc-c1">
         <name>.debug_pubnames</name>
         <load_address>0x204</load_address>
         <run_address>0x204</run_address>
         <size>0x21</size>
         <input_file_ref idref="fl-44"/>
      </object_component>
      <object_component id="oc-ef">
         <name>.debug_pubtypes</name>
         <load_address>0x0</load_address>
         <run_address>0x0</run_address>
         <size>0xed</size>
         <input_file_ref idref="fl-2"/>
      </object_component>
      <object_component id="oc-8e">
         <name>.debug_pubtypes</name>
         <load_address>0xed</load_address>
         <run_address>0xed</run_address>
         <size>0x48</size>
         <input_file_ref idref="fl-33"/>
      </object_component>
      <object_component id="oc-fb">
         <name>.debug_pubtypes</name>
         <load_address>0x135</load_address>
         <run_address>0x135</run_address>
         <size>0x1d</size>
         <input_file_ref idref="fl-33"/>
      </object_component>
      <object_component id="oc-9c">
         <name>.debug_pubtypes</name>
         <load_address>0x152</load_address>
         <run_address>0x152</run_address>
         <size>0x37</size>
         <input_file_ref idref="fl-34"/>
      </object_component>
      <object_component id="oc-f6">
         <name>.debug_pubtypes</name>
         <load_address>0x189</load_address>
         <run_address>0x189</run_address>
         <size>0x1d</size>
         <input_file_ref idref="fl-35"/>
      </object_component>
      <object_component id="oc-12f">
         <name>.debug_pubtypes</name>
         <load_address>0x1a6</load_address>
         <run_address>0x1a6</run_address>
         <size>0x32</size>
         <input_file_ref idref="fl-44"/>
      </object_component>
   </object_component_list>
   <logical_group_list>
      <logical_group id="lg-2" display="no" color="cyan">
         <name>.bss</name>
         <run_address>0x0</run_address>
         <size>0x0</size>
         <contents>
         </contents>
      </logical_group>
      <logical_group id="lg-4" display="no" color="cyan">
         <name>.TI.noinit</name>
         <run_address>0x0</run_address>
         <size>0x0</size>
         <contents>
         </contents>
      </logical_group>
      <logical_group id="lg-5" display="no" color="cyan">
         <name>.sysmem</name>
         <run_address>0x0</run_address>
         <size>0x0</size>
         <contents>
         </contents>
      </logical_group>
      <logical_group id="lg-6" display="no" color="cyan">
         <name>.stack</name>
         <run_address>0x24c</run_address>
         <size>0x32</size>
         <contents>
            <object_component_ref idref="oc-82"/>
            <object_component_ref idref="oc-188"/>
         </contents>
      </logical_group>
      <logical_group id="lg-7" display="no" color="cyan">
         <name>.text</name>
         <load_address>0xf800</load_address>
         <run_address>0xf800</run_address>
         <size>0x172</size>
         <contents>
            <object_component_ref idref="oc-93"/>
            <object_component_ref idref="oc-be"/>
            <object_component_ref idref="oc-a0"/>
            <object_component_ref idref="oc-ab"/>
            <object_component_ref idref="oc-5e"/>
            <object_component_ref idref="oc-d8"/>
            <object_component_ref idref="oc-2c"/>
            <object_component_ref idref="oc-86"/>
            <object_component_ref idref="oc-101"/>
            <object_component_ref idref="oc-a6"/>
            <object_component_ref idref="oc-32"/>
            <object_component_ref idref="oc-b8"/>
            <object_component_ref idref="oc-e0"/>
         </contents>
      </logical_group>
      <logical_group id="lg-8" display="no" color="cyan">
         <name>.cinit</name>
         <load_address>0xf972</load_address>
         <run_address>0xf972</run_address>
         <size>0xe</size>
         <contents>
            <object_component_ref idref="oc-187"/>
            <object_component_ref idref="oc-185"/>
            <object_component_ref idref="oc-186"/>
         </contents>
      </logical_group>
      <logical_group id="lg-9" display="no" color="cyan">
         <name>.const</name>
         <run_address>0x0</run_address>
         <size>0x0</size>
         <contents>
         </contents>
      </logical_group>
      <logical_group id="lg-a" display="no" color="cyan">
         <name>.cio</name>
         <run_address>0x0</run_address>
         <size>0x0</size>
         <contents>
         </contents>
      </logical_group>
      <logical_group id="lg-b" display="no" color="cyan">
         <name>.pinit</name>
         <run_address>0x0</run_address>
         <size>0x0</size>
         <contents>
         </contents>
      </logical_group>
      <logical_group id="lg-c" display="no" color="cyan">
         <name>.init_array</name>
         <run_address>0x0</run_address>
         <size>0x0</size>
         <contents>
         </contents>
      </logical_group>
      <logical_group id="lg-d" display="no" color="cyan">
         <name>.mspabi.exidx</name>
         <run_address>0x0</run_address>
         <size>0x0</size>
         <contents>
         </contents>
      </logical_group>
      <logical_group id="lg-e" display="no" color="cyan">
         <name>.mspabi.extab</name>
         <run_address>0x0</run_address>
         <size>0x0</size>
         <contents>
         </contents>
      </logical_group>
      <logical_group id="lg-f" display="no" color="cyan">
         <name>.infoA</name>
         <run_address>0x0</run_address>
         <size>0x0</size>
         <contents>
         </contents>
      </logical_group>
      <logical_group id="lg-10" display="no" color="cyan">
         <name>.infoB</name>
         <run_address>0x0</run_address>
         <size>0x0</size>
         <contents>
         </contents>
      </logical_group>
      <logical_group id="lg-11" display="no" color="cyan">
         <name>.infoC</name>
         <run_address>0x0</run_address>
         <size>0x0</size>
         <contents>
         </contents>
      </logical_group>
      <logical_group id="lg-12" display="no" color="cyan">
         <name>.infoD</name>
         <run_address>0x0</run_address>
         <size>0x0</size>
         <contents>
         </contents>
      </logical_group>
      <logical_group id="lg-13" display="no" color="cyan">
         <name>.int00</name>
         <run_address>0x0</run_address>
         <size>0x0</size>
         <contents>
         </contents>
      </logical_group>
      <logical_group id="lg-14" display="no" color="cyan">
         <name>.int01</name>
         <run_address>0x0</run_address>
         <size>0x0</size>
         <contents>
         </contents>
      </logical_group>
      <logical_group id="lg-15" display="no" color="cyan">
         <name>PORT1</name>
         <load_address>0xffe4</load_address>
         <run_address>0xffe4</run_address>
         <size>0x2</size>
         <contents>
            <object_component_ref idref="oc-38"/>
         </contents>
      </logical_group>
      <logical_group id="lg-17" display="no" color="cyan">
         <name>PORT2</name>
         <load_address>0xffe6</load_address>
         <run_address>0xffe6</run_address>
         <size>0x2</size>
         <contents>
            <object_component_ref idref="oc-39"/>
         </contents>
      </logical_group>
      <logical_group id="lg-19" display="no" color="cyan">
         <name>USI</name>
         <load_address>0xffe8</load_address>
         <run_address>0xffe8</run_address>
         <size>0x2</size>
         <contents>
            <object_component_ref idref="oc-3a"/>
         </contents>
      </logical_group>
      <logical_group id="lg-1b" display="no" color="cyan">
         <name>ADC10</name>
         <load_address>0xffea</load_address>
         <run_address>0xffea</run_address>
         <size>0x2</size>
         <contents>
            <object_component_ref idref="oc-3b"/>
         </contents>
      </logical_group>
      <logical_group id="lg-1d" display="no" color="cyan">
         <name>.int06</name>
         <run_address>0x0</run_address>
         <size>0x0</size>
         <contents>
         </contents>
      </logical_group>
      <logical_group id="lg-1e" display="no" color="cyan">
         <name>.int07</name>
         <run_address>0x0</run_address>
         <size>0x0</size>
         <contents>
         </contents>
      </logical_group>
      <logical_group id="lg-1f" display="no" color="cyan">
         <name>TIMERA1</name>
         <load_address>0xfff0</load_address>
         <run_address>0xfff0</run_address>
         <size>0x2</size>
         <contents>
            <object_component_ref idref="oc-3c"/>
         </contents>
      </logical_group>
      <logical_group id="lg-21" display="no" color="cyan">
         <name>TIMERA0</name>
         <load_address>0xfff2</load_address>
         <run_address>0xfff2</run_address>
         <size>0x2</size>
         <contents>
            <object_component_ref idref="oc-3d"/>
         </contents>
      </logical_group>
      <logical_group id="lg-23" display="no" color="cyan">
         <name>WDT</name>
         <load_address>0xfff4</load_address>
         <run_address>0xfff4</run_address>
         <size>0x2</size>
         <contents>
            <object_component_ref idref="oc-3e"/>
         </contents>
      </logical_group>
      <logical_group id="lg-25" display="no" color="cyan">
         <name>.int11</name>
         <run_address>0x0</run_address>
         <size>0x0</size>
         <contents>
         </contents>
      </logical_group>
      <logical_group id="lg-26" display="no" color="cyan">
         <name>.int12</name>
         <run_address>0x0</run_address>
         <size>0x0</size>
         <contents>
         </contents>
      </logical_group>
      <logical_group id="lg-27" display="no" color="cyan">
         <name>.int13</name>
         <run_address>0x0</run_address>
         <size>0x0</size>
         <contents>
         </contents>
      </logical_group>
      <logical_group id="lg-28" display="no" color="cyan">
         <name>NMI</name>
         <load_address>0xfffc</load_address>
         <run_address>0xfffc</run_address>
         <size>0x2</size>
         <contents>
            <object_component_ref idref="oc-3f"/>
         </contents>
      </logical_group>
      <logical_group id="lg-2a" display="no" color="cyan">
         <name>.reset</name>
         <load_address>0xfffe</load_address>
         <run_address>0xfffe</run_address>
         <size>0x2</size>
         <contents>
            <object_component_ref idref="oc-85"/>
         </contents>
      </logical_group>
      <logical_group id="lg-152" display="no" color="cyan">
         <name>.TI.persistent</name>
         <run_address>0x200</run_address>
         <size>0x0</size>
         <contents>
         </contents>
      </logical_group>
      <logical_group id="lg-3" display="no" color="cyan">
         <name>.data</name>
         <run_address>0x200</run_address>
         <size>0x2</size>
         <contents>
            <object_component_ref idref="oc-109"/>
         </contents>
      </logical_group>
      <logical_group id="lg-151" display="no" color="cyan">
         <name>DATA_GROUP</name>
         <load_address>0x200</load_address>
         <run_address>0x200</run_address>
         <size>0x2</size>
         <contents>
            <logical_group_ref idref="lg-152"/>
            <logical_group_ref idref="lg-3"/>
         </contents>
      </logical_group>
      <logical_group id="lg-175" display="never" color="cyan">
         <name>.debug_info</name>
         <load_address>0x0</load_address>
         <run_address>0x0</run_address>
         <size>0x1b9f</size>
         <contents>
            <object_component_ref idref="oc-10a"/>
            <object_component_ref idref="oc-d9"/>
            <object_component_ref idref="oc-ac"/>
            <object_component_ref idref="oc-a1"/>
            <object_component_ref idref="oc-ee"/>
            <object_component_ref idref="oc-83"/>
            <object_component_ref idref="oc-5f"/>
            <object_component_ref idref="oc-92"/>
            <object_component_ref idref="oc-2e"/>
            <object_component_ref idref="oc-8d"/>
            <object_component_ref idref="oc-fa"/>
            <object_component_ref idref="oc-9a"/>
            <object_component_ref idref="oc-94"/>
            <object_component_ref idref="oc-33"/>
            <object_component_ref idref="oc-9b"/>
            <object_component_ref idref="oc-f5"/>
            <object_component_ref idref="oc-103"/>
            <object_component_ref idref="oc-e1"/>
            <object_component_ref idref="oc-a7"/>
            <object_component_ref idref="oc-f4"/>
            <object_component_ref idref="oc-87"/>
            <object_component_ref idref="oc-b9"/>
            <object_component_ref idref="oc-113"/>
            <object_component_ref idref="oc-bf"/>
            <object_component_ref idref="oc-12e"/>
            <object_component_ref idref="oc-189"/>
         </contents>
      </logical_group>
      <logical_group id="lg-177" display="never" color="cyan">
         <name>.debug_line</name>
         <load_address>0x0</load_address>
         <run_address>0x0</run_address>
         <size>0x6cc</size>
         <contents>
            <object_component_ref idref="oc-12b"/>
            <object_component_ref idref="oc-dc"/>
            <object_component_ref idref="oc-af"/>
            <object_component_ref idref="oc-a4"/>
            <object_component_ref idref="oc-f1"/>
            <object_component_ref idref="oc-ed"/>
            <object_component_ref idref="oc-62"/>
            <object_component_ref idref="oc-100"/>
            <object_component_ref idref="oc-31"/>
            <object_component_ref idref="oc-90"/>
            <object_component_ref idref="oc-fd"/>
            <object_component_ref idref="oc-108"/>
            <object_component_ref idref="oc-97"/>
            <object_component_ref idref="oc-36"/>
            <object_component_ref idref="oc-9e"/>
            <object_component_ref idref="oc-f8"/>
            <object_component_ref idref="oc-102"/>
            <object_component_ref idref="oc-e4"/>
            <object_component_ref idref="oc-aa"/>
            <object_component_ref idref="oc-128"/>
            <object_component_ref idref="oc-8a"/>
            <object_component_ref idref="oc-bc"/>
            <object_component_ref idref="oc-12d"/>
            <object_component_ref idref="oc-c2"/>
            <object_component_ref idref="oc-131"/>
         </contents>
      </logical_group>
      <logical_group id="lg-179" display="never" color="cyan">
         <name>.debug_frame</name>
         <load_address>0x0</load_address>
         <run_address>0x0</run_address>
         <size>0x325</size>
         <contents>
            <object_component_ref idref="oc-dd"/>
            <object_component_ref idref="oc-b0"/>
            <object_component_ref idref="oc-a5"/>
            <object_component_ref idref="oc-63"/>
            <object_component_ref idref="oc-2d"/>
            <object_component_ref idref="oc-98"/>
            <object_component_ref idref="oc-37"/>
            <object_component_ref idref="oc-e5"/>
            <object_component_ref idref="oc-8b"/>
            <object_component_ref idref="oc-bd"/>
            <object_component_ref idref="oc-c3"/>
         </contents>
      </logical_group>
      <logical_group id="lg-17b" display="never" color="cyan">
         <name>.debug_abbrev</name>
         <load_address>0x0</load_address>
         <run_address>0x0</run_address>
         <size>0x6e5</size>
         <contents>
            <object_component_ref idref="oc-12a"/>
            <object_component_ref idref="oc-125"/>
            <object_component_ref idref="oc-10e"/>
            <object_component_ref idref="oc-10c"/>
            <object_component_ref idref="oc-f0"/>
            <object_component_ref idref="oc-ec"/>
            <object_component_ref idref="oc-e6"/>
            <object_component_ref idref="oc-ff"/>
            <object_component_ref idref="oc-8c"/>
            <object_component_ref idref="oc-8f"/>
            <object_component_ref idref="oc-fc"/>
            <object_component_ref idref="oc-107"/>
            <object_component_ref idref="oc-106"/>
            <object_component_ref idref="oc-99"/>
            <object_component_ref idref="oc-9d"/>
            <object_component_ref idref="oc-f7"/>
            <object_component_ref idref="oc-129"/>
            <object_component_ref idref="oc-126"/>
            <object_component_ref idref="oc-10d"/>
            <object_component_ref idref="oc-127"/>
            <object_component_ref idref="oc-f3"/>
            <object_component_ref idref="oc-111"/>
            <object_component_ref idref="oc-12c"/>
            <object_component_ref idref="oc-112"/>
            <object_component_ref idref="oc-130"/>
            <object_component_ref idref="oc-18a"/>
         </contents>
      </logical_group>
      <logical_group id="lg-17d" display="never" color="cyan">
         <name>.debug_str</name>
         <load_address>0x0</load_address>
         <run_address>0x0</run_address>
         <size>0x562</size>
         <contents>
            <object_component_ref idref="oc-f2"/>
            <object_component_ref idref="oc-91"/>
            <object_component_ref idref="oc-fe"/>
            <object_component_ref idref="oc-9f"/>
            <object_component_ref idref="oc-f9"/>
            <object_component_ref idref="oc-132"/>
         </contents>
      </logical_group>
      <logical_group id="lg-17f" display="never" color="cyan">
         <name>.debug_aranges</name>
         <load_address>0x0</load_address>
         <run_address>0x0</run_address>
         <size>0x1a0</size>
         <contents>
            <object_component_ref idref="oc-da"/>
            <object_component_ref idref="oc-ad"/>
            <object_component_ref idref="oc-a2"/>
            <object_component_ref idref="oc-60"/>
            <object_component_ref idref="oc-2f"/>
            <object_component_ref idref="oc-95"/>
            <object_component_ref idref="oc-34"/>
            <object_component_ref idref="oc-104"/>
            <object_component_ref idref="oc-e2"/>
            <object_component_ref idref="oc-a8"/>
            <object_component_ref idref="oc-88"/>
            <object_component_ref idref="oc-ba"/>
            <object_component_ref idref="oc-c0"/>
         </contents>
      </logical_group>
      <logical_group id="lg-181" display="never" color="cyan">
         <name>.debug_pubnames</name>
         <load_address>0x0</load_address>
         <run_address>0x0</run_address>
         <size>0x225</size>
         <contents>
            <object_component_ref idref="oc-10b"/>
            <object_component_ref idref="oc-db"/>
            <object_component_ref idref="oc-ae"/>
            <object_component_ref idref="oc-a3"/>
            <object_component_ref idref="oc-84"/>
            <object_component_ref idref="oc-61"/>
            <object_component_ref idref="oc-30"/>
            <object_component_ref idref="oc-96"/>
            <object_component_ref idref="oc-35"/>
            <object_component_ref idref="oc-105"/>
            <object_component_ref idref="oc-e3"/>
            <object_component_ref idref="oc-a9"/>
            <object_component_ref idref="oc-89"/>
            <object_component_ref idref="oc-bb"/>
            <object_component_ref idref="oc-c1"/>
         </contents>
      </logical_group>
      <logical_group id="lg-183" display="never" color="cyan">
         <name>.debug_pubtypes</name>
         <load_address>0x0</load_address>
         <run_address>0x0</run_address>
         <size>0x1d8</size>
         <contents>
            <object_component_ref idref="oc-ef"/>
            <object_component_ref idref="oc-8e"/>
            <object_component_ref idref="oc-fb"/>
            <object_component_ref idref="oc-9c"/>
            <object_component_ref idref="oc-f6"/>
            <object_component_ref idref="oc-12f"/>
         </contents>
      </logical_group>
      <load_segment id="lg-18b" display="no" color="cyan">
         <name>SEGMENT_0</name>
         <run_address>0x200</run_address>
         <size>0x2</size>
         <flags>0x6</flags>
         <contents>
            <logical_group_ref idref="lg-3"/>
         </contents>
      </load_segment>
      <load_segment id="lg-18c" display="no" color="cyan">
         <name>SEGMENT_1</name>
         <run_address>0x24c</run_address>
         <size>0x32</size>
         <flags>0x6</flags>
         <contents>
            <logical_group_ref idref="lg-6"/>
         </contents>
      </load_segment>
      <load_segment id="lg-18d" display="no" color="cyan">
         <name>SEGMENT_2</name>
         <load_address>0xf800</load_address>
         <run_address>0xf800</run_address>
         <size>0x180</size>
         <flags>0x5</flags>
         <contents>
            <logical_group_ref idref="lg-7"/>
            <logical_group_ref idref="lg-8"/>
         </contents>
      </load_segment>
      <load_segment id="lg-18e" display="no" color="cyan">
         <name>SEGMENT_3</name>
         <load_address>0xffe4</load_address>
         <run_address>0xffe4</run_address>
         <size>0x8</size>
         <flags>0x4</flags>
         <contents>
            <logical_group_ref idref="lg-15"/>
            <logical_group_ref idref="lg-17"/>
            <logical_group_ref idref="lg-19"/>
            <logical_group_ref idref="lg-1b"/>
         </contents>
      </load_segment>
      <load_segment id="lg-18f" display="no" color="cyan">
         <name>SEGMENT_4</name>
         <load_address>0xfff0</load_address>
         <run_address>0xfff0</run_address>
         <size>0x6</size>
         <flags>0x4</flags>
         <contents>
            <logical_group_ref idref="lg-1f"/>
            <logical_group_ref idref="lg-21"/>
            <logical_group_ref idref="lg-23"/>
         </contents>
      </load_segment>
      <load_segment id="lg-190" display="no" color="cyan">
         <name>SEGMENT_5</name>
         <load_address>0xfffc</load_address>
         <run_address>0xfffc</run_address>
         <size>0x4</size>
         <flags>0x4</flags>
         <contents>
            <logical_group_ref idref="lg-28"/>
            <logical_group_ref idref="lg-2a"/>
         </contents>
      </load_segment>
   </logical_group_list>
   <placement_map>
      <memory_area display="no" color="green">
         <name>SFR</name>
         <page_id>0x0</page_id>
         <origin>0x0</origin>
         <length>0x10</length>
         <used_space>0x0</used_space>
         <unused_space>0x10</unused_space>
         <attributes>RWIX</attributes>
         <usage_details>
         </usage_details>
      </memory_area>
      <memory_area display="yes" color="green">
         <name>PERIPHERALS_8BIT</name>
         <page_id>0x0</page_id>
         <origin>0x10</origin>
         <length>0xf0</length>
         <used_space>0x0</used_space>
         <unused_space>0xf0</unused_space>
         <attributes>RWIX</attributes>
         <usage_details>
         </usage_details>
      </memory_area>
      <memory_area display="yes" color="green">
         <name>PERIPHERALS_16BIT</name>
         <page_id>0x0</page_id>
         <origin>0x100</origin>
         <length>0x100</length>
         <used_space>0x0</used_space>
         <unused_space>0x100</unused_space>
         <attributes>RWIX</attributes>
         <usage_details>
         </usage_details>
      </memory_area>
      <memory_area display="yes" color="green">
         <name>RAM</name>
         <page_id>0x0</page_id>
         <origin>0x200</origin>
         <length>0x80</length>
         <used_space>0x34</used_space>
         <unused_space>0x4c</unused_space>
         <attributes>RWIX</attributes>
         <usage_details>
            <allocated_space>
               <start_address>0x200</start_address>
               <size>0x2</size>
               <logical_group_ref idref="lg-151"/>
            </allocated_space>
            <available_space>
               <start_address>0x202</start_address>
               <size>0x4a</size>
            </available_space>
            <allocated_space>
               <start_address>0x24c</start_address>
               <size>0x32</size>
               <logical_group_ref idref="lg-6"/>
            </allocated_space>
            <available_space>
               <start_address>0x27e</start_address>
               <size>0x2</size>
            </available_space>
         </usage_details>
      </memory_area>
      <memory_area display="no" color="green">
         <name>INFOD</name>
         <page_id>0x0</page_id>
         <origin>0x1000</origin>
         <length>0x40</length>
         <used_space>0x0</used_space>
         <unused_space>0x40</unused_space>
         <attributes>RWIX</attributes>
         <usage_details>
         </usage_details>
      </memory_area>
      <memory_area display="no" color="green">
         <name>INFOC</name>
         <page_id>0x0</page_id>
         <origin>0x1040</origin>
         <length>0x40</length>
         <used_space>0x0</used_space>
         <unused_space>0x40</unused_space>
         <attributes>RWIX</attributes>
         <usage_details>
         </usage_details>
      </memory_area>
      <memory_area display="no" color="green">
         <name>INFOB</name>
         <page_id>0x0</page_id>
         <origin>0x1080</origin>
         <length>0x40</length>
         <used_space>0x0</used_space>
         <unused_space>0x40</unused_space>
         <attributes>RWIX</attributes>
         <usage_details>
         </usage_details>
      </memory_area>
      <memory_area display="no" color="green">
         <name>INFOA</name>
         <page_id>0x0</page_id>
         <origin>0x10c0</origin>
         <length>0x40</length>
         <used_space>0x0</used_space>
         <unused_space>0x40</unused_space>
         <attributes>RWIX</attributes>
         <usage_details>
         </usage_details>
      </memory_area>
      <memory_area display="yes" color="green">
         <name>FLASH</name>
         <page_id>0x0</page_id>
         <origin>0xf800</origin>
         <length>0x7e0</length>
         <used_space>0x180</used_space>
         <unused_space>0x660</unused_space>
         <attributes>RWIX</attributes>
         <usage_details>
            <allocated_space>
               <start_address>0xf800</start_address>
               <size>0x172</size>
               <logical_group_ref idref="lg-7"/>
            </allocated_space>
            <allocated_space>
               <start_address>0xf972</start_address>
               <size>0xe</size>
               <logical_group_ref idref="lg-8"/>
            </allocated_space>
            <available_space>
               <start_address>0xf980</start_address>
               <size>0x660</size>
            </available_space>
         </usage_details>
      </memory_area>
      <memory_area display="no" color="green">
         <name>INT00</name>
         <page_id>0x0</page_id>
         <origin>0xffe0</origin>
         <length>0x2</length>
         <used_space>0x0</used_space>
         <unused_space>0x2</unused_space>
         <attributes>RWIX</attributes>
         <usage_details>
         </usage_details>
      </memory_area>
      <memory_area display="no" color="green">
         <name>INT01</name>
         <page_id>0x0</page_id>
         <origin>0xffe2</origin>
         <length>0x2</length>
         <used_space>0x0</used_space>
         <unused_space>0x2</unused_space>
         <attributes>RWIX</attributes>
         <usage_details>
         </usage_details>
      </memory_area>
      <memory_area display="no" color="green">
         <name>INT02</name>
         <page_id>0x0</page_id>
         <origin>0xffe4</origin>
         <length>0x2</length>
         <used_space>0x2</used_space>
         <unused_space>0x0</unused_space>
         <attributes>RWIX</attributes>
         <usage_details>
            <allocated_space>
               <start_address>0xffe4</start_address>
               <size>0x2</size>
               <logical_group_ref idref="lg-15"/>
            </allocated_space>
         </usage_details>
      </memory_area>
      <memory_area display="no" color="green">
         <name>INT03</name>
         <page_id>0x0</page_id>
         <origin>0xffe6</origin>
         <length>0x2</length>
         <used_space>0x2</used_space>
         <unused_space>0x0</unused_space>
         <attributes>RWIX</attributes>
         <usage_details>
            <allocated_space>
               <start_address>0xffe6</start_address>
               <size>0x2</size>
               <logical_group_ref idref="lg-17"/>
            </allocated_space>
         </usage_details>
      </memory_area>
      <memory_area display="no" color="green">
         <name>INT04</name>
         <page_id>0x0</page_id>
         <origin>0xffe8</origin>
         <length>0x2</length>
         <used_space>0x2</used_space>
         <unused_space>0x0</unused_space>
         <attributes>RWIX</attributes>
         <usage_details>
            <allocated_space>
               <start_address>0xffe8</start_address>
               <size>0x2</size>
               <logical_group_ref idref="lg-19"/>
            </allocated_space>
         </usage_details>
      </memory_area>
      <memory_area display="no" color="green">
         <name>INT05</name>
         <page_id>0x0</page_id>
         <origin>0xffea</origin>
         <length>0x2</length>
         <used_space>0x2</used_space>
         <unused_space>0x0</unused_space>
         <attributes>RWIX</attributes>
         <usage_details>
            <allocated_space>
               <start_address>0xffea</start_address>
               <size>0x2</size>
               <logical_group_ref idref="lg-1b"/>
            </allocated_space>
         </usage_details>
      </memory_area>
      <memory_area display="no" color="green">
         <name>INT06</name>
         <page_id>0x0</page_id>
         <origin>0xffec</origin>
         <length>0x2</length>
         <used_space>0x0</used_space>
         <unused_space>0x2</unused_space>
         <attributes>RWIX</attributes>
         <usage_details>
         </usage_details>
      </memory_area>
      <memory_area display="no" color="green">
         <name>INT07</name>
         <page_id>0x0</page_id>
         <origin>0xffee</origin>
         <length>0x2</length>
         <used_space>0x0</used_space>
         <unused_space>0x2</unused_space>
         <attributes>RWIX</attributes>
         <usage_details>
         </usage_details>
      </memory_area>
      <memory_area display="no" color="green">
         <name>INT08</name>
         <page_id>0x0</page_id>
         <origin>0xfff0</origin>
         <length>0x2</length>
         <used_space>0x2</used_space>
         <unused_space>0x0</unused_space>
         <attributes>RWIX</attributes>
         <usage_details>
            <allocated_space>
               <start_address>0xfff0</start_address>
               <size>0x2</size>
               <logical_group_ref idref="lg-1f"/>
            </allocated_space>
         </usage_details>
      </memory_area>
      <memory_area display="no" color="green">
         <name>INT09</name>
         <page_id>0x0</page_id>
         <origin>0xfff2</origin>
         <length>0x2</length>
         <used_space>0x2</used_space>
         <unused_space>0x0</unused_space>
         <attributes>RWIX</attributes>
         <usage_details>
            <allocated_space>
               <start_address>0xfff2</start_address>
               <size>0x2</size>
               <logical_group_ref idref="lg-21"/>
            </allocated_space>
         </usage_details>
      </memory_area>
      <memory_area display="no" color="green">
         <name>INT10</name>
         <page_id>0x0</page_id>
         <origin>0xfff4</origin>
         <length>0x2</length>
         <used_space>0x2</used_space>
         <unused_space>0x0</unused_space>
         <attributes>RWIX</attributes>
         <usage_details>
            <allocated_space>
               <start_address>0xfff4</start_address>
               <size>0x2</size>
               <logical_group_ref idref="lg-23"/>
            </allocated_space>
         </usage_details>
      </memory_area>
      <memory_area display="no" color="green">
         <name>INT11</name>
         <page_id>0x0</page_id>
         <origin>0xfff6</origin>
         <length>0x2</length>
         <used_space>0x0</used_space>
         <unused_space>0x2</unused_space>
         <attributes>RWIX</attributes>
         <usage_details>
         </usage_details>
      </memory_area>
      <memory_area display="no" color="green">
         <name>INT12</name>
         <page_id>0x0</page_id>
         <origin>0xfff8</origin>
         <length>0x2</length>
         <used_space>0x0</used_space>
         <unused_space>0x2</unused_space>
         <attributes>RWIX</attributes>
         <usage_details>
         </usage_details>
      </memory_area>
      <memory_area display="no" color="green">
         <name>INT13</name>
         <page_id>0x0</page_id>
         <origin>0xfffa</origin>
         <length>0x2</length>
         <used_space>0x0</used_space>
         <unused_space>0x2</unused_space>
         <attributes>RWIX</attributes>
         <usage_details>
         </usage_details>
      </memory_area>
      <memory_area display="no" color="green">
         <name>INT14</name>
         <page_id>0x0</page_id>
         <origin>0xfffc</origin>
         <length>0x2</length>
         <used_space>0x2</used_space>
         <unused_space>0x0</unused_space>
         <attributes>RWIX</attributes>
         <usage_details>
            <allocated_space>
               <start_address>0xfffc</start_address>
               <size>0x2</size>
               <logical_group_ref idref="lg-28"/>
            </allocated_space>
         </usage_details>
      </memory_area>
      <memory_area display="no" color="green">
         <name>RESET</name>
         <page_id>0x0</page_id>
         <origin>0xfffe</origin>
         <length>0x2</length>
         <used_space>0x2</used_space>
         <unused_space>0x0</unused_space>
         <attributes>RWIX</attributes>
         <usage_details>
            <allocated_space>
               <start_address>0xfffe</start_address>
               <size>0x2</size>
               <logical_group_ref idref="lg-2a"/>
            </allocated_space>
         </usage_details>
      </memory_area>
   </placement_map>
   <cptbl_list>
      <cptbl>
         <name>__TI_cinit_table</name>
         <cprec>
            <name>.data</name>
            <load_address>0xf972</load_address>
            <load_size>0x6</load_size>
            <run_address>0x200</run_address>
            <run_size>0x2</run_size>
            <compression>copy</compression>
         </cprec>
      </cptbl>
   </cptbl_list>
   <handler_table>
      <handler_table_name>__TI_handler_table</handler_table_name>
      <handler>
         <index>0x0</index>
         <name>__TI_decompress_rle24</name>
      </handler>
      <handler>
         <index>0x1</index>
         <name>__TI_decompress_none</name>
      </handler>
   </handler_table>
   <symbol_table>
      <symbol id="sm-1">
         <name>IE1</name>
         <value>0x0</value>
      </symbol>
      <symbol id="sm-2">
         <name>IFG1</name>
         <value>0x2</value>
      </symbol>
      <symbol id="sm-3">
         <name>ADC10DTC0</name>
         <value>0x48</value>
      </symbol>
      <symbol id="sm-4">
         <name>ADC10DTC1</name>
         <value>0x49</value>
      </symbol>
      <symbol id="sm-5">
         <name>ADC10AE0</name>
         <value>0x4a</value>
      </symbol>
      <symbol id="sm-6">
         <name>ADC10CTL0</name>
         <value>0x1b0</value>
      </symbol>
      <symbol id="sm-7">
         <name>ADC10CTL1</name>
         <value>0x1b2</value>
      </symbol>
      <symbol id="sm-8">
         <name>ADC10MEM</name>
         <value>0x1b4</value>
      </symbol>
      <symbol id="sm-9">
         <name>ADC10SA</name>
         <value>0x1bc</value>
      </symbol>
      <symbol id="sm-a">
         <name>DCOCTL</name>
         <value>0x56</value>
      </symbol>
      <symbol id="sm-b">
         <name>BCSCTL1</name>
         <value>0x57</value>
      </symbol>
      <symbol id="sm-c">
         <name>BCSCTL2</name>
         <value>0x58</value>
      </symbol>
      <symbol id="sm-d">
         <name>BCSCTL3</name>
         <value>0x53</value>
      </symbol>
      <symbol id="sm-e">
         <name>FCTL1</name>
         <value>0x128</value>
      </symbol>
      <symbol id="sm-f">
         <name>FCTL2</name>
         <value>0x12a</value>
      </symbol>
      <symbol id="sm-10">
         <name>FCTL3</name>
         <value>0x12c</value>
      </symbol>
      <symbol id="sm-11">
         <name>P1IN</name>
         <value>0x20</value>
      </symbol>
      <symbol id="sm-12">
         <name>P1OUT</name>
         <value>0x21</value>
      </symbol>
      <symbol id="sm-13">
         <name>P1DIR</name>
         <value>0x22</value>
      </symbol>
      <symbol id="sm-14">
         <name>P1IFG</name>
         <value>0x23</value>
      </symbol>
      <symbol id="sm-15">
         <name>P1IES</name>
         <value>0x24</value>
      </symbol>
      <symbol id="sm-16">
         <name>P1IE</name>
         <value>0x25</value>
      </symbol>
      <symbol id="sm-17">
         <name>P1SEL</name>
         <value>0x26</value>
      </symbol>
      <symbol id="sm-18">
         <name>P1REN</name>
         <value>0x27</value>
      </symbol>
      <symbol id="sm-19">
         <name>P2IN</name>
         <value>0x28</value>
      </symbol>
      <symbol id="sm-1a">
         <name>P2OUT</name>
         <value>0x29</value>
      </symbol>
      <symbol id="sm-1b">
         <name>P2DIR</name>
         <value>0x2a</value>
      </symbol>
      <symbol id="sm-1c">
         <name>P2IFG</name>
         <value>0x2b</value>
      </symbol>
      <symbol id="sm-1d">
         <name>P2IES</name>
         <value>0x2c</value>
      </symbol>
      <symbol id="sm-1e">
         <name>P2IE</name>
         <value>0x2d</value>
      </symbol>
      <symbol id="sm-1f">
         <name>P2SEL</name>
         <value>0x2e</value>
      </symbol>
      <symbol id="sm-20">
         <name>P2REN</name>
         <value>0x2f</value>
      </symbol>
      <symbol id="sm-21">
         <name>TAIV</name>
         <value>0x12e</value>
      </symbol>
      <symbol id="sm-22">
         <name>TACTL</name>
         <value>0x160</value>
      </symbol>
      <symbol id="sm-23">
         <name>TACCTL0</name>
         <value>0x162</value>
      </symbol>
      <symbol id="sm-24">
         <name>TACCTL1</name>
         <value>0x164</value>
      </symbol>
      <symbol id="sm-25">
         <name>TAR</name>
         <value>0x170</value>
      </symbol>
      <symbol id="sm-26">
         <name>TACCR0</name>
         <value>0x172</value>
      </symbol>
      <symbol id="sm-27">
         <name>TACCR1</name>
         <value>0x174</value>
      </symbol>
      <symbol id="sm-28">
         <name>USICTL0</name>
         <value>0x78</value>
      </symbol>
      <symbol id="sm-29">
         <name>USICTL1</name>
         <value>0x79</value>
      </symbol>
      <symbol id="sm-2a">
         <name>USICKCTL</name>
         <value>0x7a</value>
      </symbol>
      <symbol id="sm-2b">
         <name>USICNT</name>
         <value>0x7b</value>
      </symbol>
      <symbol id="sm-2c">
         <name>USISRL</name>
         <value>0x7c</value>
      </symbol>
      <symbol id="sm-2d">
         <name>USISRH</name>
         <value>0x7d</value>
      </symbol>
      <symbol id="sm-2e">
         <name>USICTL</name>
         <value>0x78</value>
      </symbol>
      <symbol id="sm-2f">
         <name>USICCTL</name>
         <value>0x7a</value>
      </symbol>
      <symbol id="sm-30">
         <name>USISR</name>
         <value>0x7c</value>
      </symbol>
      <symbol id="sm-31">
         <name>WDTCTL</name>
         <value>0x120</value>
      </symbol>
      <symbol id="sm-32">
         <name>CALDCO_1MHZ</name>
         <value>0x10fe</value>
      </symbol>
      <symbol id="sm-33">
         <name>CALBC1_1MHZ</name>
         <value>0x10ff</value>
      </symbol>
      <symbol id="sm-34">
         <name>__TI_CINIT_Base</name>
         <value>0xf97c</value>
      </symbol>
      <symbol id="sm-35">
         <name>__TI_CINIT_Limit</name>
         <value>0xf980</value>
      </symbol>
      <symbol id="sm-36">
         <name>__TI_Handler_Table_Base</name>
         <value>0xf978</value>
      </symbol>
      <symbol id="sm-37">
         <name>__TI_Handler_Table_Limit</name>
         <value>0xf97c</value>
      </symbol>
      <symbol id="sm-38">
         <name>binit</name>
         <value>0xffffffff</value>
      </symbol>
      <symbol id="sm-39">
         <name>__binit__</name>
         <value>0xffffffff</value>
      </symbol>
      <symbol id="sm-3a">
         <name>__STACK_SIZE</name>
         <value>0x32</value>
      </symbol>
      <symbol id="sm-3b">
         <name>__STACK_END</name>
         <value>0x27e</value>
      </symbol>
      <symbol id="sm-3c">
         <name>__c_args__</name>
         <value>0xffffffff</value>
      </symbol>
      <symbol id="sm-8c">
         <name>__TI_int02</name>
         <value>0xffe4</value>
         <object_component_ref idref="oc-38"/>
      </symbol>
      <symbol id="sm-8d">
         <name>__TI_int10</name>
         <value>0xfff4</value>
         <object_component_ref idref="oc-3e"/>
      </symbol>
      <symbol id="sm-8e">
         <name>wdtCounter</name>
         <value>0x200</value>
         <object_component_ref idref="oc-109"/>
      </symbol>
      <symbol id="sm-8f">
         <name>Port_1</name>
         <value>0xf8bc</value>
         <object_component_ref idref="oc-a0"/>
      </symbol>
      <symbol id="sm-90">
         <name>watchdog_timer</name>
         <value>0xf8da</value>
         <object_component_ref idref="oc-ab"/>
      </symbol>
      <symbol id="sm-91">
         <name>main</name>
         <value>0xf910</value>
         <object_component_ref idref="oc-d8"/>
      </symbol>
      <symbol id="sm-9a">
         <name>_stack</name>
         <value>0x24c</value>
         <object_component_ref idref="oc-82"/>
      </symbol>
      <symbol id="sm-9b">
         <name>_reset_vector</name>
         <value>0xfffe</value>
         <object_component_ref idref="oc-85"/>
      </symbol>
      <symbol id="sm-a6">
         <name>_c_int00_noargs_noexit</name>
         <value>0xf8f6</value>
         <object_component_ref idref="oc-5e"/>
      </symbol>
      <symbol id="sm-bc">
         <name>__TI_decompress_none</name>
         <value>0xf92a</value>
         <object_component_ref idref="oc-2c"/>
      </symbol>
      <symbol id="sm-de">
         <name>__TI_decompress_rle24</name>
         <value>0xf964</value>
         <object_component_ref idref="oc-32"/>
      </symbol>
      <symbol id="sm-ed">
         <name>__mspabi_func_epilog_2</name>
         <value>0xf958</value>
         <object_component_ref idref="oc-101"/>
      </symbol>
      <symbol id="sm-ee">
         <name>__mspabi_func_epilog_3</name>
         <value>0xf956</value>
         <object_component_ref idref="oc-101"/>
      </symbol>
      <symbol id="sm-ef">
         <name>__mspabi_func_epilog_1</name>
         <value>0xf95a</value>
         <object_component_ref idref="oc-101"/>
      </symbol>
      <symbol id="sm-f0">
         <name>__mspabi_func_epilog_6</name>
         <value>0xf950</value>
         <object_component_ref idref="oc-101"/>
      </symbol>
      <symbol id="sm-f1">
         <name>__mspabi_func_epilog_7</name>
         <value>0xf94e</value>
         <object_component_ref idref="oc-101"/>
      </symbol>
      <symbol id="sm-f2">
         <name>__mspabi_func_epilog_4</name>
         <value>0xf954</value>
         <object_component_ref idref="oc-101"/>
      </symbol>
      <symbol id="sm-f3">
         <name>__mspabi_func_epilog_5</name>
         <value>0xf952</value>
         <object_component_ref idref="oc-101"/>
      </symbol>
      <symbol id="sm-fe">
         <name>C$$EXIT</name>
         <value>0xf96e</value>
         <object_component_ref idref="oc-e0"/>
      </symbol>
      <symbol id="sm-ff">
         <name>abort</name>
         <value>0xf96e</value>
         <object_component_ref idref="oc-e0"/>
      </symbol>
      <symbol id="sm-102">
         <name>__TI_int03</name>
         <value>0xffe6</value>
         <object_component_ref idref="oc-39"/>
      </symbol>
      <symbol id="sm-105">
         <name>__TI_int04</name>
         <value>0xffe8</value>
         <object_component_ref idref="oc-3a"/>
      </symbol>
      <symbol id="sm-108">
         <name>__TI_int05</name>
         <value>0xffea</value>
         <object_component_ref idref="oc-3b"/>
      </symbol>
      <symbol id="sm-10b">
         <name>__TI_int08</name>
         <value>0xfff0</value>
         <object_component_ref idref="oc-3c"/>
      </symbol>
      <symbol id="sm-10e">
         <name>__TI_int09</name>
         <value>0xfff2</value>
         <object_component_ref idref="oc-3d"/>
      </symbol>
      <symbol id="sm-111">
         <name>__TI_int14</name>
         <value>0xfffc</value>
         <object_component_ref idref="oc-3f"/>
      </symbol>
      <symbol id="sm-119">
         <name>__TI_ISR_TRAP</name>
         <value>0xf95e</value>
         <object_component_ref idref="oc-a6"/>
      </symbol>
      <symbol id="sm-127">
         <name>memcpy</name>
         <value>0xf93c</value>
         <object_component_ref idref="oc-86"/>
      </symbol>
      <symbol id="sm-131">
         <name>_system_pre_init</name>
         <value>0xf96a</value>
         <object_component_ref idref="oc-b8"/>
      </symbol>
      <symbol id="sm-14b">
         <name>_auto_init</name>
         <value>0xf864</value>
         <object_component_ref idref="oc-be"/>
      </symbol>
      <symbol id="sm-14d">
         <name>__TI_INITARRAY_Base</name>
         <value>0x0</value>
      </symbol>
      <symbol id="sm-14e">
         <name>__TI_INITARRAY_Limit</name>
         <value>0x0</value>
      </symbol>
   </symbol_table>
   <title>Link successful</title>
</link_info>
