******************************************************************************
                  MSP430 Linker PC v4.4.3                      
******************************************************************************
>> Linked Sat Sep 16 22:30:24 2017

OUTPUT FILE NAME:   <RMC01.out>
ENTRY POINT SYMBOL: "_c_int00_noargs_noexit"  address: 0000fb74


MEMORY CONFIGURATION

         name            origin    length      used     unused   attr    fill
----------------------  --------  ---------  --------  --------  ----  --------
  SFR                   00000000   00000010  00000000  00000010  RWIX
  PERIPHERALS_8BIT      00000010   000000f0  00000000  000000f0  RWIX
  PERIPHERALS_16BIT     00000100   00000100  00000000  00000100  RWIX
  RAM                   00000200   00000080  00000036  0000004a  RWIX
  INFOD                 00001000   00000040  00000000  00000040  RWIX
  INFOC                 00001040   00000040  00000000  00000040  RWIX
  INFOB                 00001080   00000040  00000000  00000040  RWIX
  INFOA                 000010c0   00000040  00000000  00000040  RWIX
  FLASH                 0000f800   000007e0  00000444  0000039c  RWIX
  INT00                 0000ffe0   00000002  00000000  00000002  RWIX
  INT01                 0000ffe2   00000002  00000000  00000002  RWIX
  INT02                 0000ffe4   00000002  00000002  00000000  RWIX
  INT03                 0000ffe6   00000002  00000002  00000000  RWIX
  INT04                 0000ffe8   00000002  00000002  00000000  RWIX
  INT05                 0000ffea   00000002  00000002  00000000  RWIX
  INT06                 0000ffec   00000002  00000000  00000002  RWIX
  INT07                 0000ffee   00000002  00000000  00000002  RWIX
  INT08                 0000fff0   00000002  00000002  00000000  RWIX
  INT09                 0000fff2   00000002  00000002  00000000  RWIX
  INT10                 0000fff4   00000002  00000002  00000000  RWIX
  INT11                 0000fff6   00000002  00000000  00000002  RWIX
  INT12                 0000fff8   00000002  00000000  00000002  RWIX
  INT13                 0000fffa   00000002  00000000  00000002  RWIX
  INT14                 0000fffc   00000002  00000002  00000000  RWIX
  RESET                 0000fffe   00000002  00000002  00000000  RWIX


SECTION ALLOCATION MAP

 output                                  attributes/
section   page    origin      length       input sections
--------  ----  ----------  ----------   ----------------
.data      0    00000200    00000003     UNINITIALIZED
                  00000200    00000003     main.obj (.data)

.bss       0    00000203    00000001     UNINITIALIZED
                  00000203    00000001     (.common:keycode)

.stack     0    0000024c    00000032     UNINITIALIZED
                  0000024c    00000002     rts430_eabi.lib : boot.obj (.stack)
                  0000024e    00000030     --HOLE--

.text      0    0000f800    0000042a     
                  0000f800    000000e2     main.obj (.text:main)
                  0000f8e2    000000b2     main.obj (.text:ScanKeypad)
                  0000f994    00000072     main.obj (.text:TransmitNEC)
                  0000fa06    00000064     rts430_eabi.lib : copy_decompress_rle.obj (.text:__TI_decompress_rle_core)
                  0000fa6a    00000058                     : autoinit.obj (.text:_auto_init)
                  0000fac2    0000004c                     : lsr16.obj (.text)
                  0000fb0e    0000002e     main.obj (.text:TransmitBit)
                  0000fb3c    0000001e     main.obj (.text:PulseTimer)
                  0000fb5a    0000001a     main.obj (.text:Wait)
                  0000fb74    0000001a     rts430_eabi.lib : boot_special.obj (.text:_c_int00_noargs_noexit)
                  0000fb8e    00000016     main.obj (.text:Port_1)
                  0000fba4    00000014     main.obj (.text:SetColumnDriversAll)
                  0000fbb8    00000014     rts430_eabi.lib : copy_zero_init.obj (.text:decompress:ZI:__TI_zero_init)
                  0000fbcc    00000012                     : copy_decompress_none.obj (.text:decompress:none:__TI_decompress_none)
                  0000fbde    00000012                     : memcpy.obj (.text:memcpy)
                  0000fbf0    00000010     main.obj (.text:PWMPinControl)
                  0000fc00    00000010     rts430_eabi.lib : epilog.obj (.text)
                  0000fc10    00000006                     : isr_trap.obj (.text:_isr:__TI_ISR_TRAP)
                  0000fc16    00000006                     : copy_decompress_rle.obj (.text:decompress:rle24:__TI_decompress_rle24)
                  0000fc1c    00000006     main.obj (.text:watchdog_timer)
                  0000fc22    00000004     rts430_eabi.lib : pre_init.obj (.text:_system_pre_init)
                  0000fc26    00000004                     : exit.obj (.text:abort)

.cinit     0    0000fc2a    0000001a     
                  0000fc2a    00000007     (.cinit..data.load) [load image]
                  0000fc31    00000001     --HOLE-- [fill = 0]
                  0000fc32    00000006     (__TI_handler_table)
                  0000fc38    00000004     (.cinit..bss.load) [load image, compression = zero_init]
                  0000fc3c    00000008     (__TI_cinit_table)

.init_array 
*          0    0000f800    00000000     UNINITIALIZED

.TI.persistent 
*          0    00000200    00000000     UNINITIALIZED

PORT1      0    0000ffe4    00000002     
                  0000ffe4    00000002     main.obj (.int02)

PORT2      0    0000ffe6    00000002     
                  0000ffe6    00000002     rts430_eabi.lib : int03.obj (.int03)

USI        0    0000ffe8    00000002     
                  0000ffe8    00000002     rts430_eabi.lib : int04.obj (.int04)

ADC10      0    0000ffea    00000002     
                  0000ffea    00000002     rts430_eabi.lib : int05.obj (.int05)

TIMERA1    0    0000fff0    00000002     
                  0000fff0    00000002     rts430_eabi.lib : int08.obj (.int08)

TIMERA0    0    0000fff2    00000002     
                  0000fff2    00000002     rts430_eabi.lib : int09.obj (.int09)

WDT        0    0000fff4    00000002     
                  0000fff4    00000002     main.obj (.int10)

NMI        0    0000fffc    00000002     
                  0000fffc    00000002     rts430_eabi.lib : int14.obj (.int14)

.reset     0    0000fffe    00000002     
                  0000fffe    00000002     rts430_eabi.lib : boot.obj (.reset)


LINKER GENERATED COPY TABLES

__TI_cinit_table @ 0000fc3c records: 2, size/record: 4, table size: 8
	.data: load addr=0000fc2a, load size=00000007 bytes, run addr=00000200, run size=00000003 bytes, compression=copy
	.bss: load addr=0000fc38, load size=00000004 bytes, run addr=00000203, run size=00000001 bytes, compression=zero_init


LINKER GENERATED HANDLER TABLE

__TI_handler_table @ 0000fc32 records: 3, size/record: 2, table size: 6
	index: 0, handler: __TI_zero_init
	index: 1, handler: __TI_decompress_rle24
	index: 2, handler: __TI_decompress_none


GLOBAL SYMBOLS: SORTED ALPHABETICALLY BY Name 

address   name                    
-------   ----                    
0000004a  ADC10AE0                
000001b0  ADC10CTL0               
000001b2  ADC10CTL1               
00000048  ADC10DTC0               
00000049  ADC10DTC1               
000001b4  ADC10MEM                
000001bc  ADC10SA                 
00000057  BCSCTL1                 
00000058  BCSCTL2                 
00000053  BCSCTL3                 
0000fc26  C$$EXIT                 
000010ff  CALBC1_1MHZ             
000010fe  CALDCO_1MHZ             
00000056  DCOCTL                  
00000128  FCTL1                   
0000012a  FCTL2                   
0000012c  FCTL3                   
00000000  IE1                     
00000002  IFG1                    
00000200  IR_TIME                 
00000022  P1DIR                   
00000025  P1IE                    
00000024  P1IES                   
00000023  P1IFG                   
00000020  P1IN                    
00000021  P1OUT                   
00000027  P1REN                   
00000026  P1SEL                   
0000002a  P2DIR                   
0000002d  P2IE                    
0000002c  P2IES                   
0000002b  P2IFG                   
00000028  P2IN                    
00000029  P2OUT                   
0000002f  P2REN                   
0000002e  P2SEL                   
0000fbf0  PWMPinControl           
0000fb8e  Port_1                  
0000fb3c  PulseTimer              
0000f8e2  ScanKeypad              
0000fba4  SetColumnDriversAll     
00000172  TACCR0                  
00000174  TACCR1                  
00000162  TACCTL0                 
00000164  TACCTL1                 
00000160  TACTL                   
0000012e  TAIV                    
00000170  TAR                     
00000202  TRANSMIT_REQ            
0000fb0e  TransmitBit             
0000f994  TransmitNEC             
0000007a  USICCTL                 
0000007a  USICKCTL                
0000007b  USICNT                  
00000078  USICTL                  
00000078  USICTL0                 
00000079  USICTL1                 
0000007c  USISR                   
0000007d  USISRH                  
0000007c  USISRL                  
00000120  WDTCTL                  
0000fb5a  Wait                    
0000027e  __STACK_END             
00000032  __STACK_SIZE            
0000fc3c  __TI_CINIT_Base         
0000fc44  __TI_CINIT_Limit        
0000fc32  __TI_Handler_Table_Base 
0000fc38  __TI_Handler_Table_Limit
UNDEFED   __TI_INITARRAY_Base     
UNDEFED   __TI_INITARRAY_Limit    
0000fc10  __TI_ISR_TRAP           
0000fbcc  __TI_decompress_none    
0000fc16  __TI_decompress_rle24   
0000ffe4  __TI_int02              
0000ffe6  __TI_int03              
0000ffe8  __TI_int04              
0000ffea  __TI_int05              
0000fff0  __TI_int08              
0000fff2  __TI_int09              
0000fff4  __TI_int10              
0000fffc  __TI_int14              
0000fbb8  __TI_zero_init          
ffffffff  __binit__               
ffffffff  __c_args__              
0000fc0c  __mspabi_func_epilog_1  
0000fc0a  __mspabi_func_epilog_2  
0000fc08  __mspabi_func_epilog_3  
0000fc06  __mspabi_func_epilog_4  
0000fc04  __mspabi_func_epilog_5  
0000fc02  __mspabi_func_epilog_6  
0000fc00  __mspabi_func_epilog_7  
0000fac2  __mspabi_srli           
0000fb08  __mspabi_srli_1         
0000fae4  __mspabi_srli_10        
0000fae0  __mspabi_srli_11        
0000fadc  __mspabi_srli_12        
0000fad8  __mspabi_srli_13        
0000fad4  __mspabi_srli_14        
0000fad0  __mspabi_srli_15        
0000fb04  __mspabi_srli_2         
0000fb00  __mspabi_srli_3         
0000fafc  __mspabi_srli_4         
0000faf8  __mspabi_srli_5         
0000faf4  __mspabi_srli_6         
0000faf0  __mspabi_srli_7         
0000faec  __mspabi_srli_8         
0000fae8  __mspabi_srli_9         
0000fa6a  _auto_init              
0000fb74  _c_int00_noargs_noexit  
0000fffe  _reset_vector           
0000024c  _stack                  
0000fc22  _system_pre_init        
0000fc26  abort                   
ffffffff  binit                   
00000203  keycode                 
0000f800  main                    
0000fbde  memcpy                  
0000fc1c  watchdog_timer          


GLOBAL SYMBOLS: SORTED BY Symbol Address 

address   name                    
-------   ----                    
00000000  IE1                     
00000002  IFG1                    
00000020  P1IN                    
00000021  P1OUT                   
00000022  P1DIR                   
00000023  P1IFG                   
00000024  P1IES                   
00000025  P1IE                    
00000026  P1SEL                   
00000027  P1REN                   
00000028  P2IN                    
00000029  P2OUT                   
0000002a  P2DIR                   
0000002b  P2IFG                   
0000002c  P2IES                   
0000002d  P2IE                    
0000002e  P2SEL                   
0000002f  P2REN                   
00000032  __STACK_SIZE            
00000048  ADC10DTC0               
00000049  ADC10DTC1               
0000004a  ADC10AE0                
00000053  BCSCTL3                 
00000056  DCOCTL                  
00000057  BCSCTL1                 
00000058  BCSCTL2                 
00000078  USICTL                  
00000078  USICTL0                 
00000079  USICTL1                 
0000007a  USICCTL                 
0000007a  USICKCTL                
0000007b  USICNT                  
0000007c  USISR                   
0000007c  USISRL                  
0000007d  USISRH                  
00000120  WDTCTL                  
00000128  FCTL1                   
0000012a  FCTL2                   
0000012c  FCTL3                   
0000012e  TAIV                    
00000160  TACTL                   
00000162  TACCTL0                 
00000164  TACCTL1                 
00000170  TAR                     
00000172  TACCR0                  
00000174  TACCR1                  
000001b0  ADC10CTL0               
000001b2  ADC10CTL1               
000001b4  ADC10MEM                
000001bc  ADC10SA                 
00000200  IR_TIME                 
00000202  TRANSMIT_REQ            
00000203  keycode                 
0000024c  _stack                  
0000027e  __STACK_END             
000010fe  CALDCO_1MHZ             
000010ff  CALBC1_1MHZ             
0000f800  main                    
0000f8e2  ScanKeypad              
0000f994  TransmitNEC             
0000fa6a  _auto_init              
0000fac2  __mspabi_srli           
0000fad0  __mspabi_srli_15        
0000fad4  __mspabi_srli_14        
0000fad8  __mspabi_srli_13        
0000fadc  __mspabi_srli_12        
0000fae0  __mspabi_srli_11        
0000fae4  __mspabi_srli_10        
0000fae8  __mspabi_srli_9         
0000faec  __mspabi_srli_8         
0000faf0  __mspabi_srli_7         
0000faf4  __mspabi_srli_6         
0000faf8  __mspabi_srli_5         
0000fafc  __mspabi_srli_4         
0000fb00  __mspabi_srli_3         
0000fb04  __mspabi_srli_2         
0000fb08  __mspabi_srli_1         
0000fb0e  TransmitBit             
0000fb3c  PulseTimer              
0000fb5a  Wait                    
0000fb74  _c_int00_noargs_noexit  
0000fb8e  Port_1                  
0000fba4  SetColumnDriversAll     
0000fbb8  __TI_zero_init          
0000fbcc  __TI_decompress_none    
0000fbde  memcpy                  
0000fbf0  PWMPinControl           
0000fc00  __mspabi_func_epilog_7  
0000fc02  __mspabi_func_epilog_6  
0000fc04  __mspabi_func_epilog_5  
0000fc06  __mspabi_func_epilog_4  
0000fc08  __mspabi_func_epilog_3  
0000fc0a  __mspabi_func_epilog_2  
0000fc0c  __mspabi_func_epilog_1  
0000fc10  __TI_ISR_TRAP           
0000fc16  __TI_decompress_rle24   
0000fc1c  watchdog_timer          
0000fc22  _system_pre_init        
0000fc26  C$$EXIT                 
0000fc26  abort                   
0000fc32  __TI_Handler_Table_Base 
0000fc38  __TI_Handler_Table_Limit
0000fc3c  __TI_CINIT_Base         
0000fc44  __TI_CINIT_Limit        
0000ffe4  __TI_int02              
0000ffe6  __TI_int03              
0000ffe8  __TI_int04              
0000ffea  __TI_int05              
0000fff0  __TI_int08              
0000fff2  __TI_int09              
0000fff4  __TI_int10              
0000fffc  __TI_int14              
0000fffe  _reset_vector           
ffffffff  __binit__               
ffffffff  __c_args__              
ffffffff  binit                   
UNDEFED   __TI_INITARRAY_Base     
UNDEFED   __TI_INITARRAY_Limit    

[118 symbols]
