Archive member included because of file (symbol)

c:/program files (x86)/emide/emide v2.20/arm/bin/../lib/gcc/arm-none-eabi/4.7.4/armv6-m\libgcc.a(_udivsi3.o)
                              obj\Debug\Libraries\STM32F0xx_StdPeriph_Driver\src\stm32f0xx_rcc.o (__aeabi_uidiv)
c:/program files (x86)/emide/emide v2.20/arm/bin/../lib/gcc/arm-none-eabi/4.7.4/armv6-m\libgcc.a(_dvmd_tls.o)
                              c:/program files (x86)/emide/emide v2.20/arm/bin/../lib/gcc/arm-none-eabi/4.7.4/armv6-m\libgcc.a(_udivsi3.o) (__aeabi_idiv0)
c:/program files (x86)/emide/emide v2.20/arm/bin/../lib/gcc/arm-none-eabi/4.7.4/armv6-m\libgcc.a(_aeabi_uldivmod.o)
                              obj\Debug\Src\display.o (__aeabi_uldivmod)
c:/program files (x86)/emide/emide v2.20/arm/bin/../lib/gcc/arm-none-eabi/4.7.4/armv6-m\libgcc.a(_muldi3.o)
                              obj\Debug\Src\display.o (__aeabi_lmul)
c:/program files (x86)/emide/emide v2.20/arm/bin/../lib/gcc/arm-none-eabi/4.7.4/armv6-m\libgcc.a(bpabi.o)
                              c:/program files (x86)/emide/emide v2.20/arm/bin/../lib/gcc/arm-none-eabi/4.7.4/armv6-m\libgcc.a(_aeabi_uldivmod.o) (__gnu_uldivmod_helper)
c:/program files (x86)/emide/emide v2.20/arm/bin/../lib/gcc/arm-none-eabi/4.7.4/armv6-m\libgcc.a(_divdi3.o)
                              c:/program files (x86)/emide/emide v2.20/arm/bin/../lib/gcc/arm-none-eabi/4.7.4/armv6-m\libgcc.a(bpabi.o) (__divdi3)
c:/program files (x86)/emide/emide v2.20/arm/bin/../lib/gcc/arm-none-eabi/4.7.4/armv6-m\libgcc.a(_udivdi3.o)
                              c:/program files (x86)/emide/emide v2.20/arm/bin/../lib/gcc/arm-none-eabi/4.7.4/armv6-m\libgcc.a(bpabi.o) (__udivdi3)
c:/program files (x86)/emide/emide v2.20/arm/bin/../lib/gcc/arm-none-eabi/4.7.4/armv6-m\libgcc.a(_clzsi2.o)
                              c:/program files (x86)/emide/emide v2.20/arm/bin/../lib/gcc/arm-none-eabi/4.7.4/armv6-m\libgcc.a(_divdi3.o) (__clzsi2)
c:/program files (x86)/emide/emide v2.20/arm/bin/../lib/gcc/arm-none-eabi/4.7.4/../../../../arm-none-eabi/lib/armv6-m\libc.a(lib_a-__atexit.o)
                              c:/program files (x86)/emide/emide v2.20/arm/bin/../lib/gcc/arm-none-eabi/4.7.4/../../../../arm-none-eabi/lib/armv6-m/crt0.o (__register_exitproc)
c:/program files (x86)/emide/emide v2.20/arm/bin/../lib/gcc/arm-none-eabi/4.7.4/../../../../arm-none-eabi/lib/armv6-m\libc.a(lib_a-errno.o)
                              obj\Debug\Src\syscalls.o (__errno)
c:/program files (x86)/emide/emide v2.20/arm/bin/../lib/gcc/arm-none-eabi/4.7.4/../../../../arm-none-eabi/lib/armv6-m\libc.a(lib_a-exit.o)
                              c:/program files (x86)/emide/emide v2.20/arm/bin/../lib/gcc/arm-none-eabi/4.7.4/../../../../arm-none-eabi/lib/armv6-m/crt0.o (exit)
c:/program files (x86)/emide/emide v2.20/arm/bin/../lib/gcc/arm-none-eabi/4.7.4/../../../../arm-none-eabi/lib/armv6-m\libc.a(lib_a-fflush.o)
                              obj\Debug\Src\main.o (fflush)
c:/program files (x86)/emide/emide v2.20/arm/bin/../lib/gcc/arm-none-eabi/4.7.4/../../../../arm-none-eabi/lib/armv6-m\libc.a(lib_a-findfp.o)
                              c:/program files (x86)/emide/emide v2.20/arm/bin/../lib/gcc/arm-none-eabi/4.7.4/../../../../arm-none-eabi/lib/armv6-m\libc.a(lib_a-fflush.o) (__sinit)
c:/program files (x86)/emide/emide v2.20/arm/bin/../lib/gcc/arm-none-eabi/4.7.4/../../../../arm-none-eabi/lib/armv6-m\libc.a(lib_a-fini.o)
                              c:/program files (x86)/emide/emide v2.20/arm/bin/../lib/gcc/arm-none-eabi/4.7.4/../../../../arm-none-eabi/lib/armv6-m/crt0.o (__libc_fini_array)
c:/program files (x86)/emide/emide v2.20/arm/bin/../lib/gcc/arm-none-eabi/4.7.4/../../../../arm-none-eabi/lib/armv6-m\libc.a(lib_a-freer.o)
                              c:/program files (x86)/emide/emide v2.20/arm/bin/../lib/gcc/arm-none-eabi/4.7.4/../../../../arm-none-eabi/lib/armv6-m\libc.a(lib_a-fflush.o) (_free_r)
c:/program files (x86)/emide/emide v2.20/arm/bin/../lib/gcc/arm-none-eabi/4.7.4/../../../../arm-none-eabi/lib/armv6-m\libc.a(lib_a-fwalk.o)
                              c:/program files (x86)/emide/emide v2.20/arm/bin/../lib/gcc/arm-none-eabi/4.7.4/../../../../arm-none-eabi/lib/armv6-m\libc.a(lib_a-findfp.o) (_fwalk)
c:/program files (x86)/emide/emide v2.20/arm/bin/../lib/gcc/arm-none-eabi/4.7.4/../../../../arm-none-eabi/lib/armv6-m\libc.a(lib_a-impure.o)
                              c:/program files (x86)/emide/emide v2.20/arm/bin/../lib/gcc/arm-none-eabi/4.7.4/../../../../arm-none-eabi/lib/armv6-m\libc.a(lib_a-__atexit.o) (_global_impure_ptr)
c:/program files (x86)/emide/emide v2.20/arm/bin/../lib/gcc/arm-none-eabi/4.7.4/../../../../arm-none-eabi/lib/armv6-m\libc.a(lib_a-init.o)
                              c:/program files (x86)/emide/emide v2.20/arm/bin/../lib/gcc/arm-none-eabi/4.7.4/../../../../arm-none-eabi/lib/armv6-m/crt0.o (__libc_init_array)
[...]
Memory Configuration

Name             Origin             Length             Attributes
FLASH            0x08000000         0x00020000         xr
RAM              0x20000000         0x00004000         xrw
MEMORY_B1        0x60000000         0x00000000         xr
*default*        0x00000000         0xffffffff

Linker script and memory map

LOAD c:/program files (x86)/emide/emide v2.20/arm/bin/../lib/gcc/arm-none-eabi/4.7.4/armv6-m/crti.o
LOAD c:/program files (x86)/emide/emide v2.20/arm/bin/../lib/gcc/arm-none-eabi/4.7.4/armv6-m/crtbegin.o
LOAD c:/program files (x86)/emide/emide v2.20/arm/bin/../lib/gcc/arm-none-eabi/4.7.4/../../../../arm-none-eabi/lib/armv6-m/crt0.o
LOAD obj\Debug\Libraries\STM32F0xx_StdPeriph_Driver\src\stm32f0xx_adc.o
LOAD obj\Debug\Libraries\STM32F0xx_StdPeriph_Driver\src\stm32f0xx_can.o
LOAD obj\Debug\Libraries\STM32F0xx_StdPeriph_Driver\src\stm32f0xx_cec.o
LOAD obj\Debug\Libraries\STM32F0xx_StdPeriph_Driver\src\stm32f0xx_comp.o
LOAD obj\Debug\Libraries\STM32F0xx_StdPeriph_Driver\src\stm32f0xx_crc.o
LOAD obj\Debug\Libraries\STM32F0xx_StdPeriph_Driver\src\stm32f0xx_crs.o
LOAD obj\Debug\Libraries\STM32F0xx_StdPeriph_Driver\src\stm32f0xx_dac.o
LOAD obj\Debug\Libraries\STM32F0xx_StdPeriph_Driver\src\stm32f0xx_dbgmcu.o
LOAD obj\Debug\Libraries\STM32F0xx_StdPeriph_Driver\src\stm32f0xx_dma.o
LOAD obj\Debug\Libraries\STM32F0xx_StdPeriph_Driver\src\stm32f0xx_exti.o
LOAD obj\Debug\Libraries\STM32F0xx_StdPeriph_Driver\src\stm32f0xx_flash.o
LOAD obj\Debug\Libraries\STM32F0xx_StdPeriph_Driver\src\stm32f0xx_gpio.o
LOAD obj\Debug\Libraries\STM32F0xx_StdPeriph_Driver\src\stm32f0xx_i2c.o
LOAD obj\Debug\Libraries\STM32F0xx_StdPeriph_Driver\src\stm32f0xx_iwdg.o
LOAD obj\Debug\Libraries\STM32F0xx_StdPeriph_Driver\src\stm32f0xx_misc.o
LOAD obj\Debug\Libraries\STM32F0xx_StdPeriph_Driver\src\stm32f0xx_pwr.o
LOAD obj\Debug\Libraries\STM32F0xx_StdPeriph_Driver\src\stm32f0xx_rcc.o
LOAD obj\Debug\Libraries\STM32F0xx_StdPeriph_Driver\src\stm32f0xx_rtc.o
LOAD obj\Debug\Libraries\STM32F0xx_StdPeriph_Driver\src\stm32f0xx_spi.o
LOAD obj\Debug\Libraries\STM32F0xx_StdPeriph_Driver\src\stm32f0xx_syscfg.o
LOAD obj\Debug\Libraries\STM32F0xx_StdPeriph_Driver\src\stm32f0xx_tim.o
LOAD obj\Debug\Libraries\STM32F0xx_StdPeriph_Driver\src\stm32f0xx_usart.o
LOAD obj\Debug\Libraries\STM32F0xx_StdPeriph_Driver\src\stm32f0xx_wwdg.o
LOAD obj\Debug\Setup\startup.o
LOAD obj\Debug\Src\clock.o
LOAD obj\Debug\Src\display.o
LOAD obj\Debug\Src\graphlib.o
LOAD obj\Debug\Src\i2c.o
LOAD obj\Debug\Src\main.o
LOAD obj\Debug\Src\stm32f0xx_it.o
LOAD obj\Debug\Src\syscalls.o
LOAD obj\Debug\Src\system_stm32f0xx.o
START GROUP
LOAD c:/program files (x86)/emide/emide v2.20/arm/bin/../lib/gcc/arm-none-eabi/4.7.4/armv6-m\libgcc.a
LOAD c:/program files (x86)/emide/emide v2.20/arm/bin/../lib/gcc/arm-none-eabi/4.7.4/../../../../arm-none-eabi/lib/armv6-m\libc.a
END GROUP
LOAD c:/program files (x86)/emide/emide v2.20/arm/bin/../lib/gcc/arm-none-eabi/4.7.4/armv6-m/crtend.o
LOAD c:/program files (x86)/emide/emide v2.20/arm/bin/../lib/gcc/arm-none-eabi/4.7.4/armv6-m/crtn.o
                0x20004000                _estack = 0x20004000
                0x00000800                _Min_Heap_Size = 0x800
                0x00000080                _Min_Stack_Size = 0x80

.isr_vector     0x08000000       0xc4
                0x08000000                . = ALIGN (0x4)
 *(.isr_vector)
 .isr_vector    0x08000000       0xc4 obj\Debug\Setup\startup.o
                0x08000000                g_pfnVectors
                0x080000c4                . = ALIGN (0x4)

.text           0x080000c8    0x12428
                0x080000c8                . = ALIGN (0x4)
 *(.text)
 .text          0x080000c8       0x60 c:/program files (x86)/emide/emide v2.20/arm/bin/../lib/gcc/arm-none-eabi/4.7.4/armv6-m/crtbegin.o
 .text          0x08000128      0x47c obj\Debug\Libraries\STM32F0xx_StdPeriph_Driver\src\stm32f0xx_gpio.o
                0x08000128                GPIO_DeInit
                0x08000218                GPIO_Init
                0x08000350                GPIO_StructInit
                0x08000380                GPIO_PinLockConfig
                0x080003c4                GPIO_ReadInputDataBit
                0x0800040c                GPIO_ReadInputData
                0x08000424                GPIO_ReadOutputDataBit
                0x0800046c                GPIO_ReadOutputData
                0x08000484                GPIO_SetBits
                0x080004a0                GPIO_ResetBits
                0x080004bc                GPIO_WriteBit
                0x080004ec                GPIO_Write
                0x08000508                GPIO_PinAFConfig
 .text          0x080005a4      0xa44 obj\Debug\Libraries\STM32F0xx_StdPeriph_Driver\src\stm32f0xx_i2c.o
                0x080005a4                I2C_DeInit
                0x080005f0                I2C_Init
                0x080006c0                I2C_StructInit
                0x080006fc                I2C_Cmd
                0x08000738                I2C_SoftwareResetCmd
                0x08000774                I2C_ITConfig
                0x080007ac                I2C_StretchClockCmd
                0x080007e8                I2C_StopModeCmd
                0x08000824                I2C_DualAddressCmd
                0x08000860                I2C_OwnAddress2Config
                0x080008b0                I2C_GeneralCallCmd
                0x080008ec                I2C_SlaveByteControlCmd
                0x08000928                I2C_SlaveAddressConfig
                0x08000964                I2C_10BitAddressingModeCmd
                0x080009a0                I2C_AutoEndCmd
                0x080009dc                I2C_ReloadCmd
                0x08000a18                I2C_NumberOfBytesConfig
                0x08000a5c                I2C_MasterRequestConfig
                0x08000a98                I2C_GenerateSTART
                0x08000ad4                I2C_GenerateSTOP
                0x08000b10                I2C_10BitAddressHeaderCmd
                0x08000b4c                I2C_AcknowledgeConfig
                0x08000b88                I2C_GetAddressMatched
                0x08000ba8                I2C_GetTransferDirection
                0x08000bf0                I2C_TransferHandling
                0x08000c50                I2C_SMBusAlertCmd
                0x08000c8c                I2C_ClockTimeoutCmd
                0x08000cc8                I2C_ExtendedClockTimeoutCmd
                0x08000d00                I2C_IdleClockTimeoutCmd
                0x08000d3c                I2C_TimeoutAConfig
                0x08000d78                I2C_TimeoutBConfig
                0x08000dbc                I2C_CalculatePEC
                0x08000df8                I2C_PECRequestCmd
                0x08000e34                I2C_GetPEC
                0x08000e4c                I2C_ReadRegister
                0x08000e78                I2C_SendData
                0x08000e94                I2C_ReceiveData
                0x08000eac                I2C_DMACmd
                0x08000ee4                I2C_GetFlagStatus
                0x08000f30                I2C_ClearFlag
                0x08000f48                I2C_GetITStatus
                0x08000fd0                I2C_ClearITPendingBit
 .text          0x08000fe8      0x124 obj\Debug\Libraries\STM32F0xx_StdPeriph_Driver\src\stm32f0xx_misc.o
                0x08000fe8                NVIC_Init
                0x08001094                NVIC_SystemLPConfig
                0x080010d8                SysTick_CLKSourceConfig
 .text          0x0800110c      0x234 obj\Debug\Libraries\STM32F0xx_StdPeriph_Driver\src\stm32f0xx_pwr.o
                0x0800110c                PWR_DeInit
                0x0800112c                PWR_BackupAccessCmd
                0x0800116c                PWR_PVDLevelConfig
                0x080011a0                PWR_PVDCmd
                0x080011d8                PWR_WakeUpPinCmd
                0x08001214                PWR_EnterSleepMode
                0x08001244                PWR_EnterSTOPMode
                0x080012a8                PWR_EnterSTANDBYMode
                0x080012e0                PWR_GetFlagStatus
                0x08001320                PWR_ClearFlag
 .text          0x08001340      0xbd8 obj\Debug\Libraries\STM32F0xx_StdPeriph_Driver\src\stm32f0xx_rcc.o
                0x08001340                RCC_DeInit
                0x080013c8                RCC_HSEConfig
                0x080013ec                RCC_WaitForHSEStartUp
                0x0800144c                RCC_AdjustHSICalibrationValue
                0x08001488                RCC_HSICmd
                0x080014c0                RCC_AdjustHSI14CalibrationValue
                0x080014fc                RCC_HSI14Cmd
                0x08001534                RCC_HSI14ADCRequestCmd
                0x0800156c                RCC_LSEConfig
                0x080015a4                RCC_LSEDriveConfig
                0x080015d0                RCC_LSICmd
                0x08001608                RCC_PLLConfig
                0x0800163c                RCC_PLLCmd
                0x0800167c                RCC_HSI48Cmd
                0x080016bc                RCC_PREDIV1Config
                0x080016f0                RCC_ClockSecuritySystemCmd
                0x08001730                RCC_MCOConfig
                0x08001774                RCC_SYSCLKConfig
                0x080017a8                RCC_GetSYSCLKSource
                0x080017c4                RCC_HCLKConfig
                0x080017f8                RCC_PCLKConfig
                0x08001830                RCC_ADCCLKConfig
                0x08001880                RCC_CECCLKConfig
                0x080018ac                RCC_I2CCLKConfig
                0x080018d8                RCC_USARTCLKConfig
                0x08001924                RCC_USBCLKConfig
                0x08001950                RCC_GetClocksFreq
                0x08001bb0                RCC_RTCCLKConfig
                0x08001bd0                RCC_RTCCLKCmd
                0x08001c10                RCC_BackupResetCmd
                0x08001c50                RCC_AHBPeriphClockCmd
                0x08001c8c                RCC_APB2PeriphClockCmd
                0x08001cc8                RCC_APB1PeriphClockCmd
                0x08001d04                RCC_AHBPeriphResetCmd
                0x08001d40                RCC_APB2PeriphResetCmd
                0x08001d7c                RCC_APB1PeriphResetCmd
                0x08001db8                RCC_ITConfig
                0x08001e08                RCC_GetFlagStatus
                0x08001e98                RCC_ClearFlag
                0x08001eb4                RCC_GetITStatus
                0x08001ef8                RCC_ClearITPendingBit
 .text          0x08001f18     0x1474 obj\Debug\Libraries\STM32F0xx_StdPeriph_Driver\src\stm32f0xx_rtc.o
                0x08001f18                RTC_DeInit
                0x08001fc8                RTC_Init
                0x08002050                RTC_StructInit
                0x08002070                RTC_WriteProtectionCmd
                0x080020a4                RTC_EnterInitMode
                0x08002124                RTC_ExitInitMode
                0x0800213c                RTC_WaitForSynchro
                0x080021d4                RTC_RefClockCmd
                0x08002250                RTC_BypassShadowCmd
                0x0800229c                RTC_SetTime
                0x080023c4                RTC_TimeStructInit
                0x080023ec                RTC_GetTime
                0x0800248c                RTC_GetSubSecond
                0x080024b0                RTC_SetDate
                0x080025e4                RTC_DateStructInit
                0x0800260c                RTC_GetDate
                0x080026b4                RTC_SetAlarm
                0x080027d8                RTC_AlarmStructInit
                0x08002810                RTC_GetAlarm
                0x080028e8                RTC_AlarmCmd
                0x08002998                RTC_AlarmSubSecondConfig
                0x080029d8                RTC_GetAlarmSubSecond
                0x080029fc                RTC_WakeUpClockConfig
                0x08002a38                RTC_SetWakeUpCounter
                0x08002a64                RTC_GetWakeUpCounter
                0x08002a7c                RTC_WakeUpCmd
                0x08002b28                RTC_DayLightSavingConfig
                0x08002b70                RTC_GetStoreOperation
                0x08002b88                RTC_OutputConfig
                0x08002bd0                RTC_CalibOutputCmd
                0x08002c20                RTC_CalibOutputConfig
                0x08002c60                RTC_SmoothCalibConfig
                0x08002cf4                RTC_TimeStampCmd
                0x08002d58                RTC_GetTimeStamp
                0x08002e78                RTC_GetTimeStampSubSecond
                0x08002e8c                RTC_TamperTriggerConfig
                0x08002ec8                RTC_TamperCmd
                0x08002f04                RTC_TamperFilterConfig
                0x08002f34                RTC_TamperSamplingFreqConfig
                0x08002f64                RTC_TamperPinsPrechargeDuration
                0x08002f94                RTC_TimeStampOnTamperDetectionCmd
                0x08002fcc                RTC_TamperPullUpCmd
                0x0800300c                RTC_WriteBackupRegister
                0x08003038                RTC_ReadBackupRegister
                0x08003064                RTC_OutputTypeConfig
                0x08003094                RTC_SynchroShiftConfig
                0x08003144                RTC_ITConfig
                0x080031bc                RTC_GetFlagStatus
                0x0800320c                RTC_ClearFlag
                0x0800323c                RTC_GetITStatus
                0x080032bc                RTC_ClearITPendingBit
 .text          0x0800338c      0xc84 obj\Debug\Libraries\STM32F0xx_StdPeriph_Driver\src\stm32f0xx_usart.o
                0x0800338c                USART_DeInit
                0x08003430                USART_Init
                0x080035a4                USART_StructInit
                0x080035d8                USART_ClockInit
                0x08003620                USART_ClockStructInit
                0x08003648                USART_Cmd
                0x08003684                USART_DirectionModeCmd
                0x080036bc                USART_OverSampling8Cmd
                0x080036f8                USART_OneBitMethodCmd
                0x08003734                USART_MSBFirstCmd
                0x08003770                USART_DataInvCmd
                0x080037ac                USART_InvPinCmd
                0x080037e4                USART_SWAPPinCmd
                0x08003820                USART_ReceiverTimeOutCmd
                0x0800385c                USART_SetReceiverTimeOut
                0x08003884                USART_SetPrescaler
                0x080038bc                USART_STOPModeCmd
                0x080038f8                USART_StopModeWakeUpSourceConfig
                0x08003924                USART_AutoBaudRateCmd
                0x08003960                USART_AutoBaudRateConfig
                0x0800398c                USART_SendData
                0x080039b0                USART_ReceiveData
                0x080039cc                USART_SetAddress
                0x080039fc                USART_MuteModeCmd
                0x08003a38                USART_MuteModeWakeUpConfig
                0x08003a64                USART_AddressDetectionConfig
                0x08003a90                USART_LINBreakDetectLengthConfig
                0x08003abc                USART_LINCmd
                0x08003af8                USART_HalfDuplexCmd
                0x08003b34                USART_SetGuardTime
                0x08003b70                USART_SmartCardCmd
                0x08003bac                USART_SmartCardNACKCmd
                0x08003be8                USART_SetAutoRetryCount
                0x08003c1c                USART_SetBlockLength
                0x08003c4c                USART_IrDAConfig
                0x08003c78                USART_IrDACmd
                0x08003cb4                USART_DECmd
                0x08003cf0                USART_DEPolarityConfig
                0x08003d1c                USART_SetDEAssertionTime
                0x08003d4c                USART_SetDEDeassertionTime
                0x08003d7c                USART_DMACmd
                0x08003db4                USART_DMAReceptionErrorConfig
                0x08003de0                USART_ITConfig
                0x08003e64                USART_RequestCmd
                0x08003eac                USART_OverrunDetectionConfig
                0x08003ed8                USART_GetFlagStatus
                0x08003f14                USART_ClearFlag
                0x08003f2c                USART_GetITStatus
                0x08003fe0                USART_ClearITPendingBit
 .text          0x08004010       0xfc obj\Debug\Src\clock.o
                0x08004010                CheckClock
                0x08004024                ReadClkA
                0x08004040                ReadClkB
                0x0800405c                ReadClkC
                0x08004078                InitClockHW
 *fill*         0x0800410c        0x4 00
 .text          0x08004110      0x540 obj\Debug\Src\display.o
                0x08004110                BitTimer
                0x08004130                ResetTimer
                0x08004154                PutGraphic
                0x08004374                ResetDisplay
                0x080043a0                InitDisplay
                0x080043fc                SetDispIntensity
                0x08004424                eWriteDispData
                0x08004478                UpdateFromFB
                0x0800448c                ClearFB
                0x080044a4                ClearDisplay
                0x080044c8                OverWriteDisplay
                0x080044f4                NextLine
                0x08004520                PrintToDisplay
                0x08004580                WriteByteDisplay
                0x080045f8                SetXY
                0x08004628                GetX
                0x0800463c                GetY
 .text          0x08004650      0x164 obj\Debug\Src\graphlib.o
                0x08004650                OutChar
                0x08004778                OutString
 .text          0x080047b4       0xac obj\Debug\Src\i2c.o
                0x080047b4                InitI2C
 .text          0x08004860      0x568 obj\Debug\Src\main.o
                0x0800498c                Delay
                0x080049b0                GeneralDelay
                0x080049cc                SysTick_Handler
                0x08004a08                USART1_IRQHandler
                0x08004a58                TestI2C
                0x08004abc                main
 .text          0x08004dc8       0x20 obj\Debug\Src\stm32f0xx_it.o
                0x08004dc8                NMI_Handler
                0x08004dd0                HardFault_Handler
                0x08004dd8                SVC_Handler
                0x08004de0                PendSV_Handler
 .text          0x08004de8      0x168 obj\Debug\Src\syscalls.o
                0x08004de8                _kill
                0x08004e08                _exit
                0x08004e20                _read
                0x08004e4c                _write
                0x08004ea0                _sbrk_r
                0x08004ef4                _close
                0x08004f08                _isatty
                0x08004f1c                _lseek
                0x08004f34                _fstat
 .text          0x08004f50      0x23c obj\Debug\Src\system_stm32f0xx.o
                0x08004f50                SystemInit
                0x08004fdc                SystemCoreClockUpdate
 .text          0x0800518c       0x9c c:/program files (x86)/emide/emide v2.20/arm/bin/../lib/gcc/arm-none-eabi/4.7.4/armv6-m\libgcc.a(_udivsi3.o)
                0x0800518c                __aeabi_uidiv
                0x0800518c                __udivsi3
                0x08005214                __aeabi_uidivmod
 .text          0x08005228        0x4 c:/program files (x86)/emide/emide v2.20/arm/bin/../lib/gcc/arm-none-eabi/4.7.4/armv6-m\libgcc.a(_dvmd_tls.o)
                0x08005228                __aeabi_idiv0
                0x08005228                __aeabi_ldiv0
 .text          0x0800522c       0x40 c:/program files (x86)/emide/emide v2.20/arm/bin/../lib/gcc/arm-none-eabi/4.7.4/armv6-m\libgcc.a(_aeabi_uldivmod.o)
                0x0800522c                __aeabi_uldivmod
 .text          0x0800526c       0x44 c:/program files (x86)/emide/emide v2.20/arm/bin/../lib/gcc/arm-none-eabi/4.7.4/armv6-m\libgcc.a(_muldi3.o)
                0x0800526c                __muldi3
                0x0800526c                __aeabi_lmul
 .text          0x080052b0       0x74 c:/program files (x86)/emide/emide v2.20/arm/bin/../lib/gcc/arm-none-eabi/4.7.4/armv6-m\libgcc.a(bpabi.o)
                0x080052b0                __gnu_ldivmod_helper
                0x080052ec                __gnu_uldivmod_helper
 .text          0x08005324      0x3d0 c:/program files (x86)/emide/emide v2.20/arm/bin/../lib/gcc/arm-none-eabi/4.7.4/armv6-m\libgcc.a(_divdi3.o)
                0x08005324                __divdi3
 .text          0x080056f4      0x38c c:/program files (x86)/emide/emide v2.20/arm/bin/../lib/gcc/arm-none-eabi/4.7.4/armv6-m\libgcc.a(_udivdi3.o)
                0x080056f4                __udivdi3
 .text          0x08005a80       0x3c c:/program files (x86)/emide/emide v2.20/arm/bin/../lib/gcc/arm-none-eabi/4.7.4/armv6-m\libgcc.a(_clzsi2.o)
                0x08005a80                __clzsi2
 .text          0x08005abc       0xc0 c:/program files (x86)/emide/emide v2.20/arm/bin/../lib/gcc/arm-none-eabi/4.7.4/armv6-m\libgcc.a(_divsi3.o)
                0x08005abc                __divsi3
                0x08005abc                __aeabi_idiv
                0x08005b68                __aeabi_idivmod
 .text          0x08005b7c       0x7c c:/program files (x86)/emide/emide v2.20/arm/bin/../lib/gcc/arm-none-eabi/4.7.4/armv6-m\libgcc.a(_arm_cmpdf2.o)
                0x08005b7c                __aeabi_cdrcmple
                0x08005b8c                __aeabi_cdcmple
                0x08005b8c                __aeabi_cdcmpeq
                0x08005b9c                __aeabi_dcmpeq
                0x08005ba8                __aeabi_dcmplt
                0x08005bbc                __aeabi_dcmple
                0x08005bd0                __aeabi_dcmpgt
                0x08005be4                __aeabi_dcmpge
 .text          0x08005bf8      0x760 c:/program files (x86)/emide/emide v2.20/arm/bin/../lib/gcc/arm-none-eabi/4.7.4/armv6-m\libgcc.a(adddf3.o)
                0x08005bf8                __aeabi_dadd
 .text          0x08006358      0x5b8 c:/program files (x86)/emide/emide v2.20/arm/bin/../lib/gcc/arm-none-eabi/4.7.4/armv6-m\libgcc.a(divdf3.o)
                0x08006358                __aeabi_ddiv
 .text          0x08006910       0x7c c:/program files (x86)/emide/emide v2.20/arm/bin/../lib/gcc/arm-none-eabi/4.7.4/armv6-m\libgcc.a(eqdf2.o)
                0x08006910                __nedf2
                0x08006910                __eqdf2
 .text          0x0800698c       0xe8 c:/program files (x86)/emide/emide v2.20/arm/bin/../lib/gcc/arm-none-eabi/4.7.4/armv6-m\libgcc.a(gedf2.o)
                0x0800698c                __gedf2
                0x0800698c                __gtdf2
 .text          0x08006a74       0xd8 c:/program files (x86)/emide/emide v2.20/arm/bin/../lib/gcc/arm-none-eabi/4.7.4/armv6-m\libgcc.a(ledf2.o)
                0x08006a74                __ledf2
                0x08006a74                __ltdf2
 .text          0x08006b4c      0x4e4 c:/program files (x86)/emide/emide v2.20/arm/bin/../lib/gcc/arm-none-eabi/4.7.4/armv6-m\libgcc.a(muldf3.o)
                0x08006b4c                __aeabi_dmul
 .text          0x08007030      0x704 c:/program files (x86)/emide/emide v2.20/arm/bin/../lib/gcc/arm-none-eabi/4.7.4/armv6-m\libgcc.a(subdf3.o)
                0x08007030                __aeabi_dsub
 .text          0x08007734       0x68 c:/program files (x86)/emide/emide v2.20/arm/bin/../lib/gcc/arm-none-eabi/4.7.4/armv6-m\libgcc.a(fixdfsi.o)
                0x08007734                __aeabi_d2iz
 .text          0x0800779c       0x74 c:/program files (x86)/emide/emide v2.20/arm/bin/../lib/gcc/arm-none-eabi/4.7.4/armv6-m\libgcc.a(floatsidf.o)
                0x0800779c                __aeabi_i2d
 .text          0x08007810       0x64 c:/program files (x86)/emide/emide v2.20/arm/bin/../lib/gcc/arm-none-eabi/4.7.4/armv6-m\libgcc.a(floatunsidf.o)
                0x08007810                __aeabi_ui2d
 *(.text*)
 .text.Reset_Handler
                0x08007874       0x50 obj\Debug\Setup\startup.o
                0x08007874                Reset_Handler
 .text.Default_Handler
                0x080078c4        0x2 obj\Debug\Setup\startup.o
                0x080078c4                TIM1_CC_IRQHandler
                0x080078c4                ADC1_COMP_IRQHandler
                0x080078c4                PVD_IRQHandler
                0x080078c4                I2C1_IRQHandler
                0x080078c4                SPI1_IRQHandler
                0x080078c4                TIM6_DAC_IRQHandler
                0x080078c4                EXTI2_3_IRQHandler
                0x080078c4                I2C2_IRQHandler
                0x080078c4                TIM17_IRQHandler
                0x080078c4                RTC_IRQHandler
                0x080078c4                TIM16_IRQHandler
                0x080078c4                TIM3_IRQHandler
                0x080078c4                EXTI4_15_IRQHandler
                0x080078c4                RCC_IRQHandler
                0x080078c4                DMA1_Channel1_IRQHandler
                0x080078c4                Default_Handler
                0x080078c4                CEC_IRQHandler
                0x080078c4                TIM14_IRQHandler
                0x080078c4                DMA1_Channel4_5_IRQHandler
                0x080078c4                TIM15_IRQHandler
                0x080078c4                EXTI0_1_IRQHandler
                0x080078c4                SPI2_IRQHandler
                0x080078c4                TS_IRQHandler
                0x080078c4                WWDG_IRQHandler
                0x080078c4                TIM2_IRQHandler
                0x080078c4                DMA1_Channel2_3_IRQHandler
                0x080078c4                USART2_IRQHandler
                0x080078c4                FLASH_IRQHandler
                0x080078c4                TIM1_BRK_UP_TRG_COM_IRQHandler
 *fill*         0x080078c6        0x2 00
 .text.__register_exitproc
                0x080078c8       0xc4 c:/program files (x86)/emide/emide v2.20/arm/bin/../lib/gcc/arm-none-eabi/4.7.4/../../../../arm-none-eabi/lib/armv6-m\libc.a(lib_a-__atexit.o)
                0x080078c8                __register_exitproc
 .text.__errno  0x0800798c        0xc c:/program files (x86)/emide/emide v2.20/arm/bin/../lib/gcc/arm-none-eabi/4.7.4/../../../../arm-none-eabi/lib/armv6-m\libc.a(lib_a-errno.o)
                0x0800798c                __errno
 .text._fflush_r
                0x08007998      0x15c c:/program files (x86)/emide/emide v2.20/arm/bin/../lib/gcc/arm-none-eabi/4.7.4/../../../../arm-none-eabi/lib/armv6-m\libc.a(lib_a-fflush.o)
                0x08007998                _fflush_r
 .text.fflush   0x08007af4       0x28 c:/program files (x86)/emide/emide v2.20/arm/bin/../lib/gcc/arm-none-eabi/4.7.4/../../../../arm-none-eabi/lib/armv6-m\libc.a(lib_a-fflush.o)
                0x08007af4                fflush
 .text._cleanup_r
                0x08007b1c       0x10 c:/program files (x86)/emide/emide v2.20/arm/bin/../lib/gcc/arm-none-eabi/4.7.4/../../../../arm-none-eabi/lib/armv6-m\libc.a(lib_a-findfp.o)
                0x08007b1c                _cleanup_r
 .text.std.isra.0
                0x08007b2c       0x48 c:/program files (x86)/emide/emide v2.20/arm/bin/../lib/gcc/arm-none-eabi/4.7.4/../../../../arm-none-eabi/lib/armv6-m\libc.a(lib_a-findfp.o)
 .text.__sinit  0x08007b74       0x50 c:/program files (x86)/emide/emide v2.20/arm/bin/../lib/gcc/arm-none-eabi/4.7.4/../../../../arm-none-eabi/lib/armv6-m\libc.a(lib_a-findfp.o)
                0x08007b74                __sinit
 .text.__sfp_lock_acquire
                0x08007bc4        0x4 c:/program files (x86)/emide/emide v2.20/arm/bin/../lib/gcc/arm-none-eabi/4.7.4/../../../../arm-none-eabi/lib/armv6-m\libc.a(lib_a-findfp.o)
                0x08007bc4                __sfp_lock_acquire
 .text.__sfp_lock_release
                0x08007bc8        0x4 c:/program files (x86)/emide/emide v2.20/arm/bin/../lib/gcc/arm-none-eabi/4.7.4/../../../../arm-none-eabi/lib/armv6-m\libc.a(lib_a-findfp.o)
                0x08007bc8                __sfp_lock_release
 .text.__libc_fini_array
                0x08007bcc       0x60 c:/program files (x86)/emide/emide v2.20/arm/bin/../lib/gcc/arm-none-eabi/4.7.4/../../../../arm-none-eabi/lib/armv6-m\libc.a(lib_a-fini.o)
                0x08007bcc                __libc_fini_array
 .text._malloc_trim_r
                0x08007c2c       0xa0 c:/program files (x86)/emide/emide v2.20/arm/bin/../lib/gcc/arm-none-eabi/4.7.4/../../../../arm-none-eabi/lib/armv6-m\libc.a(lib_a-freer.o)
                0x08007c2c                _malloc_trim_r
 .text._free_r  0x08007ccc      0x190 c:/program files (x86)/emide/emide v2.20/arm/bin/../lib/gcc/arm-none-eabi/4.7.4/../../../../arm-none-eabi/lib/armv6-m\libc.a(lib_a-freer.o)
                0x08007ccc                _free_r
 .text._fwalk   0x08007e5c       0xd8 c:/program files (x86)/emide/emide v2.20/arm/bin/../lib/gcc/arm-none-eabi/4.7.4/../../../../arm-none-eabi/lib/armv6-m\libc.a(lib_a-fwalk.o)
                0x08007e5c                _fwalk
 .text._fwalk_reent
                0x08007f34       0xe4 c:/program files (x86)/emide/emide v2.20/arm/bin/../lib/gcc/arm-none-eabi/4.7.4/../../../../arm-none-eabi/lib/armv6-m\libc.a(lib_a-fwalk.o)
                0x08007f34                _fwalk_reent
 .text.__libc_init_array
                0x08008018       0x90 c:/program files (x86)/emide/emide v2.20/arm/bin/../lib/gcc/arm-none-eabi/4.7.4/../../../../arm-none-eabi/lib/armv6-m\libc.a(lib_a-init.o)
                0x08008018                __libc_init_array
 .text._malloc_r
                0x080080a8      0x514 c:/program files (x86)/emide/emide v2.20/arm/bin/../lib/gcc/arm-none-eabi/4.7.4/../../../../arm-none-eabi/lib/armv6-m\libc.a(lib_a-mallocr.o)
                0x080080a8                _malloc_r
 .text.memset   0x080085bc      0x118 c:/program files (x86)/emide/emide v2.20/arm/bin/../lib/gcc/arm-none-eabi/4.7.4/../../../../arm-none-eabi/lib/armv6-m\libc.a(lib_a-memset.o)
                0x080085bc                memset
 .text.__malloc_lock
                0x080086d4        0x4 c:/program files (x86)/emide/emide v2.20/arm/bin/../lib/gcc/arm-none-eabi/4.7.4/../../../../arm-none-eabi/lib/armv6-m\libc.a(lib_a-mlock.o)
                0x080086d4                __malloc_lock
 .text.__malloc_unlock
                0x080086d8        0x4 c:/program files (x86)/emide/emide v2.20/arm/bin/../lib/gcc/arm-none-eabi/4.7.4/../../../../arm-none-eabi/lib/armv6-m\libc.a(lib_a-mlock.o)
                0x080086d8                __malloc_unlock
 .text.printf   0x080086dc       0x24 c:/program files (x86)/emide/emide v2.20/arm/bin/../lib/gcc/arm-none-eabi/4.7.4/../../../../arm-none-eabi/lib/armv6-m\libc.a(lib_a-printf.o)
                0x080086dc                printf
 .text._puts_r  0x08008700       0x68 c:/program files (x86)/emide/emide v2.20/arm/bin/../lib/gcc/arm-none-eabi/4.7.4/../../../../arm-none-eabi/lib/armv6-m\libc.a(lib_a-puts.o)
                0x08008700                _puts_r
 .text.puts     0x08008768       0x14 c:/program files (x86)/emide/emide v2.20/arm/bin/../lib/gcc/arm-none-eabi/4.7.4/../../../../arm-none-eabi/lib/armv6-m\libc.a(lib_a-puts.o)
                0x08008768                puts
 .text.sprintf  0x0800877c       0x44 c:/program files (x86)/emide/emide v2.20/arm/bin/../lib/gcc/arm-none-eabi/4.7.4/../../../../arm-none-eabi/lib/armv6-m\libc.a(lib_a-sprintf.o)
                0x0800877c                sprintf
 .text.__sread  0x080087c0       0x28 c:/program files (x86)/emide/emide v2.20/arm/bin/../lib/gcc/arm-none-eabi/4.7.4/../../../../arm-none-eabi/lib/armv6-m\libc.a(lib_a-stdio.o)
                0x080087c0                __sread
 .text.__swrite
                0x080087e8       0x38 c:/program files (x86)/emide/emide v2.20/arm/bin/../lib/gcc/arm-none-eabi/4.7.4/../../../../arm-none-eabi/lib/armv6-m\libc.a(lib_a-stdio.o)
                0x080087e8                __swrite
 .text.__sseek  0x08008820       0x2c c:/program files (x86)/emide/emide v2.20/arm/bin/../lib/gcc/arm-none-eabi/4.7.4/../../../../arm-none-eabi/lib/armv6-m\libc.a(lib_a-stdio.o)
                0x08008820                __sseek
 .text.__sclose
                0x0800884c        0xc c:/program files (x86)/emide/emide v2.20/arm/bin/../lib/gcc/arm-none-eabi/4.7.4/../../../../arm-none-eabi/lib/armv6-m\libc.a(lib_a-stdio.o)
                0x0800884c                __sclose
 .text.strlen   0x08008858       0x10 c:/program files (x86)/emide/emide v2.20/arm/bin/../lib/gcc/arm-none-eabi/4.7.4/../../../../arm-none-eabi/lib/armv6-m\libc.a(lib_a-strlen.o)
                0x08008858                strlen
 .text._svfprintf_r
                0x08008868     0x1a80 c:/program files (x86)/emide/emide v2.20/arm/bin/../lib/gcc/arm-none-eabi/4.7.4/../../../../arm-none-eabi/lib/armv6-m\libc.a(lib_a-svfprintf.o)
                0x08008868                _svfprintf_r
 .text._vfprintf_r
                0x0800a2e8     0x1908 c:/program files (x86)/emide/emide v2.20/arm/bin/../lib/gcc/arm-none-eabi/4.7.4/../../../../arm-none-eabi/lib/armv6-m\libc.a(lib_a-vfprintf.o)
                0x0800a2e8                _vfprintf_r
 .text.__sbprintf
                0x0800bbf0       0x74 c:/program files (x86)/emide/emide v2.20/arm/bin/../lib/gcc/arm-none-eabi/4.7.4/../../../../arm-none-eabi/lib/armv6-m\libc.a(lib_a-vfprintf.o)
 .text._write_r
                0x0800bc64       0x28 c:/program files (x86)/emide/emide v2.20/arm/bin/../lib/gcc/arm-none-eabi/4.7.4/../../../../arm-none-eabi/lib/armv6-m\libc.a(lib_a-writer.o)
                0x0800bc64                _write_r
 .text.__swsetup_r
                0x0800bc8c       0xbc c:/program files (x86)/emide/emide v2.20/arm/bin/../lib/gcc/arm-none-eabi/4.7.4/../../../../arm-none-eabi/lib/armv6-m\libc.a(lib_a-wsetup.o)
                0x0800bc8c                __swsetup_r
 .text.startup.register_fini
                0x0800bd48       0x18 c:/program files (x86)/emide/emide v2.20/arm/bin/../lib/gcc/arm-none-eabi/4.7.4/../../../../arm-none-eabi/lib/armv6-m\libc.a(lib_a-__call_atexit.o)
 .text.atexit   0x0800bd60       0x10 c:/program files (x86)/emide/emide v2.20/arm/bin/../lib/gcc/arm-none-eabi/4.7.4/../../../../arm-none-eabi/lib/armv6-m\libc.a(lib_a-atexit.o)
                0x0800bd60                atexit
 .text._close_r
                0x0800bd70       0x24 c:/program files (x86)/emide/emide v2.20/arm/bin/../lib/gcc/arm-none-eabi/4.7.4/../../../../arm-none-eabi/lib/armv6-m\libc.a(lib_a-closer.o)
                0x0800bd70                _close_r
 .text.quorem   0x0800bd94      0x370 c:/program files (x86)/emide/emide v2.20/arm/bin/../lib/gcc/arm-none-eabi/4.7.4/../../../../arm-none-eabi/lib/armv6-m\libc.a(lib_a-dtoa.o)
 *fill*         0x0800c104        0x4 00
 .text._dtoa_r  0x0800c108     0x1378 c:/program files (x86)/emide/emide v2.20/arm/bin/../lib/gcc/arm-none-eabi/4.7.4/../../../../arm-none-eabi/lib/armv6-m\libc.a(lib_a-dtoa.o)
                0x0800c108                _dtoa_r
 .text._fclose_r
                0x0800d480       0xa0 c:/program files (x86)/emide/emide v2.20/arm/bin/../lib/gcc/arm-none-eabi/4.7.4/../../../../arm-none-eabi/lib/armv6-m\libc.a(lib_a-fclose.o)
                0x0800d480                _fclose_r
 .text.fclose   0x0800d520       0x14 c:/program files (x86)/emide/emide v2.20/arm/bin/../lib/gcc/arm-none-eabi/4.7.4/../../../../arm-none-eabi/lib/armv6-m\libc.a(lib_a-fclose.o)
                0x0800d520                fclose
 .text.__sfvwrite_r
                0x0800d534      0x304 c:/program files (x86)/emide/emide v2.20/arm/bin/../lib/gcc/arm-none-eabi/4.7.4/../../../../arm-none-eabi/lib/armv6-m\libc.a(lib_a-fvwrite.o)
                0x0800d534                __sfvwrite_r
 .text.__locale_charset
                0x0800d838        0x8 c:/program files (x86)/emide/emide v2.20/arm/bin/../lib/gcc/arm-none-eabi/4.7.4/../../../../arm-none-eabi/lib/armv6-m\libc.a(lib_a-locale.o)
                0x0800d838                __locale_charset
 .text.__locale_mb_cur_max
                0x0800d840        0xc c:/program files (x86)/emide/emide v2.20/arm/bin/../lib/gcc/arm-none-eabi/4.7.4/../../../../arm-none-eabi/lib/armv6-m\libc.a(lib_a-locale.o)
                0x0800d840                __locale_mb_cur_max
 .text._localeconv_r
                0x0800d84c        0x8 c:/program files (x86)/emide/emide v2.20/arm/bin/../lib/gcc/arm-none-eabi/4.7.4/../../../../arm-none-eabi/lib/armv6-m\libc.a(lib_a-locale.o)
                0x0800d84c                _localeconv_r
 .text._lseek_r
                0x0800d854       0x28 c:/program files (x86)/emide/emide v2.20/arm/bin/../lib/gcc/arm-none-eabi/4.7.4/../../../../arm-none-eabi/lib/armv6-m\libc.a(lib_a-lseekr.o)
                0x0800d854                _lseek_r
 .text.__smakebuf_r
                0x0800d87c       0xdc c:/program files (x86)/emide/emide v2.20/arm/bin/../lib/gcc/arm-none-eabi/4.7.4/../../../../arm-none-eabi/lib/armv6-m\libc.a(lib_a-makebuf.o)
                0x0800d87c                __smakebuf_r
 .text.memchr   0x0800d958      0x120 c:/program files (x86)/emide/emide v2.20/arm/bin/../lib/gcc/arm-none-eabi/4.7.4/../../../../arm-none-eabi/lib/armv6-m\libc.a(lib_a-memchr.o)
                0x0800d958                memchr
 .text.memcpy   0x0800da78      0x144 c:/program files (x86)/emide/emide v2.20/arm/bin/../lib/gcc/arm-none-eabi/4.7.4/../../../../arm-none-eabi/lib/armv6-m\libc.a(lib_a-memcpy.o)
                0x0800da78                memcpy
 .text.memmove  0x0800dbbc      0x19c c:/program files (x86)/emide/emide v2.20/arm/bin/../lib/gcc/arm-none-eabi/4.7.4/../../../../arm-none-eabi/lib/armv6-m\libc.a(lib_a-memmove.o)
                0x0800dbbc                memmove
 .text._Balloc  0x0800dd58       0x50 c:/program files (x86)/emide/emide v2.20/arm/bin/../lib/gcc/arm-none-eabi/4.7.4/../../../../arm-none-eabi/lib/armv6-m\libc.a(lib_a-mprec.o)
                0x0800dd58                _Balloc
 .text._Bfree   0x0800dda8       0x14 c:/program files (x86)/emide/emide v2.20/arm/bin/../lib/gcc/arm-none-eabi/4.7.4/../../../../arm-none-eabi/lib/armv6-m\libc.a(lib_a-mprec.o)
                0x0800dda8                _Bfree
 .text.__multadd
                0x0800ddbc      0x108 c:/program files (x86)/emide/emide v2.20/arm/bin/../lib/gcc/arm-none-eabi/4.7.4/../../../../arm-none-eabi/lib/armv6-m\libc.a(lib_a-mprec.o)
                0x0800ddbc                __multadd
 .text.__hi0bits
                0x0800dec4       0x34 c:/program files (x86)/emide/emide v2.20/arm/bin/../lib/gcc/arm-none-eabi/4.7.4/../../../../arm-none-eabi/lib/armv6-m\libc.a(lib_a-mprec.o)
                0x0800dec4                __hi0bits
 .text.__lo0bits
                0x0800def8       0x5c c:/program files (x86)/emide/emide v2.20/arm/bin/../lib/gcc/arm-none-eabi/4.7.4/../../../../arm-none-eabi/lib/armv6-m\libc.a(lib_a-mprec.o)
                0x0800def8                __lo0bits
 .text.__i2b    0x0800df54       0x14 c:/program files (x86)/emide/emide v2.20/arm/bin/../lib/gcc/arm-none-eabi/4.7.4/../../../../arm-none-eabi/lib/armv6-m\libc.a(lib_a-mprec.o)
                0x0800df54                __i2b
 .text.__multiply
                0x0800df68      0x348 c:/program files (x86)/emide/emide v2.20/arm/bin/../lib/gcc/arm-none-eabi/4.7.4/../../../../arm-none-eabi/lib/armv6-m\libc.a(lib_a-mprec.o)
                0x0800df68                __multiply
 .text.__pow5mult
                0x0800e2b0       0xb0 c:/program files (x86)/emide/emide v2.20/arm/bin/../lib/gcc/arm-none-eabi/4.7.4/../../../../arm-none-eabi/lib/armv6-m\libc.a(lib_a-mprec.o)
                0x0800e2b0                __pow5mult
 .text.__lshift
                0x0800e360      0x184 c:/program files (x86)/emide/emide v2.20/arm/bin/../lib/gcc/arm-none-eabi/4.7.4/../../../../arm-none-eabi/lib/armv6-m\libc.a(lib_a-mprec.o)
                0x0800e360                __lshift
 .text.__mcmp   0x0800e4e4       0x64 c:/program files (x86)/emide/emide v2.20/arm/bin/../lib/gcc/arm-none-eabi/4.7.4/../../../../arm-none-eabi/lib/armv6-m\libc.a(lib_a-mprec.o)
                0x0800e4e4                __mcmp
 .text.__mdiff  0x0800e548      0x258 c:/program files (x86)/emide/emide v2.20/arm/bin/../lib/gcc/arm-none-eabi/4.7.4/../../../../arm-none-eabi/lib/armv6-m\libc.a(lib_a-mprec.o)
                0x0800e548                __mdiff
 .text.__d2b    0x0800e7a0       0xb8 c:/program files (x86)/emide/emide v2.20/arm/bin/../lib/gcc/arm-none-eabi/4.7.4/../../../../arm-none-eabi/lib/armv6-m\libc.a(lib_a-mprec.o)
                0x0800e7a0                __d2b
 .text._read_r  0x0800e858       0x28 c:/program files (x86)/emide/emide v2.20/arm/bin/../lib/gcc/arm-none-eabi/4.7.4/../../../../arm-none-eabi/lib/armv6-m\libc.a(lib_a-readr.o)
                0x0800e858                _read_r
 .text._realloc_r
                0x0800e880      0x3d4 c:/program files (x86)/emide/emide v2.20/arm/bin/../lib/gcc/arm-none-eabi/4.7.4/../../../../arm-none-eabi/lib/armv6-m\libc.a(lib_a-reallocr.o)
                0x0800e880                _realloc_r
 .text.__fpclassifyd
                0x0800ec54       0x70 c:/program files (x86)/emide/emide v2.20/arm/bin/../lib/gcc/arm-none-eabi/4.7.4/../../../../arm-none-eabi/lib/armv6-m\libc.a(lib_a-s_fpclassify.o)
                0x0800ec54                __fpclassifyd
 .text.__ssprint_r
                0x0800ecc4      0x124 c:/program files (x86)/emide/emide v2.20/arm/bin/../lib/gcc/arm-none-eabi/4.7.4/../../../../arm-none-eabi/lib/armv6-m\libc.a(lib_a-svfiprintf.o)
                0x0800ecc4                __ssprint_r
 .text.__sprint_r
                0x0800ede8       0xe4 c:/program files (x86)/emide/emide v2.20/arm/bin/../lib/gcc/arm-none-eabi/4.7.4/../../../../arm-none-eabi/lib/armv6-m\libc.a(lib_a-vfiprintf.o)
                0x0800ede8                __sprint_r
 .text._calloc_r
                0x0800eecc       0x60 c:/program files (x86)/emide/emide v2.20/arm/bin/../lib/gcc/arm-none-eabi/4.7.4/../../../../arm-none-eabi/lib/armv6-m\libc.a(lib_a-callocr.o)
                0x0800eecc                _calloc_r
 .text._fputwc_r
                0x0800ef2c      0x1bc c:/program files (x86)/emide/emide v2.20/arm/bin/../lib/gcc/arm-none-eabi/4.7.4/../../../../arm-none-eabi/lib/armv6-m\libc.a(lib_a-fputwc.o)
                0x0800ef2c                _fputwc_r
 .text._fstat_r
                0x0800f0e8       0x28 c:/program files (x86)/emide/emide v2.20/arm/bin/../lib/gcc/arm-none-eabi/4.7.4/../../../../arm-none-eabi/lib/armv6-m\libc.a(lib_a-fstatr.o)
                0x0800f0e8                _fstat_r
 .text._isatty_r
                0x0800f110       0x24 c:/program files (x86)/emide/emide v2.20/arm/bin/../lib/gcc/arm-none-eabi/4.7.4/../../../../arm-none-eabi/lib/armv6-m\libc.a(lib_a-isattyr.o)
                0x0800f110                _isatty_r
 .text.__swbuf_r
                0x0800f134       0xc4 c:/program files (x86)/emide/emide v2.20/arm/bin/../lib/gcc/arm-none-eabi/4.7.4/../../../../arm-none-eabi/lib/armv6-m\libc.a(lib_a-wbuf.o)
                0x0800f134                __swbuf_r
 .text._wcrtomb_r
                0x0800f1f8       0x58 c:/program files (x86)/emide/emide v2.20/arm/bin/../lib/gcc/arm-none-eabi/4.7.4/../../../../arm-none-eabi/lib/armv6-m\libc.a(lib_a-wcrtomb.o)
                0x0800f1f8                _wcrtomb_r
 .text.__ascii_wctomb
                0x0800f250       0x1c c:/program files (x86)/emide/emide v2.20/arm/bin/../lib/gcc/arm-none-eabi/4.7.4/../../../../arm-none-eabi/lib/armv6-m\libc.a(lib_a-wctomb_r.o)
                0x0800f250                __ascii_wctomb
 *(.rodata)
 .rodata        0x0800f26c     0x2d78 obj\Debug\Src\main.o
                0x0800f26c                Graphic1
                0x0800f34c                f01_00
                0x0800f354                f01_01
                0x0800f35c                f01_02
                0x0800f364                f01_03
                0x0800f378                f01_04
                0x0800f388                f01_05
                0x0800f394                f01_06
                0x0800f3a8                f01_07
                0x0800f3b0                f01_08
                0x0800f3c0                f01_09
                0x0800f3c8                f01_10
                0x0800f3d0                f01_11
                0x0800f3d8                f01_12
                0x0800f3e0                f01_13
                0x0800f3f4                f01_14
                0x0800f408                f01_15
                0x0800f41c                f01_16
                0x0800f424                f01_17
                0x0800f42c                f01_18
                0x0800f434                f01_19
                0x0800f43c                f01_20
                0x0800f444                f01_21
                0x0800f44c                f01_22
                0x0800f454                f01_23
                0x0800f45c                f01_24
                0x0800f464                f01_25
                0x0800f46c                f01_26
                0x0800f474                f01_27
                0x0800f47c                f01_28
                0x0800f484                f01_29
                0x0800f48c                f01_30
                0x0800f494                f01_31
                0x0800f49c                f01_32
                0x0800f4a4                f01_33
                0x0800f4ac                f01_34
                0x0800f4b4                f01_35
                0x0800f4bc                f01_36
                0x0800f4c4                f01_37
                0x0800f4cc                f01_38
                0x0800f4d4                f01_39
                0x0800f4dc                f01_40
                0x0800f4e4                f01_41
                0x0800f4ec                f01_42
                0x0800f4f4                f01_43
                0x0800f4fc                f01_44
                0x0800f504                f01_45
                0x0800f50c                f01_46
                0x0800f514                f01_47
                0x0800f51c                f01_48
                0x0800f524                f01_49
                0x0800f52c                f01_50
                0x0800f534                f01_51
                0x0800f53c                f01_52
                0x0800f544                f01_53
                0x0800f54c                f01_54
                0x0800f554                f01_55
                0x0800f55c                f01_56
                0x0800f564                f01_57
                0x0800f56c                f01_58
                0x0800f574                f01_59
                0x0800f57c                f01_60
                0x0800f584                f01_61
                0x0800f58c                f01_62
                0x0800f594                f01_63
                0x0800f59c                f01_64
                0x0800f5a4                f01_65
                0x0800f5ac                f01_66
                0x0800f5b4                f01_67
                0x0800f5bc                f01_68
                0x0800f5c4                f01_69
                0x0800f5cc                f01_70
                0x0800f5d4                f01_71
                0x0800f5dc                f01_72
                0x0800f5e4                f01_73
                0x0800f5ec                f01_74
                0x0800f5f4                f01_75
                0x0800f5fc                f01_76
                0x0800f604                f01_77
                0x0800f60c                f01_78
                0x0800f614                f01_79
                0x0800f61c                f01_80
                0x0800f624                f01_81
                0x0800f62c                f01_82
                0x0800f634                f01_83
                0x0800f63c                f01_84
                0x0800f644                f01_85
                0x0800f64c                f01_86
                0x0800f654                f01_87
                0x0800f65c                f01_88
                0x0800f664                f01_89
                0x0800f66c                f01_90
                0x0800f674                f01_91
                0x0800f67c                f01_92
                0x0800f684                f01_93
                0x0800f68c                f01_94
                0x0800f694                f01_95
                0x0800f69c                f01_96
                0x0800f6a4                f01_97
                0x0800f6ac                f01_98
                0x0800f6b4                f01_99
                0x0800f6bc                f01_100
                0x0800f6c4                f01_101
                0x0800f6cc                f01_102
                0x0800f6d4                f01_103
                0x0800f6dc                f01_104
                0x0800f6e4                f01_105
                0x0800f6ec                f01_106
                0x0800f6f4                f01_107
                0x0800f6fc                f01_108
                0x0800f704                f01_109
                0x0800f70c                f01_110
                0x0800f714                f01_111
                0x0800f71c                f01_112
                0x0800f724                f01_113
                0x0800f72c                f01_114
                0x0800f734                f01_115
                0x0800f73c                f01_116
                0x0800f744                f01_117
                0x0800f74c                f01_118
                0x0800f754                f01_119
                0x0800f75c                f01_120
                0x0800f764                f01_121
                0x0800f76c                f01_122
                0x0800f774                f01_123
                0x0800f77c                f01_124
                0x0800f784                f01_125
                0x0800f78c                f01_126
                0x0800f794                f01_127
                0x0800f79c                f01_128
                0x0800f7a4                f01_129
                0x0800f7ac                f01_130
                0x0800f7b4                f01_131
                0x0800f7bc                f01_132
                0x0800f7c4                f01_133
                0x0800f7cc                f01_134
                0x0800f7d4                f01_135
                0x0800f7dc                f01_136
                0x0800f7e4                f01_137
                0x0800f7ec                f01_138
                0x0800f7f4                f01_139
                0x0800f7fc                f01_140
                0x0800f804                f01_141
                0x0800f80c                f01_142
                0x0800f814                f01_143
                0x0800f81c                f01_144
                0x0800f824                f01_145
                0x0800f82c                f01_146
                0x0800f834                f01_147
                0x0800f83c                f01_148
                0x0800f844                f01_149
                0x0800f84c                f01_150
                0x0800f854                f01_151
                0x0800f85c                f01_152
                0x0800f864                f01_153
                0x0800f86c                f01_154
                0x0800f874                f01_155
                0x0800f87c                f01_156
                0x0800f884                f01_157
                0x0800f88c                f01_158
                0x0800f894                f01_159
                0x0800f89c                f01_160
                0x0800f8a4                f01_161
                0x0800f8ac                f01_162
                0x0800f8b4                f01_163
                0x0800f8bc                f01_164
                0x0800f8c4                f01_165
                0x0800f8cc                f01_166
                0x0800f8d4                f01_167
                0x0800f8dc                f01_168
                0x0800f8e4                f01_169
                0x0800f8ec                f01_170
                0x0800f8f4                f01_171
                0x0800f8fc                f01_172
                0x0800f904                f01_173
                0x0800f90c                f01_174
                0x0800f914                f01_175
                0x0800f91c                f01_176
                0x0800f924                f01_177
                0x0800f92c                f01_178
                0x0800f934                f01_179
                0x0800f93c                f01_180
                0x0800f944                f01_181
                0x0800f94c                f01_182
                0x0800f954                f01_183
                0x0800f95c                f01_184
                0x0800f964                f01_185
                0x0800f96c                f01_186
                0x0800f974                f01_187
                0x0800f97c                f01_188
                0x0800f984                f01_189
                0x0800f98c                f01_190
                0x0800f994                f01_191
                0x0800f99c                f01_192
                0x0800f9a4                f01_193
                0x0800f9ac                f01_194
                0x0800f9b4                f01_195
                0x0800f9bc                f01_196
                0x0800f9c4                f01_197
                0x0800f9cc                f01_198
                0x0800f9d4                f01_199
                0x0800f9dc                f01_200
                0x0800f9e4                f01_201
                0x0800f9ec                f01_202
                0x0800f9f4                f01_203
                0x0800f9fc                f01_204
                0x0800fa04                f01_205
                0x0800fa0c                f01_206
                0x0800fa14                f01_207
                0x0800fa1c                f01_208
                0x0800fa24                f01_209
                0x0800fa2c                f01_210
                0x0800fa34                f01_211
                0x0800fa3c                f01_212
                0x0800fa44                f01_213
                0x0800fa4c                f01_214
                0x0800fa54                f01_215
                0x0800fa5c                f01_216
                0x0800fa64                f01_217
                0x0800fa6c                f01_218
                0x0800fa74                f01_219
                0x0800fa7c                f01_220
                0x0800fa84                f01_221
                0x0800fa8c                f01_222
                0x0800fa94                f01_223
                0x0800fa9c                f01_224
                0x0800faa4                f01_225
                0x0800faac                f01_226
                0x0800fab4                f01_227
                0x0800fabc                f01_228
                0x0800fac4                f01_229
                0x0800facc                f01_230
                0x0800fad4                f01_231
                0x0800fadc                f01_232
                0x0800fae4                f01_233
                0x0800faec                f01_234
                0x0800faf4                f01_235
                0x0800fafc                f01_236
                0x0800fb04                f01_237
                0x0800fb0c                f01_238
                0x0800fb14                f01_239
                0x0800fb1c                f01_240
                0x0800fb24                f01_241
                0x0800fb2c                f01_242
                0x0800fb34                f01_243
                0x0800fb3c                f01_244
                0x0800fb44                f01_245
                0x0800fb4c                f01_246
                0x0800fb54                f01_247
                0x0800fb5c                f01_248
                0x0800fb64                f01_249
                0x0800fb6c                f01_250
                0x0800fb74                f01_251
                0x0800fb7c                f01_252
                0x0800fb84                f01_253
                0x0800fb8c                f01_254
                0x0800fb94                f01_255
                0x0800fb9c                Font1
                0x0800ff9c                f02_default
                0x0800ffac                f02_29
                0x0800ffc0                f02_30
                0x0800ffd4                f02_31
                0x0800ffe8                f02_32
                0x0800fffc                f02_33
                0x08010004                f02_34
                0x08010010                f02_35
                0x08010028                f02_36
                0x0801003c                f02_37
                0x0801005c                f02_38
                0x08010074                f02_39
                0x0801007c                f02_40
                0x08010088                f02_41
                0x08010094                f02_42
                0x080100a8                f02_43
                0x080100b8                f02_44
                0x080100c4                f02_45
                0x080100d0                f02_46
                0x080100dc                f02_47
                0x080100ec                f02_48
                0x08010100                f02_49
                0x0801010c                f02_50
                0x0801011c                f02_51
                0x08010130                f02_52
                0x08010144                f02_53
                0x08010158                f02_54
                0x0801016c                f02_55
                0x08010180                f02_56
                0x08010194                f02_57
                0x080101a8                f02_58
                0x080101b0                f02_59
                0x080101b8                f02_60
                0x080101cc                f02_61
                0x080101e0                f02_62
                0x080101f4                f02_63
                0x08010208                f02_64
                0x08010224                f02_65
                0x08010238                f02_66
                0x08010250                f02_67
                0x08010268                f02_68
                0x08010280                f02_69
                0x08010294                f02_70
                0x080102a8                f02_71
                0x080102c0                f02_72
                0x080102d8                f02_73
                0x080102e0                f02_74
                0x080102ec                f02_75
                0x08010304                f02_76
                0x08010314                f02_77
                0x08010330                f02_78
                0x08010348                f02_79
                0x08010364                f02_80
                0x0801037c                f02_81
                0x08010398                f02_82
                0x080103b0                f02_83
                0x080103c4                f02_84
                0x080103d8                f02_85
                0x080103f0                f02_86
                0x08010404                f02_87
                0x08010424                f02_88
                0x0801043c                f02_89
                0x08010454                f02_90
                0x0801046c                f02_91
                0x08010478                f02_92
                0x08010488                f02_93
                0x08010494                f02_94
                0x080104a4                f02_95
                0x080104b8                f02_96
                0x080104c4                f02_97
                0x080104d8                f02_98
                0x080104ec                f02_99
                0x08010500                f02_100
                0x08010514                f02_101
                0x08010528                f02_102
                0x08010538                f02_103
                0x0801054c                f02_104
                0x08010560                f02_105
                0x08010568                f02_106
                0x08010574                f02_107
                0x08010588                f02_108
                0x08010590                f02_109
                0x080105ac                f02_110
                0x080105c0                f02_111
                0x080105d4                f02_112
                0x080105e8                f02_113
                0x080105fc                f02_114
                0x08010610                f02_115
                0x08010620                f02_116
                0x0801062c                f02_117
                0x08010640                f02_118
                0x08010654                f02_119
                0x0801066c                f02_120
                0x0801067c                f02_121
                0x08010690                f02_122
                0x080106a4                f02_123
                0x080106b4                f02_124
                0x080106bc                f02_125
                0x080106cc                f02_126
                0x080106e0                Font2
                0x08010ae0                f03_00
                0x08010ae8                f03_01
                0x08010af0                f03_02
                0x08010af8                f03_32
                0x08010b00                f03_33
                0x08010b04                f03_34
                0x08010b08                f03_35
                0x08010b10                f03_36
                0x08010b18                f03_37
                0x08010b20                f03_38
                0x08010b28                f03_39
                0x08010b2c                f03_40
                0x08010b30                f03_41
                0x08010b34                f03_42
                0x08010b3c                f03_43
                0x08010b44                f03_44
                0x08010b48                f03_45
                0x08010b50                f03_46
                0x08010b54                f03_47
                0x08010b58                f03_48
                0x08010b60                f03_49
                0x08010b64                f03_50
                0x08010b6c                f03_51
                0x08010b74                f03_52
                0x08010b7c                f03_53
                0x08010b84                f03_54
                0x08010b8c                f03_55
                0x08010b94                f03_56
                0x08010b9c                f03_57
                0x08010ba4                f03_58
                0x08010ba8                f03_59
                0x08010bac                f03_60
                0x08010bb4                f03_61
                0x08010bbc                f03_62
                0x08010bc4                f03_63
                0x08010bcc                f03_64
                0x08010bd4                f03_65
                0x08010bdc                f03_66
                0x08010be4                f03_67
                0x08010bec                f03_68
                0x08010bf4                f03_69
                0x08010bfc                f03_70
                0x08010c04                f03_71
                0x08010c0c                f03_72
                0x08010c14                f03_73
                0x08010c18                f03_74
                0x08010c20                f03_75
                0x08010c28                f03_76
                0x08010c30                f03_77
                0x08010c38                f03_78
                0x08010c40                f03_79
                0x08010c48                f03_80
                0x08010c50                f03_81
                0x08010c58                f03_82
                0x08010c60                f03_83
                0x08010c68                f03_84
                0x08010c70                f03_85
                0x08010c78                f03_86
                0x08010c80                f03_87
                0x08010c88                f03_88
                0x08010c90                f03_89
                0x08010c98                f03_90
                0x08010ca0                f03_91
                0x08010ca8                f03_92
                0x08010cb0                f03_93
                0x08010cb8                f03_94
                0x08010cc0                f03_95
                0x08010cc8                f03_96
                0x08010cd0                f03_97
                0x08010cd8                f03_98
                0x08010ce0                f03_99
                0x08010ce8                f03_100
                0x08010cf0                f03_101
                0x08010cf8                f03_102
                0x08010d00                f03_103
                0x08010d08                f03_104
                0x08010d10                f03_105
                0x08010d18                f03_106
                0x08010d20                f03_107
                0x08010d28                f03_108
                0x08010d30                f03_109
                0x08010d38                f03_110
                0x08010d40                f03_111
                0x08010d48                f03_112
                0x08010d50                f03_113
                0x08010d58                f03_114
                0x08010d60                f03_115
                0x08010d68                f03_116
                0x08010d70                f03_117
                0x08010d78                f03_118
                0x08010d80                f03_119
                0x08010d88                f03_120
                0x08010d90                f03_121
                0x08010d98                f03_122
                0x08010da0                f03_123
                0x08010da8                f03_124
                0x08010db0                f03_125
                0x08010db8                f03_126
                0x08010dc0                f03_127
                0x08010dc8                f03_128
                0x08010dd0                f03_129
                0x08010dd8                f03_130
                0x08010de0                f03_131
                0x08010de8                f03_132
                0x08010df0                f03_133
                0x08010df8                f03_134
                0x08010e00                f03_135
                0x08010e08                f03_136
                0x08010e10                f03_137
                0x08010e18                f03_138
                0x08010e20                f03_139
                0x08010e28                f03_140
                0x08010e30                f03_141
                0x08010e38                f03_142
                0x08010e40                f03_143
                0x08010e48                f03_144
                0x08010e50                f03_145
                0x08010e58                f03_146
                0x08010e60                f03_147
                0x08010e68                f03_148
                0x08010e70                f03_149
                0x08010e78                f03_150
                0x08010e80                f03_151
                0x08010e88                f03_152
                0x08010e90                f03_153
                0x08010e98                f03_154
                0x08010ea0                f03_155
                0x08010ea8                f03_156
                0x08010eb0                f03_157
                0x08010eb8                f03_158
                0x08010ec0                f03_159
                0x08010ec8                f03_160
                0x08010ed0                f03_161
                0x08010ed8                f03_162
                0x08010ee0                f03_163
                0x08010ee8                f03_164
                0x08010ef0                f03_165
                0x08010ef8                f03_166
                0x08010f00                f03_167
                0x08010f08                f03_168
                0x08010f10                f03_169
                0x08010f18                f03_170
                0x08010f20                f03_171
                0x08010f28                f03_172
                0x08010f30                f03_173
                0x08010f38                f03_174
                0x08010f40                f03_175
                0x08010f48                f03_176
                0x08010f50                f03_177
                0x08010f58                f03_178
                0x08010f60                f03_179
                0x08010f68                f03_180
                0x08010f70                f03_181
                0x08010f78                f03_182
                0x08010f80                f03_183
                0x08010f88                f03_184
                0x08010f90                f03_185
                0x08010f98                f03_186
                0x08010fa0                f03_187
                0x08010fa8                f03_188
                0x08010fb0                f03_189
                0x08010fb8                f03_190
                0x08010fc0                f03_191
                0x08010fc8                f03_192
                0x08010fd0                f03_193
                0x08010fd8                f03_194
                0x08010fe0                f03_195
                0x08010fe8                f03_196
                0x08010ff0                f03_197
                0x08010ff8                f03_198
                0x08011000                f03_199
                0x08011008                f03_200
                0x08011010                f03_201
                0x08011018                f03_202
                0x08011020                f03_203
                0x08011028                f03_204
                0x08011030                f03_205
                0x08011038                f03_206
                0x08011040                f03_207
                0x08011048                f03_208
                0x08011050                f03_209
                0x08011058                f03_210
                0x08011060                f03_211
                0x08011068                f03_212
                0x08011070                f03_213
                0x08011078                f03_214
                0x08011080                f03_215
                0x08011088                f03_216
                0x08011090                f03_217
                0x08011098                f03_218
                0x080110a0                f03_219
                0x080110a8                f03_220
                0x080110b0                f03_221
                0x080110b8                f03_222
                0x080110c0                f03_223
                0x080110c8                f03_224
                0x080110d0                f03_225
                0x080110d8                f03_226
                0x080110e0                f03_227
                0x080110e8                f03_228
                0x080110f0                f03_229
                0x080110f8                f03_230
                0x08011100                f03_231
                0x08011108                f03_232
                0x08011110                f03_233
                0x08011118                f03_234
                0x08011120                f03_235
                0x08011128                f03_236
                0x08011130                f03_237
                0x08011138                f03_238
                0x08011140                f03_239
                0x08011148                f03_240
                0x08011150                f03_241
                0x08011158                f03_242
                0x08011160                f03_243
                0x08011168                f03_244
                0x08011170                f03_245
                0x08011178                f03_246
                0x08011180                f03_247
                0x08011188                f03_248
                0x08011190                f03_249
                0x08011198                f03_250
                0x080111a0                f03_251
                0x080111a8                f03_252
                0x080111b0                f03_253
                0x080111b8                f03_254
                0x080111c0                f03_255
                0x080111c8                Font3
                0x080115c8                f04_32
                0x080115d4                f04_33
                0x080115dc                f04_34
                0x080115e8                f04_35
                0x080115f8                f04_36
                0x08011608                f04_37
                0x0801161c                f04_38
                0x08011630                f04_39
                0x08011638                f04_40
                0x08011640                f04_41
                0x08011648                f04_42
                0x08011658                f04_43
                0x08011664                f04_44
                0x0801166c                f04_45
                0x08011674                f04_46
                0x0801167c                f04_47
                0x08011688                f04_48
                0x08011698                f04_49
                0x080116a4                f04_50
                0x080116b4                f04_51
                0x080116c4                f04_52
                0x080116d4                f04_53
                0x080116e4                f04_54
                0x080116f4                f04_55
                0x08011704                f04_56
                0x08011714                f04_57
                0x08011724                f04_58
                0x0801172c                f04_59
                0x08011744                f04_60
                0x08011750                f04_61
                0x08011760                f04_62
                0x0801176c                f04_63
                0x08011778                f04_64
                0x0801178c                f04_65
                0x0801179c                f04_66
                0x080117ac                f04_67
                0x080117bc                f04_68
                0x080117cc                f04_69
                0x080117d8                f04_70
                0x080117e8                f04_71
                0x080117fc                f04_72
                0x08011810                f04_73
                0x08011818                f04_74
                0x08011828                f04_75
                0x0801183c                f04_76
                0x0801184c                f04_77
                0x08011860                f04_78
                0x08011874                f04_79
                0x08011888                f04_80
                0x08011898                f04_81
                0x080118ac                f04_82
                0x080118c0                f04_83
                0x080118d0                f04_84
                0x080118e4                f04_85
                0x080118f8                f04_86
                0x08011908                f04_87
                0x08011920                f04_88
                0x08011934                f04_89
                0x08011948                f04_90
                0x08011958                f04_91
                0x08011964                f04_92
                0x08011970                f04_93
                0x0801197c                f04_94
                0x08011988                f04_95
                0x0801199c                f04_96
                0x080119a4                f04_97
                0x080119b4                f04_98
                0x080119c4                f04_99
                0x080119d4                f04_100
                0x080119e4                f04_101
                0x080119f4                f04_102
                0x08011a00                f04_103
                0x08011a10                f04_104
                0x08011a20                f04_105
                0x08011a28                f04_106
                0x08011a34                f04_107
                0x08011a44                f04_108
                0x08011a4c                f04_109
                0x08011a64                f04_110
                0x08011a74                f04_111
                0x08011a84                f04_112
                0x08011a94                f04_113
                0x08011aa4                f04_114
                0x08011ab0                f04_115
                0x08011abc                f04_116
                0x08011ac8                f04_117
                0x08011ad8                f04_118
                0x08011ae8                f04_119
                0x08011b00                f04_120
                0x08011b10                f04_121
                0x08011b20                f04_122
                0x08011b30                f04_123
                0x08011b48                f04_124
                0x08011b60                f04_125
                0x08011b78                f04_126
                0x08011b90                f04_DEFAULT
                0x08011ba0                Font4
 .rodata        0x08011fe4       0x40 c:/program files (x86)/emide/emide v2.20/arm/bin/../lib/gcc/arm-none-eabi/4.7.4/armv6-m\libgcc.a(divdf3.o)
 .rodata        0x08012024       0x40 c:/program files (x86)/emide/emide v2.20/arm/bin/../lib/gcc/arm-none-eabi/4.7.4/armv6-m\libgcc.a(muldf3.o)
 *(.rodata*)
 .rodata.str1.4
                0x08012064        0x2 c:/program files (x86)/emide/emide v2.20/arm/bin/../lib/gcc/arm-none-eabi/4.7.4/../../../../arm-none-eabi/lib/armv6-m\libc.a(lib_a-impure.o)
                                  0x4 (size before relaxing)
 *fill*         0x08012066        0x2 00
 .rodata._global_impure_ptr
                0x08012068        0x4 c:/program files (x86)/emide/emide v2.20/arm/bin/../lib/gcc/arm-none-eabi/4.7.4/../../../../arm-none-eabi/lib/armv6-m\libc.a(lib_a-impure.o)
                0x08012068                _global_impure_ptr
 .rodata.str1.4
                0x0801206c        0x2 c:/program files (x86)/emide/emide v2.20/arm/bin/../lib/gcc/arm-none-eabi/4.7.4/../../../../arm-none-eabi/lib/armv6-m\libc.a(lib_a-puts.o)
                                  0x4 (size before relaxing)
 *fill*         0x0801206e        0x2 00
 .rodata._svfprintf_r
                0x08012070      0x164 c:/program files (x86)/emide/emide v2.20/arm/bin/../lib/gcc/arm-none-eabi/4.7.4/../../../../arm-none-eabi/lib/armv6-m\libc.a(lib_a-svfprintf.o)
 .rodata.str1.4
                0x080121d4       0x42 c:/program files (x86)/emide/emide v2.20/arm/bin/../lib/gcc/arm-none-eabi/4.7.4/../../../../arm-none-eabi/lib/armv6-m\libc.a(lib_a-svfprintf.o)
                                 0x44 (size before relaxing)
 *fill*         0x08012216        0x2 00
 .rodata.zeroes.6721
                0x08012218       0x10 c:/program files (x86)/emide/emide v2.20/arm/bin/../lib/gcc/arm-none-eabi/4.7.4/../../../../arm-none-eabi/lib/armv6-m\libc.a(lib_a-svfprintf.o)
 .rodata.blanks.6720
                0x08012228       0x10 c:/program files (x86)/emide/emide v2.20/arm/bin/../lib/gcc/arm-none-eabi/4.7.4/../../../../arm-none-eabi/lib/armv6-m\libc.a(lib_a-svfprintf.o)
 .rodata._vfprintf_r
                0x08012238      0x164 c:/program files (x86)/emide/emide v2.20/arm/bin/../lib/gcc/arm-none-eabi/4.7.4/../../../../arm-none-eabi/lib/armv6-m\libc.a(lib_a-vfprintf.o)
 .rodata.blanks.6735
                0x0801239c       0x10 c:/program files (x86)/emide/emide v2.20/arm/bin/../lib/gcc/arm-none-eabi/4.7.4/../../../../arm-none-eabi/lib/armv6-m\libc.a(lib_a-vfprintf.o)
 .rodata.str1.4
                0x00000000       0x44 c:/program files (x86)/emide/emide v2.20/arm/bin/../lib/gcc/arm-none-eabi/4.7.4/../../../../arm-none-eabi/lib/armv6-m\libc.a(lib_a-vfprintf.o)
 .rodata.zeroes.6736
                0x080123ac       0x10 c:/program files (x86)/emide/emide v2.20/arm/bin/../lib/gcc/arm-none-eabi/4.7.4/../../../../arm-none-eabi/lib/armv6-m\libc.a(lib_a-vfprintf.o)
 .rodata.str1.4
                0x080123bc       0x10 c:/program files (x86)/emide/emide v2.20/arm/bin/../lib/gcc/arm-none-eabi/4.7.4/../../../../arm-none-eabi/lib/armv6-m\libc.a(lib_a-dtoa.o)
                                 0x14 (size before relaxing)
 .rodata.str1.4
                0x080123cc        0xc c:/program files (x86)/emide/emide v2.20/arm/bin/../lib/gcc/arm-none-eabi/4.7.4/../../../../arm-none-eabi/lib/armv6-m\libc.a(lib_a-locale.o)
                                 0x14 (size before relaxing)
 .rodata.p05.5242
                0x080123d8        0xc c:/program files (x86)/emide/emide v2.20/arm/bin/../lib/gcc/arm-none-eabi/4.7.4/../../../../arm-none-eabi/lib/armv6-m\libc.a(lib_a-mprec.o)
 *fill*         0x080123e4        0x4 00
 .rodata.__mprec_tens
                0x080123e8       0xc8 c:/program files (x86)/emide/emide v2.20/arm/bin/../lib/gcc/arm-none-eabi/4.7.4/../../../../arm-none-eabi/lib/armv6-m\libc.a(lib_a-mprec.o)
                0x080123e8                __mprec_tens
 .rodata.__mprec_bigtens
                0x080124b0       0x28 c:/program files (x86)/emide/emide v2.20/arm/bin/../lib/gcc/arm-none-eabi/4.7.4/../../../../arm-none-eabi/lib/armv6-m\libc.a(lib_a-mprec.o)
                0x080124b0                __mprec_bigtens
 *(.glue_7)
 .glue_7        0x00000000        0x0 linker stubs
 *(.glue_7t)
 .glue_7t       0x00000000        0x0 linker stubs
 *(.eh_frame)
 .eh_frame      0x080124d8        0x0 c:/program files (x86)/emide/emide v2.20/arm/bin/../lib/gcc/arm-none-eabi/4.7.4/armv6-m/crtbegin.o
 *(.init)
 .init          0x080124d8        0x4 c:/program files (x86)/emide/emide v2.20/arm/bin/../lib/gcc/arm-none-eabi/4.7.4/armv6-m/crti.o
                0x080124d8                _init
 .init          0x080124dc        0x8 c:/program files (x86)/emide/emide v2.20/arm/bin/../lib/gcc/arm-none-eabi/4.7.4/armv6-m/crtn.o
 *(.fini)
 .fini          0x080124e4        0x4 c:/program files (x86)/emide/emide v2.20/arm/bin/../lib/gcc/arm-none-eabi/4.7.4/armv6-m/crti.o
                0x080124e4                _fini
 .fini          0x080124e8        0x8 c:/program files (x86)/emide/emide v2.20/arm/bin/../lib/gcc/arm-none-eabi/4.7.4/armv6-m/crtn.o
                0x080124f0                . = ALIGN (0x4)
                0x080124f0                _etext = .

.vfp11_veneer   0x080124f0        0x0
 .vfp11_veneer  0x00000000        0x0 linker stubs

.v4_bx          0x080124f0        0x0
 .v4_bx         0x00000000        0x0 linker stubs

.iplt           0x080124f0        0x0
 .iplt          0x00000000        0x0 c:/program files (x86)/emide/emide v2.20/arm/bin/../lib/gcc/arm-none-eabi/4.7.4/armv6-m/crtbegin.o

.ARM.extab
 *(.ARM.extab* .gnu.linkonce.armextab.*)

.ARM            0x080124f0        0x8
                0x080124f0                __exidx_start = .
 *(.ARM.exidx*)
 .ARM.exidx     0x080124f0        0x8 c:/program files (x86)/emide/emide v2.20/arm/bin/../lib/gcc/arm-none-eabi/4.7.4/armv6-m\libgcc.a(_divdi3.o)
 .ARM.exidx     0x080124f8        0x0 c:/program files (x86)/emide/emide v2.20/arm/bin/../lib/gcc/arm-none-eabi/4.7.4/armv6-m\libgcc.a(_udivdi3.o)
                                  0x8 (size before relaxing)
                0x080124f8                __exidx_end = .

.rel.dyn        0x080124f8        0x0
 .rel.iplt      0x00000000        0x0 c:/program files (x86)/emide/emide v2.20/arm/bin/../lib/gcc/arm-none-eabi/4.7.4/armv6-m/crtbegin.o

.preinit_array  0x080124f8        0x0
                0x080124f8                PROVIDE (__preinit_array_start, .)
 *(.preinit_array*)
                0x080124f8                PROVIDE (__preinit_array_end, .)

.init_array     0x080124f8        0x8
                0x080124f8                PROVIDE (__init_array_start, .)
 *(SORT(.init_array.*))
 .init_array.00000
                0x080124f8        0x4 c:/program files (x86)/emide/emide v2.20/arm/bin/../lib/gcc/arm-none-eabi/4.7.4/../../../../arm-none-eabi/lib/armv6-m\libc.a(lib_a-__call_atexit.o)
 *(.init_array*)
 .init_array    0x080124fc        0x4 c:/program files (x86)/emide/emide v2.20/arm/bin/../lib/gcc/arm-none-eabi/4.7.4/armv6-m/crtbegin.o
                0x08012500                PROVIDE (__init_array_end, .)

.fini_array     0x08012500        0x4
                0x08012500                PROVIDE (__fini_array_start, .)
 *(SORT(.fini_array.*))
 *(.fini_array*)
 .fini_array    0x08012500        0x4 c:/program files (x86)/emide/emide v2.20/arm/bin/../lib/gcc/arm-none-eabi/4.7.4/armv6-m/crtbegin.o
                0x08012504                PROVIDE (__fini_array_end, .)
                0x08012504                _sidata = LOADADDR (.data)

.data           0x20000000      0x8c4 load address 0x08012504
                0x20000000                . = ALIGN (0x4)
                0x20000000                _sdata = .
 *(.data)
 .data          0x20000000       0x10 obj\Debug\Libraries\STM32F0xx_StdPeriph_Driver\src\stm32f0xx_rcc.o
 .data          0x20000010       0x14 obj\Debug\Src\system_stm32f0xx.o
                0x20000010                SystemCoreClock
                0x20000014                AHBPrescTable
 *(.data*)
 *fill*         0x20000024        0x4 00
 .data.impure_data
                0x20000028      0x428 c:/program files (x86)/emide/emide v2.20/arm/bin/../lib/gcc/arm-none-eabi/4.7.4/../../../../arm-none-eabi/lib/armv6-m\libc.a(lib_a-impure.o)
 .data._impure_ptr
                0x20000450        0x4 c:/program files (x86)/emide/emide v2.20/arm/bin/../lib/gcc/arm-none-eabi/4.7.4/../../../../arm-none-eabi/lib/armv6-m\libc.a(lib_a-impure.o)
                0x20000450                _impure_ptr
 .data.__malloc_av_
                0x20000454      0x408 c:/program files (x86)/emide/emide v2.20/arm/bin/../lib/gcc/arm-none-eabi/4.7.4/../../../../arm-none-eabi/lib/armv6-m\libc.a(lib_a-mallocr.o)
                0x20000454                __malloc_av_
 .data.__malloc_trim_threshold
                0x2000085c        0x4 c:/program files (x86)/emide/emide v2.20/arm/bin/../lib/gcc/arm-none-eabi/4.7.4/../../../../arm-none-eabi/lib/armv6-m\libc.a(lib_a-mallocr.o)
                0x2000085c                __malloc_trim_threshold
 .data.__malloc_sbrk_base
                0x20000860        0x4 c:/program files (x86)/emide/emide v2.20/arm/bin/../lib/gcc/arm-none-eabi/4.7.4/../../../../arm-none-eabi/lib/armv6-m\libc.a(lib_a-mallocr.o)
                0x20000860                __malloc_sbrk_base
 .data.lconv    0x20000864       0x38 c:/program files (x86)/emide/emide v2.20/arm/bin/../lib/gcc/arm-none-eabi/4.7.4/../../../../arm-none-eabi/lib/armv6-m\libc.a(lib_a-locale.o)
 .data.lc_ctype_charset
                0x2000089c       0x20 c:/program files (x86)/emide/emide v2.20/arm/bin/../lib/gcc/arm-none-eabi/4.7.4/../../../../arm-none-eabi/lib/armv6-m\libc.a(lib_a-locale.o)
 .data.__mb_cur_max
                0x200008bc        0x4 c:/program files (x86)/emide/emide v2.20/arm/bin/../lib/gcc/arm-none-eabi/4.7.4/../../../../arm-none-eabi/lib/armv6-m\libc.a(lib_a-locale.o)
                0x200008bc                __mb_cur_max
 .data.__wctomb
                0x200008c0        0x4 c:/program files (x86)/emide/emide v2.20/arm/bin/../lib/gcc/arm-none-eabi/4.7.4/../../../../arm-none-eabi/lib/armv6-m\libc.a(lib_a-wctomb_r.o)
                0x200008c0                __wctomb
                0x200008c4                . = ALIGN (0x4)
                0x200008c4                _edata = .

.jcr            0x200008c4        0x0 load address 0x08012dc8
 .jcr           0x200008c4        0x0 c:/program files (x86)/emide/emide v2.20/arm/bin/../lib/gcc/arm-none-eabi/4.7.4/armv6-m/crtbegin.o

.igot.plt       0x200008c4        0x0 load address 0x08012dc8
 .igot.plt      0x00000000        0x0 c:/program files (x86)/emide/emide v2.20/arm/bin/../lib/gcc/arm-none-eabi/4.7.4/armv6-m/crtbegin.o
                0x200008c4                . = ALIGN (0x4)

.bss            0x200008c4      0x210 load address 0x08012dc8
                0x200008c4                _sbss = .
                0x200008c4                __bss_start__ = _sbss
 *(.bss)
 .bss           0x200008c4       0x1c c:/program files (x86)/emide/emide v2.20/arm/bin/../lib/gcc/arm-none-eabi/4.7.4/armv6-m/crtbegin.o
 .bss           0x200008e0        0x8 obj\Debug\Src\clock.o
                0x200008e0                AsynchPrediv
                0x200008e4                SynchPrediv
 .bss           0x200008e8        0x8 obj\Debug\Src\main.o
                0x200008e8                timer
                0x200008ec                timerFlag
 .bss           0x200008f0        0x4 obj\Debug\Src\syscalls.o
                0x200008f0                heap_end
 *(.bss*)
 .bss.__malloc_max_total_mem
                0x200008f4        0x4 c:/program files (x86)/emide/emide v2.20/arm/bin/../lib/gcc/arm-none-eabi/4.7.4/../../../../arm-none-eabi/lib/armv6-m\libc.a(lib_a-mallocr.o)
                0x200008f4                __malloc_max_total_mem
 .bss.__malloc_max_sbrked_mem
                0x200008f8        0x4 c:/program files (x86)/emide/emide v2.20/arm/bin/../lib/gcc/arm-none-eabi/4.7.4/../../../../arm-none-eabi/lib/armv6-m\libc.a(lib_a-mallocr.o)
                0x200008f8                __malloc_max_sbrked_mem
 .bss.__malloc_top_pad
                0x200008fc        0x4 c:/program files (x86)/emide/emide v2.20/arm/bin/../lib/gcc/arm-none-eabi/4.7.4/../../../../arm-none-eabi/lib/armv6-m\libc.a(lib_a-mallocr.o)
                0x200008fc                __malloc_top_pad
 .bss.__malloc_current_mallinfo
                0x20000900       0x28 c:/program files (x86)/emide/emide v2.20/arm/bin/../lib/gcc/arm-none-eabi/4.7.4/../../../../arm-none-eabi/lib/armv6-m\libc.a(lib_a-mallocr.o)
                0x20000900                __malloc_current_mallinfo
 *(COMMON)
 COMMON         0x20000928       0x20 obj\Debug\Src\clock.o
                0x20000928                RTC_AlarmStructure
                0x20000938                RTC_InitStructure
                0x20000944                RTC_TimeStructure
 COMMON         0x20000948      0x101 obj\Debug\Src\display.o
                0x20000948                framebuffer
                0x20000a47                DISPLAY_COLUMN
                0x20000a48                DISPLAY_ROW
 *fill*         0x20000a49        0x3 00
 COMMON         0x20000a4c       0x24 obj\Debug\Src\i2c.o
                0x20000a4c                I2C_InitStructure
                0x20000a68                GPIO_InitStructure
 COMMON         0x20000a70       0x5f obj\Debug\Src\main.o
                0x20000a70                arr
                0x20000a90                testvar
                0x20000a94                USART_ClockInitStructure
                0x20000aa4                cnt
                0x20000aa8                TickFlagI2C
                0x20000aac                USART_InitStructure
                0x20000ac4                rxchar
                0x20000ac8                toggle
                0x20000acc                NVIC_InitStructure
 *fill*         0x20000acf        0x1 00
 COMMON         0x20000ad0        0x4 c:/program files (x86)/emide/emide v2.20/arm/bin/../lib/gcc/arm-none-eabi/4.7.4/../../../../arm-none-eabi/lib/armv6-m\libc.a(lib_a-reent.o)
                0x20000ad0                errno
                0x20000ad4                . = ALIGN (0x4)
                0x20000ad4                _ebss = .
                0x20000ad4                __bss_end__ = _ebss

._user_heap_stack
                0x20000ad4      0x880 load address 0x08012dc8
                0x20000ad4                . = ALIGN (0x4)
                0x20000ad4                __heap_start__ = .
                0x20000ad4                PROVIDE (end, .)
                0x20000ad4                PROVIDE (_end, .)
                0x200012d4                . = (. + _Min_Heap_Size)
 *fill*         0x20000ad4      0x800 00
                0x200012d4                __heap_end__ = .
                0x20001354                . = (. + _Min_Stack_Size)
 *fill*         0x200012d4       0x80 00
                0x20001354                . = ALIGN (0x4)

.memory_b1_text
 *(.mb1text)
 *(.mb1text*)
 *(.mb1rodata)
 *(.mb1rodata*)

/DISCARD/
 libc.a(*)
 libm.a(*)
 libgcc.a(*)

.ARM.attributes
                0x00000000       0x28
 *(.ARM.attributes)
 .ARM.attributes
                0x00000000       0x1e c:/program files (x86)/emide/emide v2.20/arm/bin/../lib/gcc/arm-none-eabi/4.7.4/armv6-m/crti.o
 .ARM.attributes
                0x0000001e       0x2c c:/program files (x86)/emide/emide v2.20/arm/bin/../lib/gcc/arm-none-eabi/4.7.4/armv6-m/crtbegin.o
 .ARM.attributes
                0x0000004a       0x31 obj\Debug\Libraries\STM32F0xx_StdPeriph_Driver\src\stm32f0xx_gpio.o
 .ARM.attributes
                0x0000007b       0x31 obj\Debug\Libraries\STM32F0xx_StdPeriph_Driver\src\stm32f0xx_i2c.o
 .ARM.attributes
                0x000000ac       0x31 obj\Debug\Libraries\STM32F0xx_StdPeriph_Driver\src\stm32f0xx_misc.o
 .ARM.attributes
                0x000000dd       0x31 obj\Debug\Libraries\STM32F0xx_StdPeriph_Driver\src\stm32f0xx_pwr.o
 .ARM.attributes
                0x0000010e       0x31 obj\Debug\Libraries\STM32F0xx_StdPeriph_Driver\src\stm32f0xx_rcc.o
 .ARM.attributes
                0x0000013f       0x31 obj\Debug\Libraries\STM32F0xx_StdPeriph_Driver\src\stm32f0xx_rtc.o
 .ARM.attributes