Archive member included because of file (symbol)

c:/program files (x86)/emide/emide v2.20/arm/bin/../lib/gcc/arm-none-eabi/4.7.4/armv6-m\libgcc.a(_udivsi3.o)
                              obj\Debug\Libraries\STM32F0xx_StdPeriph_Driver\src\stm32f0xx_rcc.o (__aeabi_uidiv)
c:/program files (x86)/emide/emide v2.20/arm/bin/../lib/gcc/arm-none-eabi/4.7.4/armv6-m\libgcc.a(_dvmd_tls.o)
                              c:/program files (x86)/emide/emide v2.20/arm/bin/../lib/gcc/arm-none-eabi/4.7.4/armv6-m\libgcc.a(_udivsi3.o) (__aeabi_idiv0)
c:/program files (x86)/emide/emide v2.20/arm/bin/../lib/gcc/arm-none-eabi/4.7.4/armv6-m\libgcc.a(_aeabi_uldivmod.o)
                              obj\Debug\Src\display.o (__aeabi_uldivmod)
c:/program files (x86)/emide/emide v2.20/arm/bin/../lib/gcc/arm-none-eabi/4.7.4/armv6-m\libgcc.a(_muldi3.o)
                              obj\Debug\Src\display.o (__aeabi_lmul)
c:/program files (x86)/emide/emide v2.20/arm/bin/../lib/gcc/arm-none-eabi/4.7.4/armv6-m\libgcc.a(bpabi.o)
                              c:/program files (x86)/emide/emide v2.20/arm/bin/../lib/gcc/arm-none-eabi/4.7.4/armv6-m\libgcc.a(_aeabi_uldivmod.o) (__gnu_uldivmod_helper)
c:/program files (x86)/emide/emide v2.20/arm/bin/../lib/gcc/arm-none-eabi/4.7.4/armv6-m\libgcc.a(_divdi3.o)
                              c:/program files (x86)/emide/emide v2.20/arm/bin/../lib/gcc/arm-none-eabi/4.7.4/armv6-m\libgcc.a(bpabi.o) (__divdi3)
c:/program files (x86)/emide/emide v2.20/arm/bin/../lib/gcc/arm-none-eabi/4.7.4/armv6-m\libgcc.a(_udivdi3.o)
                              c:/program files (x86)/emide/emide v2.20/arm/bin/../lib/gcc/arm-none-eabi/4.7.4/armv6-m\libgcc.a(bpabi.o) (__udivdi3)
c:/program files (x86)/emide/emide v2.20/arm/bin/../lib/gcc/arm-none-eabi/4.7.4/armv6-m\libgcc.a(_clzsi2.o)
                              c:/program files (x86)/emide/emide v2.20/arm/bin/../lib/gcc/arm-none-eabi/4.7.4/armv6-m\libgcc.a(_divdi3.o) (__clzsi2)
c:/program files (x86)/emide/emide v2.20/arm/bin/../lib/gcc/arm-none-eabi/4.7.4/../../../../arm-none-eabi/lib/armv6-m\libc.a(lib_a-__atexit.o)
                              c:/program files (x86)/emide/emide v2.20/arm/bin/../lib/gcc/arm-none-eabi/4.7.4/../../../../arm-none-eabi/lib/armv6-m/crt0.o (__register_exitproc)
c:/program files (x86)/emide/emide v2.20/arm/bin/../lib/gcc/arm-none-eabi/4.7.4/../../../../arm-none-eabi/lib/armv6-m\libc.a(lib_a-errno.o)
                              obj\Debug\Src\syscalls.o (__errno)
c:/program files (x86)/emide/emide v2.20/arm/bin/../lib/gcc/arm-none-eabi/4.7.4/../../../../arm-none-eabi/lib/armv6-m\libc.a(lib_a-exit.o)
                              c:/program files (x86)/emide/emide v2.20/arm/bin/../lib/gcc/arm-none-eabi/4.7.4/../../../../arm-none-eabi/lib/armv6-m/crt0.o (exit)
c:/program files (x86)/emide/emide v2.20/arm/bin/../lib/gcc/arm-none-eabi/4.7.4/../../../../arm-none-eabi/lib/armv6-m\libc.a(lib_a-fflush.o)
                              obj\Debug\Src\main.o (fflush)
c:/program files (x86)/emide/emide v2.20/arm/bin/../lib/gcc/arm-none-eabi/4.7.4/../../../../arm-none-eabi/lib/armv6-m\libc.a(lib_a-findfp.o)
                              c:/program files (x86)/emide/emide v2.20/arm/bin/../lib/gcc/arm-none-eabi/4.7.4/../../../../arm-none-eabi/lib/armv6-m\libc.a(lib_a-fflush.o) (__sinit)
c:/program files (x86)/emide/emide v2.20/arm/bin/../lib/gcc/arm-none-eabi/4.7.4/../../../../arm-none-eabi/lib/armv6-m\libc.a(lib_a-fini.o)
                              c:/program files (x86)/emide/emide v2.20/arm/bin/../lib/gcc/arm-none-eabi/4.7.4/../../../../arm-none-eabi/lib/armv6-m/crt0.o (__libc_fini_array)
c:/program files (x86)/emide/emide v2.20/arm/bin/../lib/gcc/arm-none-eabi/4.7.4/../../../../arm-none-eabi/lib/armv6-m\libc.a(lib_a-freer.o)
                              c:/program files (x86)/emide/emide v2.20/arm/bin/../lib/gcc/arm-none-eabi/4.7.4/../../../../arm-none-eabi/lib/armv6-m\libc.a(lib_a-fflush.o) (_free_r)
c:/program files (x86)/emide/emide v2.20/arm/bin/../lib/gcc/arm-none-eabi/4.7.4/../../../../arm-none-eabi/lib/armv6-m\libc.a(lib_a-fwalk.o)
                              c:/program files (x86)/emide/emide v2.20/arm/bin/../lib/gcc/arm-none-eabi/4.7.4/../../../../arm-none-eabi/lib/armv6-m\libc.a(lib_a-findfp.o) (_fwalk)
c:/program files (x86)/emide/emide v2.20/arm/bin/../lib/gcc/arm-none-eabi/4.7.4/../../../../arm-none-eabi/lib/armv6-m\libc.a(lib_a-impure.o)
                              c:/program files (x86)/emide/emide v2.20/arm/bin/../lib/gcc/arm-none-eabi/4.7.4/../../../../arm-none-eabi/lib/armv6-m\libc.a(lib_a-__atexit.o) (_global_impure_ptr)
c:/program files (x86)/emide/emide v2.20/arm/bin/../lib/gcc/arm-none-eabi/4.7.4/../../../../arm-none-eabi/lib/armv6-m\libc.a(lib_a-init.o)
                              c:/program files (x86)/emide/emide v2.20/arm/bin/../lib/gcc/arm-none-eabi/4.7.4/../../../../arm-none-eabi/lib/armv6-m/crt0.o (__libc_init_array)
[...]
Memory Configuration

Name             Origin             Length             Attributes
FLASH            0x08000000         0x00010000         xr
RAM              0x20000000         0x00002000         xrw
MEMORY_B1        0x60000000         0x00000000         xr
*default*        0x00000000         0xffffffff

Linker script and memory map

LOAD c:/program files (x86)/emide/emide v2.20/arm/bin/../lib/gcc/arm-none-eabi/4.7.4/armv6-m/crti.o
LOAD c:/program files (x86)/emide/emide v2.20/arm/bin/../lib/gcc/arm-none-eabi/4.7.4/armv6-m/crtbegin.o
LOAD c:/program files (x86)/emide/emide v2.20/arm/bin/../lib/gcc/arm-none-eabi/4.7.4/../../../../arm-none-eabi/lib/armv6-m/crt0.o
LOAD obj\Debug\Libraries\STM32F0xx_StdPeriph_Driver\src\stm32f0xx_adc.o
LOAD obj\Debug\Libraries\STM32F0xx_StdPeriph_Driver\src\stm32f0xx_can.o
LOAD obj\Debug\Libraries\STM32F0xx_StdPeriph_Driver\src\stm32f0xx_cec.o
LOAD obj\Debug\Libraries\STM32F0xx_StdPeriph_Driver\src\stm32f0xx_comp.o
LOAD obj\Debug\Libraries\STM32F0xx_StdPeriph_Driver\src\stm32f0xx_crc.o
LOAD obj\Debug\Libraries\STM32F0xx_StdPeriph_Driver\src\stm32f0xx_crs.o
LOAD obj\Debug\Libraries\STM32F0xx_StdPeriph_Driver\src\stm32f0xx_dac.o
LOAD obj\Debug\Libraries\STM32F0xx_StdPeriph_Driver\src\stm32f0xx_dbgmcu.o
LOAD obj\Debug\Libraries\STM32F0xx_StdPeriph_Driver\src\stm32f0xx_dma.o
LOAD obj\Debug\Libraries\STM32F0xx_StdPeriph_Driver\src\stm32f0xx_exti.o
LOAD obj\Debug\Libraries\STM32F0xx_StdPeriph_Driver\src\stm32f0xx_flash.o
LOAD obj\Debug\Libraries\STM32F0xx_StdPeriph_Driver\src\stm32f0xx_gpio.o
LOAD obj\Debug\Libraries\STM32F0xx_StdPeriph_Driver\src\stm32f0xx_i2c.o
LOAD obj\Debug\Libraries\STM32F0xx_StdPeriph_Driver\src\stm32f0xx_iwdg.o
LOAD obj\Debug\Libraries\STM32F0xx_StdPeriph_Driver\src\stm32f0xx_misc.o
LOAD obj\Debug\Libraries\STM32F0xx_StdPeriph_Driver\src\stm32f0xx_pwr.o
LOAD obj\Debug\Libraries\STM32F0xx_StdPeriph_Driver\src\stm32f0xx_rcc.o
LOAD obj\Debug\Libraries\STM32F0xx_StdPeriph_Driver\src\stm32f0xx_rtc.o
LOAD obj\Debug\Libraries\STM32F0xx_StdPeriph_Driver\src\stm32f0xx_spi.o
LOAD obj\Debug\Libraries\STM32F0xx_StdPeriph_Driver\src\stm32f0xx_syscfg.o
LOAD obj\Debug\Libraries\STM32F0xx_StdPeriph_Driver\src\stm32f0xx_tim.o
LOAD obj\Debug\Libraries\STM32F0xx_StdPeriph_Driver\src\stm32f0xx_usart.o
LOAD obj\Debug\Libraries\STM32F0xx_StdPeriph_Driver\src\stm32f0xx_wwdg.o
LOAD obj\Debug\Setup\startup.o
LOAD obj\Debug\Src\display.o
LOAD obj\Debug\Src\graphlib.o
LOAD obj\Debug\Src\i2c.o
LOAD obj\Debug\Src\main.o
LOAD obj\Debug\Src\stm32f0xx_it.o
LOAD obj\Debug\Src\syscalls.o
LOAD obj\Debug\Src\system_stm32f0xx.o
START GROUP
LOAD c:/program files (x86)/emide/emide v2.20/arm/bin/../lib/gcc/arm-none-eabi/4.7.4/armv6-m\libgcc.a
LOAD c:/program files (x86)/emide/emide v2.20/arm/bin/../lib/gcc/arm-none-eabi/4.7.4/../../../../arm-none-eabi/lib/armv6-m\libc.a
END GROUP
LOAD c:/program files (x86)/emide/emide v2.20/arm/bin/../lib/gcc/arm-none-eabi/4.7.4/armv6-m/crtend.o
LOAD c:/program files (x86)/emide/emide v2.20/arm/bin/../lib/gcc/arm-none-eabi/4.7.4/armv6-m/crtn.o
                0x20002000                _estack = 0x20002000
                0x00000800                _Min_Heap_Size = 0x800
                0x00000080                _Min_Stack_Size = 0x80

.isr_vector     0x08000000       0xc4
                0x08000000                . = ALIGN (0x4)
 *(.isr_vector)
 .isr_vector    0x08000000       0xc4 obj\Debug\Setup\startup.o
                0x08000000                g_pfnVectors
                0x080000c4                . = ALIGN (0x4)

.text           0x080000c8     0x8c40
                0x080000c8                . = ALIGN (0x4)
 *(.text)
 .text          0x080000c8       0x60 c:/program files (x86)/emide/emide v2.20/arm/bin/../lib/gcc/arm-none-eabi/4.7.4/armv6-m/crtbegin.o
 .text          0x08000128      0x47c obj\Debug\Libraries\STM32F0xx_StdPeriph_Driver\src\stm32f0xx_gpio.o
                0x08000128                GPIO_DeInit
                0x08000218                GPIO_Init
                0x08000350                GPIO_StructInit
                0x08000380                GPIO_PinLockConfig
                0x080003c4                GPIO_ReadInputDataBit
                0x0800040c                GPIO_ReadInputData
                0x08000424                GPIO_ReadOutputDataBit
                0x0800046c                GPIO_ReadOutputData
                0x08000484                GPIO_SetBits
                0x080004a0                GPIO_ResetBits
                0x080004bc                GPIO_WriteBit
                0x080004ec                GPIO_Write
                0x08000508                GPIO_PinAFConfig
 .text          0x080005a4      0xa44 obj\Debug\Libraries\STM32F0xx_StdPeriph_Driver\src\stm32f0xx_i2c.o
                0x080005a4                I2C_DeInit
                0x080005f0                I2C_Init
                0x080006c0                I2C_StructInit
                0x080006fc                I2C_Cmd
                0x08000738                I2C_SoftwareResetCmd
                0x08000774                I2C_ITConfig
                0x080007ac                I2C_StretchClockCmd
                0x080007e8                I2C_StopModeCmd
                0x08000824                I2C_DualAddressCmd
                0x08000860                I2C_OwnAddress2Config
                0x080008b0                I2C_GeneralCallCmd
                0x080008ec                I2C_SlaveByteControlCmd
                0x08000928                I2C_SlaveAddressConfig
                0x08000964                I2C_10BitAddressingModeCmd
                0x080009a0                I2C_AutoEndCmd
                0x080009dc                I2C_ReloadCmd
                0x08000a18                I2C_NumberOfBytesConfig
                0x08000a5c                I2C_MasterRequestConfig
                0x08000a98                I2C_GenerateSTART
                0x08000ad4                I2C_GenerateSTOP
                0x08000b10                I2C_10BitAddressHeaderCmd
                0x08000b4c                I2C_AcknowledgeConfig
                0x08000b88                I2C_GetAddressMatched
                0x08000ba8                I2C_GetTransferDirection
                0x08000bf0                I2C_TransferHandling
                0x08000c50                I2C_SMBusAlertCmd
                0x08000c8c                I2C_ClockTimeoutCmd
                0x08000cc8                I2C_ExtendedClockTimeoutCmd
                0x08000d00                I2C_IdleClockTimeoutCmd
                0x08000d3c                I2C_TimeoutAConfig
                0x08000d78                I2C_TimeoutBConfig
                0x08000dbc                I2C_CalculatePEC
                0x08000df8                I2C_PECRequestCmd
                0x08000e34                I2C_GetPEC
                0x08000e4c                I2C_ReadRegister
                0x08000e78                I2C_SendData
                0x08000e94                I2C_ReceiveData
                0x08000eac                I2C_DMACmd
                0x08000ee4                I2C_GetFlagStatus
                0x08000f30                I2C_ClearFlag
                0x08000f48                I2C_GetITStatus
                0x08000fd0                I2C_ClearITPendingBit
 .text          0x08000fe8      0x124 obj\Debug\Libraries\STM32F0xx_StdPeriph_Driver\src\stm32f0xx_misc.o
                0x08000fe8                NVIC_Init
                0x08001094                NVIC_SystemLPConfig
                0x080010d8                SysTick_CLKSourceConfig
 .text          0x0800110c      0xbd8 obj\Debug\Libraries\STM32F0xx_StdPeriph_Driver\src\stm32f0xx_rcc.o
                0x0800110c                RCC_DeInit
                0x08001194                RCC_HSEConfig
                0x080011b8                RCC_WaitForHSEStartUp
                0x08001218                RCC_AdjustHSICalibrationValue
                0x08001254                RCC_HSICmd
                0x0800128c                RCC_AdjustHSI14CalibrationValue
                0x080012c8                RCC_HSI14Cmd
                0x08001300                RCC_HSI14ADCRequestCmd
                0x08001338                RCC_LSEConfig
                0x08001370                RCC_LSEDriveConfig
                0x0800139c                RCC_LSICmd
                0x080013d4                RCC_PLLConfig
                0x08001408                RCC_PLLCmd
                0x08001448                RCC_HSI48Cmd
                0x08001488                RCC_PREDIV1Config
                0x080014bc                RCC_ClockSecuritySystemCmd
                0x080014fc                RCC_MCOConfig
                0x08001540                RCC_SYSCLKConfig
                0x08001574                RCC_GetSYSCLKSource
                0x08001590                RCC_HCLKConfig
                0x080015c4                RCC_PCLKConfig
                0x080015fc                RCC_ADCCLKConfig
                0x0800164c                RCC_CECCLKConfig
                0x08001678                RCC_I2CCLKConfig
                0x080016a4                RCC_USARTCLKConfig
                0x080016f0                RCC_USBCLKConfig
                0x0800171c                RCC_GetClocksFreq
                0x0800197c                RCC_RTCCLKConfig
                0x0800199c                RCC_RTCCLKCmd
                0x080019dc                RCC_BackupResetCmd
                0x08001a1c                RCC_AHBPeriphClockCmd
                0x08001a58                RCC_APB2PeriphClockCmd
                0x08001a94                RCC_APB1PeriphClockCmd
                0x08001ad0                RCC_AHBPeriphResetCmd
                0x08001b0c                RCC_APB2PeriphResetCmd
                0x08001b48                RCC_APB1PeriphResetCmd
                0x08001b84                RCC_ITConfig
                0x08001bd4                RCC_GetFlagStatus
                0x08001c64                RCC_ClearFlag
                0x08001c80                RCC_GetITStatus
                0x08001cc4                RCC_ClearITPendingBit
 .text          0x08001ce4      0xc84 obj\Debug\Libraries\STM32F0xx_StdPeriph_Driver\src\stm32f0xx_usart.o
                0x08001ce4                USART_DeInit
                0x08001d88                USART_Init
                0x08001efc                USART_StructInit
                0x08001f30                USART_ClockInit
                0x08001f78                USART_ClockStructInit
                0x08001fa0                USART_Cmd
                0x08001fdc                USART_DirectionModeCmd
                0x08002014                USART_OverSampling8Cmd
                0x08002050                USART_OneBitMethodCmd
                0x0800208c                USART_MSBFirstCmd
                0x080020c8                USART_DataInvCmd
                0x08002104                USART_InvPinCmd
                0x0800213c                USART_SWAPPinCmd
                0x08002178                USART_ReceiverTimeOutCmd
                0x080021b4                USART_SetReceiverTimeOut
                0x080021dc                USART_SetPrescaler
                0x08002214                USART_STOPModeCmd
                0x08002250                USART_StopModeWakeUpSourceConfig
                0x0800227c                USART_AutoBaudRateCmd
                0x080022b8                USART_AutoBaudRateConfig
                0x080022e4                USART_SendData
                0x08002308                USART_ReceiveData
                0x08002324                USART_SetAddress
                0x08002354                USART_MuteModeCmd
                0x08002390                USART_MuteModeWakeUpConfig
                0x080023bc                USART_AddressDetectionConfig
                0x080023e8                USART_LINBreakDetectLengthConfig
                0x08002414                USART_LINCmd
                0x08002450                USART_HalfDuplexCmd
                0x0800248c                USART_SetGuardTime
                0x080024c8                USART_SmartCardCmd
                0x08002504                USART_SmartCardNACKCmd
                0x08002540                USART_SetAutoRetryCount
                0x08002574                USART_SetBlockLength
                0x080025a4                USART_IrDAConfig
                0x080025d0                USART_IrDACmd
                0x0800260c                USART_DECmd
                0x08002648                USART_DEPolarityConfig
                0x08002674                USART_SetDEAssertionTime
                0x080026a4                USART_SetDEDeassertionTime
                0x080026d4                USART_DMACmd
                0x0800270c                USART_DMAReceptionErrorConfig
                0x08002738                USART_ITConfig
                0x080027bc                USART_RequestCmd
                0x08002804                USART_OverrunDetectionConfig
                0x08002830                USART_GetFlagStatus
                0x0800286c                USART_ClearFlag
                0x08002884                USART_GetITStatus
                0x08002938                USART_ClearITPendingBit
 .text          0x08002968      0x500 obj\Debug\Src\display.o
                0x08002968                BitTimer
                0x08002988                ResetTimer
                0x080029ac                PutGraphic
                0x08002bcc                ResetDisplay
                0x08002bf8                InitDisplay
                0x08002c54                eWriteDispData
                0x08002ca8                UpdateFromFB
                0x08002cbc                ClearDisplay
                0x08002ce0                OverWriteDisplay
                0x08002d0c                NextLine
                0x08002d38                PrintToDisplay
                0x08002d98                WriteByteDisplay
                0x08002e10                SetXY
                0x08002e40                GetX
                0x08002e54                GetY
 .text          0x08002e68      0x164 obj\Debug\Src\graphlib.o
                0x08002e68                OutChar
                0x08002f90                OutString
 .text          0x08002fcc       0xac obj\Debug\Src\i2c.o
                0x08002fcc                InitI2C
 .text          0x08003078      0x438 obj\Debug\Src\main.o
                0x080031a4                Delay
                0x080031c8                GeneralDelay
                0x080031e4                SysTick_Handler
                0x08003220                USART1_IRQHandler
                0x08003270                TestI2C
                0x080032d4                main
 .text          0x080034b0       0x20 obj\Debug\Src\stm32f0xx_it.o
                0x080034b0                NMI_Handler
                0x080034b8                HardFault_Handler
                0x080034c0                SVC_Handler
                0x080034c8                PendSV_Handler
 .text          0x080034d0      0x168 obj\Debug\Src\syscalls.o
                0x080034d0                _kill
                0x080034f0                _exit
                0x08003508                _read
                0x08003534                _write
                0x08003588                _sbrk_r
                0x080035dc                _close
                0x080035f0                _isatty
                0x08003604                _lseek
                0x0800361c                _fstat
 .text          0x08003638      0x23c obj\Debug\Src\system_stm32f0xx.o
                0x08003638                SystemInit
                0x080036c4                SystemCoreClockUpdate
 .text          0x08003874       0x9c c:/program files (x86)/emide/emide v2.20/arm/bin/../lib/gcc/arm-none-eabi/4.7.4/armv6-m\libgcc.a(_udivsi3.o)
                0x08003874                __aeabi_uidiv
                0x08003874                __udivsi3
                0x080038fc                __aeabi_uidivmod
 .text          0x08003910        0x4 c:/program files (x86)/emide/emide v2.20/arm/bin/../lib/gcc/arm-none-eabi/4.7.4/armv6-m\libgcc.a(_dvmd_tls.o)
                0x08003910                __aeabi_idiv0
                0x08003910                __aeabi_ldiv0
 .text          0x08003914       0x40 c:/program files (x86)/emide/emide v2.20/arm/bin/../lib/gcc/arm-none-eabi/4.7.4/armv6-m\libgcc.a(_aeabi_uldivmod.o)
                0x08003914                __aeabi_uldivmod
 .text          0x08003954       0x44 c:/program files (x86)/emide/emide v2.20/arm/bin/../lib/gcc/arm-none-eabi/4.7.4/armv6-m\libgcc.a(_muldi3.o)
                0x08003954                __muldi3
                0x08003954                __aeabi_lmul
 .text          0x08003998       0x74 c:/program files (x86)/emide/emide v2.20/arm/bin/../lib/gcc/arm-none-eabi/4.7.4/armv6-m\libgcc.a(bpabi.o)
                0x08003998                __gnu_ldivmod_helper
                0x080039d4                __gnu_uldivmod_helper
 .text          0x08003a0c      0x3d0 c:/program files (x86)/emide/emide v2.20/arm/bin/../lib/gcc/arm-none-eabi/4.7.4/armv6-m\libgcc.a(_divdi3.o)
                0x08003a0c                __divdi3
 .text          0x08003ddc      0x38c c:/program files (x86)/emide/emide v2.20/arm/bin/../lib/gcc/arm-none-eabi/4.7.4/armv6-m\libgcc.a(_udivdi3.o)
                0x08003ddc                __udivdi3
 .text          0x08004168       0x3c c:/program files (x86)/emide/emide v2.20/arm/bin/../lib/gcc/arm-none-eabi/4.7.4/armv6-m\libgcc.a(_clzsi2.o)
                0x08004168                __clzsi2
 *(.text*)
 .text.Reset_Handler
                0x080041a4       0x50 obj\Debug\Setup\startup.o
                0x080041a4                Reset_Handler
 .text.Default_Handler
                0x080041f4        0x2 obj\Debug\Setup\startup.o
                0x080041f4                TIM1_CC_IRQHandler
                0x080041f4                ADC1_COMP_IRQHandler
                0x080041f4                PVD_IRQHandler
                0x080041f4                I2C1_IRQHandler
                0x080041f4                SPI1_IRQHandler
                0x080041f4                TIM6_DAC_IRQHandler
                0x080041f4                EXTI2_3_IRQHandler
                0x080041f4                I2C2_IRQHandler
                0x080041f4                TIM17_IRQHandler
                0x080041f4                RTC_IRQHandler
                0x080041f4                TIM16_IRQHandler
                0x080041f4                TIM3_IRQHandler
                0x080041f4                EXTI4_15_IRQHandler
                0x080041f4                RCC_IRQHandler
                0x080041f4                DMA1_Channel1_IRQHandler
                0x080041f4                Default_Handler
                0x080041f4                CEC_IRQHandler
                0x080041f4                TIM14_IRQHandler
                0x080041f4                DMA1_Channel4_5_IRQHandler
                0x080041f4                TIM15_IRQHandler
                0x080041f4                EXTI0_1_IRQHandler
                0x080041f4                SPI2_IRQHandler
                0x080041f4                TS_IRQHandler
                0x080041f4                WWDG_IRQHandler
                0x080041f4                TIM2_IRQHandler
                0x080041f4                DMA1_Channel2_3_IRQHandler
                0x080041f4                USART2_IRQHandler
                0x080041f4                FLASH_IRQHandler
                0x080041f4                TIM1_BRK_UP_TRG_COM_IRQHandler
 *fill*         0x080041f6        0x2 00
 .text.__register_exitproc
                0x080041f8       0xc4 c:/program files (x86)/emide/emide v2.20/arm/bin/../lib/gcc/arm-none-eabi/4.7.4/../../../../arm-none-eabi/lib/armv6-m\libc.a(lib_a-__atexit.o)
                0x080041f8                __register_exitproc
 .text.__errno  0x080042bc        0xc c:/program files (x86)/emide/emide v2.20/arm/bin/../lib/gcc/arm-none-eabi/4.7.4/../../../../arm-none-eabi/lib/armv6-m\libc.a(lib_a-errno.o)
                0x080042bc                __errno
 .text._fflush_r
                0x080042c8      0x15c c:/program files (x86)/emide/emide v2.20/arm/bin/../lib/gcc/arm-none-eabi/4.7.4/../../../../arm-none-eabi/lib/armv6-m\libc.a(lib_a-fflush.o)
                0x080042c8                _fflush_r
 .text.fflush   0x08004424       0x28 c:/program files (x86)/emide/emide v2.20/arm/bin/../lib/gcc/arm-none-eabi/4.7.4/../../../../arm-none-eabi/lib/armv6-m\libc.a(lib_a-fflush.o)
                0x08004424                fflush
 .text._cleanup_r
                0x0800444c       0x10 c:/program files (x86)/emide/emide v2.20/arm/bin/../lib/gcc/arm-none-eabi/4.7.4/../../../../arm-none-eabi/lib/armv6-m\libc.a(lib_a-findfp.o)
                0x0800444c                _cleanup_r
 .text.std.isra.0
                0x0800445c       0x48 c:/program files (x86)/emide/emide v2.20/arm/bin/../lib/gcc/arm-none-eabi/4.7.4/../../../../arm-none-eabi/lib/armv6-m\libc.a(lib_a-findfp.o)
 .text.__sinit  0x080044a4       0x50 c:/program files (x86)/emide/emide v2.20/arm/bin/../lib/gcc/arm-none-eabi/4.7.4/../../../../arm-none-eabi/lib/armv6-m\libc.a(lib_a-findfp.o)
                0x080044a4                __sinit
 .text.__sfp_lock_acquire
                0x080044f4        0x4 c:/program files (x86)/emide/emide v2.20/arm/bin/../lib/gcc/arm-none-eabi/4.7.4/../../../../arm-none-eabi/lib/armv6-m\libc.a(lib_a-findfp.o)
                0x080044f4                __sfp_lock_acquire
 .text.__sfp_lock_release
                0x080044f8        0x4 c:/program files (x86)/emide/emide v2.20/arm/bin/../lib/gcc/arm-none-eabi/4.7.4/../../../../arm-none-eabi/lib/armv6-m\libc.a(lib_a-findfp.o)
                0x080044f8                __sfp_lock_release
 .text.__libc_fini_array
                0x080044fc       0x60 c:/program files (x86)/emide/emide v2.20/arm/bin/../lib/gcc/arm-none-eabi/4.7.4/../../../../arm-none-eabi/lib/armv6-m\libc.a(lib_a-fini.o)
                0x080044fc                __libc_fini_array
 .text._malloc_trim_r
                0x0800455c       0xa0 c:/program files (x86)/emide/emide v2.20/arm/bin/../lib/gcc/arm-none-eabi/4.7.4/../../../../arm-none-eabi/lib/armv6-m\libc.a(lib_a-freer.o)
                0x0800455c                _malloc_trim_r
 .text._free_r  0x080045fc      0x190 c:/program files (x86)/emide/emide v2.20/arm/bin/../lib/gcc/arm-none-eabi/4.7.4/../../../../arm-none-eabi/lib/armv6-m\libc.a(lib_a-freer.o)
                0x080045fc                _free_r
 .text._fwalk   0x0800478c       0xd8 c:/program files (x86)/emide/emide v2.20/arm/bin/../lib/gcc/arm-none-eabi/4.7.4/../../../../arm-none-eabi/lib/armv6-m\libc.a(lib_a-fwalk.o)
                0x0800478c                _fwalk
 .text._fwalk_reent
                0x08004864       0xe4 c:/program files (x86)/emide/emide v2.20/arm/bin/../lib/gcc/arm-none-eabi/4.7.4/../../../../arm-none-eabi/lib/armv6-m\libc.a(lib_a-fwalk.o)
                0x08004864                _fwalk_reent
 .text.__libc_init_array
                0x08004948       0x90 c:/program files (x86)/emide/emide v2.20/arm/bin/../lib/gcc/arm-none-eabi/4.7.4/../../../../arm-none-eabi/lib/armv6-m\libc.a(lib_a-init.o)
                0x08004948                __libc_init_array
 .text._malloc_r
                0x080049d8      0x514 c:/program files (x86)/emide/emide v2.20/arm/bin/../lib/gcc/arm-none-eabi/4.7.4/../../../../arm-none-eabi/lib/armv6-m\libc.a(lib_a-mallocr.o)
                0x080049d8                _malloc_r
 .text.memset   0x08004eec      0x118 c:/program files (x86)/emide/emide v2.20/arm/bin/../lib/gcc/arm-none-eabi/4.7.4/../../../../arm-none-eabi/lib/armv6-m\libc.a(lib_a-memset.o)
                0x08004eec                memset
 .text.__malloc_lock
                0x08005004        0x4 c:/program files (x86)/emide/emide v2.20/arm/bin/../lib/gcc/arm-none-eabi/4.7.4/../../../../arm-none-eabi/lib/armv6-m\libc.a(lib_a-mlock.o)
                0x08005004                __malloc_lock
 .text.__malloc_unlock
                0x08005008        0x4 c:/program files (x86)/emide/emide v2.20/arm/bin/../lib/gcc/arm-none-eabi/4.7.4/../../../../arm-none-eabi/lib/armv6-m\libc.a(lib_a-mlock.o)
                0x08005008                __malloc_unlock
 .text._puts_r  0x0800500c       0x68 c:/program files (x86)/emide/emide v2.20/arm/bin/../lib/gcc/arm-none-eabi/4.7.4/../../../../arm-none-eabi/lib/armv6-m\libc.a(lib_a-puts.o)
                0x0800500c                _puts_r
 .text.puts     0x08005074       0x14 c:/program files (x86)/emide/emide v2.20/arm/bin/../lib/gcc/arm-none-eabi/4.7.4/../../../../arm-none-eabi/lib/armv6-m\libc.a(lib_a-puts.o)
                0x08005074                puts
 .text.__sread  0x08005088       0x28 c:/program files (x86)/emide/emide v2.20/arm/bin/../lib/gcc/arm-none-eabi/4.7.4/../../../../arm-none-eabi/lib/armv6-m\libc.a(lib_a-stdio.o)
                0x08005088                __sread
 .text.__swrite
                0x080050b0       0x38 c:/program files (x86)/emide/emide v2.20/arm/bin/../lib/gcc/arm-none-eabi/4.7.4/../../../../arm-none-eabi/lib/armv6-m\libc.a(lib_a-stdio.o)
                0x080050b0                __swrite
 .text.__sseek  0x080050e8       0x2c c:/program files (x86)/emide/emide v2.20/arm/bin/../lib/gcc/arm-none-eabi/4.7.4/../../../../arm-none-eabi/lib/armv6-m\libc.a(lib_a-stdio.o)
                0x080050e8                __sseek
 .text.__sclose
                0x08005114        0xc c:/program files (x86)/emide/emide v2.20/arm/bin/../lib/gcc/arm-none-eabi/4.7.4/../../../../arm-none-eabi/lib/armv6-m\libc.a(lib_a-stdio.o)
                0x08005114                __sclose
 .text.strlen   0x08005120       0x10 c:/program files (x86)/emide/emide v2.20/arm/bin/../lib/gcc/arm-none-eabi/4.7.4/../../../../arm-none-eabi/lib/armv6-m\libc.a(lib_a-strlen.o)
                0x08005120                strlen
 .text._write_r
                0x08005130       0x28 c:/program files (x86)/emide/emide v2.20/arm/bin/../lib/gcc/arm-none-eabi/4.7.4/../../../../arm-none-eabi/lib/armv6-m\libc.a(lib_a-writer.o)
                0x08005130                _write_r
 .text.startup.register_fini
                0x08005158       0x18 c:/program files (x86)/emide/emide v2.20/arm/bin/../lib/gcc/arm-none-eabi/4.7.4/../../../../arm-none-eabi/lib/armv6-m\libc.a(lib_a-__call_atexit.o)
 .text.atexit   0x08005170       0x10 c:/program files (x86)/emide/emide v2.20/arm/bin/../lib/gcc/arm-none-eabi/4.7.4/../../../../arm-none-eabi/lib/armv6-m\libc.a(lib_a-atexit.o)
                0x08005170                atexit
 .text._close_r
                0x08005180       0x24 c:/program files (x86)/emide/emide v2.20/arm/bin/../lib/gcc/arm-none-eabi/4.7.4/../../../../arm-none-eabi/lib/armv6-m\libc.a(lib_a-closer.o)
                0x08005180                _close_r
 .text._fclose_r
                0x080051a4       0xa0 c:/program files (x86)/emide/emide v2.20/arm/bin/../lib/gcc/arm-none-eabi/4.7.4/../../../../arm-none-eabi/lib/armv6-m\libc.a(lib_a-fclose.o)
                0x080051a4                _fclose_r
 .text.fclose   0x08005244       0x14 c:/program files (x86)/emide/emide v2.20/arm/bin/../lib/gcc/arm-none-eabi/4.7.4/../../../../arm-none-eabi/lib/armv6-m\libc.a(lib_a-fclose.o)
                0x08005244                fclose
 .text.__sfvwrite_r
                0x08005258      0x304 c:/program files (x86)/emide/emide v2.20/arm/bin/../lib/gcc/arm-none-eabi/4.7.4/../../../../arm-none-eabi/lib/armv6-m\libc.a(lib_a-fvwrite.o)
                0x08005258                __sfvwrite_r
 .text._lseek_r
                0x0800555c       0x28 c:/program files (x86)/emide/emide v2.20/arm/bin/../lib/gcc/arm-none-eabi/4.7.4/../../../../arm-none-eabi/lib/armv6-m\libc.a(lib_a-lseekr.o)
                0x0800555c                _lseek_r
 .text.memchr   0x08005584      0x120 c:/program files (x86)/emide/emide v2.20/arm/bin/../lib/gcc/arm-none-eabi/4.7.4/../../../../arm-none-eabi/lib/armv6-m\libc.a(lib_a-memchr.o)
                0x08005584                memchr
 .text.memcpy   0x080056a4      0x144 c:/program files (x86)/emide/emide v2.20/arm/bin/../lib/gcc/arm-none-eabi/4.7.4/../../../../arm-none-eabi/lib/armv6-m\libc.a(lib_a-memcpy.o)
                0x080056a4                memcpy
 .text.memmove  0x080057e8      0x19c c:/program files (x86)/emide/emide v2.20/arm/bin/../lib/gcc/arm-none-eabi/4.7.4/../../../../arm-none-eabi/lib/armv6-m\libc.a(lib_a-memmove.o)
                0x080057e8                memmove
 .text._read_r  0x08005984       0x28 c:/program files (x86)/emide/emide v2.20/arm/bin/../lib/gcc/arm-none-eabi/4.7.4/../../../../arm-none-eabi/lib/armv6-m\libc.a(lib_a-readr.o)
                0x08005984                _read_r
 .text._realloc_r
                0x080059ac      0x3d4 c:/program files (x86)/emide/emide v2.20/arm/bin/../lib/gcc/arm-none-eabi/4.7.4/../../../../arm-none-eabi/lib/armv6-m\libc.a(lib_a-reallocr.o)
                0x080059ac                _realloc_r
 .text.__swsetup_r
                0x08005d80       0xbc c:/program files (x86)/emide/emide v2.20/arm/bin/../lib/gcc/arm-none-eabi/4.7.4/../../../../arm-none-eabi/lib/armv6-m\libc.a(lib_a-wsetup.o)
                0x08005d80                __swsetup_r
 .text.__smakebuf_r
                0x08005e3c       0xdc c:/program files (x86)/emide/emide v2.20/arm/bin/../lib/gcc/arm-none-eabi/4.7.4/../../../../arm-none-eabi/lib/armv6-m\libc.a(lib_a-makebuf.o)
                0x08005e3c                __smakebuf_r
 .text._fstat_r
                0x08005f18       0x28 c:/program files (x86)/emide/emide v2.20/arm/bin/../lib/gcc/arm-none-eabi/4.7.4/../../../../arm-none-eabi/lib/armv6-m\libc.a(lib_a-fstatr.o)
                0x08005f18                _fstat_r
 .text._isatty_r
                0x08005f40       0x24 c:/program files (x86)/emide/emide v2.20/arm/bin/../lib/gcc/arm-none-eabi/4.7.4/../../../../arm-none-eabi/lib/armv6-m\libc.a(lib_a-isattyr.o)
                0x08005f40                _isatty_r
 *(.rodata)
 .rodata        0x08005f64     0x2d80 obj\Debug\Src\main.o
                0x08005f64                Graphic1
                0x08006044                f01_00
                0x0800604c                f01_01
                0x08006054                f01_02
                0x0800605c                f01_03
                0x08006070                f01_04
                0x08006080                f01_05
                0x0800608c                f01_06
                0x080060a0                f01_07
                0x080060a8                f01_08
                0x080060b8                f01_09
                0x080060c0                f01_10
                0x080060c8                f01_11
                0x080060d0                f01_12
                0x080060d8                f01_13
                0x080060ec                f01_14
                0x08006100                f01_15
                0x08006114                f01_16
                0x0800611c                f01_17
                0x08006124                f01_18
                0x0800612c                f01_19
                0x08006134                f01_20
                0x0800613c                f01_21
                0x08006144                f01_22
                0x0800614c                f01_23
                0x08006154                f01_24
                0x0800615c                f01_25
                0x08006164                f01_26
                0x0800616c                f01_27
                0x08006174                f01_28
                0x0800617c                f01_29
                0x08006184                f01_30
                0x0800618c                f01_31
                0x08006194                f01_32
                0x0800619c                f01_33
                0x080061a4                f01_34
                0x080061ac                f01_35
                0x080061b4                f01_36
                0x080061bc                f01_37
                0x080061c4                f01_38
                0x080061cc                f01_39
                0x080061d4                f01_40
                0x080061dc                f01_41
                0x080061e4                f01_42
                0x080061ec                f01_43
                0x080061f4                f01_44
                0x080061fc                f01_45
                0x08006204                f01_46
                0x0800620c                f01_47
                0x08006214                f01_48
                0x0800621c                f01_49
                0x08006224                f01_50
                0x0800622c                f01_51
                0x08006234                f01_52
                0x0800623c                f01_53
                0x08006244                f01_54
                0x0800624c                f01_55
                0x08006254                f01_56
                0x0800625c                f01_57
                0x08006264                f01_58
                0x0800626c                f01_59
                0x08006274                f01_60
                0x0800627c                f01_61
                0x08006284                f01_62
                0x0800628c                f01_63
                0x08006294                f01_64
                0x0800629c                f01_65
                0x080062a4                f01_66
                0x080062ac                f01_67
                0x080062b4                f01_68
                0x080062bc                f01_69
                0x080062c4                f01_70
                0x080062cc                f01_71
                0x080062d4                f01_72
                0x080062dc                f01_73
                0x080062e4                f01_74
                0x080062ec                f01_75
                0x080062f4                f01_76
                0x080062fc                f01_77
                0x08006304                f01_78
                0x0800630c                f01_79
                0x08006314                f01_80
                0x0800631c                f01_81
                0x08006324                f01_82
                0x0800632c                f01_83
                0x08006334                f01_84
                0x0800633c                f01_85
                0x08006344                f01_86
                0x0800634c                f01_87
                0x08006354                f01_88
                0x0800635c                f01_89
                0x08006364                f01_90
                0x0800636c                f01_91
                0x08006374                f01_92
                0x0800637c                f01_93
                0x08006384                f01_94
                0x0800638c                f01_95
                0x08006394                f01_96
                0x0800639c                f01_97
                0x080063a4                f01_98
                0x080063ac                f01_99
                0x080063b4                f01_100
                0x080063bc                f01_101
                0x080063c4                f01_102
                0x080063cc                f01_103
                0x080063d4                f01_104
                0x080063dc                f01_105
                0x080063e4                f01_106
                0x080063ec                f01_107
                0x080063f4                f01_108
                0x080063fc                f01_109
                0x08006404                f01_110
                0x0800640c                f01_111
                0x08006414                f01_112
                0x0800641c                f01_113
                0x08006424                f01_114
                0x0800642c                f01_115
                0x08006434                f01_116
                0x0800643c                f01_117
                0x08006444                f01_118
                0x0800644c                f01_119
                0x08006454                f01_120
                0x0800645c                f01_121
                0x08006464                f01_122
                0x0800646c                f01_123
                0x08006474                f01_124
                0x0800647c                f01_125
                0x08006484                f01_126
                0x0800648c                f01_127
                0x08006494                f01_128
                0x0800649c                f01_129
                0x080064a4                f01_130
                0x080064ac                f01_131
                0x080064b4                f01_132
                0x080064bc                f01_133
                0x080064c4                f01_134
                0x080064cc                f01_135
                0x080064d4                f01_136
                0x080064dc                f01_137
                0x080064e4                f01_138
                0x080064ec                f01_139
                0x080064f4                f01_140
                0x080064fc                f01_141
                0x08006504                f01_142
                0x0800650c                f01_143
                0x08006514                f01_144
                0x0800651c                f01_145
                0x08006524                f01_146
                0x0800652c                f01_147
                0x08006534                f01_148
                0x0800653c                f01_149
                0x08006544                f01_150
                0x0800654c                f01_151
                0x08006554                f01_152
                0x0800655c                f01_153
                0x08006564                f01_154
                0x0800656c                f01_155
                0x08006574                f01_156
                0x0800657c                f01_157
                0x08006584                f01_158
                0x0800658c                f01_159
                0x08006594                f01_160
                0x0800659c                f01_161
                0x080065a4                f01_162
                0x080065ac                f01_163
                0x080065b4                f01_164
                0x080065bc                f01_165
                0x080065c4                f01_166
                0x080065cc                f01_167
                0x080065d4                f01_168
                0x080065dc                f01_169
                0x080065e4                f01_170
                0x080065ec                f01_171
                0x080065f4                f01_172
                0x080065fc                f01_173
                0x08006604                f01_174
                0x0800660c                f01_175
                0x08006614                f01_176
                0x0800661c                f01_177
                0x08006624                f01_178
                0x0800662c                f01_179
                0x08006634                f01_180
                0x0800663c                f01_181
                0x08006644                f01_182
                0x0800664c                f01_183
                0x08006654                f01_184
                0x0800665c                f01_185
                0x08006664                f01_186
                0x0800666c                f01_187
                0x08006674                f01_188
                0x0800667c                f01_189
                0x08006684                f01_190
                0x0800668c                f01_191
                0x08006694                f01_192
                0x0800669c                f01_193
                0x080066a4                f01_194
                0x080066ac                f01_195
                0x080066b4                f01_196
                0x080066bc                f01_197
                0x080066c4                f01_198
                0x080066cc                f01_199
                0x080066d4                f01_200
                0x080066dc                f01_201
                0x080066e4                f01_202
                0x080066ec                f01_203
                0x080066f4                f01_204
                0x080066fc                f01_205
                0x08006704                f01_206
                0x0800670c                f01_207
                0x08006714                f01_208
                0x0800671c                f01_209
                0x08006724                f01_210
                0x0800672c                f01_211
                0x08006734                f01_212
                0x0800673c                f01_213
                0x08006744                f01_214
                0x0800674c                f01_215
                0x08006754                f01_216
                0x0800675c                f01_217
                0x08006764                f01_218
                0x0800676c                f01_219
                0x08006774                f01_220
                0x0800677c                f01_221
                0x08006784                f01_222
                0x0800678c                f01_223
                0x08006794                f01_224
                0x0800679c                f01_225
                0x080067a4                f01_226
                0x080067ac                f01_227
                0x080067b4                f01_228
                0x080067bc                f01_229
                0x080067c4                f01_230
                0x080067cc                f01_231
                0x080067d4                f01_232
                0x080067dc                f01_233
                0x080067e4                f01_234
                0x080067ec                f01_235
                0x080067f4                f01_236
                0x080067fc                f01_237
                0x08006804                f01_238
                0x0800680c                f01_239
                0x08006814                f01_240
                0x0800681c                f01_241
                0x08006824                f01_242
                0x0800682c                f01_243
                0x08006834                f01_244
                0x0800683c                f01_245
                0x08006844                f01_246
                0x0800684c                f01_247
                0x08006854                f01_248
                0x0800685c                f01_249
                0x08006864                f01_250
                0x0800686c                f01_251
                0x08006874                f01_252
                0x0800687c                f01_253
                0x08006884                f01_254
                0x0800688c                f01_255
                0x08006894                Font1
                0x08006c94                f02_default
                0x08006ca4                f02_29
                0x08006cb8                f02_30
                0x08006ccc                f02_31
                0x08006ce0                f02_32
                0x08006cf4                f02_33
                0x08006cfc                f02_34
                0x08006d08                f02_35
                0x08006d20                f02_36
                0x08006d34                f02_37
                0x08006d54                f02_38
                0x08006d6c                f02_39
                0x08006d74                f02_40
                0x08006d80                f02_41
                0x08006d8c                f02_42
                0x08006da0                f02_43
                0x08006db0                f02_44
                0x08006dbc                f02_45
                0x08006dc8                f02_46
                0x08006dd4                f02_47
                0x08006de4                f02_48
                0x08006df8                f02_49
                0x08006e04                f02_50
                0x08006e14                f02_51
                0x08006e28                f02_52
                0x08006e3c                f02_53
                0x08006e50                f02_54
                0x08006e64                f02_55
                0x08006e78                f02_56
                0x08006e8c                f02_57
                0x08006ea0                f02_58
                0x08006ea8                f02_59
                0x08006eb0                f02_60
                0x08006ec4                f02_61
                0x08006ed8                f02_62
                0x08006eec                f02_63
                0x08006f00                f02_64
                0x08006f1c                f02_65
                0x08006f30                f02_66
                0x08006f48                f02_67
                0x08006f60                f02_68
                0x08006f78                f02_69
                0x08006f8c                f02_70
                0x08006fa0                f02_71
                0x08006fb8                f02_72
                0x08006fd0                f02_73
                0x08006fd8                f02_74
                0x08006fe4                f02_75
                0x08006ffc                f02_76
                0x0800700c                f02_77
                0x08007028                f02_78
                0x08007040                f02_79
                0x0800705c                f02_80
                0x08007074                f02_81
                0x08007090                f02_82
                0x080070a8                f02_83
                0x080070bc                f02_84
                0x080070d0                f02_85
                0x080070e8                f02_86
                0x080070fc                f02_87
                0x0800711c                f02_88
                0x08007134                f02_89
                0x0800714c                f02_90
                0x08007164                f02_91
                0x08007170                f02_92
                0x08007180                f02_93
                0x0800718c                f02_94
                0x0800719c                f02_95
                0x080071b0                f02_96
                0x080071bc                f02_97
                0x080071d0                f02_98
                0x080071e4                f02_99
                0x080071f8                f02_100
                0x0800720c                f02_101
                0x08007220                f02_102
                0x08007230                f02_103
                0x08007244                f02_104
                0x08007258                f02_105
                0x08007260                f02_106
                0x0800726c                f02_107
                0x08007280                f02_108
                0x08007288                f02_109
                0x080072a4                f02_110
                0x080072b8                f02_111
                0x080072cc                f02_112
                0x080072e0                f02_113
                0x080072f4                f02_114
                0x08007308                f02_115
                0x08007318                f02_116
                0x08007324                f02_117
                0x08007338                f02_118
                0x0800734c                f02_119
                0x08007364                f02_120
                0x08007374                f02_121
                0x08007388                f02_122
                0x0800739c                f02_123
                0x080073ac                f02_124
                0x080073b4                f02_125
                0x080073c4                f02_126
                0x080073d8                Font2
                0x080077d8                f03_00
                0x080077e0                f03_01
                0x080077e8                f03_02
                0x080077f0                f03_32
                0x080077f8                f03_33
                0x080077fc                f03_34
                0x08007800                f03_35
                0x08007808                f03_36
                0x08007810                f03_37
                0x08007818                f03_38
                0x08007820                f03_39
                0x08007824                f03_40
                0x08007828                f03_41
                0x0800782c                f03_42
                0x08007834                f03_43
                0x0800783c                f03_44
                0x08007840                f03_45
                0x08007848                f03_46
                0x0800784c                f03_47
                0x08007850                f03_48
                0x08007858                f03_49
                0x0800785c                f03_50
                0x08007864                f03_51
                0x0800786c                f03_52
                0x08007874                f03_53
                0x0800787c                f03_54
                0x08007884                f03_55
                0x0800788c                f03_56
                0x08007894                f03_57
                0x0800789c                f03_58
                0x080078a0                f03_59
                0x080078a4                f03_60
                0x080078ac                f03_61
                0x080078b4                f03_62
                0x080078bc                f03_63
                0x080078c4                f03_64
                0x080078cc                f03_65
                0x080078d4                f03_66
                0x080078dc                f03_67
                0x080078e4                f03_68
                0x080078ec                f03_69
                0x080078f4                f03_70
                0x080078fc                f03_71
                0x08007904                f03_72
                0x0800790c                f03_73
                0x08007910                f03_74
                0x08007918                f03_75
                0x08007920                f03_76
                0x08007928                f03_77
                0x08007930                f03_78
                0x08007938                f03_79
                0x08007940                f03_80
                0x08007948                f03_81
                0x08007950                f03_82
                0x08007958                f03_83
                0x08007960                f03_84
                0x08007968                f03_85
                0x08007970                f03_86
                0x08007978                f03_87
                0x08007980                f03_88
                0x08007988                f03_89
                0x08007990                f03_90
                0x08007998                f03_91
                0x080079a0                f03_92
                0x080079a8                f03_93
                0x080079b0                f03_94
                0x080079b8                f03_95
                0x080079c0                f03_96
                0x080079c8                f03_97
                0x080079d0                f03_98
                0x080079d8                f03_99
                0x080079e0                f03_100
                0x080079e8                f03_101
                0x080079f0                f03_102
                0x080079f8                f03_103
                0x08007a00                f03_104
                0x08007a08                f03_105
                0x08007a10                f03_106
                0x08007a18                f03_107
                0x08007a20                f03_108
                0x08007a28                f03_109
                0x08007a30                f03_110
                0x08007a38                f03_111
                0x08007a40                f03_112
                0x08007a48                f03_113
                0x08007a50                f03_114
                0x08007a58                f03_115
                0x08007a60                f03_116
                0x08007a68                f03_117
                0x08007a70                f03_118
                0x08007a78                f03_119
                0x08007a80                f03_120
                0x08007a88                f03_121
                0x08007a90                f03_122
                0x08007a98                f03_123
                0x08007aa0                f03_124
                0x08007aa8                f03_125
                0x08007ab0                f03_126
                0x08007ab8                f03_127
                0x08007ac0                f03_128
                0x08007ac8                f03_129
                0x08007ad0                f03_130
                0x08007ad8                f03_131
                0x08007ae0                f03_132
                0x08007ae8                f03_133
                0x08007af0                f03_134
                0x08007af8                f03_135
                0x08007b00                f03_136
                0x08007b08                f03_137
                0x08007b10                f03_138
                0x08007b18                f03_139
                0x08007b20                f03_140
                0x08007b28                f03_141
                0x08007b30                f03_142
                0x08007b38                f03_143
                0x08007b40                f03_144
                0x08007b48                f03_145
                0x08007b50                f03_146
                0x08007b58                f03_147
                0x08007b60                f03_148
                0x08007b68                f03_149
                0x08007b70                f03_150
                0x08007b78                f03_151
                0x08007b80                f03_152
                0x08007b88                f03_153
                0x08007b90                f03_154
                0x08007b98                f03_155
                0x08007ba0                f03_156
                0x08007ba8                f03_157
                0x08007bb0                f03_158
                0x08007bb8                f03_159
                0x08007bc0                f03_160
                0x08007bc8                f03_161
                0x08007bd0                f03_162
                0x08007bd8                f03_163
                0x08007be0                f03_164
                0x08007be8                f03_165
                0x08007bf0                f03_166
                0x08007bf8                f03_167
                0x08007c00                f03_168
                0x08007c08                f03_169
                0x08007c10                f03_170
                0x08007c18                f03_171
                0x08007c20                f03_172
                0x08007c28                f03_173
                0x08007c30                f03_174
                0x08007c38                f03_175
                0x08007c40                f03_176
                0x08007c48                f03_177
                0x08007c50                f03_178
                0x08007c58                f03_179
                0x08007c60                f03_180
                0x08007c68                f03_181
                0x08007c70                f03_182
                0x08007c78                f03_183
                0x08007c80                f03_184
                0x08007c88                f03_185
                0x08007c90                f03_186
                0x08007c98                f03_187
                0x08007ca0                f03_188
                0x08007ca8                f03_189
                0x08007cb0                f03_190
                0x08007cb8                f03_191
                0x08007cc0                f03_192
                0x08007cc8                f03_193
                0x08007cd0                f03_194
                0x08007cd8                f03_195
                0x08007ce0                f03_196
                0x08007ce8                f03_197
                0x08007cf0                f03_198
                0x08007cf8                f03_199
                0x08007d00                f03_200
                0x08007d08                f03_201
                0x08007d10                f03_202
                0x08007d18                f03_203
                0x08007d20                f03_204
                0x08007d28                f03_205
                0x08007d30                f03_206
                0x08007d38                f03_207
                0x08007d40                f03_208
                0x08007d48                f03_209
                0x08007d50                f03_210
                0x08007d58                f03_211
                0x08007d60                f03_212
                0x08007d68                f03_213
                0x08007d70                f03_214
                0x08007d78                f03_215
                0x08007d80                f03_216
                0x08007d88                f03_217
                0x08007d90                f03_218
                0x08007d98                f03_219
                0x08007da0                f03_220
                0x08007da8                f03_221
                0x08007db0                f03_222
                0x08007db8                f03_223
                0x08007dc0                f03_224
                0x08007dc8                f03_225
                0x08007dd0                f03_226
                0x08007dd8                f03_227
                0x08007de0                f03_228
                0x08007de8                f03_229
                0x08007df0                f03_230
                0x08007df8                f03_231
                0x08007e00                f03_232
                0x08007e08                f03_233
                0x08007e10                f03_234
                0x08007e18                f03_235
                0x08007e20                f03_236
                0x08007e28                f03_237
                0x08007e30                f03_238
                0x08007e38                f03_239
                0x08007e40                f03_240
                0x08007e48                f03_241
                0x08007e50                f03_242
                0x08007e58                f03_243
                0x08007e60                f03_244
                0x08007e68                f03_245
                0x08007e70                f03_246
                0x08007e78                f03_247
                0x08007e80                f03_248
                0x08007e88                f03_249
                0x08007e90                f03_250
                0x08007e98                f03_251
                0x08007ea0                f03_252
                0x08007ea8                f03_253
                0x08007eb0                f03_254
                0x08007eb8                f03_255
                0x08007ec0                Font3
                0x080082c0                f04_32
                0x080082cc                f04_33
                0x080082d4                f04_34
                0x080082e0                f04_35
                0x080082f0                f04_36
                0x08008300                f04_37
                0x08008314                f04_38
                0x08008328                f04_39
                0x08008330                f04_40
                0x08008338                f04_41
                0x08008340                f04_42
                0x08008350                f04_43
                0x0800835c                f04_44
                0x08008364                f04_45
                0x0800836c                f04_46
                0x08008374                f04_47
                0x08008380                f04_48
                0x08008390                f04_49
                0x0800839c                f04_50
                0x080083ac                f04_51
                0x080083bc                f04_52
                0x080083cc                f04_53
                0x080083dc                f04_54
                0x080083ec                f04_55
                0x080083fc                f04_56
                0x0800840c                f04_57
                0x0800841c                f04_58
                0x08008424                f04_59
                0x0800843c                f04_60
                0x08008448                f04_61
                0x08008458                f04_62
                0x08008464                f04_63
                0x08008470                f04_64
                0x08008484                f04_65
                0x08008494                f04_66
                0x080084a4                f04_67
                0x080084b4                f04_68
                0x080084c4                f04_69
                0x080084d0                f04_70
                0x080084e0                f04_71
                0x080084f4                f04_72
                0x08008508                f04_73
                0x08008510                f04_74
                0x08008520                f04_75
                0x08008534                f04_76
                0x08008544                f04_77
                0x08008558                f04_78
                0x0800856c                f04_79
                0x08008580                f04_80
                0x08008590                f04_81
                0x080085a4                f04_82
                0x080085b8                f04_83
                0x080085c8                f04_84
                0x080085dc                f04_85
                0x080085f0                f04_86
                0x08008600                f04_87
                0x08008618                f04_88
                0x0800862c                f04_89
                0x08008640                f04_90
                0x08008650                f04_91
                0x0800865c                f04_92
                0x08008668                f04_93
                0x08008674                f04_94
                0x08008680                f04_95
                0x08008694                f04_96
                0x0800869c                f04_97
                0x080086ac                f04_98
                0x080086bc                f04_99
                0x080086cc                f04_100
                0x080086dc                f04_101
                0x080086ec                f04_102
                0x080086f8                f04_103
                0x08008708                f04_104
                0x08008718                f04_105
                0x08008720                f04_106
                0x0800872c                f04_107
                0x0800873c                f04_108
                0x08008744                f04_109
                0x0800875c                f04_110
                0x0800876c                f04_111
                0x0800877c                f04_112
                0x0800878c                f04_113
                0x0800879c                f04_114
                0x080087a8                f04_115
                0x080087b4                f04_116
                0x080087c0                f04_117
                0x080087d0                f04_118
                0x080087e0                f04_119
                0x080087f8                f04_120
                0x08008808                f04_121
                0x08008818                f04_122
                0x08008828                f04_123
                0x08008840                f04_124
                0x08008858                f04_125
                0x08008870                f04_126
                0x08008888                f04_DEFAULT
                0x08008898                Font4
 *(.rodata*)
 .rodata.str1.4
                0x08008ce4        0x2 c:/program files (x86)/emide/emide v2.20/arm/bin/../lib/gcc/arm-none-eabi/4.7.4/../../../../arm-none-eabi/lib/armv6-m\libc.a(lib_a-impure.o)
                                  0x4 (size before relaxing)
 *fill*         0x08008ce6        0x2 00
 .rodata._global_impure_ptr
                0x08008ce8        0x4 c:/program files (x86)/emide/emide v2.20/arm/bin/../lib/gcc/arm-none-eabi/4.7.4/../../../../arm-none-eabi/lib/armv6-m\libc.a(lib_a-impure.o)
                0x08008ce8                _global_impure_ptr
 .rodata.str1.4
                0x08008cec        0x4 c:/program files (x86)/emide/emide v2.20/arm/bin/../lib/gcc/arm-none-eabi/4.7.4/../../../../arm-none-eabi/lib/armv6-m\libc.a(lib_a-puts.o)
 *(.glue_7)
 .glue_7        0x00000000        0x0 linker stubs
 *(.glue_7t)
 .glue_7t       0x00000000        0x0 linker stubs
 *(.eh_frame)
 .eh_frame      0x08008cf0        0x0 c:/program files (x86)/emide/emide v2.20/arm/bin/../lib/gcc/arm-none-eabi/4.7.4/armv6-m/crtbegin.o
 *(.init)
 .init          0x08008cf0        0x4 c:/program files (x86)/emide/emide v2.20/arm/bin/../lib/gcc/arm-none-eabi/4.7.4/armv6-m/crti.o
                0x08008cf0                _init
 .init          0x08008cf4        0x8 c:/program files (x86)/emide/emide v2.20/arm/bin/../lib/gcc/arm-none-eabi/4.7.4/armv6-m/crtn.o
 *(.fini)
 .fini          0x08008cfc        0x4 c:/program files (x86)/emide/emide v2.20/arm/bin/../lib/gcc/arm-none-eabi/4.7.4/armv6-m/crti.o
                0x08008cfc                _fini
 .fini          0x08008d00        0x8 c:/program files (x86)/emide/emide v2.20/arm/bin/../lib/gcc/arm-none-eabi/4.7.4/armv6-m/crtn.o
                0x08008d08                . = ALIGN (0x4)
                0x08008d08                _etext = .

.vfp11_veneer   0x08008d08        0x0
 .vfp11_veneer  0x00000000        0x0 linker stubs

.v4_bx          0x08008d08        0x0
 .v4_bx         0x00000000        0x0 linker stubs

.iplt           0x08008d08        0x0
 .iplt          0x00000000        0x0 c:/program files (x86)/emide/emide v2.20/arm/bin/../lib/gcc/arm-none-eabi/4.7.4/armv6-m/crtbegin.o

.ARM.extab
 *(.ARM.extab* .gnu.linkonce.armextab.*)

.ARM            0x08008d08        0x8
                0x08008d08                __exidx_start = .
 *(.ARM.exidx*)
 .ARM.exidx     0x08008d08        0x8 c:/program files (x86)/emide/emide v2.20/arm/bin/../lib/gcc/arm-none-eabi/4.7.4/armv6-m\libgcc.a(_divdi3.o)
 .ARM.exidx     0x08008d10        0x0 c:/program files (x86)/emide/emide v2.20/arm/bin/../lib/gcc/arm-none-eabi/4.7.4/armv6-m\libgcc.a(_udivdi3.o)
                                  0x8 (size before relaxing)
                0x08008d10                __exidx_end = .

.rel.dyn        0x08008d10        0x0
 .rel.iplt      0x00000000        0x0 c:/program files (x86)/emide/emide v2.20/arm/bin/../lib/gcc/arm-none-eabi/4.7.4/armv6-m/crtbegin.o

.preinit_array  0x08008d10        0x0
                0x08008d10                PROVIDE (__preinit_array_start, .)
 *(.preinit_array*)
                0x08008d10                PROVIDE (__preinit_array_end, .)

.init_array     0x08008d10        0x8
                0x08008d10                PROVIDE (__init_array_start, .)
 *(SORT(.init_array.*))
 .init_array.00000
                0x08008d10        0x4 c:/program files (x86)/emide/emide v2.20/arm/bin/../lib/gcc/arm-none-eabi/4.7.4/../../../../arm-none-eabi/lib/armv6-m\libc.a(lib_a-__call_atexit.o)
 *(.init_array*)
 .init_array    0x08008d14        0x4 c:/program files (x86)/emide/emide v2.20/arm/bin/../lib/gcc/arm-none-eabi/4.7.4/armv6-m/crtbegin.o
                0x08008d18                PROVIDE (__init_array_end, .)

.fini_array     0x08008d18        0x4
                0x08008d18                PROVIDE (__fini_array_start, .)
 *(SORT(.fini_array.*))
 *(.fini_array*)
 .fini_array    0x08008d18        0x4 c:/program files (x86)/emide/emide v2.20/arm/bin/../lib/gcc/arm-none-eabi/4.7.4/armv6-m/crtbegin.o
                0x08008d1c                PROVIDE (__fini_array_end, .)
                0x08008d1c                _sidata = LOADADDR (.data)

.data           0x20000000      0x864 load address 0x08008d1c
                0x20000000                . = ALIGN (0x4)
                0x20000000                _sdata = .
 *(.data)
 .data          0x20000000       0x10 obj\Debug\Libraries\STM32F0xx_StdPeriph_Driver\src\stm32f0xx_rcc.o
 .data          0x20000010       0x14 obj\Debug\Src\system_stm32f0xx.o
                0x20000010                SystemCoreClock
                0x20000014                AHBPrescTable
 *(.data*)
 *fill*         0x20000024        0x4 00
 .data.impure_data
                0x20000028      0x428 c:/program files (x86)/emide/emide v2.20/arm/bin/../lib/gcc/arm-none-eabi/4.7.4/../../../../arm-none-eabi/lib/armv6-m\libc.a(lib_a-impure.o)
 .data._impure_ptr
                0x20000450        0x4 c:/program files (x86)/emide/emide v2.20/arm/bin/../lib/gcc/arm-none-eabi/4.7.4/../../../../arm-none-eabi/lib/armv6-m\libc.a(lib_a-impure.o)
                0x20000450                _impure_ptr
 .data.__malloc_av_
                0x20000454      0x408 c:/program files (x86)/emide/emide v2.20/arm/bin/../lib/gcc/arm-none-eabi/4.7.4/../../../../arm-none-eabi/lib/armv6-m\libc.a(lib_a-mallocr.o)
                0x20000454                __malloc_av_
 .data.__malloc_trim_threshold
                0x2000085c        0x4 c:/program files (x86)/emide/emide v2.20/arm/bin/../lib/gcc/arm-none-eabi/4.7.4/../../../../arm-none-eabi/lib/armv6-m\libc.a(lib_a-mallocr.o)
                0x2000085c                __malloc_trim_threshold
 .data.__malloc_sbrk_base
                0x20000860        0x4 c:/program files (x86)/emide/emide v2.20/arm/bin/../lib/gcc/arm-none-eabi/4.7.4/../../../../arm-none-eabi/lib/armv6-m\libc.a(lib_a-mallocr.o)
                0x20000860                __malloc_sbrk_base
                0x20000864                . = ALIGN (0x4)
                0x20000864                _edata = .

.jcr            0x20000864        0x0 load address 0x08009580
 .jcr           0x20000864        0x0 c:/program files (x86)/emide/emide v2.20/arm/bin/../lib/gcc/arm-none-eabi/4.7.4/armv6-m/crtbegin.o

.igot.plt       0x20000864        0x0 load address 0x08009580
 .igot.plt      0x00000000        0x0 c:/program files (x86)/emide/emide v2.20/arm/bin/../lib/gcc/arm-none-eabi/4.7.4/armv6-m/crtbegin.o
                0x20000864                . = ALIGN (0x4)

.bss            0x20000864      0x1e4 load address 0x08009580
                0x20000864                _sbss = .
                0x20000864                __bss_start__ = _sbss
 *(.bss)
 .bss           0x20000864       0x1c c:/program files (x86)/emide/emide v2.20/arm/bin/../lib/gcc/arm-none-eabi/4.7.4/armv6-m/crtbegin.o
 .bss           0x20000880        0x8 obj\Debug\Src\main.o
                0x20000880                timer
                0x20000884                timerFlag
 .bss           0x20000888        0x4 obj\Debug\Src\syscalls.o
                0x20000888                heap_end
 *(.bss*)
 .bss.__malloc_max_total_mem
                0x2000088c        0x4 c:/program files (x86)/emide/emide v2.20/arm/bin/../lib/gcc/arm-none-eabi/4.7.4/../../../../arm-none-eabi/lib/armv6-m\libc.a(lib_a-mallocr.o)
                0x2000088c                __malloc_max_total_mem
 .bss.__malloc_max_sbrked_mem
                0x20000890        0x4 c:/program files (x86)/emide/emide v2.20/arm/bin/../lib/gcc/arm-none-eabi/4.7.4/../../../../arm-none-eabi/lib/armv6-m\libc.a(lib_a-mallocr.o)
                0x20000890                __malloc_max_sbrked_mem
 .bss.__malloc_top_pad
                0x20000894        0x4 c:/program files (x86)/emide/emide v2.20/arm/bin/../lib/gcc/arm-none-eabi/4.7.4/../../../../arm-none-eabi/lib/armv6-m\libc.a(lib_a-mallocr.o)
                0x20000894                __malloc_top_pad
 .bss.__malloc_current_mallinfo
                0x20000898       0x28 c:/program files (x86)/emide/emide v2.20/arm/bin/../lib/gcc/arm-none-eabi/4.7.4/../../../../arm-none-eabi/lib/armv6-m\libc.a(lib_a-mallocr.o)
                0x20000898                __malloc_current_mallinfo
 *(COMMON)
 COMMON         0x200008c0      0x101 obj\Debug\Src\display.o
                0x200008c0                framebuffer
                0x200009bf                DISPLAY_COLUMN
                0x200009c0                DISPLAY_ROW
 *fill*         0x200009c1        0x3 00
 COMMON         0x200009c4       0x24 obj\Debug\Src\i2c.o
                0x200009c4                I2C_InitStructure
                0x200009e0                GPIO_InitStructure
 COMMON         0x200009e8       0x5b obj\Debug\Src\main.o
                0x200009e8                arr
                0x20000a08                testvar
                0x20000a0c                USART_ClockInitStructure
                0x20000a1c                TickFlagI2C
                0x20000a20                USART_InitStructure
                0x20000a38                rxchar
                0x20000a3c                toggle
                0x20000a40                NVIC_InitStructure
 *fill*         0x20000a43        0x1 00
 COMMON         0x20000a44        0x4 c:/program files (x86)/emide/emide v2.20/arm/bin/../lib/gcc/arm-none-eabi/4.7.4/../../../../arm-none-eabi/lib/armv6-m\libc.a(lib_a-reent.o)
                0x20000a44                errno
                0x20000a48                . = ALIGN (0x4)
                0x20000a48                _ebss = .
                0x20000a48                __bss_end__ = _ebss

._user_heap_stack
                0x20000a48      0x880 load address 0x08009580
                0x20000a48                . = ALIGN (0x4)
                0x20000a48                __heap_start__ = .
                0x20000a48                PROVIDE (end, .)
                0x20000a48                PROVIDE (_end, .)
                0x20001248                . = (. + _Min_Heap_Size)
 *fill*         0x20000a48      0x800 00
                0x20001248                __heap_end__ = .
                0x200012c8                . = (. + _Min_Stack_Size)
 *fill*         0x20001248       0x80 00
                0x200012c8                . = ALIGN (0x4)

.memory_b1_text
 *(.mb1text)
 *(.mb1text*)
 *(.mb1rodata)
 *(.mb1rodata*)

/DISCARD/
 libc.a(*)
 libm.a(*)
 libgcc.a(*)

.ARM.attributes
                0x00000000       0x28
 *(.ARM.attributes)
 .ARM.attributes
                0x00000000       0x1e c:/program files (x86)/emide/emide v2.20/arm/bin/../lib/gcc/arm-none-eabi/4.7.4/armv6-m/crti.o
 .ARM.attributes
                0x0000001e       0x2c c:/program files (x86)/emide/emide v2.20/arm/bin/../lib/gcc/arm-none-eabi/4.7.4/armv6-m/crtbegin.o
 .ARM.attributes
                0x0000004a       0x31 obj\Debug\Libraries\STM32F0xx_StdPeriph_Driver\src\stm32f0xx_gpio.o
 .ARM.attributes
                0x0000007b       0x31 obj\Debug\Libraries\STM32F0xx_StdPeriph_Driver\src\stm32f0xx_i2c.o
 .ARM.attributes
                0x000000ac       0x31 obj\Debug\Libraries\STM32F0xx_StdPeriph_Driver\src\stm32f0xx_misc.o
 .ARM.attributes
                0x000000dd       0x31 obj\Debug\Libraries\STM32F0xx_StdPeriph_Driver\src\stm32f0xx_rcc.o
 .ARM.attributes
                0x0000010e       0x31 obj\Debug\Libraries\STM32F0xx_StdPeriph_Driver\src\stm32f0xx_usart.o
 .ARM.attributes
                0x0000013f       0x21 obj\Debug\Setup\startup.o
 .ARM.attributes
                0x00000160       0x31 obj\Debug\Src\display.o
 .ARM.attributes
                0x00000191       0x31 obj\Debug\Src\graphlib.o
 .ARM.attributes
                0x000001c2       0x31 obj\Debug\Src\i2c.o
 .ARM.attributes
                0x000001f3       0x31 obj\Debug\Src\main.o
 .ARM.attributes
                0x00000224       0x31 obj\Debug\Src\stm32f0xx_it.o
 .ARM.attributes
                0x00000255       0x31 obj\Debug\Src\syscalls.o
 .ARM.attributes
                0x00000286       0x31 obj\Debug\Src\system_stm32f0xx.o
 .ARM.attributes
                0x000002b7       0x1e c:/program files (x86)/emide/emide v2.20/arm/bin/../lib/gcc/arm-none-eabi/4.7.4/armv6-m\libgcc.a(_udivsi3.o)
 .ARM.attributes
                0x000002d5       0x1e c:/program files (x86)/emide/emide v2.20/arm/bin/../lib/gcc/arm-none-eabi/4.7.4/armv6-m\libgcc.a(_dvmd_tls.o)
 .ARM.attributes
                0x000002f3       0x1e c:/program files (x86)/emide/emide v2.20/arm/bin/../lib/gcc/arm-none-eabi/4.7.4/armv6-m\libgcc.a(_aeabi_uldivmod.o)
 .ARM.attributes
                0x00000311       0x2c c:/program files (x86)/emide/emide v2.20/arm/bin/../lib/gcc/arm-none-eabi/4.7.4/armv6-m\libgcc.a(_muldi3.o)
 .ARM.attributes
                0x0000033d       0x2c c:/program files (x86)/emide/emide v2.20/arm/bin/../lib/gcc/arm-none-eabi/4.7.4/armv6-m\libgcc.a(bpabi.o)
 .ARM.attributes
                0x00000369       0x2c c:/program files (x86)/emide/emide v2.20/arm/bin/../lib/gcc/arm-none-eabi/4.7.4/armv6-m\libgcc.a(_divdi3.o)
 .ARM.attributes
                0x00000395       0x2c c:/program files (x86)/emide/emide v2.20/arm/bin/../lib/gcc/arm-none-eabi/4.7.4/armv6-m\libgcc.a(_udivdi3.o)
 .ARM.attributes
                0x000003c1       0x1e c:/program files (x86)/emide/emide v2.20/arm/bin/../lib/gcc/arm-none-eabi/4.7.4/armv6-m\libgcc.a(_clzsi2.o)
 .ARM.attributes
                0x000003df       0x2c c:/program files (x86)/emide/emide v2.20/arm/bin/../lib/gcc/arm-none-eabi/4.7.4/../../../../arm-none-eabi/lib/armv6-m\libc.a(lib_a-__atexit.o)
 .ARM.attributes
                0x0000040b       0x2c c:/program files (x86)/emide/emide v2.20/arm/bin/../lib/gcc/arm-none-eabi/4.7.4/../../../../arm-none-eabi/lib/armv6-m\libc.a(lib_a-errno.o)
 .ARM.attributes
                0x00000437       0x2c c:/program files (x86)/emide/emide v2.20/arm/bin/../lib/gcc/arm-none-eabi/4.7.4/../../../../arm-none-eabi/lib/armv6-m\libc.a(lib_a-fflush.o)
 .ARM.attributes
                0x00000463       0x2c c:/program files (x86)/emide/emide v2.20/arm/bin/../lib/gcc/arm-none-eabi/4.7.4/../../../../arm-none-eabi/lib/armv6-m\libc.a(lib_a-findfp.o)
 .ARM.attributes
                0x0000048f       0x2c c:/program files (x86)/emide/emide v2.20/arm/bin/../lib/gcc/arm-none-eabi/4.7.4/../../../../arm-none-eabi/lib/armv6-m\libc.a(lib_a-fini.o)
 .ARM.attributes
                0x000004bb       0x2c c:/program files (x86)/emide/emide v2.20/arm/bin/../lib/gcc/arm-none-eabi/4.7.4/../../../../arm-none-eabi/lib/armv6-m\libc.a(lib_a-freer.o)
 .ARM.attributes
                0x000004e7       0x2c c:/program files (x86)/emide/emide v2.20/arm/bin/../lib/gcc/arm-none-eabi/4.7.4/../../../../arm-none-eabi/lib/armv6-m\libc.a(lib_a-fwalk.o)
 .ARM.attributes
                0x00000513       0x2c c:/program files (x86)/emide/emide v2.20/arm/bin/../lib/gcc/arm-none-eabi/4.7.4/../../../../arm-none-eabi/lib/armv6-m\libc.a(lib_a-impure.o)
 .ARM.attributes
                0x0000053f       0x2c c:/program files (x86)/emide/emide v2.20/arm/bin/../lib/gcc/arm-none-eabi/4.7.4/../../../../arm-none-eabi/lib/armv6-m\libc.a(lib_a-init.o)
 .ARM.attributes
                0x0000056b       0x2c c:/program files (x86)/emide/emide v2.20/arm/bin/../lib/gcc/arm-none-eabi/4.7.4/../../../../arm-none-eabi/lib/armv6-m\libc.a(lib_a-mallocr.o)
 .ARM.attributes
                0x00000597       0x2c c:/program files (x86)/emide/emide v2.20/arm/bin/../lib/gcc/arm-none-eabi/4.7.4/../../../../arm-none-eabi/lib/armv6-m\libc.a(lib_a-memset.o)
 .ARM.attributes
                0x000005c3       0x2c c:/program files (x86)/emide/emide v2.20/arm/bin/../lib/gcc/arm-none-eabi/4.7.4/../../../../arm-none-eabi/lib/armv6-m\libc.a(lib_a-mlock.o)
 .ARM.attributes
                0x000005ef       0x2c c:/program files (x86)/emide/emide v2.20/arm/bin/../lib/gcc/arm-none-eabi/4.7.4/../../../../arm-none-eabi/lib/armv6-m\libc.a(lib_a-puts.o)
 .ARM.attributes
                0x0000061b       0x2c c:/program files (x86)/emide/emide v2.20/arm/bin/../lib/gcc/arm-none-eabi/4.7.4/../../../../arm-none-eabi/lib/armv6-m\libc.a(lib_a-stdio.o)
 .ARM.attributes
                0x00000647       0x2c c:/program files (x86)/emide/emide v2.20/arm/bin/../lib/gcc/arm-none-eabi/4.7.4/../../../../arm-none-eabi/lib/armv6-m\libc.a(lib_a-strlen.o)
 .ARM.attributes
                0x00000673       0x2c c:/program files (x86)/emide/emide v2.20/arm/bin/../lib/gcc/arm-none-eabi/4.7.4/../../../../arm-none-eabi/lib/armv6-m\libc.a(lib_a-writer.o)
 .ARM.attributes
                0x0000069f       0x2c c:/program files (x86)/emide/emide v2.20/arm/bin/../lib/gcc/arm-none-eabi/4.7.4/../../../../arm-none-eabi/lib/armv6-m\libc.a(lib_a-__call_atexit.o)
 .ARM.attributes
                0x000006cb       0x2c c:/program files (x86)/emide/emide v2.20/arm/bin/../lib/gcc/arm-none-eabi/4.7.4/../../../../arm-none-eabi/lib/armv6-m\libc.a(lib_a-atexit.o)
 .ARM.attributes
                0x000006f7       0x2c c:/program files (x86)/emide/emide v2.20/arm/bin/../lib/gcc/arm-none-eabi/4.7.4/../../../../arm-none-eabi/lib/armv6-m\libc.a(lib_a-closer.o)
 .ARM.attributes
                0x00000723       0x2c c:/program files (x86)/emide/emide v2.20/arm/bin/../lib/gcc/arm-none-eabi/4.7.4/../../../../arm-none-eabi/lib/armv6-m\libc.a(lib_a-fclose.o)
 .ARM.attributes
                0x0000074f       0x2c c:/program files (x86)/emide/emide v2.20/arm/bin/../lib/gcc/arm-none-eabi/4.7.4/../../../../arm-none-eabi/lib/armv6-m\libc.a(lib_a-fvwrite.o)
 .ARM.attributes
                0x0000077b       0x2c c:/program files (x86)/emide/emide v2.20/arm/bin/../lib/gcc/arm-none-eabi/4.7.4/../../../../arm-none-eabi/lib/armv6-m\libc.a(lib_a-lseekr.o)
 .ARM.attributes
                0x000007a7       0x2c c:/program files (x86)/emide/emide v2.20/arm/bin/../lib/gcc/arm-none-eabi/4.7.4/../../../../arm-none-eabi/lib/armv6-m\libc.a(lib_a-memchr.o)
 .ARM.attributes
                0x000007d3       0x2c c:/program files (x86)/emide/emide v2.20/arm/bin/../lib/gcc/arm-none-eabi/4.7.4/../../../../arm-none-eabi/lib/armv6-m\libc.a(lib_a-memcpy.o)
 .ARM.attributes
                0x000007ff       0x2c c:/program files (x86)/emide/emide v2.20/arm/bin/../lib/gcc/arm-none-eabi/4.7.4/../../../../arm-none-eabi/lib/armv6-m\libc.a(lib_a-memmove.o)
 .ARM.attributes
                0x0000082b       0x2c c:/program files (x86)/emide/emide v2.20/arm/bin/../lib/gcc/arm-none-eabi/4.7.4/../../../../arm-none-eabi/lib/armv6-m\libc.a(lib_a-readr.o)
 .ARM.attributes
                0x00000857       0x2c c:/program files (x86)/emide/emide v2.20/arm/bin/../lib/gcc/arm-none-eabi/4.7.4/../../../../arm-none-eabi/lib/armv6-m\libc.a(lib_a-reallocr.o)
 .ARM.attributes
                0x00000883       0x2c c:/program files (x86)/emide/emide v2.20/arm/bin/../lib/gcc/arm-none-eabi/4.7.4/../../../../arm-none-eabi/lib/armv6-m\libc.a(lib_a-reent.o)
 .ARM.attributes
                0x000008af       0x2c c:/program files (x86)/emide/emide v2.20/arm/bin/../lib/gcc/arm-none-eabi/4.7.4/../../../../arm-none-eabi/lib/armv6-m\libc.a(lib_a-wsetup.o)
 .ARM.attributes
                0x000008db       0x2c c:/program files (x86)/emide/emide v2.20/arm/bin/../lib/gcc/arm-none-eabi/4.7.4/../../../../arm-none-eabi/lib/armv6-m\libc.a(lib_a-makebuf.o)
 .ARM.attributes
                0x00000907       0x2c c:/program files (x86)/emide/emide v2.20/arm/bin/../lib/gcc/arm-none-eabi/4.7.4/../../../../arm-none-eabi/lib/armv6-m\libc.a(lib_a-fstatr.o)
 .ARM.attributes
                0x00000933       0x2c c:/program files (x86)/emide/emide v2.20/arm/bin/../lib/gcc/arm-none-eabi/4.7.4/../../../../arm-none-eabi/lib/armv6-m\libc.a(lib_a-isattyr.o)
 .ARM.attributes
                0x0000095f       0x1e c:/program files (x86)/emide/emide v2.20/arm/bin/../lib/gcc/arm-none-eabi/4.7.4/armv6-m/crtn.o
OUTPUT(bin\Debug\HDM01.elf elf32-littlearm)

.debug_info     0x00000000     0xa161
 .debug_info    0x00000000      0x619 obj\Debug\Libraries\STM32F0xx_StdPeriph_Driver\src\stm32f0xx_gpio.o
 .debug_info    0x00000619      0xc9b obj\Debug\Libraries\STM32F0xx_StdPeriph_Driver\src\stm32f0xx_i2c.o
 .debug_info    0x000012b4      0x39d obj\Debug\Libraries\STM32F0xx_StdPeriph_Driver\src\stm32f0xx_misc.o
 .debug_info    0x00001651      0xb09 obj\Debug\Libraries\STM32F0xx_StdPeriph_Driver\src\stm32f0xx_rcc.o
 .debug_info    0x0000215a      0xf64 obj\Debug\Libraries\STM32F0xx_StdPeriph_Driver\src\stm32f0xx_usart.o
 .debug_info    0x000030be       0x86 obj\Debug\Setup\startup.o
 .debug_info    0x00003144      0x418 obj\Debug\Src\display.o
 .debug_info    0x0000355c      0x155 obj\Debug\Src\graphlib.o
 .debug_info    0x000036b1      0x40e obj\Debug\Src\i2c.o
 .debug_info    0x00003abf     0x543c obj\Debug\Src\main.o
 .debug_info    0x00008efb       0xcb obj\Debug\Src\stm32f0xx_it.o
 .debug_info    0x00008fc6      0xe8b obj\Debug\Src\syscalls.o
 .debug_info    0x00009e51      0x310 obj\Debug\Src\system_stm32f0xx.o

.debug_abbrev   0x00000000     0x10d1
 .debug_abbrev  0x00000000      0x19d obj\Debug\Libraries\STM32F0xx_StdPeriph_Driver\src\stm32f0xx_gpio.o
 .debug_abbrev  0x0000019d      0x187 obj\Debug\Libraries\STM32F0xx_StdPeriph_Driver\src\stm32f0xx_i2c.o
 .debug_abbrev  0x00000324      0x127 obj\Debug\Libraries\STM32F0xx_StdPeriph_Driver\src\stm32f0xx_misc.o
 .debug_abbrev  0x0000044b      0x1ee obj\Debug\Libraries\STM32F0xx_StdPeriph_Driver\src\stm32f0xx_rcc.o
 .debug_abbrev  0x00000639      0x15e obj\Debug\Libraries\STM32F0xx_StdPeriph_Driver\src\stm32f0xx_usart.o
 .debug_abbrev  0x00000797       0x12 obj\Debug\Setup\startup.o
 .debug_abbrev  0x000007a9      0x15e obj\Debug\Src\display.o
 .debug_abbrev  0x00000907       0x92 obj\Debug\Src\graphlib.o
 .debug_abbrev  0x00000999       0xf0 obj\Debug\Src\i2c.o
 .debug_abbrev  0x00000a89      0x2b4 obj\Debug\Src\main.o
 .debug_abbrev  0x00000d3d       0x42 obj\Debug\Src\stm32f0xx_it.o
 .debug_abbrev  0x00000d7f      0x21c obj\Debug\Src\syscalls.o
 .debug_abbrev  0x00000f9b      0x136 obj\Debug\Src\system_stm32f0xx.o

.debug_loc      0x00000000     0x2898
 .debug_loc     0x00000000      0x2d8 obj\Debug\Libraries\STM32F0xx_StdPeriph_Driver\src\stm32f0xx_gpio.o
 .debug_loc     0x000002d8      0x930 obj\Debug\Libraries\STM32F0xx_StdPeriph_Driver\src\stm32f0xx_i2c.o
 .debug_loc     0x00000c08       0xa8 obj\Debug\Libraries\STM32F0xx_StdPeriph_Driver\src\stm32f0xx_misc.o
 .debug_loc     0x00000cb0      0x8d4 obj\Debug\Libraries\STM32F0xx_StdPeriph_Driver\src\stm32f0xx_rcc.o
 .debug_loc     0x00001584      0xaba obj\Debug\Libraries\STM32F0xx_StdPeriph_Driver\src\stm32f0xx_usart.o
 .debug_loc     0x0000203e      0x2ea obj\Debug\Src\display.o
 .debug_loc     0x00002328       0x70 obj\Debug\Src\graphlib.o
 .debug_loc     0x00002398       0x2c obj\Debug\Src\i2c.o
 .debug_loc     0x000023c4      0x190 obj\Debug\Src\main.o
 .debug_loc     0x00002554       0xb0 obj\Debug\Src\stm32f0xx_it.o
 .debug_loc     0x00002604      0x1f8 obj\Debug\Src\syscalls.o
 .debug_loc     0x000027fc       0x9c obj\Debug\Src\system_stm32f0xx.o

.debug_aranges  0x00000000      0x1a8
 .debug_aranges
                0x00000000       0x20 obj\Debug\Libraries\STM32F0xx_StdPeriph_Driver\src\stm32f0xx_gpio.o
 .debug_aranges
                0x00000020       0x20 obj\Debug\Libraries\STM32F0xx_StdPeriph_Driver\src\stm32f0xx_i2c.o
 .debug_aranges
                0x00000040       0x20 obj\Debug\Libraries\STM32F0xx_StdPeriph_Driver\src\stm32f0xx_misc.o
 .debug_aranges
                0x00000060       0x20 obj\Debug\Libraries\STM32F0xx_StdPeriph_Driver\src\stm32f0xx_rcc.o
 .debug_aranges
                0x00000080       0x20 obj\Debug\Libraries\STM32F0xx_StdPeriph_Driver\src\stm32f0xx_usart.o
 .debug_aranges
                0x000000a0       0x28 obj\Debug\Setup\startup.o
 .debug_aranges
                0x000000c8       0x20 obj\Debug\Src\display.o
 .debug_aranges
                0x000000e8       0x20 obj\Debug\Src\graphlib.o
 .debug_aranges
                0x00000108       0x20 obj\Debug\Src\i2c.o
 .debug_aranges
                0x00000128       0x20 obj\Debug\Src\main.o
 .debug_aranges
                0x00000148       0x20 obj\Debug\Src\stm32f0xx_it.o
 .debug_aranges
                0x00000168       0x20 obj\Debug\Src\syscalls.o
 .debug_aranges
                0x00000188       0x20 obj\Debug\Src\system_stm32f0xx.o

.debug_line     0x00000000     0x19b3
 .debug_line    0x00000000      0x210 obj\Debug\Libraries\STM32F0xx_StdPeriph_Driver\src\stm32f0xx_gpio.o
 .debug_line    0x00000210      0x2dd obj\Debug\Libraries\STM32F0xx_StdPeriph_Driver\src\stm32f0xx_i2c.o
 .debug_line    0x000004ed      0x1c7 obj\Debug\Libraries\STM32F0xx_StdPeriph_Driver\src\stm32f0xx_misc.o
 .debug_line    0x000006b4      0x309 obj\Debug\Libraries\STM32F0xx_StdPeriph_Driver\src\stm32f0xx_rcc.o
 .debug_line    0x000009bd      0x330 obj\Debug\Libraries\STM32F0xx_StdPeriph_Driver\src\stm32f0xx_usart.o
 .debug_line    0x00000ced       0x9b obj\Debug\Setup\startup.o
 .debug_line    0x00000d88      0x21b obj\Debug\Src\display.o
 .debug_line    0x00000fa3       0xb7 obj\Debug\Src\graphlib.o
 .debug_line    0x0000105a      0x17e obj\Debug\Src\i2c.o
 .debug_line    0x000011d8      0x371 obj\Debug\Src\main.o
 .debug_line    0x00001549       0x78 obj\Debug\Src\stm32f0xx_it.o
 .debug_line    0x000015c1      0x275 obj\Debug\Src\syscalls.o
 .debug_line    0x00001836      0x17d obj\Debug\Src\system_stm32f0xx.o

.debug_str      0x00000000     0x36fc
 .debug_str     0x00000000      0x445 obj\Debug\Libraries\STM32F0xx_StdPeriph_Driver\src\stm32f0xx_gpio.o
                                0x479 (size before relaxing)
 .debug_str     0x00000445      0x4ce obj\Debug\Libraries\STM32F0xx_StdPeriph_Driver\src\stm32f0xx_i2c.o
                                0x627 (size before relaxing)
 .debug_str     0x00000913      0x18e obj\Debug\Libraries\STM32F0xx_StdPeriph_Driver\src\stm32f0xx_misc.o
                                0x2ee (size before relaxing)
 .debug_str     0x00000aa1      0x5d4 obj\Debug\Libraries\STM32F0xx_StdPeriph_Driver\src\stm32f0xx_rcc.o
                                0x771 (size before relaxing)
 .debug_str     0x00001075      0x718 obj\Debug\Libraries\STM32F0xx_StdPeriph_Driver\src\stm32f0xx_usart.o
                                0x965 (size before relaxing)
 .debug_str     0x0000178d      0x112 obj\Debug\Src\display.o
                                0x287 (size before relaxing)
 .debug_str     0x0000189f       0xb2 obj\Debug\Src\graphlib.o
                                0x15f (size before relaxing)
 .debug_str     0x00001951       0x60 obj\Debug\Src\i2c.o
                                0x3d0 (size before relaxing)
 .debug_str     0x000019b1     0x1ac0 obj\Debug\Src\main.o
                               0x1fb8 (size before relaxing)
 .debug_str     0x00003471       0x75 obj\Debug\Src\stm32f0xx_it.o
                                0x174 (size before relaxing)
 .debug_str     0x000034e6      0x175 obj\Debug\Src\syscalls.o
                                0x6b8 (size before relaxing)
 .debug_str     0x0000365b       0xa1 obj\Debug\Src\system_stm32f0xx.o
                                0x25f (size before relaxing)

.comment        0x00000000       0x70
 .comment       0x00000000       0x70 obj\Debug\Libraries\STM32F0xx_StdPeriph_Driver\src\stm32f0xx_gpio.o
                                 0x71 (size before relaxing)
 .comment       0x00000000       0x71 obj\Debug\Libraries\STM32F0xx_StdPeriph_Driver\src\stm32f0xx_i2c.o
 .comment       0x00000000       0x71 obj\Debug\Libraries\STM32F0xx_StdPeriph_Driver\src\stm32f0xx_misc.o
 .comment       0x00000000       0x71 obj\Debug\Libraries\STM32F0xx_StdPeriph_Driver\src\stm32f0xx_rcc.o
 .comment       0x00000000       0x71 obj\Debug\Libraries\STM32F0xx_StdPeriph_Driver\src\stm32f0xx_usart.o
 .comment       0x00000000       0x71 obj\Debug\Src\display.o
 .comment       0x00000000       0x71 obj\Debug\Src\graphlib.o
 .comment       0x00000000       0x71 obj\Debug\Src\i2c.o
 .comment       0x00000000       0x71 obj\Debug\Src\main.o
 .comment       0x00000000       0x71 obj\Debug\Src\stm32f0xx_it.o
 .comment       0x00000000       0x71 obj\Debug\Src\syscalls.o
 .comment       0x00000000       0x71 obj\Debug\Src\system_stm32f0xx.o

.debug_frame    0x00000000     0x2190
 .debug_frame   0x00000000      0x1b0 obj\Debug\Libraries\STM32F0xx_StdPeriph_Driver\src\stm32f0xx_gpio.o
 .debug_frame   0x000001b0      0x550 obj\Debug\Libraries\STM32F0xx_StdPeriph_Driver\src\stm32f0xx_i2c.o
 .debug_frame   0x00000700       0x70 obj\Debug\Libraries\STM32F0xx_StdPeriph_Driver\src\stm32f0xx_misc.o
 .debug_frame   0x00000770      0x524 obj\Debug\Libraries\STM32F0xx_StdPeriph_Driver\src\stm32f0xx_rcc.o
 .debug_frame   0x00000c94      0x630 obj\Debug\Libraries\STM32F0xx_StdPeriph_Driver\src\stm32f0xx_usart.o
 .debug_frame   0x000012c4      0x1d4 obj\Debug\Src\display.o
 .debug_frame   0x00001498       0x50 obj\Debug\Src\graphlib.o
 .debug_frame   0x000014e8       0x2c obj\Debug\Src\i2c.o
 .debug_frame   0x00001514      0x104 obj\Debug\Src\main.o
 .debug_frame   0x00001618       0x80 obj\Debug\Src\stm32f0xx_it.o
 .debug_frame   0x00001698      0x130 obj\Debug\Src\syscalls.o
 .debug_frame   0x000017c8       0x6c obj\Debug\Src\system_stm32f0xx.o
 .debug_frame   0x00001834       0x20 c:/program files (x86)/emide/emide v2.20/arm/bin/../lib/gcc/arm-none-eabi/4.7.4/armv6-m\libgcc.a(_udivsi3.o)
 .debug_frame   0x00001854       0x30 c:/program files (x86)/emide/emide v2.20/arm/bin/../lib/gcc/arm-none-eabi/4.7.4/armv6-m\libgcc.a(_muldi3.o)
 .debug_frame   0x00001884       0x60 c:/program files (x86)/emide/emide v2.20/arm/bin/../lib/gcc/arm-none-eabi/4.7.4/armv6-m\libgcc.a(bpabi.o)
 .debug_frame   0x000018e4       0x3c c:/program files (x86)/emide/emide v2.20/arm/bin/../lib/gcc/arm-none-eabi/4.7.4/armv6-m\libgcc.a(_divdi3.o)
 .debug_frame   0x00001920       0x3c c:/program files (x86)/emide/emide v2.20/arm/bin/../lib/gcc/arm-none-eabi/4.7.4/armv6-m\libgcc.a(_udivdi3.o)
 .debug_frame   0x0000195c       0x38 c:/program files (x86)/emide/emide v2.20/arm/bin/../lib/gcc/arm-none-eabi/4.7.4/../../../../arm-none-eabi/lib/armv6-m\libc.a(lib_a-__atexit.o)
 .debug_frame   0x00001994       0x20 c:/program files (x86)/emide/emide v2.20/arm/bin/../lib/gcc/arm-none-eabi/4.7.4/../../../../arm-none-eabi/lib/armv6-m\libc.a(lib_a-errno.o)
 .debug_frame   0x000019b4       0x4c c:/program files (x86)/emide/emide v2.20/arm/bin/../lib/gcc/arm-none-eabi/4.7.4/../../../../arm-none-eabi/lib/armv6-m\libc.a(lib_a-fflush.o)
 .debug_frame   0x00001a00      0x138 c:/program files (x86)/emide/emide v2.20/arm/bin/../lib/gcc/arm-none-eabi/4.7.4/../../../../arm-none-eabi/lib/armv6-m\libc.a(lib_a-findfp.o)
 .debug_frame   0x00001b38       0x34 c:/program files (x86)/emide/emide v2.20/arm/bin/../lib/gcc/arm-none-eabi/4.7.4/../../../../arm-none-eabi/lib/armv6-m\libc.a(lib_a-fini.o)
 .debug_frame   0x00001b6c       0x54 c:/program files (x86)/emide/emide v2.20/arm/bin/../lib/gcc/arm-none-eabi/4.7.4/../../../../arm-none-eabi/lib/armv6-m\libc.a(lib_a-freer.o)