Archive member included because of file (symbol)

c:/program files (x86)/emide/emide v2.20/arm/bin/../lib/gcc/arm-none-eabi/4.7.4/armv6-m\libgcc.a(_udivsi3.o)
                              obj\Debug\Libraries\STM32F0xx_StdPeriph_Driver\src\stm32f0xx_rcc.o (__aeabi_uidiv)
c:/program files (x86)/emide/emide v2.20/arm/bin/../lib/gcc/arm-none-eabi/4.7.4/armv6-m\libgcc.a(_dvmd_tls.o)
                              c:/program files (x86)/emide/emide v2.20/arm/bin/../lib/gcc/arm-none-eabi/4.7.4/armv6-m\libgcc.a(_udivsi3.o) (__aeabi_idiv0)
c:/program files (x86)/emide/emide v2.20/arm/bin/../lib/gcc/arm-none-eabi/4.7.4/armv6-m\libgcc.a(_aeabi_uldivmod.o)
                              obj\Debug\Src\display.o (__aeabi_uldivmod)
c:/program files (x86)/emide/emide v2.20/arm/bin/../lib/gcc/arm-none-eabi/4.7.4/armv6-m\libgcc.a(_muldi3.o)
                              obj\Debug\Src\display.o (__aeabi_lmul)
c:/program files (x86)/emide/emide v2.20/arm/bin/../lib/gcc/arm-none-eabi/4.7.4/armv6-m\libgcc.a(bpabi.o)
                              c:/program files (x86)/emide/emide v2.20/arm/bin/../lib/gcc/arm-none-eabi/4.7.4/armv6-m\libgcc.a(_aeabi_uldivmod.o) (__gnu_uldivmod_helper)
c:/program files (x86)/emide/emide v2.20/arm/bin/../lib/gcc/arm-none-eabi/4.7.4/armv6-m\libgcc.a(_divdi3.o)
                              c:/program files (x86)/emide/emide v2.20/arm/bin/../lib/gcc/arm-none-eabi/4.7.4/armv6-m\libgcc.a(bpabi.o) (__divdi3)
c:/program files (x86)/emide/emide v2.20/arm/bin/../lib/gcc/arm-none-eabi/4.7.4/armv6-m\libgcc.a(_udivdi3.o)
                              c:/program files (x86)/emide/emide v2.20/arm/bin/../lib/gcc/arm-none-eabi/4.7.4/armv6-m\libgcc.a(bpabi.o) (__udivdi3)
c:/program files (x86)/emide/emide v2.20/arm/bin/../lib/gcc/arm-none-eabi/4.7.4/armv6-m\libgcc.a(_clzsi2.o)
                              c:/program files (x86)/emide/emide v2.20/arm/bin/../lib/gcc/arm-none-eabi/4.7.4/armv6-m\libgcc.a(_divdi3.o) (__clzsi2)
c:/program files (x86)/emide/emide v2.20/arm/bin/../lib/gcc/arm-none-eabi/4.7.4/../../../../arm-none-eabi/lib/armv6-m\libc.a(lib_a-__atexit.o)
                              c:/program files (x86)/emide/emide v2.20/arm/bin/../lib/gcc/arm-none-eabi/4.7.4/../../../../arm-none-eabi/lib/armv6-m/crt0.o (__register_exitproc)
c:/program files (x86)/emide/emide v2.20/arm/bin/../lib/gcc/arm-none-eabi/4.7.4/../../../../arm-none-eabi/lib/armv6-m\libc.a(lib_a-errno.o)
                              obj\Debug\Src\syscalls.o (__errno)
c:/program files (x86)/emide/emide v2.20/arm/bin/../lib/gcc/arm-none-eabi/4.7.4/../../../../arm-none-eabi/lib/armv6-m\libc.a(lib_a-exit.o)
                              c:/program files (x86)/emide/emide v2.20/arm/bin/../lib/gcc/arm-none-eabi/4.7.4/../../../../arm-none-eabi/lib/armv6-m/crt0.o (exit)
c:/program files (x86)/emide/emide v2.20/arm/bin/../lib/gcc/arm-none-eabi/4.7.4/../../../../arm-none-eabi/lib/armv6-m\libc.a(lib_a-fflush.o)
                              obj\Debug\Src\main.o (fflush)
c:/program files (x86)/emide/emide v2.20/arm/bin/../lib/gcc/arm-none-eabi/4.7.4/../../../../arm-none-eabi/lib/armv6-m\libc.a(lib_a-findfp.o)
                              c:/program files (x86)/emide/emide v2.20/arm/bin/../lib/gcc/arm-none-eabi/4.7.4/../../../../arm-none-eabi/lib/armv6-m\libc.a(lib_a-fflush.o) (__sinit)
c:/program files (x86)/emide/emide v2.20/arm/bin/../lib/gcc/arm-none-eabi/4.7.4/../../../../arm-none-eabi/lib/armv6-m\libc.a(lib_a-fini.o)
                              c:/program files (x86)/emide/emide v2.20/arm/bin/../lib/gcc/arm-none-eabi/4.7.4/../../../../arm-none-eabi/lib/armv6-m/crt0.o (__libc_fini_array)
c:/program files (x86)/emide/emide v2.20/arm/bin/../lib/gcc/arm-none-eabi/4.7.4/../../../../arm-none-eabi/lib/armv6-m\libc.a(lib_a-freer.o)
                              c:/program files (x86)/emide/emide v2.20/arm/bin/../lib/gcc/arm-none-eabi/4.7.4/../../../../arm-none-eabi/lib/armv6-m\libc.a(lib_a-fflush.o) (_free_r)
c:/program files (x86)/emide/emide v2.20/arm/bin/../lib/gcc/arm-none-eabi/4.7.4/../../../../arm-none-eabi/lib/armv6-m\libc.a(lib_a-fwalk.o)
                              c:/program files (x86)/emide/emide v2.20/arm/bin/../lib/gcc/arm-none-eabi/4.7.4/../../../../arm-none-eabi/lib/armv6-m\libc.a(lib_a-findfp.o) (_fwalk)
c:/program files (x86)/emide/emide v2.20/arm/bin/../lib/gcc/arm-none-eabi/4.7.4/../../../../arm-none-eabi/lib/armv6-m\libc.a(lib_a-impure.o)
                              c:/program files (x86)/emide/emide v2.20/arm/bin/../lib/gcc/arm-none-eabi/4.7.4/../../../../arm-none-eabi/lib/armv6-m\libc.a(lib_a-__atexit.o) (_global_impure_ptr)
c:/program files (x86)/emide/emide v2.20/arm/bin/../lib/gcc/arm-none-eabi/4.7.4/../../../../arm-none-eabi/lib/armv6-m\libc.a(lib_a-init.o)
                              c:/program files (x86)/emide/emide v2.20/arm/bin/../lib/gcc/arm-none-eabi/4.7.4/../../../../arm-none-eabi/lib/armv6-m/crt0.o (__libc_init_array)
[...]
Memory Configuration

Name             Origin             Length             Attributes
FLASH            0x08000000         0x00010000         xr
RAM              0x20000000         0x00002000         xrw
MEMORY_B1        0x60000000         0x00000000         xr
*default*        0x00000000         0xffffffff

Linker script and memory map

LOAD c:/program files (x86)/emide/emide v2.20/arm/bin/../lib/gcc/arm-none-eabi/4.7.4/armv6-m/crti.o
LOAD c:/program files (x86)/emide/emide v2.20/arm/bin/../lib/gcc/arm-none-eabi/4.7.4/armv6-m/crtbegin.o
LOAD c:/program files (x86)/emide/emide v2.20/arm/bin/../lib/gcc/arm-none-eabi/4.7.4/../../../../arm-none-eabi/lib/armv6-m/crt0.o
LOAD obj\Debug\Libraries\STM32F0xx_StdPeriph_Driver\src\stm32f0xx_adc.o
LOAD obj\Debug\Libraries\STM32F0xx_StdPeriph_Driver\src\stm32f0xx_can.o
LOAD obj\Debug\Libraries\STM32F0xx_StdPeriph_Driver\src\stm32f0xx_cec.o
LOAD obj\Debug\Libraries\STM32F0xx_StdPeriph_Driver\src\stm32f0xx_comp.o
LOAD obj\Debug\Libraries\STM32F0xx_StdPeriph_Driver\src\stm32f0xx_crc.o
LOAD obj\Debug\Libraries\STM32F0xx_StdPeriph_Driver\src\stm32f0xx_crs.o
LOAD obj\Debug\Libraries\STM32F0xx_StdPeriph_Driver\src\stm32f0xx_dac.o
LOAD obj\Debug\Libraries\STM32F0xx_StdPeriph_Driver\src\stm32f0xx_dbgmcu.o
LOAD obj\Debug\Libraries\STM32F0xx_StdPeriph_Driver\src\stm32f0xx_dma.o
LOAD obj\Debug\Libraries\STM32F0xx_StdPeriph_Driver\src\stm32f0xx_exti.o
LOAD obj\Debug\Libraries\STM32F0xx_StdPeriph_Driver\src\stm32f0xx_flash.o
LOAD obj\Debug\Libraries\STM32F0xx_StdPeriph_Driver\src\stm32f0xx_gpio.o
LOAD obj\Debug\Libraries\STM32F0xx_StdPeriph_Driver\src\stm32f0xx_i2c.o
LOAD obj\Debug\Libraries\STM32F0xx_StdPeriph_Driver\src\stm32f0xx_iwdg.o
LOAD obj\Debug\Libraries\STM32F0xx_StdPeriph_Driver\src\stm32f0xx_misc.o
LOAD obj\Debug\Libraries\STM32F0xx_StdPeriph_Driver\src\stm32f0xx_pwr.o
LOAD obj\Debug\Libraries\STM32F0xx_StdPeriph_Driver\src\stm32f0xx_rcc.o
LOAD obj\Debug\Libraries\STM32F0xx_StdPeriph_Driver\src\stm32f0xx_rtc.o
LOAD obj\Debug\Libraries\STM32F0xx_StdPeriph_Driver\src\stm32f0xx_spi.o
LOAD obj\Debug\Libraries\STM32F0xx_StdPeriph_Driver\src\stm32f0xx_syscfg.o
LOAD obj\Debug\Libraries\STM32F0xx_StdPeriph_Driver\src\stm32f0xx_tim.o
LOAD obj\Debug\Libraries\STM32F0xx_StdPeriph_Driver\src\stm32f0xx_usart.o
LOAD obj\Debug\Libraries\STM32F0xx_StdPeriph_Driver\src\stm32f0xx_wwdg.o
LOAD obj\Debug\Setup\startup.o
LOAD obj\Debug\Src\display.o
LOAD obj\Debug\Src\i2c.o
LOAD obj\Debug\Src\main.o
LOAD obj\Debug\Src\stm32f0xx_it.o
LOAD obj\Debug\Src\syscalls.o
LOAD obj\Debug\Src\system_stm32f0xx.o
START GROUP
LOAD c:/program files (x86)/emide/emide v2.20/arm/bin/../lib/gcc/arm-none-eabi/4.7.4/armv6-m\libgcc.a
LOAD c:/program files (x86)/emide/emide v2.20/arm/bin/../lib/gcc/arm-none-eabi/4.7.4/../../../../arm-none-eabi/lib/armv6-m\libc.a
END GROUP
LOAD c:/program files (x86)/emide/emide v2.20/arm/bin/../lib/gcc/arm-none-eabi/4.7.4/armv6-m/crtend.o
LOAD c:/program files (x86)/emide/emide v2.20/arm/bin/../lib/gcc/arm-none-eabi/4.7.4/armv6-m/crtn.o
                0x20002000                _estack = 0x20002000
                0x00000800                _Min_Heap_Size = 0x800
                0x00000080                _Min_Stack_Size = 0x80

.isr_vector     0x08000000       0xc4
                0x08000000                . = ALIGN (0x4)
 *(.isr_vector)
 .isr_vector    0x08000000       0xc4 obj\Debug\Setup\startup.o
                0x08000000                g_pfnVectors
                0x080000c4                . = ALIGN (0x4)

.text           0x080000c8     0x5eb4
                0x080000c8                . = ALIGN (0x4)
 *(.text)
 .text          0x080000c8       0x60 c:/program files (x86)/emide/emide v2.20/arm/bin/../lib/gcc/arm-none-eabi/4.7.4/armv6-m/crtbegin.o
 .text          0x08000128      0x47c obj\Debug\Libraries\STM32F0xx_StdPeriph_Driver\src\stm32f0xx_gpio.o
                0x08000128                GPIO_DeInit
                0x08000218                GPIO_Init
                0x08000350                GPIO_StructInit
                0x08000380                GPIO_PinLockConfig
                0x080003c4                GPIO_ReadInputDataBit
                0x0800040c                GPIO_ReadInputData
                0x08000424                GPIO_ReadOutputDataBit
                0x0800046c                GPIO_ReadOutputData
                0x08000484                GPIO_SetBits
                0x080004a0                GPIO_ResetBits
                0x080004bc                GPIO_WriteBit
                0x080004ec                GPIO_Write
                0x08000508                GPIO_PinAFConfig
 .text          0x080005a4      0xa44 obj\Debug\Libraries\STM32F0xx_StdPeriph_Driver\src\stm32f0xx_i2c.o
                0x080005a4                I2C_DeInit
                0x080005f0                I2C_Init
                0x080006c0                I2C_StructInit
                0x080006fc                I2C_Cmd
                0x08000738                I2C_SoftwareResetCmd
                0x08000774                I2C_ITConfig
                0x080007ac                I2C_StretchClockCmd
                0x080007e8                I2C_StopModeCmd
                0x08000824                I2C_DualAddressCmd
                0x08000860                I2C_OwnAddress2Config
                0x080008b0                I2C_GeneralCallCmd
                0x080008ec                I2C_SlaveByteControlCmd
                0x08000928                I2C_SlaveAddressConfig
                0x08000964                I2C_10BitAddressingModeCmd
                0x080009a0                I2C_AutoEndCmd
                0x080009dc                I2C_ReloadCmd
                0x08000a18                I2C_NumberOfBytesConfig
                0x08000a5c                I2C_MasterRequestConfig
                0x08000a98                I2C_GenerateSTART
                0x08000ad4                I2C_GenerateSTOP
                0x08000b10                I2C_10BitAddressHeaderCmd
                0x08000b4c                I2C_AcknowledgeConfig
                0x08000b88                I2C_GetAddressMatched
                0x08000ba8                I2C_GetTransferDirection
                0x08000bf0                I2C_TransferHandling
                0x08000c50                I2C_SMBusAlertCmd
                0x08000c8c                I2C_ClockTimeoutCmd
                0x08000cc8                I2C_ExtendedClockTimeoutCmd
                0x08000d00                I2C_IdleClockTimeoutCmd
                0x08000d3c                I2C_TimeoutAConfig
                0x08000d78                I2C_TimeoutBConfig
                0x08000dbc                I2C_CalculatePEC
                0x08000df8                I2C_PECRequestCmd
                0x08000e34                I2C_GetPEC
                0x08000e4c                I2C_ReadRegister
                0x08000e78                I2C_SendData
                0x08000e94                I2C_ReceiveData
                0x08000eac                I2C_DMACmd
                0x08000ee4                I2C_GetFlagStatus
                0x08000f30                I2C_ClearFlag
                0x08000f48                I2C_GetITStatus
                0x08000fd0                I2C_ClearITPendingBit
 .text          0x08000fe8      0x124 obj\Debug\Libraries\STM32F0xx_StdPeriph_Driver\src\stm32f0xx_misc.o
                0x08000fe8                NVIC_Init
                0x08001094                NVIC_SystemLPConfig
                0x080010d8                SysTick_CLKSourceConfig
 .text          0x0800110c      0xbd8 obj\Debug\Libraries\STM32F0xx_StdPeriph_Driver\src\stm32f0xx_rcc.o
                0x0800110c                RCC_DeInit
                0x08001194                RCC_HSEConfig
                0x080011b8                RCC_WaitForHSEStartUp
                0x08001218                RCC_AdjustHSICalibrationValue
                0x08001254                RCC_HSICmd
                0x0800128c                RCC_AdjustHSI14CalibrationValue
                0x080012c8                RCC_HSI14Cmd
                0x08001300                RCC_HSI14ADCRequestCmd
                0x08001338                RCC_LSEConfig
                0x08001370                RCC_LSEDriveConfig
                0x0800139c                RCC_LSICmd
                0x080013d4                RCC_PLLConfig
                0x08001408                RCC_PLLCmd
                0x08001448                RCC_HSI48Cmd
                0x08001488                RCC_PREDIV1Config
                0x080014bc                RCC_ClockSecuritySystemCmd
                0x080014fc                RCC_MCOConfig
                0x08001540                RCC_SYSCLKConfig
                0x08001574                RCC_GetSYSCLKSource
                0x08001590                RCC_HCLKConfig
                0x080015c4                RCC_PCLKConfig
                0x080015fc                RCC_ADCCLKConfig
                0x0800164c                RCC_CECCLKConfig
                0x08001678                RCC_I2CCLKConfig
                0x080016a4                RCC_USARTCLKConfig
                0x080016f0                RCC_USBCLKConfig
                0x0800171c                RCC_GetClocksFreq
                0x0800197c                RCC_RTCCLKConfig
                0x0800199c                RCC_RTCCLKCmd
                0x080019dc                RCC_BackupResetCmd
                0x08001a1c                RCC_AHBPeriphClockCmd
                0x08001a58                RCC_APB2PeriphClockCmd
                0x08001a94                RCC_APB1PeriphClockCmd
                0x08001ad0                RCC_AHBPeriphResetCmd
                0x08001b0c                RCC_APB2PeriphResetCmd
                0x08001b48                RCC_APB1PeriphResetCmd
                0x08001b84                RCC_ITConfig
                0x08001bd4                RCC_GetFlagStatus
                0x08001c64                RCC_ClearFlag
                0x08001c80                RCC_GetITStatus
                0x08001cc4                RCC_ClearITPendingBit
 .text          0x08001ce4      0xc84 obj\Debug\Libraries\STM32F0xx_StdPeriph_Driver\src\stm32f0xx_usart.o
                0x08001ce4                USART_DeInit
                0x08001d88                USART_Init
                0x08001efc                USART_StructInit
                0x08001f30                USART_ClockInit
                0x08001f78                USART_ClockStructInit
                0x08001fa0                USART_Cmd
                0x08001fdc                USART_DirectionModeCmd
                0x08002014                USART_OverSampling8Cmd
                0x08002050                USART_OneBitMethodCmd
                0x0800208c                USART_MSBFirstCmd
                0x080020c8                USART_DataInvCmd
                0x08002104                USART_InvPinCmd
                0x0800213c                USART_SWAPPinCmd
                0x08002178                USART_ReceiverTimeOutCmd
                0x080021b4                USART_SetReceiverTimeOut
                0x080021dc                USART_SetPrescaler
                0x08002214                USART_STOPModeCmd
                0x08002250                USART_StopModeWakeUpSourceConfig
                0x0800227c                USART_AutoBaudRateCmd
                0x080022b8                USART_AutoBaudRateConfig
                0x080022e4                USART_SendData
                0x08002308                USART_ReceiveData
                0x08002324                USART_SetAddress
                0x08002354                USART_MuteModeCmd
                0x08002390                USART_MuteModeWakeUpConfig
                0x080023bc                USART_AddressDetectionConfig
                0x080023e8                USART_LINBreakDetectLengthConfig
                0x08002414                USART_LINCmd
                0x08002450                USART_HalfDuplexCmd
                0x0800248c                USART_SetGuardTime
                0x080024c8                USART_SmartCardCmd
                0x08002504                USART_SmartCardNACKCmd
                0x08002540                USART_SetAutoRetryCount
                0x08002574                USART_SetBlockLength
                0x080025a4                USART_IrDAConfig
                0x080025d0                USART_IrDACmd
                0x0800260c                USART_DECmd
                0x08002648                USART_DEPolarityConfig
                0x08002674                USART_SetDEAssertionTime
                0x080026a4                USART_SetDEDeassertionTime
                0x080026d4                USART_DMACmd
                0x0800270c                USART_DMAReceptionErrorConfig
                0x08002738                USART_ITConfig
                0x080027bc                USART_RequestCmd
                0x08002804                USART_OverrunDetectionConfig
                0x08002830                USART_GetFlagStatus
                0x0800286c                USART_ClearFlag
                0x08002884                USART_GetITStatus
                0x08002938                USART_ClearITPendingBit
 .text          0x08002968      0x538 obj\Debug\Src\display.o
                0x08002968                BitTimer
                0x08002988                ResetTimer
                0x080029ac                PutGraphic
                0x08002be8                ResetDisplay
                0x08002c14                InitDisplay
                0x08002c60                ClearDisplay
                0x08002c84                OverWriteDisplay
                0x08002cb0                NextLine
                0x08002cdc                PrintToDisplay
                0x08002d3c                WriteByteDisplay
                0x08002db4                WriteDisplayData
                0x08002e48                SetXY
                0x08002e78                GetX
                0x08002e8c                GetY
 .text          0x08002ea0       0xac obj\Debug\Src\i2c.o
                0x08002ea0                InitI2C
 .text          0x08002f4c      0x42c obj\Debug\Src\main.o
                0x08003078                Delay
                0x0800309c                GeneralDelay
                0x080030b8                SysTick_Handler
                0x080030f4                USART1_IRQHandler
                0x08003144                TestI2C
                0x080031a8                main
 .text          0x08003378       0x20 obj\Debug\Src\stm32f0xx_it.o
                0x08003378                NMI_Handler
                0x08003380                HardFault_Handler
                0x08003388                SVC_Handler
                0x08003390                PendSV_Handler
 .text          0x08003398      0x168 obj\Debug\Src\syscalls.o
                0x08003398                _kill
                0x080033b8                _exit
                0x080033d0                _read
                0x080033fc                _write
                0x08003450                _sbrk_r
                0x080034a4                _close
                0x080034b8                _isatty
                0x080034cc                _lseek
                0x080034e4                _fstat
 .text          0x08003500      0x23c obj\Debug\Src\system_stm32f0xx.o
                0x08003500                SystemInit
                0x0800358c                SystemCoreClockUpdate
 .text          0x0800373c       0x9c c:/program files (x86)/emide/emide v2.20/arm/bin/../lib/gcc/arm-none-eabi/4.7.4/armv6-m\libgcc.a(_udivsi3.o)
                0x0800373c                __aeabi_uidiv
                0x0800373c                __udivsi3
                0x080037c4                __aeabi_uidivmod
 .text          0x080037d8        0x4 c:/program files (x86)/emide/emide v2.20/arm/bin/../lib/gcc/arm-none-eabi/4.7.4/armv6-m\libgcc.a(_dvmd_tls.o)
                0x080037d8                __aeabi_idiv0
                0x080037d8                __aeabi_ldiv0
 .text          0x080037dc       0x40 c:/program files (x86)/emide/emide v2.20/arm/bin/../lib/gcc/arm-none-eabi/4.7.4/armv6-m\libgcc.a(_aeabi_uldivmod.o)
                0x080037dc                __aeabi_uldivmod
 .text          0x0800381c       0x44 c:/program files (x86)/emide/emide v2.20/arm/bin/../lib/gcc/arm-none-eabi/4.7.4/armv6-m\libgcc.a(_muldi3.o)
                0x0800381c                __muldi3
                0x0800381c                __aeabi_lmul
 .text          0x08003860       0x74 c:/program files (x86)/emide/emide v2.20/arm/bin/../lib/gcc/arm-none-eabi/4.7.4/armv6-m\libgcc.a(bpabi.o)
                0x08003860                __gnu_ldivmod_helper
                0x0800389c                __gnu_uldivmod_helper
 .text          0x080038d4      0x3d0 c:/program files (x86)/emide/emide v2.20/arm/bin/../lib/gcc/arm-none-eabi/4.7.4/armv6-m\libgcc.a(_divdi3.o)
                0x080038d4                __divdi3
 .text          0x08003ca4      0x38c c:/program files (x86)/emide/emide v2.20/arm/bin/../lib/gcc/arm-none-eabi/4.7.4/armv6-m\libgcc.a(_udivdi3.o)
                0x08003ca4                __udivdi3
 .text          0x08004030       0x3c c:/program files (x86)/emide/emide v2.20/arm/bin/../lib/gcc/arm-none-eabi/4.7.4/armv6-m\libgcc.a(_clzsi2.o)
                0x08004030                __clzsi2
 *(.text*)
 .text.Reset_Handler
                0x0800406c       0x50 obj\Debug\Setup\startup.o
                0x0800406c                Reset_Handler
 .text.Default_Handler
                0x080040bc        0x2 obj\Debug\Setup\startup.o
                0x080040bc                TIM1_CC_IRQHandler
                0x080040bc                ADC1_COMP_IRQHandler
                0x080040bc                PVD_IRQHandler
                0x080040bc                I2C1_IRQHandler
                0x080040bc                SPI1_IRQHandler
                0x080040bc                TIM6_DAC_IRQHandler
                0x080040bc                EXTI2_3_IRQHandler
                0x080040bc                I2C2_IRQHandler
                0x080040bc                TIM17_IRQHandler
                0x080040bc                RTC_IRQHandler
                0x080040bc                TIM16_IRQHandler
                0x080040bc                TIM3_IRQHandler
                0x080040bc                EXTI4_15_IRQHandler
                0x080040bc                RCC_IRQHandler
                0x080040bc                DMA1_Channel1_IRQHandler
                0x080040bc                Default_Handler
                0x080040bc                CEC_IRQHandler
                0x080040bc                TIM14_IRQHandler
                0x080040bc                DMA1_Channel4_5_IRQHandler
                0x080040bc                TIM15_IRQHandler
                0x080040bc                EXTI0_1_IRQHandler
                0x080040bc                SPI2_IRQHandler
                0x080040bc                TS_IRQHandler
                0x080040bc                WWDG_IRQHandler
                0x080040bc                TIM2_IRQHandler
                0x080040bc                DMA1_Channel2_3_IRQHandler
                0x080040bc                USART2_IRQHandler
                0x080040bc                FLASH_IRQHandler
                0x080040bc                TIM1_BRK_UP_TRG_COM_IRQHandler
 *fill*         0x080040be        0x2 00
 .text.__register_exitproc
                0x080040c0       0xc4 c:/program files (x86)/emide/emide v2.20/arm/bin/../lib/gcc/arm-none-eabi/4.7.4/../../../../arm-none-eabi/lib/armv6-m\libc.a(lib_a-__atexit.o)
                0x080040c0                __register_exitproc
 .text.__errno  0x08004184        0xc c:/program files (x86)/emide/emide v2.20/arm/bin/../lib/gcc/arm-none-eabi/4.7.4/../../../../arm-none-eabi/lib/armv6-m\libc.a(lib_a-errno.o)
                0x08004184                __errno
 .text._fflush_r
                0x08004190      0x15c c:/program files (x86)/emide/emide v2.20/arm/bin/../lib/gcc/arm-none-eabi/4.7.4/../../../../arm-none-eabi/lib/armv6-m\libc.a(lib_a-fflush.o)
                0x08004190                _fflush_r
 .text.fflush   0x080042ec       0x28 c:/program files (x86)/emide/emide v2.20/arm/bin/../lib/gcc/arm-none-eabi/4.7.4/../../../../arm-none-eabi/lib/armv6-m\libc.a(lib_a-fflush.o)
                0x080042ec                fflush
 .text._cleanup_r
                0x08004314       0x10 c:/program files (x86)/emide/emide v2.20/arm/bin/../lib/gcc/arm-none-eabi/4.7.4/../../../../arm-none-eabi/lib/armv6-m\libc.a(lib_a-findfp.o)
                0x08004314                _cleanup_r
 .text.std.isra.0
                0x08004324       0x48 c:/program files (x86)/emide/emide v2.20/arm/bin/../lib/gcc/arm-none-eabi/4.7.4/../../../../arm-none-eabi/lib/armv6-m\libc.a(lib_a-findfp.o)
 .text.__sinit  0x0800436c       0x50 c:/program files (x86)/emide/emide v2.20/arm/bin/../lib/gcc/arm-none-eabi/4.7.4/../../../../arm-none-eabi/lib/armv6-m\libc.a(lib_a-findfp.o)
                0x0800436c                __sinit
 .text.__sfp_lock_acquire
                0x080043bc        0x4 c:/program files (x86)/emide/emide v2.20/arm/bin/../lib/gcc/arm-none-eabi/4.7.4/../../../../arm-none-eabi/lib/armv6-m\libc.a(lib_a-findfp.o)
                0x080043bc                __sfp_lock_acquire
 .text.__sfp_lock_release
                0x080043c0        0x4 c:/program files (x86)/emide/emide v2.20/arm/bin/../lib/gcc/arm-none-eabi/4.7.4/../../../../arm-none-eabi/lib/armv6-m\libc.a(lib_a-findfp.o)
                0x080043c0                __sfp_lock_release
 .text.__libc_fini_array
                0x080043c4       0x60 c:/program files (x86)/emide/emide v2.20/arm/bin/../lib/gcc/arm-none-eabi/4.7.4/../../../../arm-none-eabi/lib/armv6-m\libc.a(lib_a-fini.o)
                0x080043c4                __libc_fini_array
 .text._malloc_trim_r
                0x08004424       0xa0 c:/program files (x86)/emide/emide v2.20/arm/bin/../lib/gcc/arm-none-eabi/4.7.4/../../../../arm-none-eabi/lib/armv6-m\libc.a(lib_a-freer.o)
                0x08004424                _malloc_trim_r
 .text._free_r  0x080044c4      0x190 c:/program files (x86)/emide/emide v2.20/arm/bin/../lib/gcc/arm-none-eabi/4.7.4/../../../../arm-none-eabi/lib/armv6-m\libc.a(lib_a-freer.o)
                0x080044c4                _free_r
 .text._fwalk   0x08004654       0xd8 c:/program files (x86)/emide/emide v2.20/arm/bin/../lib/gcc/arm-none-eabi/4.7.4/../../../../arm-none-eabi/lib/armv6-m\libc.a(lib_a-fwalk.o)
                0x08004654                _fwalk
 .text._fwalk_reent
                0x0800472c       0xe4 c:/program files (x86)/emide/emide v2.20/arm/bin/../lib/gcc/arm-none-eabi/4.7.4/../../../../arm-none-eabi/lib/armv6-m\libc.a(lib_a-fwalk.o)
                0x0800472c                _fwalk_reent
 .text.__libc_init_array
                0x08004810       0x90 c:/program files (x86)/emide/emide v2.20/arm/bin/../lib/gcc/arm-none-eabi/4.7.4/../../../../arm-none-eabi/lib/armv6-m\libc.a(lib_a-init.o)
                0x08004810                __libc_init_array
 .text._malloc_r
                0x080048a0      0x514 c:/program files (x86)/emide/emide v2.20/arm/bin/../lib/gcc/arm-none-eabi/4.7.4/../../../../arm-none-eabi/lib/armv6-m\libc.a(lib_a-mallocr.o)
                0x080048a0                _malloc_r
 .text.memset   0x08004db4      0x118 c:/program files (x86)/emide/emide v2.20/arm/bin/../lib/gcc/arm-none-eabi/4.7.4/../../../../arm-none-eabi/lib/armv6-m\libc.a(lib_a-memset.o)
                0x08004db4                memset
 .text.__malloc_lock
                0x08004ecc        0x4 c:/program files (x86)/emide/emide v2.20/arm/bin/../lib/gcc/arm-none-eabi/4.7.4/../../../../arm-none-eabi/lib/armv6-m\libc.a(lib_a-mlock.o)
                0x08004ecc                __malloc_lock
 .text.__malloc_unlock
                0x08004ed0        0x4 c:/program files (x86)/emide/emide v2.20/arm/bin/../lib/gcc/arm-none-eabi/4.7.4/../../../../arm-none-eabi/lib/armv6-m\libc.a(lib_a-mlock.o)
                0x08004ed0                __malloc_unlock
 .text._puts_r  0x08004ed4       0x68 c:/program files (x86)/emide/emide v2.20/arm/bin/../lib/gcc/arm-none-eabi/4.7.4/../../../../arm-none-eabi/lib/armv6-m\libc.a(lib_a-puts.o)
                0x08004ed4                _puts_r
 .text.puts     0x08004f3c       0x14 c:/program files (x86)/emide/emide v2.20/arm/bin/../lib/gcc/arm-none-eabi/4.7.4/../../../../arm-none-eabi/lib/armv6-m\libc.a(lib_a-puts.o)
                0x08004f3c                puts
 .text.__sread  0x08004f50       0x28 c:/program files (x86)/emide/emide v2.20/arm/bin/../lib/gcc/arm-none-eabi/4.7.4/../../../../arm-none-eabi/lib/armv6-m\libc.a(lib_a-stdio.o)
                0x08004f50                __sread
 .text.__swrite
                0x08004f78       0x38 c:/program files (x86)/emide/emide v2.20/arm/bin/../lib/gcc/arm-none-eabi/4.7.4/../../../../arm-none-eabi/lib/armv6-m\libc.a(lib_a-stdio.o)
                0x08004f78                __swrite
 .text.__sseek  0x08004fb0       0x2c c:/program files (x86)/emide/emide v2.20/arm/bin/../lib/gcc/arm-none-eabi/4.7.4/../../../../arm-none-eabi/lib/armv6-m\libc.a(lib_a-stdio.o)
                0x08004fb0                __sseek
 .text.__sclose
                0x08004fdc        0xc c:/program files (x86)/emide/emide v2.20/arm/bin/../lib/gcc/arm-none-eabi/4.7.4/../../../../arm-none-eabi/lib/armv6-m\libc.a(lib_a-stdio.o)
                0x08004fdc                __sclose
 .text.strlen   0x08004fe8       0x10 c:/program files (x86)/emide/emide v2.20/arm/bin/../lib/gcc/arm-none-eabi/4.7.4/../../../../arm-none-eabi/lib/armv6-m\libc.a(lib_a-strlen.o)
                0x08004fe8                strlen
 .text._write_r
                0x08004ff8       0x28 c:/program files (x86)/emide/emide v2.20/arm/bin/../lib/gcc/arm-none-eabi/4.7.4/../../../../arm-none-eabi/lib/armv6-m\libc.a(lib_a-writer.o)
                0x08004ff8                _write_r
 .text.startup.register_fini
                0x08005020       0x18 c:/program files (x86)/emide/emide v2.20/arm/bin/../lib/gcc/arm-none-eabi/4.7.4/../../../../arm-none-eabi/lib/armv6-m\libc.a(lib_a-__call_atexit.o)
 .text.atexit   0x08005038       0x10 c:/program files (x86)/emide/emide v2.20/arm/bin/../lib/gcc/arm-none-eabi/4.7.4/../../../../arm-none-eabi/lib/armv6-m\libc.a(lib_a-atexit.o)
                0x08005038                atexit
 .text._close_r
                0x08005048       0x24 c:/program files (x86)/emide/emide v2.20/arm/bin/../lib/gcc/arm-none-eabi/4.7.4/../../../../arm-none-eabi/lib/armv6-m\libc.a(lib_a-closer.o)
                0x08005048                _close_r
 .text._fclose_r
                0x0800506c       0xa0 c:/program files (x86)/emide/emide v2.20/arm/bin/../lib/gcc/arm-none-eabi/4.7.4/../../../../arm-none-eabi/lib/armv6-m\libc.a(lib_a-fclose.o)
                0x0800506c                _fclose_r
 .text.fclose   0x0800510c       0x14 c:/program files (x86)/emide/emide v2.20/arm/bin/../lib/gcc/arm-none-eabi/4.7.4/../../../../arm-none-eabi/lib/armv6-m\libc.a(lib_a-fclose.o)
                0x0800510c                fclose
 .text.__sfvwrite_r
                0x08005120      0x304 c:/program files (x86)/emide/emide v2.20/arm/bin/../lib/gcc/arm-none-eabi/4.7.4/../../../../arm-none-eabi/lib/armv6-m\libc.a(lib_a-fvwrite.o)
                0x08005120                __sfvwrite_r
 .text._lseek_r
                0x08005424       0x28 c:/program files (x86)/emide/emide v2.20/arm/bin/../lib/gcc/arm-none-eabi/4.7.4/../../../../arm-none-eabi/lib/armv6-m\libc.a(lib_a-lseekr.o)
                0x08005424                _lseek_r
 .text.memchr   0x0800544c      0x120 c:/program files (x86)/emide/emide v2.20/arm/bin/../lib/gcc/arm-none-eabi/4.7.4/../../../../arm-none-eabi/lib/armv6-m\libc.a(lib_a-memchr.o)
                0x0800544c                memchr
 .text.memcpy   0x0800556c      0x144 c:/program files (x86)/emide/emide v2.20/arm/bin/../lib/gcc/arm-none-eabi/4.7.4/../../../../arm-none-eabi/lib/armv6-m\libc.a(lib_a-memcpy.o)
                0x0800556c                memcpy
 .text.memmove  0x080056b0      0x19c c:/program files (x86)/emide/emide v2.20/arm/bin/../lib/gcc/arm-none-eabi/4.7.4/../../../../arm-none-eabi/lib/armv6-m\libc.a(lib_a-memmove.o)
                0x080056b0                memmove
 .text._read_r  0x0800584c       0x28 c:/program files (x86)/emide/emide v2.20/arm/bin/../lib/gcc/arm-none-eabi/4.7.4/../../../../arm-none-eabi/lib/armv6-m\libc.a(lib_a-readr.o)
                0x0800584c                _read_r
 .text._realloc_r
                0x08005874      0x3d4 c:/program files (x86)/emide/emide v2.20/arm/bin/../lib/gcc/arm-none-eabi/4.7.4/../../../../arm-none-eabi/lib/armv6-m\libc.a(lib_a-reallocr.o)
                0x08005874                _realloc_r
 .text.__swsetup_r
                0x08005c48       0xbc c:/program files (x86)/emide/emide v2.20/arm/bin/../lib/gcc/arm-none-eabi/4.7.4/../../../../arm-none-eabi/lib/armv6-m\libc.a(lib_a-wsetup.o)
                0x08005c48                __swsetup_r
 .text.__smakebuf_r
                0x08005d04       0xdc c:/program files (x86)/emide/emide v2.20/arm/bin/../lib/gcc/arm-none-eabi/4.7.4/../../../../arm-none-eabi/lib/armv6-m\libc.a(lib_a-makebuf.o)
                0x08005d04                __smakebuf_r
 .text._fstat_r
                0x08005de0       0x28 c:/program files (x86)/emide/emide v2.20/arm/bin/../lib/gcc/arm-none-eabi/4.7.4/../../../../arm-none-eabi/lib/armv6-m\libc.a(lib_a-fstatr.o)
                0x08005de0                _fstat_r
 .text._isatty_r
                0x08005e08       0x24 c:/program files (x86)/emide/emide v2.20/arm/bin/../lib/gcc/arm-none-eabi/4.7.4/../../../../arm-none-eabi/lib/armv6-m\libc.a(lib_a-isattyr.o)
                0x08005e08                _isatty_r
 *(.rodata)
 .rodata        0x08005e2c      0x12c obj\Debug\Src\main.o
                0x08005e2c                Graphic1
 *(.rodata*)
 .rodata.str1.4
                0x08005f58        0x2 c:/program files (x86)/emide/emide v2.20/arm/bin/../lib/gcc/arm-none-eabi/4.7.4/../../../../arm-none-eabi/lib/armv6-m\libc.a(lib_a-impure.o)
                                  0x4 (size before relaxing)
 *fill*         0x08005f5a        0x2 00
 .rodata._global_impure_ptr
                0x08005f5c        0x4 c:/program files (x86)/emide/emide v2.20/arm/bin/../lib/gcc/arm-none-eabi/4.7.4/../../../../arm-none-eabi/lib/armv6-m\libc.a(lib_a-impure.o)
                0x08005f5c                _global_impure_ptr
 .rodata.str1.4
                0x08005f60        0x4 c:/program files (x86)/emide/emide v2.20/arm/bin/../lib/gcc/arm-none-eabi/4.7.4/../../../../arm-none-eabi/lib/armv6-m\libc.a(lib_a-puts.o)
 *(.glue_7)
 .glue_7        0x00000000        0x0 linker stubs
 *(.glue_7t)
 .glue_7t       0x00000000        0x0 linker stubs
 *(.eh_frame)
 .eh_frame      0x08005f64        0x0 c:/program files (x86)/emide/emide v2.20/arm/bin/../lib/gcc/arm-none-eabi/4.7.4/armv6-m/crtbegin.o
 *(.init)
 .init          0x08005f64        0x4 c:/program files (x86)/emide/emide v2.20/arm/bin/../lib/gcc/arm-none-eabi/4.7.4/armv6-m/crti.o
                0x08005f64                _init
 .init          0x08005f68        0x8 c:/program files (x86)/emide/emide v2.20/arm/bin/../lib/gcc/arm-none-eabi/4.7.4/armv6-m/crtn.o
 *(.fini)
 .fini          0x08005f70        0x4 c:/program files (x86)/emide/emide v2.20/arm/bin/../lib/gcc/arm-none-eabi/4.7.4/armv6-m/crti.o
                0x08005f70                _fini
 .fini          0x08005f74        0x8 c:/program files (x86)/emide/emide v2.20/arm/bin/../lib/gcc/arm-none-eabi/4.7.4/armv6-m/crtn.o
                0x08005f7c                . = ALIGN (0x4)
                0x08005f7c                _etext = .

.vfp11_veneer   0x08005f7c        0x0
 .vfp11_veneer  0x00000000        0x0 linker stubs

.v4_bx          0x08005f7c        0x0
 .v4_bx         0x00000000        0x0 linker stubs

.iplt           0x08005f7c        0x0
 .iplt          0x00000000        0x0 c:/program files (x86)/emide/emide v2.20/arm/bin/../lib/gcc/arm-none-eabi/4.7.4/armv6-m/crtbegin.o

.ARM.extab
 *(.ARM.extab* .gnu.linkonce.armextab.*)

.ARM            0x08005f7c        0x8
                0x08005f7c                __exidx_start = .
 *(.ARM.exidx*)
 .ARM.exidx     0x08005f7c        0x8 c:/program files (x86)/emide/emide v2.20/arm/bin/../lib/gcc/arm-none-eabi/4.7.4/armv6-m\libgcc.a(_divdi3.o)
 .ARM.exidx     0x08005f84        0x0 c:/program files (x86)/emide/emide v2.20/arm/bin/../lib/gcc/arm-none-eabi/4.7.4/armv6-m\libgcc.a(_udivdi3.o)
                                  0x8 (size before relaxing)
                0x08005f84                __exidx_end = .

.rel.dyn        0x08005f84        0x0
 .rel.iplt      0x00000000        0x0 c:/program files (x86)/emide/emide v2.20/arm/bin/../lib/gcc/arm-none-eabi/4.7.4/armv6-m/crtbegin.o

.preinit_array  0x08005f84        0x0
                0x08005f84                PROVIDE (__preinit_array_start, .)
 *(.preinit_array*)
                0x08005f84                PROVIDE (__preinit_array_end, .)

.init_array     0x08005f84        0x8
                0x08005f84                PROVIDE (__init_array_start, .)
 *(SORT(.init_array.*))
 .init_array.00000
                0x08005f84        0x4 c:/program files (x86)/emide/emide v2.20/arm/bin/../lib/gcc/arm-none-eabi/4.7.4/../../../../arm-none-eabi/lib/armv6-m\libc.a(lib_a-__call_atexit.o)
 *(.init_array*)
 .init_array    0x08005f88        0x4 c:/program files (x86)/emide/emide v2.20/arm/bin/../lib/gcc/arm-none-eabi/4.7.4/armv6-m/crtbegin.o
                0x08005f8c                PROVIDE (__init_array_end, .)

.fini_array     0x08005f8c        0x4
                0x08005f8c                PROVIDE (__fini_array_start, .)
 *(SORT(.fini_array.*))
 *(.fini_array*)
 .fini_array    0x08005f8c        0x4 c:/program files (x86)/emide/emide v2.20/arm/bin/../lib/gcc/arm-none-eabi/4.7.4/armv6-m/crtbegin.o
                0x08005f90                PROVIDE (__fini_array_end, .)
                0x08005f90                _sidata = LOADADDR (.data)

.data           0x20000000      0x864 load address 0x08005f90
                0x20000000                . = ALIGN (0x4)
                0x20000000                _sdata = .
 *(.data)
 .data          0x20000000       0x10 obj\Debug\Libraries\STM32F0xx_StdPeriph_Driver\src\stm32f0xx_rcc.o
 .data          0x20000010       0x14 obj\Debug\Src\system_stm32f0xx.o
                0x20000010                SystemCoreClock
                0x20000014                AHBPrescTable
 *(.data*)
 *fill*         0x20000024        0x4 00
 .data.impure_data
                0x20000028      0x428 c:/program files (x86)/emide/emide v2.20/arm/bin/../lib/gcc/arm-none-eabi/4.7.4/../../../../arm-none-eabi/lib/armv6-m\libc.a(lib_a-impure.o)
 .data._impure_ptr
                0x20000450        0x4 c:/program files (x86)/emide/emide v2.20/arm/bin/../lib/gcc/arm-none-eabi/4.7.4/../../../../arm-none-eabi/lib/armv6-m\libc.a(lib_a-impure.o)
                0x20000450                _impure_ptr
 .data.__malloc_av_
                0x20000454      0x408 c:/program files (x86)/emide/emide v2.20/arm/bin/../lib/gcc/arm-none-eabi/4.7.4/../../../../arm-none-eabi/lib/armv6-m\libc.a(lib_a-mallocr.o)
                0x20000454                __malloc_av_
 .data.__malloc_trim_threshold
                0x2000085c        0x4 c:/program files (x86)/emide/emide v2.20/arm/bin/../lib/gcc/arm-none-eabi/4.7.4/../../../../arm-none-eabi/lib/armv6-m\libc.a(lib_a-mallocr.o)
                0x2000085c                __malloc_trim_threshold
 .data.__malloc_sbrk_base
                0x20000860        0x4 c:/program files (x86)/emide/emide v2.20/arm/bin/../lib/gcc/arm-none-eabi/4.7.4/../../../../arm-none-eabi/lib/armv6-m\libc.a(lib_a-mallocr.o)
                0x20000860                __malloc_sbrk_base
                0x20000864                . = ALIGN (0x4)
                0x20000864                _edata = .

.jcr            0x20000864        0x0 load address 0x080067f4
 .jcr           0x20000864        0x0 c:/program files (x86)/emide/emide v2.20/arm/bin/../lib/gcc/arm-none-eabi/4.7.4/armv6-m/crtbegin.o

.igot.plt       0x20000864        0x0 load address 0x080067f4
 .igot.plt      0x00000000        0x0 c:/program files (x86)/emide/emide v2.20/arm/bin/../lib/gcc/arm-none-eabi/4.7.4/armv6-m/crtbegin.o
                0x20000864                . = ALIGN (0x4)

.bss            0x20000864      0x1e4 load address 0x080067f4
                0x20000864                _sbss = .
                0x20000864                __bss_start__ = _sbss
 *(.bss)
 .bss           0x20000864       0x1c c:/program files (x86)/emide/emide v2.20/arm/bin/../lib/gcc/arm-none-eabi/4.7.4/armv6-m/crtbegin.o
 .bss           0x20000880        0x8 obj\Debug\Src\main.o
                0x20000880                timer
                0x20000884                timerFlag
 .bss           0x20000888        0x4 obj\Debug\Src\syscalls.o
                0x20000888                heap_end
 *(.bss*)
 .bss.__malloc_max_total_mem
                0x2000088c        0x4 c:/program files (x86)/emide/emide v2.20/arm/bin/../lib/gcc/arm-none-eabi/4.7.4/../../../../arm-none-eabi/lib/armv6-m\libc.a(lib_a-mallocr.o)
                0x2000088c                __malloc_max_total_mem
 .bss.__malloc_max_sbrked_mem
                0x20000890        0x4 c:/program files (x86)/emide/emide v2.20/arm/bin/../lib/gcc/arm-none-eabi/4.7.4/../../../../arm-none-eabi/lib/armv6-m\libc.a(lib_a-mallocr.o)
                0x20000890                __malloc_max_sbrked_mem
 .bss.__malloc_top_pad
                0x20000894        0x4 c:/program files (x86)/emide/emide v2.20/arm/bin/../lib/gcc/arm-none-eabi/4.7.4/../../../../arm-none-eabi/lib/armv6-m\libc.a(lib_a-mallocr.o)
                0x20000894                __malloc_top_pad
 .bss.__malloc_current_mallinfo
                0x20000898       0x28 c:/program files (x86)/emide/emide v2.20/arm/bin/../lib/gcc/arm-none-eabi/4.7.4/../../../../arm-none-eabi/lib/armv6-m\libc.a(lib_a-mallocr.o)
                0x20000898                __malloc_current_mallinfo
 *(COMMON)
 COMMON         0x200008c0      0x101 obj\Debug\Src\display.o
                0x200008c0                framebuffer
                0x200009bf                DISPLAY_COLUMN
                0x200009c0                DISPLAY_ROW
 *fill*         0x200009c1        0x3 00
 COMMON         0x200009c4       0x24 obj\Debug\Src\i2c.o
                0x200009c4                I2C_InitStructure
                0x200009e0                GPIO_InitStructure
 COMMON         0x200009e8       0x5b obj\Debug\Src\main.o
                0x200009e8                arr
                0x20000a08                testvar
                0x20000a0c                USART_ClockInitStructure
                0x20000a1c                TickFlagI2C
                0x20000a20                USART_InitStructure
                0x20000a38                rxchar
                0x20000a3c                toggle
                0x20000a40                NVIC_InitStructure
 *fill*         0x20000a43        0x1 00
 COMMON         0x20000a44        0x4 c:/program files (x86)/emide/emide v2.20/arm/bin/../lib/gcc/arm-none-eabi/4.7.4/../../../../arm-none-eabi/lib/armv6-m\libc.a(lib_a-reent.o)
                0x20000a44                errno
                0x20000a48                . = ALIGN (0x4)
                0x20000a48                _ebss = .
                0x20000a48                __bss_end__ = _ebss

._user_heap_stack
                0x20000a48      0x880 load address 0x080067f4
                0x20000a48                . = ALIGN (0x4)
                0x20000a48                __heap_start__ = .
                0x20000a48                PROVIDE (end, .)
                0x20000a48                PROVIDE (_end, .)
                0x20001248                . = (. + _Min_Heap_Size)
 *fill*         0x20000a48      0x800 00
                0x20001248                __heap_end__ = .
                0x200012c8                . = (. + _Min_Stack_Size)
 *fill*         0x20001248       0x80 00
                0x200012c8                . = ALIGN (0x4)

.memory_b1_text
 *(.mb1text)
 *(.mb1text*)
 *(.mb1rodata)
 *(.mb1rodata*)

/DISCARD/
 libc.a(*)
 libm.a(*)
 libgcc.a(*)

.ARM.attributes
                0x00000000       0x28
 *(.ARM.attributes)
 .ARM.attributes
                0x00000000       0x1e c:/program files (x86)/emide/emide v2.20/arm/bin/../lib/gcc/arm-none-eabi/4.7.4/armv6-m/crti.o
 .ARM.attributes
                0x0000001e       0x2c c:/program files (x86)/emide/emide v2.20/arm/bin/../lib/gcc/arm-none-eabi/4.7.4/armv6-m/crtbegin.o
 .ARM.attributes
                0x0000004a       0x31 obj\Debug\Libraries\STM32F0xx_StdPeriph_Driver\src\stm32f0xx_gpio.o
 .ARM.attributes
                0x0000007b       0x31 obj\Debug\Libraries\STM32F0xx_StdPeriph_Driver\src\stm32f0xx_i2c.o
 .ARM.attributes
                0x000000ac       0x31 obj\Debug\Libraries\STM32F0xx_StdPeriph_Driver\src\stm32f0xx_misc.o
 .ARM.attributes
                0x000000dd       0x31 obj\Debug\Libraries\STM32F0xx_StdPeriph_Driver\src\stm32f0xx_rcc.o
 .ARM.attributes
                0x0000010e       0x31 obj\Debug\Libraries\STM32F0xx_StdPeriph_Driver\src\stm32f0xx_usart.o
 .ARM.attributes
                0x0000013f       0x21 obj\Debug\Setup\startup.o
 .ARM.attributes
                0x00000160       0x31 obj\Debug\Src\display.o
 .ARM.attributes
                0x00000191       0x31 obj\Debug\Src\i2c.o
 .ARM.attributes
                0x000001c2       0x31 obj\Debug\Src\main.o
 .ARM.attributes
                0x000001f3       0x31 obj\Debug\Src\stm32f0xx_it.o
 .ARM.attributes
                0x00000224       0x31 obj\Debug\Src\syscalls.o
 .ARM.attributes
                0x00000255       0x31 obj\Debug\Src\system_stm32f0xx.o
 .ARM.attributes
                0x00000286       0x1e c:/program files (x86)/emide/emide v2.20/arm/bin/../lib/gcc/arm-none-eabi/4.7.4/armv6-m\libgcc.a(_udivsi3.o)
 .ARM.attributes
                0x000002a4       0x1e c:/program files (x86)/emide/emide v2.20/arm/bin/../lib/gcc/arm-none-eabi/4.7.4/armv6-m\libgcc.a(_dvmd_tls.o)
 .ARM.attributes
                0x000002c2       0x1e c:/program files (x86)/emide/emide v2.20/arm/bin/../lib/gcc/arm-none-eabi/4.7.4/armv6-m\libgcc.a(_aeabi_uldivmod.o)
 .ARM.attributes
                0x000002e0       0x2c c:/program files (x86)/emide/emide v2.20/arm/bin/../lib/gcc/arm-none-eabi/4.7.4/armv6-m\libgcc.a(_muldi3.o)
 .ARM.attributes
                0x0000030c       0x2c c:/program files (x86)/emide/emide v2.20/arm/bin/../lib/gcc/arm-none-eabi/4.7.4/armv6-m\libgcc.a(bpabi.o)
 .ARM.attributes
                0x00000338       0x2c c:/program files (x86)/emide/emide v2.20/arm/bin/../lib/gcc/arm-none-eabi/4.7.4/armv6-m\libgcc.a(_divdi3.o)
 .ARM.attributes
                0x00000364       0x2c c:/program files (x86)/emide/emide v2.20/arm/bin/../lib/gcc/arm-none-eabi/4.7.4/armv6-m\libgcc.a(_udivdi3.o)
 .ARM.attributes
                0x00000390       0x1e c:/program files (x86)/emide/emide v2.20/arm/bin/../lib/gcc/arm-none-eabi/4.7.4/armv6-m\libgcc.a(_clzsi2.o)
 .ARM.attributes
                0x000003ae       0x2c c:/program files (x86)/emide/emide v2.20/arm/bin/../lib/gcc/arm-none-eabi/4.7.4/../../../../arm-none-eabi/lib/armv6-m\libc.a(lib_a-__atexit.o)
 .ARM.attributes
                0x000003da       0x2c c:/program files (x86)/emide/emide v2.20/arm/bin/../lib/gcc/arm-none-eabi/4.7.4/../../../../arm-none-eabi/lib/armv6-m\libc.a(lib_a-errno.o)
 .ARM.attributes
                0x00000406       0x2c c:/program files (x86)/emide/emide v2.20/arm/bin/../lib/gcc/arm-none-eabi/4.7.4/../../../../arm-none-eabi/lib/armv6-m\libc.a(lib_a-fflush.o)
 .ARM.attributes
                0x00000432       0x2c c:/program files (x86)/emide/emide v2.20/arm/bin/../lib/gcc/arm-none-eabi/4.7.4/../../../../arm-none-eabi/lib/armv6-m\libc.a(lib_a-findfp.o)
 .ARM.attributes
                0x0000045e       0x2c c:/program files (x86)/emide/emide v2.20/arm/bin/../lib/gcc/arm-none-eabi/4.7.4/../../../../arm-none-eabi/lib/armv6-m\libc.a(lib_a-fini.o)
 .ARM.attributes
                0x0000048a       0x2c c:/program files (x86)/emide/emide v2.20/arm/bin/../lib/gcc/arm-none-eabi/4.7.4/../../../../arm-none-eabi/lib/armv6-m\libc.a(lib_a-freer.o)
 .ARM.attributes
                0x000004b6       0x2c c:/program files (x86)/emide/emide v2.20/arm/bin/../lib/gcc/arm-none-eabi/4.7.4/../../../../arm-none-eabi/lib/armv6-m\libc.a(lib_a-fwalk.o)
 .ARM.attributes
                0x000004e2       0x2c c:/program files (x86)/emide/emide v2.20/arm/bin/../lib/gcc/arm-none-eabi/4.7.4/../../../../arm-none-eabi/lib/armv6-m\libc.a(lib_a-impure.o)
 .ARM.attributes
                0x0000050e       0x2c c:/program files (x86)/emide/emide v2.20/arm/bin/../lib/gcc/arm-none-eabi/4.7.4/../../../../arm-none-eabi/lib/armv6-m\libc.a(lib_a-init.o)
 .ARM.attributes
                0x0000053a       0x2c c:/program files (x86)/emide/emide v2.20/arm/bin/../lib/gcc/arm-none-eabi/4.7.4/../../../../arm-none-eabi/lib/armv6-m\libc.a(lib_a-mallocr.o)
 .ARM.attributes
                0x00000566       0x2c c:/program files (x86)/emide/emide v2.20/arm/bin/../lib/gcc/arm-none-eabi/4.7.4/../../../../arm-none-eabi/lib/armv6-m\libc.a(lib_a-memset.o)
 .ARM.attributes
                0x00000592       0x2c c:/program files (x86)/emide/emide v2.20/arm/bin/../lib/gcc/arm-none-eabi/4.7.4/../../../../arm-none-eabi/lib/armv6-m\libc.a(lib_a-mlock.o)
 .ARM.attributes
                0x000005be       0x2c c:/program files (x86)/emide/emide v2.20/arm/bin/../lib/gcc/arm-none-eabi/4.7.4/../../../../arm-none-eabi/lib/armv6-m\libc.a(lib_a-puts.o)
 .ARM.attributes
                0x000005ea       0x2c c:/program files (x86)/emide/emide v2.20/arm/bin/../lib/gcc/arm-none-eabi/4.7.4/../../../../arm-none-eabi/lib/armv6-m\libc.a(lib_a-stdio.o)
 .ARM.attributes
                0x00000616       0x2c c:/program files (x86)/emide/emide v2.20/arm/bin/../lib/gcc/arm-none-eabi/4.7.4/../../../../arm-none-eabi/lib/armv6-m\libc.a(lib_a-strlen.o)
 .ARM.attributes
                0x00000642       0x2c c:/program files (x86)/emide/emide v2.20/arm/bin/../lib/gcc/arm-none-eabi/4.7.4/../../../../arm-none-eabi/lib/armv6-m\libc.a(lib_a-writer.o)
 .ARM.attributes
                0x0000066e       0x2c c:/program files (x86)/emide/emide v2.20/arm/bin/../lib/gcc/arm-none-eabi/4.7.4/../../../../arm-none-eabi/lib/armv6-m\libc.a(lib_a-__call_atexit.o)
 .ARM.attributes
                0x0000069a       0x2c c:/program files (x86)/emide/emide v2.20/arm/bin/../lib/gcc/arm-none-eabi/4.7.4/../../../../arm-none-eabi/lib/armv6-m\libc.a(lib_a-atexit.o)
 .ARM.attributes
                0x000006c6       0x2c c:/program files (x86)/emide/emide v2.20/arm/bin/../lib/gcc/arm-none-eabi/4.7.4/../../../../arm-none-eabi/lib/armv6-m\libc.a(lib_a-closer.o)
 .ARM.attributes
                0x000006f2       0x2c c:/program files (x86)/emide/emide v2.20/arm/bin/../lib/gcc/arm-none-eabi/4.7.4/../../../../arm-none-eabi/lib/armv6-m\libc.a(lib_a-fclose.o)
 .ARM.attributes
                0x0000071e       0x2c c:/program files (x86)/emide/emide v2.20/arm/bin/../lib/gcc/arm-none-eabi/4.7.4/../../../../arm-none-eabi/lib/armv6-m\libc.a(lib_a-fvwrite.o)
 .ARM.attributes
                0x0000074a       0x2c c:/program files (x86)/emide/emide v2.20/arm/bin/../lib/gcc/arm-none-eabi/4.7.4/../../../../arm-none-eabi/lib/armv6-m\libc.a(lib_a-lseekr.o)
 .ARM.attributes
                0x00000776       0x2c c:/program files (x86)/emide/emide v2.20/arm/bin/../lib/gcc/arm-none-eabi/4.7.4/../../../../arm-none-eabi/lib/armv6-m\libc.a(lib_a-memchr.o)
 .ARM.attributes
                0x000007a2       0x2c c:/program files (x86)/emide/emide v2.20/arm/bin/../lib/gcc/arm-none-eabi/4.7.4/../../../../arm-none-eabi/lib/armv6-m\libc.a(lib_a-memcpy.o)
 .ARM.attributes
                0x000007ce       0x2c c:/program files (x86)/emide/emide v2.20/arm/bin/../lib/gcc/arm-none-eabi/4.7.4/../../../../arm-none-eabi/lib/armv6-m\libc.a(lib_a-memmove.o)
 .ARM.attributes
                0x000007fa       0x2c c:/program files (x86)/emide/emide v2.20/arm/bin/../lib/gcc/arm-none-eabi/4.7.4/../../../../arm-none-eabi/lib/armv6-m\libc.a(lib_a-readr.o)
 .ARM.attributes
                0x00000826       0x2c c:/program files (x86)/emide/emide v2.20/arm/bin/../lib/gcc/arm-none-eabi/4.7.4/../../../../arm-none-eabi/lib/armv6-m\libc.a(lib_a-reallocr.o)
 .ARM.attributes
                0x00000852       0x2c c:/program files (x86)/emide/emide v2.20/arm/bin/../lib/gcc/arm-none-eabi/4.7.4/../../../../arm-none-eabi/lib/armv6-m\libc.a(lib_a-reent.o)
 .ARM.attributes
                0x0000087e       0x2c c:/program files (x86)/emide/emide v2.20/arm/bin/../lib/gcc/arm-none-eabi/4.7.4/../../../../arm-none-eabi/lib/armv6-m\libc.a(lib_a-wsetup.o)
 .ARM.attributes
                0x000008aa       0x2c c:/program files (x86)/emide/emide v2.20/arm/bin/../lib/gcc/arm-none-eabi/4.7.4/../../../../arm-none-eabi/lib/armv6-m\libc.a(lib_a-makebuf.o)
 .ARM.attributes
                0x000008d6       0x2c c:/program files (x86)/emide/emide v2.20/arm/bin/../lib/gcc/arm-none-eabi/4.7.4/../../../../arm-none-eabi/lib/armv6-m\libc.a(lib_a-fstatr.o)
 .ARM.attributes
                0x00000902       0x2c c:/program files (x86)/emide/emide v2.20/arm/bin/../lib/gcc/arm-none-eabi/4.7.4/../../../../arm-none-eabi/lib/armv6-m\libc.a(lib_a-isattyr.o)
 .ARM.attributes
                0x0000092e       0x1e c:/program files (x86)/emide/emide v2.20/arm/bin/../lib/gcc/arm-none-eabi/4.7.4/armv6-m/crtn.o
OUTPUT(bin\Debug\HDM01.elf elf32-littlearm)

.debug_info     0x00000000     0x5f04
 .debug_info    0x00000000      0x619 obj\Debug\Libraries\STM32F0xx_StdPeriph_Driver\src\stm32f0xx_gpio.o
 .debug_info    0x00000619      0xc9b obj\Debug\Libraries\STM32F0xx_StdPeriph_Driver\src\stm32f0xx_i2c.o
 .debug_info    0x000012b4      0x39d obj\Debug\Libraries\STM32F0xx_StdPeriph_Driver\src\stm32f0xx_misc.o
 .debug_info    0x00001651      0xb09 obj\Debug\Libraries\STM32F0xx_StdPeriph_Driver\src\stm32f0xx_rcc.o
 .debug_info    0x0000215a      0xf64 obj\Debug\Libraries\STM32F0xx_StdPeriph_Driver\src\stm32f0xx_usart.o
 .debug_info    0x000030be       0x86 obj\Debug\Setup\startup.o
 .debug_info    0x00003144      0x3f7 obj\Debug\Src\display.o
 .debug_info    0x0000353b      0x40e obj\Debug\Src\i2c.o
 .debug_info    0x00003949     0x1355 obj\Debug\Src\main.o
 .debug_info    0x00004c9e       0xcb obj\Debug\Src\stm32f0xx_it.o
 .debug_info    0x00004d69      0xe8b obj\Debug\Src\syscalls.o
 .debug_info    0x00005bf4      0x310 obj\Debug\Src\system_stm32f0xx.o

.debug_abbrev   0x00000000     0x1048
 .debug_abbrev  0x00000000      0x19d obj\Debug\Libraries\STM32F0xx_StdPeriph_Driver\src\stm32f0xx_gpio.o
 .debug_abbrev  0x0000019d      0x187 obj\Debug\Libraries\STM32F0xx_StdPeriph_Driver\src\stm32f0xx_i2c.o
 .debug_abbrev  0x00000324      0x127 obj\Debug\Libraries\STM32F0xx_StdPeriph_Driver\src\stm32f0xx_misc.o
 .debug_abbrev  0x0000044b      0x1ee obj\Debug\Libraries\STM32F0xx_StdPeriph_Driver\src\stm32f0xx_rcc.o
 .debug_abbrev  0x00000639      0x15e obj\Debug\Libraries\STM32F0xx_StdPeriph_Driver\src\stm32f0xx_usart.o
 .debug_abbrev  0x00000797       0x12 obj\Debug\Setup\startup.o
 .debug_abbrev  0x000007a9      0x178 obj\Debug\Src\display.o
 .debug_abbrev  0x00000921       0xf0 obj\Debug\Src\i2c.o
 .debug_abbrev  0x00000a11      0x2a3 obj\Debug\Src\main.o
 .debug_abbrev  0x00000cb4       0x42 obj\Debug\Src\stm32f0xx_it.o
 .debug_abbrev  0x00000cf6      0x21c obj\Debug\Src\syscalls.o
 .debug_abbrev  0x00000f12      0x136 obj\Debug\Src\system_stm32f0xx.o

.debug_loc      0x00000000     0x27fc
 .debug_loc     0x00000000      0x2d8 obj\Debug\Libraries\STM32F0xx_StdPeriph_Driver\src\stm32f0xx_gpio.o
 .debug_loc     0x000002d8      0x930 obj\Debug\Libraries\STM32F0xx_StdPeriph_Driver\src\stm32f0xx_i2c.o
 .debug_loc     0x00000c08       0xa8 obj\Debug\Libraries\STM32F0xx_StdPeriph_Driver\src\stm32f0xx_misc.o
 .debug_loc     0x00000cb0      0x8d4 obj\Debug\Libraries\STM32F0xx_StdPeriph_Driver\src\stm32f0xx_rcc.o
 .debug_loc     0x00001584      0xaba obj\Debug\Libraries\STM32F0xx_StdPeriph_Driver\src\stm32f0xx_usart.o
 .debug_loc     0x0000203e      0x2be obj\Debug\Src\display.o
 .debug_loc     0x000022fc       0x2c obj\Debug\Src\i2c.o
 .debug_loc     0x00002328      0x190 obj\Debug\Src\main.o
 .debug_loc     0x000024b8       0xb0 obj\Debug\Src\stm32f0xx_it.o
 .debug_loc     0x00002568      0x1f8 obj\Debug\Src\syscalls.o
 .debug_loc     0x00002760       0x9c obj\Debug\Src\system_stm32f0xx.o

.debug_aranges  0x00000000      0x188
 .debug_aranges
                0x00000000       0x20 obj\Debug\Libraries\STM32F0xx_StdPeriph_Driver\src\stm32f0xx_gpio.o
 .debug_aranges
                0x00000020       0x20 obj\Debug\Libraries\STM32F0xx_StdPeriph_Driver\src\stm32f0xx_i2c.o
 .debug_aranges
                0x00000040       0x20 obj\Debug\Libraries\STM32F0xx_StdPeriph_Driver\src\stm32f0xx_misc.o
 .debug_aranges
                0x00000060       0x20 obj\Debug\Libraries\STM32F0xx_StdPeriph_Driver\src\stm32f0xx_rcc.o
 .debug_aranges
                0x00000080       0x20 obj\Debug\Libraries\STM32F0xx_StdPeriph_Driver\src\stm32f0xx_usart.o
 .debug_aranges
                0x000000a0       0x28 obj\Debug\Setup\startup.o
 .debug_aranges
                0x000000c8       0x20 obj\Debug\Src\display.o
 .debug_aranges
                0x000000e8       0x20 obj\Debug\Src\i2c.o
 .debug_aranges
                0x00000108       0x20 obj\Debug\Src\main.o
 .debug_aranges
                0x00000128       0x20 obj\Debug\Src\stm32f0xx_it.o
 .debug_aranges
                0x00000148       0x20 obj\Debug\Src\syscalls.o
 .debug_aranges
                0x00000168       0x20 obj\Debug\Src\system_stm32f0xx.o

.debug_line     0x00000000     0x18fd
 .debug_line    0x00000000      0x210 obj\Debug\Libraries\STM32F0xx_StdPeriph_Driver\src\stm32f0xx_gpio.o
 .debug_line    0x00000210      0x2dd obj\Debug\Libraries\STM32F0xx_StdPeriph_Driver\src\stm32f0xx_i2c.o
 .debug_line    0x000004ed      0x1c7 obj\Debug\Libraries\STM32F0xx_StdPeriph_Driver\src\stm32f0xx_misc.o
 .debug_line    0x000006b4      0x309 obj\Debug\Libraries\STM32F0xx_StdPeriph_Driver\src\stm32f0xx_rcc.o
 .debug_line    0x000009bd      0x330 obj\Debug\Libraries\STM32F0xx_StdPeriph_Driver\src\stm32f0xx_usart.o
 .debug_line    0x00000ced       0x9b obj\Debug\Setup\startup.o
 .debug_line    0x00000d88      0x228 obj\Debug\Src\display.o
 .debug_line    0x00000fb0      0x17e obj\Debug\Src\i2c.o
 .debug_line    0x0000112e      0x365 obj\Debug\Src\main.o
 .debug_line    0x00001493       0x78 obj\Debug\Src\stm32f0xx_it.o
 .debug_line    0x0000150b      0x275 obj\Debug\Src\syscalls.o
 .debug_line    0x00001780      0x17d obj\Debug\Src\system_stm32f0xx.o

.debug_str      0x00000000     0x2225
 .debug_str     0x00000000      0x445 obj\Debug\Libraries\STM32F0xx_StdPeriph_Driver\src\stm32f0xx_gpio.o
                                0x479 (size before relaxing)
 .debug_str     0x00000445      0x4ce obj\Debug\Libraries\STM32F0xx_StdPeriph_Driver\src\stm32f0xx_i2c.o
                                0x627 (size before relaxing)
 .debug_str     0x00000913      0x18e obj\Debug\Libraries\STM32F0xx_StdPeriph_Driver\src\stm32f0xx_misc.o
                                0x2ee (size before relaxing)
 .debug_str     0x00000aa1      0x5d4 obj\Debug\Libraries\STM32F0xx_StdPeriph_Driver\src\stm32f0xx_rcc.o
                                0x771 (size before relaxing)
 .debug_str     0x00001075      0x718 obj\Debug\Libraries\STM32F0xx_StdPeriph_Driver\src\stm32f0xx_usart.o
                                0x965 (size before relaxing)
 .debug_str     0x0000178d      0x107 obj\Debug\Src\display.o
                                0x27c (size before relaxing)
 .debug_str     0x00001894       0x60 obj\Debug\Src\i2c.o
                                0x3d0 (size before relaxing)
 .debug_str     0x000018f4      0x6a6 obj\Debug\Src\main.o
                                0xb9e (size before relaxing)
 .debug_str     0x00001f9a       0x75 obj\Debug\Src\stm32f0xx_it.o
                                0x174 (size before relaxing)
 .debug_str     0x0000200f      0x175 obj\Debug\Src\syscalls.o
                                0x6b8 (size before relaxing)
 .debug_str     0x00002184       0xa1 obj\Debug\Src\system_stm32f0xx.o
                                0x25f (size before relaxing)

.comment        0x00000000       0x70
 .comment       0x00000000       0x70 obj\Debug\Libraries\STM32F0xx_StdPeriph_Driver\src\stm32f0xx_gpio.o
                                 0x71 (size before relaxing)
 .comment       0x00000000       0x71 obj\Debug\Libraries\STM32F0xx_StdPeriph_Driver\src\stm32f0xx_i2c.o
 .comment       0x00000000       0x71 obj\Debug\Libraries\STM32F0xx_StdPeriph_Driver\src\stm32f0xx_misc.o
 .comment       0x00000000       0x71 obj\Debug\Libraries\STM32F0xx_StdPeriph_Driver\src\stm32f0xx_rcc.o
 .comment       0x00000000       0x71 obj\Debug\Libraries\STM32F0xx_StdPeriph_Driver\src\stm32f0xx_usart.o
 .comment       0x00000000       0x71 obj\Debug\Src\display.o
 .comment       0x00000000       0x71 obj\Debug\Src\i2c.o
 .comment       0x00000000       0x71 obj\Debug\Src\main.o
 .comment       0x00000000       0x71 obj\Debug\Src\stm32f0xx_it.o
 .comment       0x00000000       0x71 obj\Debug\Src\syscalls.o
 .comment       0x00000000       0x71 obj\Debug\Src\system_stm32f0xx.o

.debug_frame    0x00000000     0x2124
 .debug_frame   0x00000000      0x1b0 obj\Debug\Libraries\STM32F0xx_StdPeriph_Driver\src\stm32f0xx_gpio.o
 .debug_frame   0x000001b0      0x550 obj\Debug\Libraries\STM32F0xx_StdPeriph_Driver\src\stm32f0xx_i2c.o
 .debug_frame   0x00000700       0x70 obj\Debug\Libraries\STM32F0xx_StdPeriph_Driver\src\stm32f0xx_misc.o
 .debug_frame   0x00000770      0x524 obj\Debug\Libraries\STM32F0xx_StdPeriph_Driver\src\stm32f0xx_rcc.o
 .debug_frame   0x00000c94      0x630 obj\Debug\Libraries\STM32F0xx_StdPeriph_Driver\src\stm32f0xx_usart.o
 .debug_frame   0x000012c4      0x1b8 obj\Debug\Src\display.o
 .debug_frame   0x0000147c       0x2c obj\Debug\Src\i2c.o
 .debug_frame   0x000014a8      0x104 obj\Debug\Src\main.o
 .debug_frame   0x000015ac       0x80 obj\Debug\Src\stm32f0xx_it.o
 .debug_frame   0x0000162c      0x130 obj\Debug\Src\syscalls.o
 .debug_frame   0x0000175c       0x6c obj\Debug\Src\system_stm32f0xx.o
 .debug_frame   0x000017c8       0x20 c:/program files (x86)/emide/emide v2.20/arm/bin/../lib/gcc/arm-none-eabi/4.7.4/armv6-m\libgcc.a(_udivsi3.o)
 .debug_frame   0x000017e8       0x30 c:/program files (x86)/emide/emide v2.20/arm/bin/../lib/gcc/arm-none-eabi/4.7.4/armv6-m\libgcc.a(_muldi3.o)
 .debug_frame   0x00001818       0x60 c:/program files (x86)/emide/emide v2.20/arm/bin/../lib/gcc/arm-none-eabi/4.7.4/armv6-m\libgcc.a(bpabi.o)
 .debug_frame   0x00001878       0x3c c:/program files (x86)/emide/emide v2.20/arm/bin/../lib/gcc/arm-none-eabi/4.7.4/armv6-m\libgcc.a(_divdi3.o)
 .debug_frame   0x000018b4       0x3c c:/program files (x86)/emide/emide v2.20/arm/bin/../lib/gcc/arm-none-eabi/4.7.4/armv6-m\libgcc.a(_udivdi3.o)
 .debug_frame   0x000018f0       0x38 c:/program files (x86)/emide/emide v2.20/arm/bin/../lib/gcc/arm-none-eabi/4.7.4/../../../../arm-none-eabi/lib/armv6-m\libc.a(lib_a-__atexit.o)
 .debug_frame   0x00001928       0x20 c:/program files (x86)/emide/emide v2.20/arm/bin/../lib/gcc/arm-none-eabi/4.7.4/../../../../arm-none-eabi/lib/armv6-m\libc.a(lib_a-errno.o)
 .debug_frame   0x00001948       0x4c c:/program files (x86)/emide/emide v2.20/arm/bin/../lib/gcc/arm-none-eabi/4.7.4/../../../../arm-none-eabi/lib/armv6-m\libc.a(lib_a-fflush.o)
 .debug_frame   0x00001994      0x138 c:/program files (x86)/emide/emide v2.20/arm/bin/../lib/gcc/arm-none-eabi/4.7.4/../../../../arm-none-eabi/lib/armv6-m\libc.a(lib_a-findfp.o)
 .debug_frame   0x00001acc       0x34 c:/program files (x86)/emide/emide v2.20/arm/bin/../lib/gcc/arm-none-eabi/4.7.4/../../../../arm-none-eabi/lib/armv6-m\libc.a(lib_a-fini.o)
 .debug_frame   0x00001b00       0x54 c:/program files (x86)/emide/emide v2.20/arm/bin/../lib/gcc/arm-none-eabi/4.7.4/../../../../arm-none-eabi/lib/armv6-m\libc.a(lib_a-freer.o)
 .debug_frame   0x00001b54       0x64 c:/program files (x86)/emide/emide v2.20/arm/bin/../lib/gcc/arm-none-eabi/4.7.4/../../../../arm-none-eabi/lib/armv6-m\libc.a(lib_a-fwalk.o)
 .debug_frame   0x00001bb8       0x30 c:/program files (x86)/emide/emide v2.20/arm/bin/../lib/gcc/arm-none-eabi/4.7.4/../../../../arm-none-eabi/lib/armv6-m\libc.a(lib_a-init.o)
 .debug_frame   0x00001be8       0x3c c:/program files (x86)/emide/emide v2.20/arm/bin/../lib/gcc/arm-none-eabi/4.7.4/../../../../arm-none-eabi/lib/armv6-m\libc.a(lib_a-mallocr.o)
 .debug_frame   0x00001c24       0x30 c:/program files (x86)/emide/emide v2.20/arm/bin/../lib/gcc/arm-none-eabi/4.7.4/../../../../arm-none-eabi/lib/armv6-m\libc.a(lib_a-memset.o)
 .debug_frame   0x00001c54       0x30 c:/program files (x86)/emide/emide v2.20/arm/bin/../lib/gcc/arm-none-eabi/4.7.4/../../../../arm-none-eabi/lib/armv6-m\libc.a(lib_a-mlock.o)
 .debug_frame   0x00001c84       0x44 c:/program files (x86)/emide/emide v2.20/arm/bin/../lib/gcc/arm-none-eabi/4.7.4/../../../../arm-none-eabi/lib/armv6-m\libc.a(lib_a-puts.o)
 .debug_frame   0x00001cc8       0x90 c:/program files (x86)/emide/emide v2.20/arm/bin/../lib/gcc/arm-none-eabi/4.7.4/../../../../arm-none-eabi/lib/armv6-m\libc.a(lib_a-stdio.o)
 .debug_frame   0x00001d58       0x20 c:/program files (x86)/emide/emide v2.20/arm/bin/../lib/gcc/arm-none-eabi/4.7.4/../../../../arm-none-eabi/lib/armv6-m\libc.a(lib_a-strlen.o)
 .debug_frame   0x00001d78       0x2c c:/program files (x86)/emide/emide v2.20/arm/bin/../lib/gcc/arm-none-eabi/4.7.4/../../../../arm-none-eabi/lib/armv6-m\libc.a(lib_a-writer.o)
 .debug_frame   0x00001da4       0x54 c:/program files (x86)/emide/emide v2.20/arm/bin/../lib/gcc/arm-none-eabi/4.7.4/../../../../arm-none-eabi/lib/armv6-m\libc.a(lib_a-__call_atexit.o)
 .debug_frame   0x00001df8       0x28 c:/program files (x86)/emide/emide v2.20/arm/bin/../lib/gcc/arm-none-eabi/4.7.4/../../../../arm-none-eabi/lib/armv6-m\libc.a(lib_a-atexit.o)
 .debug_frame   0x00001e20       0x2c c:/program files (x86)/emide/emide v2.20/arm/bin/../lib/gcc/arm-none-eabi/4.7.4/../../../../arm-none-eabi/lib/armv6-m\libc.a(lib_a-closer.o)
 .debug_frame   0x00001e4c       0x44 c:/program files (x86)/emide/emide v2.20/arm/bin/../lib/gcc/arm-none-eabi/4.7.4/../../../../arm-none-eabi/lib/armv6-m\libc.a(lib_a-fclose.o)
 .debug_frame   0x00001e90       0x3c c:/program files (x86)/emide/emide v2.20/arm/bin/../lib/gcc/arm-none-eabi/4.7.4/../../../../arm-none-eabi/lib/armv6-m\libc.a(lib_a-fvwrite.o)
 .debug_frame   0x00001ecc       0x2c c:/program files (x86)/emide/emide v2.20/arm/bin/../lib/gcc/arm-none-eabi/4.7.4/../../../../arm-none-eabi/lib/armv6-m\libc.a(lib_a-lseekr.o)
 .debug_frame   0x00001ef8       0x34 c:/program files (x86)/emide/emide v2.20/arm/bin/../lib/gcc/arm-none-eabi/4.7.4/../../../../arm-none-eabi/lib/armv6-m\libc.a(lib_a-memchr.o)
 .debug_frame   0x00001f2c       0x34 c:/program files (x86)/emide/emide v2.20/arm/bin/../lib/gcc/arm-none-eabi/4.7.4/../../../../arm-none-eabi/lib/armv6-m\libc.a(lib_a-memcpy.o)
 .debug_frame   0x00001f60       0x38 c:/program files (x86)/emide/emide v2.20/arm/bin/../lib/gcc/arm-none-eabi/4.7.4/../../../../arm-none-eabi/lib/armv6-m\libc.a(lib_a-memmove.o)
 .debug_frame   0x00001f98       0x2c c:/program files (x86)/emide/emide v2.20/arm/bin/../lib/gcc/arm-none-eabi/4.7.4/../../../../arm-none-eabi/lib/armv6-m\libc.a(lib_a-readr.o)
 .debug_frame   0x00001fc4       0x3c c:/program files (x86)/emide/emide v2.20/arm/bin/../lib/gcc/arm-none-eabi/4.7.4/../../../../arm-none-eabi/lib/armv6-m\libc.a(lib_a-reallocr.o)
 .debug_frame   0x00002000       0x70 c:/program files (x86)/emide/emide v2.20/arm/bin/../lib/gcc/arm-none-eabi/4.7.4/../../../../arm-none-eabi/lib/armv6-m\libc.a(lib_a-reent.o)
 .debug_frame   0x00002070       0x2c c:/program files (x86)/emide/emide v2.20/arm/bin/../lib/gcc/arm-none-eabi/4.7.4/../../../../arm-none-eabi/lib/armv6-m\libc.a(lib_a-wsetup.o)
 .debug_frame   0x0000209c       0x30 c:/program files (x86)/emide/emide v2.20/arm/bin/../lib/gcc/arm-none-eabi/4.7.4/../../../../arm-none-eabi/lib/armv6-m\libc.a(lib_a-makebuf.o)
 .debug_frame   0x000020cc       0x2c c:/program files (x86)/emide/emide v2.20/arm/bin/../lib/gcc/arm-none-eabi/4.7.4/../../../../arm-none-eabi/lib/armv6-m\libc.a(lib_a-fstatr.o)
 .debug_frame   0x000020f8       0x2c c:/program files (x86)/emide/emide v2.20/arm/bin/../lib/gcc/arm-none-eabi/4.7.4/../../../../arm-none-eabi/lib/armv6-m\libc.a(lib_a-isattyr.o)

.debug_ranges   0x00000000       0x20
 .debug_ranges  0x00000000       0x20 obj\Debug\Setup\startup.o

Cross Reference Table

Symbol                                            File
ADC1_COMP_IRQHandler                              obj\Debug\Setup\startup.o
ADC_AnalogWatchdogCmd                             obj\Debug\Libraries\STM32F0xx_StdPeriph_Driver\src\stm32f0xx_adc.o
ADC_AnalogWatchdogSingleChannelCmd                obj\Debug\Libraries\STM32F0xx_StdPeriph_Driver\src\stm32f0xx_adc.o
ADC_AnalogWatchdogSingleChannelConfig             obj\Debug\Libraries\STM32F0xx_StdPeriph_Driver\src\stm32f0xx_adc.o
ADC_AnalogWatchdogThresholdsConfig                obj\Debug\Libraries\STM32F0xx_StdPeriph_Driver\src\stm32f0xx_adc.o
ADC_AutoPowerOffCmd                               obj\Debug\Libraries\STM32F0xx_StdPeriph_Driver\src\stm32f0xx_adc.o
ADC_ChannelConfig                                 obj\Debug\Libraries\STM32F0xx_StdPeriph_Driver\src\stm32f0xx_adc.o
ADC_ClearFlag                                     obj\Debug\Libraries\STM32F0xx_StdPeriph_Driver\src\stm32f0xx_adc.o
ADC_ClearITPendingBit                             obj\Debug\Libraries\STM32F0xx_StdPeriph_Driver\src\stm32f0xx_adc.o
ADC_Cmd                                           obj\Debug\Libraries\STM32F0xx_StdPeriph_Driver\src\stm32f0xx_adc.o
ADC_ContinuousModeCmd                             obj\Debug\Libraries\STM32F0xx_StdPeriph_Driver\src\stm32f0xx_adc.o
ADC_DMACmd                                        obj\Debug\Libraries\STM32F0xx_StdPeriph_Driver\src\stm32f0xx_adc.o
ADC_DMARequestModeConfig                          obj\Debug\Libraries\STM32F0xx_StdPeriph_Driver\src\stm32f0xx_adc.o
ADC_DeInit                                        obj\Debug\Libraries\STM32F0xx_StdPeriph_Driver\src\stm32f0xx_adc.o
ADC_DiscModeCmd                                   obj\Debug\Libraries\STM32F0xx_StdPeriph_Driver\src\stm32f0xx_adc.o
ADC_GetCalibrationFactor                          obj\Debug\Libraries\STM32F0xx_StdPeriph_Driver\src\stm32f0xx_adc.o
ADC_GetConversionValue                            obj\Debug\Libraries\STM32F0xx_StdPeriph_Driver\src\stm32f0xx_adc.o
ADC_GetFlagStatus                                 obj\Debug\Libraries\STM32F0xx_StdPeriph_Driver\src\stm32f0xx_adc.o
ADC_GetITStatus                                   obj\Debug\Libraries\STM32F0xx_StdPeriph_Driver\src\stm32f0xx_adc.o
ADC_ITConfig                                      obj\Debug\Libraries\STM32F0xx_StdPeriph_Driver\src\stm32f0xx_adc.o
ADC_Init                                          obj\Debug\Libraries\STM32F0xx_StdPeriph_Driver\src\stm32f0xx_adc.o
ADC_JitterCmd                                     obj\Debug\Libraries\STM32F0xx_StdPeriph_Driver\src\stm32f0xx_adc.o
ADC_OverrunModeCmd                                obj\Debug\Libraries\STM32F0xx_StdPeriph_Driver\src\stm32f0xx_adc.o
ADC_StartOfConversion                             obj\Debug\Libraries\STM32F0xx_StdPeriph_Driver\src\stm32f0xx_adc.o
ADC_StopOfConversion                              obj\Debug\Libraries\STM32F0xx_StdPeriph_Driver\src\stm32f0xx_adc.o
ADC_StructInit                                    obj\Debug\Libraries\STM32F0xx_StdPeriph_Driver\src\stm32f0xx_adc.o
ADC_TempSensorCmd                                 obj\Debug\Libraries\STM32F0xx_StdPeriph_Driver\src\stm32f0xx_adc.o
ADC_VbatCmd                                       obj\Debug\Libraries\STM32F0xx_StdPeriph_Driver\src\stm32f0xx_adc.o
ADC_VrefintCmd                                    obj\Debug\Libraries\STM32F0xx_StdPeriph_Driver\src\stm32f0xx_adc.o
ADC_WaitModeCmd                                   obj\Debug\Libraries\STM32F0xx_StdPeriph_Driver\src\stm32f0xx_adc.o
AHBPrescTable                                     obj\Debug\Src\system_stm32f0xx.o
BitTimer                                          obj\Debug\Src\display.o
CAN_CancelTransmit                                obj\Debug\Libraries\STM32F0xx_StdPeriph_Driver\src\stm32f0xx_can.o
CAN_ClearFlag                                     obj\Debug\Libraries\STM32F0xx_StdPeriph_Driver\src\stm32f0xx_can.o
CAN_ClearITPendingBit                             obj\Debug\Libraries\STM32F0xx_StdPeriph_Driver\src\stm32f0xx_can.o
CAN_DBGFreeze                                     obj\Debug\Libraries\STM32F0xx_StdPeriph_Driver\src\stm32f0xx_can.o
CAN_DeInit                                        obj\Debug\Libraries\STM32F0xx_StdPeriph_Driver\src\stm32f0xx_can.o
CAN_FIFORelease                                   obj\Debug\Libraries\STM32F0xx_StdPeriph_Driver\src\stm32f0xx_can.o
CAN_FilterInit                                    obj\Debug\Libraries\STM32F0xx_StdPeriph_Driver\src\stm32f0xx_can.o
CAN_GetFlagStatus                                 obj\Debug\Libraries\STM32F0xx_StdPeriph_Driver\src\stm32f0xx_can.o
CAN_GetITStatus                                   obj\Debug\Libraries\STM32F0xx_StdPeriph_Driver\src\stm32f0xx_can.o
CAN_GetLSBTransmitErrorCounter                    obj\Debug\Libraries\STM32F0xx_StdPeriph_Driver\src\stm32f0xx_can.o
CAN_GetLastErrorCode                              obj\Debug\Libraries\STM32F0xx_StdPeriph_Driver\src\stm32f0xx_can.o
CAN_GetReceiveErrorCounter                        obj\Debug\Libraries\STM32F0xx_StdPeriph_Driver\src\stm32f0xx_can.o
CAN_ITConfig                                      obj\Debug\Libraries\STM32F0xx_StdPeriph_Driver\src\stm32f0xx_can.o
CAN_Init                                          obj\Debug\Libraries\STM32F0xx_StdPeriph_Driver\src\stm32f0xx_can.o
CAN_MessagePending                                obj\Debug\Libraries\STM32F0xx_StdPeriph_Driver\src\stm32f0xx_can.o
CAN_OperatingModeRequest                          obj\Debug\Libraries\STM32F0xx_StdPeriph_Driver\src\stm32f0xx_can.o
CAN_Receive                                       obj\Debug\Libraries\STM32F0xx_StdPeriph_Driver\src\stm32f0xx_can.o
CAN_SlaveStartBank                                obj\Debug\Libraries\STM32F0xx_StdPeriph_Driver\src\stm32f0xx_can.o
CAN_Sleep                                         obj\Debug\Libraries\STM32F0xx_StdPeriph_Driver\src\stm32f0xx_can.o
CAN_StructInit                                    obj\Debug\Libraries\STM32F0xx_StdPeriph_Driver\src\stm32f0xx_can.o
CAN_TTComModeCmd                                  obj\Debug\Libraries\STM32F0xx_StdPeriph_Driver\src\stm32f0xx_can.o
CAN_Transmit                                      obj\Debug\Libraries\STM32F0xx_StdPeriph_Driver\src\stm32f0xx_can.o
CAN_TransmitStatus                                obj\Debug\Libraries\STM32F0xx_StdPeriph_Driver\src\stm32f0xx_can.o
CAN_WakeUp                                        obj\Debug\Libraries\STM32F0xx_StdPeriph_Driver\src\stm32f0xx_can.o
CEC_ClearFlag                                     obj\Debug\Libraries\STM32F0xx_StdPeriph_Driver\src\stm32f0xx_cec.o
CEC_ClearITPendingBit                             obj\Debug\Libraries\STM32F0xx_StdPeriph_Driver\src\stm32f0xx_cec.o
CEC_Cmd                                           obj\Debug\Libraries\STM32F0xx_StdPeriph_Driver\src\stm32f0xx_cec.o
CEC_DeInit                                        obj\Debug\Libraries\STM32F0xx_StdPeriph_Driver\src\stm32f0xx_cec.o
CEC_EndOfMessage                                  obj\Debug\Libraries\STM32F0xx_StdPeriph_Driver\src\stm32f0xx_cec.o
CEC_GetFlagStatus                                 obj\Debug\Libraries\STM32F0xx_StdPeriph_Driver\src\stm32f0xx_cec.o
CEC_GetITStatus                                   obj\Debug\Libraries\STM32F0xx_StdPeriph_Driver\src\stm32f0xx_cec.o
CEC_IRQHandler                                    obj\Debug\Setup\startup.o
CEC_ITConfig                                      obj\Debug\Libraries\STM32F0xx_StdPeriph_Driver\src\stm32f0xx_cec.o
CEC_Init                                          obj\Debug\Libraries\STM32F0xx_StdPeriph_Driver\src\stm32f0xx_cec.o
CEC_ListenModeCmd                                 obj\Debug\Libraries\STM32F0xx_StdPeriph_Driver\src\stm32f0xx_cec.o
CEC_OwnAddressClear                               obj\Debug\Libraries\STM32F0xx_StdPeriph_Driver\src\stm32f0xx_cec.o
CEC_OwnAddressConfig                              obj\Debug\Libraries\STM32F0xx_StdPeriph_Driver\src\stm32f0xx_cec.o
CEC_ReceiveData                                   obj\Debug\Libraries\STM32F0xx_StdPeriph_Driver\src\stm32f0xx_cec.o
CEC_SendData                                      obj\Debug\Libraries\STM32F0xx_StdPeriph_Driver\src\stm32f0xx_cec.o
CEC_StartOfMessage                                obj\Debug\Libraries\STM32F0xx_StdPeriph_Driver\src\stm32f0xx_cec.o
CEC_StructInit                                    obj\Debug\Libraries\STM32F0xx_StdPeriph_Driver\src\stm32f0xx_cec.o
COMP_Cmd                                          obj\Debug\Libraries\STM32F0xx_StdPeriph_Driver\src\stm32f0xx_comp.o
COMP_DeInit                                       obj\Debug\Libraries\STM32F0xx_StdPeriph_Driver\src\stm32f0xx_comp.o
COMP_GetOutputLevel                               obj\Debug\Libraries\STM32F0xx_StdPeriph_Driver\src\stm32f0xx_comp.o
COMP_Init                                         obj\Debug\Libraries\STM32F0xx_StdPeriph_Driver\src\stm32f0xx_comp.o
COMP_LockConfig                                   obj\Debug\Libraries\STM32F0xx_StdPeriph_Driver\src\stm32f0xx_comp.o
COMP_StructInit                                   obj\Debug\Libraries\STM32F0xx_StdPeriph_Driver\src\stm32f0xx_comp.o
COMP_SwitchCmd                                    obj\Debug\Libraries\STM32F0xx_StdPeriph_Driver\src\stm32f0xx_comp.o
COMP_WindowCmd                                    obj\Debug\Libraries\STM32F0xx_StdPeriph_Driver\src\stm32f0xx_comp.o
CRC_CalcBlockCRC                                  obj\Debug\Libraries\STM32F0xx_StdPeriph_Driver\src\stm32f0xx_crc.o
CRC_CalcCRC                                       obj\Debug\Libraries\STM32F0xx_StdPeriph_Driver\src\stm32f0xx_crc.o
CRC_CalcCRC16bits                                 obj\Debug\Libraries\STM32F0xx_StdPeriph_Driver\src\stm32f0xx_crc.o
CRC_CalcCRC8bits                                  obj\Debug\Libraries\STM32F0xx_StdPeriph_Driver\src\stm32f0xx_crc.o
CRC_DeInit                                        obj\Debug\Libraries\STM32F0xx_StdPeriph_Driver\src\stm32f0xx_crc.o
CRC_GetCRC                                        obj\Debug\Libraries\STM32F0xx_StdPeriph_Driver\src\stm32f0xx_crc.o
CRC_GetIDRegister                                 obj\Debug\Libraries\STM32F0xx_StdPeriph_Driver\src\stm32f0xx_crc.o
CRC_PolynomialSizeSelect                          obj\Debug\Libraries\STM32F0xx_StdPeriph_Driver\src\stm32f0xx_crc.o
CRC_ResetDR                                       obj\Debug\Libraries\STM32F0xx_StdPeriph_Driver\src\stm32f0xx_crc.o
CRC_ReverseInputDataSelect                        obj\Debug\Libraries\STM32F0xx_StdPeriph_Driver\src\stm32f0xx_crc.o
CRC_ReverseOutputDataCmd                          obj\Debug\Libraries\STM32F0xx_StdPeriph_Driver\src\stm32f0xx_crc.o
CRC_SetIDRegister                                 obj\Debug\Libraries\STM32F0xx_StdPeriph_Driver\src\stm32f0xx_crc.o
CRC_SetInitRegister                               obj\Debug\Libraries\STM32F0xx_StdPeriph_Driver\src\stm32f0xx_crc.o
CRC_SetPolynomial                                 obj\Debug\Libraries\STM32F0xx_StdPeriph_Driver\src\stm32f0xx_crc.o
CRS_AdjustHSI48CalibrationValue                   obj\Debug\Libraries\STM32F0xx_StdPeriph_Driver\src\stm32f0xx_crs.o
CRS_AutomaticCalibrationCmd                       obj\Debug\Libraries\STM32F0xx_StdPeriph_Driver\src\stm32f0xx_crs.o
CRS_ClearFlag                                     obj\Debug\Libraries\STM32F0xx_StdPeriph_Driver\src\stm32f0xx_crs.o
CRS_ClearITPendingBit                             obj\Debug\Libraries\STM32F0xx_StdPeriph_Driver\src\stm32f0xx_crs.o
CRS_DeInit                                        obj\Debug\Libraries\STM32F0xx_StdPeriph_Driver\src\stm32f0xx_crs.o
CRS_FrequencyErrorCounterCmd                      obj\Debug\Libraries\STM32F0xx_StdPeriph_Driver\src\stm32f0xx_crs.o
CRS_FrequencyErrorCounterReload                   obj\Debug\Libraries\STM32F0xx_StdPeriph_Driver\src\stm32f0xx_crs.o
CRS_FrequencyErrorLimitConfig                     obj\Debug\Libraries\STM32F0xx_StdPeriph_Driver\src\stm32f0xx_crs.o
CRS_GetFlagStatus                                 obj\Debug\Libraries\STM32F0xx_StdPeriph_Driver\src\stm32f0xx_crs.o
CRS_GetFrequencyErrorDirection                    obj\Debug\Libraries\STM32F0xx_StdPeriph_Driver\src\stm32f0xx_crs.o
CRS_GetFrequencyErrorValue                        obj\Debug\Libraries\STM32F0xx_StdPeriph_Driver\src\stm32f0xx_crs.o
CRS_GetHSI48CalibrationValue                      obj\Debug\Libraries\STM32F0xx_StdPeriph_Driver\src\stm32f0xx_crs.o
CRS_GetITStatus                                   obj\Debug\Libraries\STM32F0xx_StdPeriph_Driver\src\stm32f0xx_crs.o
CRS_GetReloadValue                                obj\Debug\Libraries\STM32F0xx_StdPeriph_Driver\src\stm32f0xx_crs.o
CRS_ITConfig                                      obj\Debug\Libraries\STM32F0xx_StdPeriph_Driver\src\stm32f0xx_crs.o
CRS_SoftwareSynchronizationGenerate               obj\Debug\Libraries\STM32F0xx_StdPeriph_Driver\src\stm32f0xx_crs.o
CRS_SynchronizationPolarityConfig                 obj\Debug\Libraries\STM32F0xx_StdPeriph_Driver\src\stm32f0xx_crs.o
CRS_SynchronizationPrescalerConfig                obj\Debug\Libraries\STM32F0xx_StdPeriph_Driver\src\stm32f0xx_crs.o
CRS_SynchronizationSourceConfig                   obj\Debug\Libraries\STM32F0xx_StdPeriph_Driver\src\stm32f0xx_crs.o
ClearDisplay                                      obj\Debug\Src\display.o
DAC_ClearFlag                                     obj\Debug\Libraries\STM32F0xx_StdPeriph_Driver\src\stm32f0xx_dac.o
DAC_ClearITPendingBit                             obj\Debug\Libraries\STM32F0xx_StdPeriph_Driver\src\stm32f0xx_dac.o
DAC_Cmd                                           obj\Debug\Libraries\STM32F0xx_StdPeriph_Driver\src\stm32f0xx_dac.o
DAC_DMACmd                                        obj\Debug\Libraries\STM32F0xx_StdPeriph_Driver\src\stm32f0xx_dac.o
DAC_DeInit                                        obj\Debug\Libraries\STM32F0xx_StdPeriph_Driver\src\stm32f0xx_dac.o
DAC_DualSoftwareTriggerCmd                        obj\Debug\Libraries\STM32F0xx_StdPeriph_Driver\src\stm32f0xx_dac.o
DAC_GetDataOutputValue                            obj\Debug\Libraries\STM32F0xx_StdPeriph_Driver\src\stm32f0xx_dac.o
DAC_GetFlagStatus                                 obj\Debug\Libraries\STM32F0xx_StdPeriph_Driver\src\stm32f0xx_dac.o
DAC_GetITStatus                                   obj\Debug\Libraries\STM32F0xx_StdPeriph_Driver\src\stm32f0xx_dac.o
DAC_ITConfig                                      obj\Debug\Libraries\STM32F0xx_StdPeriph_Driver\src\stm32f0xx_dac.o
DAC_Init                                          obj\Debug\Libraries\STM32F0xx_StdPeriph_Driver\src\stm32f0xx_dac.o
DAC_SetChannel1Data                               obj\Debug\Libraries\STM32F0xx_StdPeriph_Driver\src\stm32f0xx_dac.o
DAC_SetChannel2Data                               obj\Debug\Libraries\STM32F0xx_StdPeriph_Driver\src\stm32f0xx_dac.o
DAC_SetDualChannelData                            obj\Debug\Libraries\STM32F0xx_StdPeriph_Driver\src\stm32f0xx_dac.o
DAC_SoftwareTriggerCmd                            obj\Debug\Libraries\STM32F0xx_StdPeriph_Driver\src\stm32f0xx_dac.o
DAC_StructInit                                    obj\Debug\Libraries\STM32F0xx_StdPeriph_Driver\src\stm32f0xx_dac.o
DAC_WaveGenerationCmd                             obj\Debug\Libraries\STM32F0xx_StdPeriph_Driver\src\stm32f0xx_dac.o
DBGMCU_APB1PeriphConfig                           obj\Debug\Libraries\STM32F0xx_StdPeriph_Driver\src\stm32f0xx_dbgmcu.o
DBGMCU_APB2PeriphConfig                           obj\Debug\Libraries\STM32F0xx_StdPeriph_Driver\src\stm32f0xx_dbgmcu.o
DBGMCU_Config                                     obj\Debug\Libraries\STM32F0xx_StdPeriph_Driver\src\stm32f0xx_dbgmcu.o
DBGMCU_GetDEVID                                   obj\Debug\Libraries\STM32F0xx_StdPeriph_Driver\src\stm32f0xx_dbgmcu.o
DBGMCU_GetREVID                                   obj\Debug\Libraries\STM32F0xx_StdPeriph_Driver\src\stm32f0xx_dbgmcu.o
DISPLAY_COLUMN                                    obj\Debug\Src\display.o
DISPLAY_ROW                                       obj\Debug\Src\display.o
DMA1_Channel1_IRQHandler                          obj\Debug\Setup\startup.o
DMA1_Channel2_3_IRQHandler                        obj\Debug\Setup\startup.o
DMA1_Channel4_5_IRQHandler                        obj\Debug\Setup\startup.o
DMA_ClearFlag                                     obj\Debug\Libraries\STM32F0xx_StdPeriph_Driver\src\stm32f0xx_dma.o
DMA_ClearITPendingBit                             obj\Debug\Libraries\STM32F0xx_StdPeriph_Driver\src\stm32f0xx_dma.o
DMA_Cmd                                           obj\Debug\Libraries\STM32F0xx_StdPeriph_Driver\src\stm32f0xx_dma.o
DMA_DeInit                                        obj\Debug\Libraries\STM32F0xx_StdPeriph_Driver\src\stm32f0xx_dma.o
DMA_GetCurrDataCounter                            obj\Debug\Libraries\STM32F0xx_StdPeriph_Driver\src\stm32f0xx_dma.o
DMA_GetFlagStatus                                 obj\Debug\Libraries\STM32F0xx_StdPeriph_Driver\src\stm32f0xx_dma.o
DMA_GetITStatus                                   obj\Debug\Libraries\STM32F0xx_StdPeriph_Driver\src\stm32f0xx_dma.o
DMA_ITConfig                                      obj\Debug\Libraries\STM32F0xx_StdPeriph_Driver\src\stm32f0xx_dma.o
DMA_Init                                          obj\Debug\Libraries\STM32F0xx_StdPeriph_Driver\src\stm32f0xx_dma.o
DMA_SetCurrDataCounter                            obj\Debug\Libraries\STM32F0xx_StdPeriph_Driver\src\stm32f0xx_dma.o
DMA_StructInit                                    obj\Debug\Libraries\STM32F0xx_StdPeriph_Driver\src\stm32f0xx_dma.o
Default_Handler                                   obj\Debug\Setup\startup.o
Delay                                             obj\Debug\Src\main.o
EXTI0_1_IRQHandler                                obj\Debug\Setup\startup.o
EXTI2_3_IRQHandler                                obj\Debug\Setup\startup.o
EXTI4_15_IRQHandler                               obj\Debug\Setup\startup.o
EXTI_ClearFlag                                    obj\Debug\Libraries\STM32F0xx_StdPeriph_Driver\src\stm32f0xx_exti.o
EXTI_ClearITPendingBit                            obj\Debug\Libraries\STM32F0xx_StdPeriph_Driver\src\stm32f0xx_exti.o
EXTI_DeInit                                       obj\Debug\Libraries\STM32F0xx_StdPeriph_Driver\src\stm32f0xx_exti.o
EXTI_GenerateSWInterrupt                          obj\Debug\Libraries\STM32F0xx_StdPeriph_Driver\src\stm32f0xx_exti.o
EXTI_GetFlagStatus                                obj\Debug\Libraries\STM32F0xx_StdPeriph_Driver\src\stm32f0xx_exti.o
EXTI_GetITStatus                                  obj\Debug\Libraries\STM32F0xx_StdPeriph_Driver\src\stm32f0xx_exti.o
EXTI_Init                                         obj\Debug\Libraries\STM32F0xx_StdPeriph_Driver\src\stm32f0xx_exti.o
EXTI_StructInit                                   obj\Debug\Libraries\STM32F0xx_StdPeriph_Driver\src\stm32f0xx_exti.o
FLASH_ClearFlag                                   obj\Debug\Libraries\STM32F0xx_StdPeriph_Driver\src\stm32f0xx_flash.o
FLASH_EraseAllPages                               obj\Debug\Libraries\STM32F0xx_StdPeriph_Driver\src\stm32f0xx_flash.o
FLASH_ErasePage                                   obj\Debug\Libraries\STM32F0xx_StdPeriph_Driver\src\stm32f0xx_flash.o
FLASH_GetFlagStatus                               obj\Debug\Libraries\STM32F0xx_StdPeriph_Driver\src\stm32f0xx_flash.o
FLASH_GetPrefetchBufferStatus                     obj\Debug\Libraries\STM32F0xx_StdPeriph_Driver\src\stm32f0xx_flash.o
FLASH_GetStatus                                   obj\Debug\Libraries\STM32F0xx_StdPeriph_Driver\src\stm32f0xx_flash.o
FLASH_IRQHandler                                  obj\Debug\Setup\startup.o
FLASH_ITConfig                                    obj\Debug\Libraries\STM32F0xx_StdPeriph_Driver\src\stm32f0xx_flash.o
FLASH_Lock                                        obj\Debug\Libraries\STM32F0xx_StdPeriph_Driver\src\stm32f0xx_flash.o
FLASH_OB_BOOTConfig                               obj\Debug\Libraries\STM32F0xx_StdPeriph_Driver\src\stm32f0xx_flash.o
FLASH_OB_EnableWRP                                obj\Debug\Libraries\STM32F0xx_StdPeriph_Driver\src\stm32f0xx_flash.o
FLASH_OB_Erase                                    obj\Debug\Libraries\STM32F0xx_StdPeriph_Driver\src\stm32f0xx_flash.o
FLASH_OB_GetRDP                                   obj\Debug\Libraries\STM32F0xx_StdPeriph_Driver\src\stm32f0xx_flash.o
FLASH_OB_GetUser                                  obj\Debug\Libraries\STM32F0xx_StdPeriph_Driver\src\stm32f0xx_flash.o
FLASH_OB_GetWRP                                   obj\Debug\Libraries\STM32F0xx_StdPeriph_Driver\src\stm32f0xx_flash.o
FLASH_OB_Launch                                   obj\Debug\Libraries\STM32F0xx_StdPeriph_Driver\src\stm32f0xx_flash.o
FLASH_OB_Lock                                     obj\Debug\Libraries\STM32F0xx_StdPeriph_Driver\src\stm32f0xx_flash.o
FLASH_OB_RDPConfig                                obj\Debug\Libraries\STM32F0xx_StdPeriph_Driver\src\stm32f0xx_flash.o
FLASH_OB_SRAMParityConfig                         obj\Debug\Libraries\STM32F0xx_StdPeriph_Driver\src\stm32f0xx_flash.o
FLASH_OB_Unlock                                   obj\Debug\Libraries\STM32F0xx_StdPeriph_Driver\src\stm32f0xx_flash.o
FLASH_OB_UserConfig                               obj\Debug\Libraries\STM32F0xx_StdPeriph_Driver\src\stm32f0xx_flash.o
FLASH_OB_VDDAConfig                               obj\Debug\Libraries\STM32F0xx_StdPeriph_Driver\src\stm32f0xx_flash.o
FLASH_OB_WriteUser                                obj\Debug\Libraries\STM32F0xx_StdPeriph_Driver\src\stm32f0xx_flash.o
FLASH_PrefetchBufferCmd                           obj\Debug\Libraries\STM32F0xx_StdPeriph_Driver\src\stm32f0xx_flash.o
FLASH_ProgramHalfWord                             obj\Debug\Libraries\STM32F0xx_StdPeriph_Driver\src\stm32f0xx_flash.o
FLASH_ProgramOptionByteData                       obj\Debug\Libraries\STM32F0xx_StdPeriph_Driver\src\stm32f0xx_flash.o
FLASH_ProgramWord                                 obj\Debug\Libraries\STM32F0xx_StdPeriph_Driver\src\stm32f0xx_flash.o
FLASH_SetLatency                                  obj\Debug\Libraries\STM32F0xx_StdPeriph_Driver\src\stm32f0xx_flash.o
FLASH_Unlock                                      obj\Debug\Libraries\STM32F0xx_StdPeriph_Driver\src\stm32f0xx_flash.o
FLASH_WaitForLastOperation                        obj\Debug\Libraries\STM32F0xx_StdPeriph_Driver\src\stm32f0xx_flash.o
GPIO_DeInit                                       obj\Debug\Libraries\STM32F0xx_StdPeriph_Driver\src\stm32f0xx_gpio.o
GPIO_Init                                         obj\Debug\Libraries\STM32F0xx_StdPeriph_Driver\src\stm32f0xx_gpio.o
                                                  obj\Debug\Src\main.o
                                                  obj\Debug\Src\i2c.o
GPIO_InitStructure                                obj\Debug\Src\main.o
                                                  obj\Debug\Src\i2c.o
GPIO_PinAFConfig                                  obj\Debug\Libraries\STM32F0xx_StdPeriph_Driver\src\stm32f0xx_gpio.o
                                                  obj\Debug\Src\main.o
                                                  obj\Debug\Src\i2c.o
GPIO_PinLockConfig                                obj\Debug\Libraries\STM32F0xx_StdPeriph_Driver\src\stm32f0xx_gpio.o
GPIO_ReadInputData                                obj\Debug\Libraries\STM32F0xx_StdPeriph_Driver\src\stm32f0xx_gpio.o
GPIO_ReadInputDataBit                             obj\Debug\Libraries\STM32F0xx_StdPeriph_Driver\src\stm32f0xx_gpio.o
                                                  obj\Debug\Src\display.o
GPIO_ReadOutputData                               obj\Debug\Libraries\STM32F0xx_StdPeriph_Driver\src\stm32f0xx_gpio.o
GPIO_ReadOutputDataBit                            obj\Debug\Libraries\STM32F0xx_StdPeriph_Driver\src\stm32f0xx_gpio.o
GPIO_ResetBits                                    obj\Debug\Libraries\STM32F0xx_StdPeriph_Driver\src\stm32f0xx_gpio.o
                                                  obj\Debug\Src\main.o
                                                  obj\Debug\Src\display.o
GPIO_SetBits                                      obj\Debug\Libraries\STM32F0xx_StdPeriph_Driver\src\stm32f0xx_gpio.o
                                                  obj\Debug\Src\main.o
                                                  obj\Debug\Src\display.o
GPIO_StructInit                                   obj\Debug\Libraries\STM32F0xx_StdPeriph_Driver\src\stm32f0xx_gpio.o
GPIO_Write                                        obj\Debug\Libraries\STM32F0xx_StdPeriph_Driver\src\stm32f0xx_gpio.o
GPIO_WriteBit                                     obj\Debug\Libraries\STM32F0xx_StdPeriph_Driver\src\stm32f0xx_gpio.o
GeneralDelay                                      obj\Debug\Src\main.o
GetX                                              obj\Debug\Src\display.o
GetY                                              obj\Debug\Src\display.o
Graphic1                                          obj\Debug\Src\main.o
HardFault_Handler                                 obj\Debug\Src\stm32f0xx_it.o
                                                  obj\Debug\Setup\startup.o
I2C1_IRQHandler                                   obj\Debug\Setup\startup.o
I2C2_IRQHandler                                   obj\Debug\Setup\startup.o
I2C_10BitAddressHeaderCmd                         obj\Debug\Libraries\STM32F0xx_StdPeriph_Driver\src\stm32f0xx_i2c.o
I2C_10BitAddressingModeCmd                        obj\Debug\Libraries\STM32F0xx_StdPeriph_Driver\src\stm32f0xx_i2c.o
I2C_AcknowledgeConfig                             obj\Debug\Libraries\STM32F0xx_StdPeriph_Driver\src\stm32f0xx_i2c.o
I2C_AutoEndCmd                                    obj\Debug\Libraries\STM32F0xx_StdPeriph_Driver\src\stm32f0xx_i2c.o
I2C_CalculatePEC                                  obj\Debug\Libraries\STM32F0xx_StdPeriph_Driver\src\stm32f0xx_i2c.o
I2C_ClearFlag                                     obj\Debug\Libraries\STM32F0xx_StdPeriph_Driver\src\stm32f0xx_i2c.o
I2C_ClearITPendingBit                             obj\Debug\Libraries\STM32F0xx_StdPeriph_Driver\src\stm32f0xx_i2c.o
I2C_ClockTimeoutCmd                               obj\Debug\Libraries\STM32F0xx_StdPeriph_Driver\src\stm32f0xx_i2c.o
I2C_Cmd                                           obj\Debug\Libraries\STM32F0xx_StdPeriph_Driver\src\stm32f0xx_i2c.o
                                                  obj\Debug\Src\i2c.o
I2C_DMACmd                                        obj\Debug\Libraries\STM32F0xx_StdPeriph_Driver\src\stm32f0xx_i2c.o
I2C_DeInit                                        obj\Debug\Libraries\STM32F0xx_StdPeriph_Driver\src\stm32f0xx_i2c.o
I2C_DualAddressCmd                                obj\Debug\Libraries\STM32F0xx_StdPeriph_Driver\src\stm32f0xx_i2c.o
I2C_ExtendedClockTimeoutCmd                       obj\Debug\Libraries\STM32F0xx_StdPeriph_Driver\src\stm32f0xx_i2c.o
I2C_GeneralCallCmd                                obj\Debug\Libraries\STM32F0xx_StdPeriph_Driver\src\stm32f0xx_i2c.o
I2C_GenerateSTART                                 obj\Debug\Libraries\STM32F0xx_StdPeriph_Driver\src\stm32f0xx_i2c.o
I2C_GenerateSTOP                                  obj\Debug\Libraries\STM32F0xx_StdPeriph_Driver\src\stm32f0xx_i2c.o
I2C_GetAddressMatched                             obj\Debug\Libraries\STM32F0xx_StdPeriph_Driver\src\stm32f0xx_i2c.o
I2C_GetFlagStatus                                 obj\Debug\Libraries\STM32F0xx_StdPeriph_Driver\src\stm32f0xx_i2c.o
                                                  obj\Debug\Src\main.o
I2C_GetITStatus                                   obj\Debug\Libraries\STM32F0xx_StdPeriph_Driver\src\stm32f0xx_i2c.o
I2C_GetPEC                                        obj\Debug\Libraries\STM32F0xx_StdPeriph_Driver\src\stm32f0xx_i2c.o
I2C_GetTransferDirection                          obj\Debug\Libraries\STM32F0xx_StdPeriph_Driver\src\stm32f0xx_i2c.o
I2C_ITConfig                                      obj\Debug\Libraries\STM32F0xx_StdPeriph_Driver\src\stm32f0xx_i2c.o
I2C_IdleClockTimeoutCmd                           obj\Debug\Libraries\STM32F0xx_StdPeriph_Driver\src\stm32f0xx_i2c.o
I2C_Init                                          obj\Debug\Libraries\STM32F0xx_StdPeriph_Driver\src\stm32f0xx_i2c.o
                                                  obj\Debug\Src\i2c.o
I2C_InitStructure                                 obj\Debug\Src\i2c.o
I2C_MasterRequestConfig                           obj\Debug\Libraries\STM32F0xx_StdPeriph_Driver\src\stm32f0xx_i2c.o
I2C_NumberOfBytesConfig                           obj\Debug\Libraries\STM32F0xx_StdPeriph_Driver\src\stm32f0xx_i2c.o
I2C_OwnAddress2Config                             obj\Debug\Libraries\STM32F0xx_StdPeriph_Driver\src\stm32f0xx_i2c.o
I2C_PECRequestCmd                                 obj\Debug\Libraries\STM32F0xx_StdPeriph_Driver\src\stm32f0xx_i2c.o
I2C_ReadRegister                                  obj\Debug\Libraries\STM32F0xx_StdPeriph_Driver\src\stm32f0xx_i2c.o
I2C_ReceiveData                                   obj\Debug\Libraries\STM32F0xx_StdPeriph_Driver\src\stm32f0xx_i2c.o
I2C_ReloadCmd                                     obj\Debug\Libraries\STM32F0xx_StdPeriph_Driver\src\stm32f0xx_i2c.o
I2C_SMBusAlertCmd                                 obj\Debug\Libraries\STM32F0xx_StdPeriph_Driver\src\stm32f0xx_i2c.o
I2C_SendData                                      obj\Debug\Libraries\STM32F0xx_StdPeriph_Driver\src\stm32f0xx_i2c.o
I2C_SlaveAddressConfig                            obj\Debug\Libraries\STM32F0xx_StdPeriph_Driver\src\stm32f0xx_i2c.o
I2C_SlaveByteControlCmd                           obj\Debug\Libraries\STM32F0xx_StdPeriph_Driver\src\stm32f0xx_i2c.o
I2C_SoftwareResetCmd                              obj\Debug\Libraries\STM32F0xx_StdPeriph_Driver\src\stm32f0xx_i2c.o
I2C_StopModeCmd                                   obj\Debug\Libraries\STM32F0xx_StdPeriph_Driver\src\stm32f0xx_i2c.o
I2C_StretchClockCmd                               obj\Debug\Libraries\STM32F0xx_StdPeriph_Driver\src\stm32f0xx_i2c.o
I2C_StructInit                                    obj\Debug\Libraries\STM32F0xx_StdPeriph_Driver\src\stm32f0xx_i2c.o