Archive member included because of file (symbol)

c:/program files (x86)/emide/emide v2.20/arm/bin/../lib/gcc/arm-none-eabi/4.7.4/armv6-m\libgcc.a(_udivsi3.o)
                              obj\Debug\Libraries\STM32F0xx_StdPeriph_Driver\src\stm32f0xx_rcc.o (__aeabi_uidiv)
c:/program files (x86)/emide/emide v2.20/arm/bin/../lib/gcc/arm-none-eabi/4.7.4/armv6-m\libgcc.a(_dvmd_tls.o)
                              c:/program files (x86)/emide/emide v2.20/arm/bin/../lib/gcc/arm-none-eabi/4.7.4/armv6-m\libgcc.a(_udivsi3.o) (__aeabi_idiv0)
c:/program files (x86)/emide/emide v2.20/arm/bin/../lib/gcc/arm-none-eabi/4.7.4/../../../../arm-none-eabi/lib/armv6-m\libc.a(lib_a-__atexit.o)
                              c:/program files (x86)/emide/emide v2.20/arm/bin/../lib/gcc/arm-none-eabi/4.7.4/../../../../arm-none-eabi/lib/armv6-m/crt0.o (__register_exitproc)
c:/program files (x86)/emide/emide v2.20/arm/bin/../lib/gcc/arm-none-eabi/4.7.4/../../../../arm-none-eabi/lib/armv6-m\libc.a(lib_a-errno.o)
                              obj\Debug\Src\syscalls.o (__errno)
c:/program files (x86)/emide/emide v2.20/arm/bin/../lib/gcc/arm-none-eabi/4.7.4/../../../../arm-none-eabi/lib/armv6-m\libc.a(lib_a-exit.o)
                              c:/program files (x86)/emide/emide v2.20/arm/bin/../lib/gcc/arm-none-eabi/4.7.4/../../../../arm-none-eabi/lib/armv6-m/crt0.o (exit)
c:/program files (x86)/emide/emide v2.20/arm/bin/../lib/gcc/arm-none-eabi/4.7.4/../../../../arm-none-eabi/lib/armv6-m\libc.a(lib_a-fflush.o)
                              obj\Debug\Src\main.o (fflush)
c:/program files (x86)/emide/emide v2.20/arm/bin/../lib/gcc/arm-none-eabi/4.7.4/../../../../arm-none-eabi/lib/armv6-m\libc.a(lib_a-findfp.o)
                              c:/program files (x86)/emide/emide v2.20/arm/bin/../lib/gcc/arm-none-eabi/4.7.4/../../../../arm-none-eabi/lib/armv6-m\libc.a(lib_a-fflush.o) (__sinit)
c:/program files (x86)/emide/emide v2.20/arm/bin/../lib/gcc/arm-none-eabi/4.7.4/../../../../arm-none-eabi/lib/armv6-m\libc.a(lib_a-fini.o)
                              c:/program files (x86)/emide/emide v2.20/arm/bin/../lib/gcc/arm-none-eabi/4.7.4/../../../../arm-none-eabi/lib/armv6-m/crt0.o (__libc_fini_array)
c:/program files (x86)/emide/emide v2.20/arm/bin/../lib/gcc/arm-none-eabi/4.7.4/../../../../arm-none-eabi/lib/armv6-m\libc.a(lib_a-freer.o)
                              c:/program files (x86)/emide/emide v2.20/arm/bin/../lib/gcc/arm-none-eabi/4.7.4/../../../../arm-none-eabi/lib/armv6-m\libc.a(lib_a-fflush.o) (_free_r)
c:/program files (x86)/emide/emide v2.20/arm/bin/../lib/gcc/arm-none-eabi/4.7.4/../../../../arm-none-eabi/lib/armv6-m\libc.a(lib_a-fwalk.o)
                              c:/program files (x86)/emide/emide v2.20/arm/bin/../lib/gcc/arm-none-eabi/4.7.4/../../../../arm-none-eabi/lib/armv6-m\libc.a(lib_a-findfp.o) (_fwalk)
c:/program files (x86)/emide/emide v2.20/arm/bin/../lib/gcc/arm-none-eabi/4.7.4/../../../../arm-none-eabi/lib/armv6-m\libc.a(lib_a-impure.o)
                              c:/program files (x86)/emide/emide v2.20/arm/bin/../lib/gcc/arm-none-eabi/4.7.4/../../../../arm-none-eabi/lib/armv6-m\libc.a(lib_a-__atexit.o) (_global_impure_ptr)
c:/program files (x86)/emide/emide v2.20/arm/bin/../lib/gcc/arm-none-eabi/4.7.4/../../../../arm-none-eabi/lib/armv6-m\libc.a(lib_a-init.o)
                              c:/program files (x86)/emide/emide v2.20/arm/bin/../lib/gcc/arm-none-eabi/4.7.4/../../../../arm-none-eabi/lib/armv6-m/crt0.o (__libc_init_array)
c:/program files (x86)/emide/emide v2.20/arm/bin/../lib/gcc/arm-none-eabi/4.7.4/../../../../arm-none-eabi/lib/armv6-m\libc.a(lib_a-mallocr.o)
                              c:/program files (x86)/emide/emide v2.20/arm/bin/../lib/gcc/arm-none-eabi/4.7.4/../../../../arm-none-eabi/lib/armv6-m\libc.a(lib_a-findfp.o) (_malloc_r)
c:/program files (x86)/emide/emide v2.20/arm/bin/../lib/gcc/arm-none-eabi/4.7.4/../../../../arm-none-eabi/lib/armv6-m\libc.a(lib_a-memset.o)
                              c:/program files (x86)/emide/emide v2.20/arm/bin/../lib/gcc/arm-none-eabi/4.7.4/../../../../arm-none-eabi/lib/armv6-m/crt0.o (memset)
c:/program files (x86)/emide/emide v2.20/arm/bin/../lib/gcc/arm-none-eabi/4.7.4/../../../../arm-none-eabi/lib/armv6-m\libc.a(lib_a-mlock.o)
                              c:/program files (x86)/emide/emide v2.20/arm/bin/../lib/gcc/arm-none-eabi/4.7.4/../../../../arm-none-eabi/lib/armv6-m\libc.a(lib_a-freer.o) (__malloc_lock)
c:/program files (x86)/emide/emide v2.20/arm/bin/../lib/gcc/arm-none-eabi/4.7.4/../../../../arm-none-eabi/lib/armv6-m\libc.a(lib_a-puts.o)
                              obj\Debug\Src\main.o (puts)
c:/program files (x86)/emide/emide v2.20/arm/bin/../lib/gcc/arm-none-eabi/4.7.4/../../../../arm-none-eabi/lib/armv6-m\libc.a(lib_a-sprintf.o)
                              obj\Debug\Src\main.o (sprintf)
c:/program files (x86)/emide/emide v2.20/arm/bin/../lib/gcc/arm-none-eabi/4.7.4/../../../../arm-none-eabi/lib/armv6-m\libc.a(lib_a-stdio.o)
[...]
Memory Configuration

Name             Origin             Length             Attributes
FLASH            0x08000000         0x00010000         xr
RAM              0x20000000         0x00002000         xrw
MEMORY_B1        0x60000000         0x00000000         xr
*default*        0x00000000         0xffffffff

Linker script and memory map

LOAD c:/program files (x86)/emide/emide v2.20/arm/bin/../lib/gcc/arm-none-eabi/4.7.4/armv6-m/crti.o
LOAD c:/program files (x86)/emide/emide v2.20/arm/bin/../lib/gcc/arm-none-eabi/4.7.4/armv6-m/crtbegin.o
LOAD c:/program files (x86)/emide/emide v2.20/arm/bin/../lib/gcc/arm-none-eabi/4.7.4/../../../../arm-none-eabi/lib/armv6-m/crt0.o
LOAD obj\Debug\Libraries\STM32F0xx_StdPeriph_Driver\src\stm32f0xx_adc.o
LOAD obj\Debug\Libraries\STM32F0xx_StdPeriph_Driver\src\stm32f0xx_can.o
LOAD obj\Debug\Libraries\STM32F0xx_StdPeriph_Driver\src\stm32f0xx_cec.o
LOAD obj\Debug\Libraries\STM32F0xx_StdPeriph_Driver\src\stm32f0xx_comp.o
LOAD obj\Debug\Libraries\STM32F0xx_StdPeriph_Driver\src\stm32f0xx_crc.o
LOAD obj\Debug\Libraries\STM32F0xx_StdPeriph_Driver\src\stm32f0xx_crs.o
LOAD obj\Debug\Libraries\STM32F0xx_StdPeriph_Driver\src\stm32f0xx_dac.o
LOAD obj\Debug\Libraries\STM32F0xx_StdPeriph_Driver\src\stm32f0xx_dbgmcu.o
LOAD obj\Debug\Libraries\STM32F0xx_StdPeriph_Driver\src\stm32f0xx_dma.o
LOAD obj\Debug\Libraries\STM32F0xx_StdPeriph_Driver\src\stm32f0xx_exti.o
LOAD obj\Debug\Libraries\STM32F0xx_StdPeriph_Driver\src\stm32f0xx_flash.o
LOAD obj\Debug\Libraries\STM32F0xx_StdPeriph_Driver\src\stm32f0xx_gpio.o
LOAD obj\Debug\Libraries\STM32F0xx_StdPeriph_Driver\src\stm32f0xx_i2c.o
LOAD obj\Debug\Libraries\STM32F0xx_StdPeriph_Driver\src\stm32f0xx_iwdg.o
LOAD obj\Debug\Libraries\STM32F0xx_StdPeriph_Driver\src\stm32f0xx_misc.o
LOAD obj\Debug\Libraries\STM32F0xx_StdPeriph_Driver\src\stm32f0xx_pwr.o
LOAD obj\Debug\Libraries\STM32F0xx_StdPeriph_Driver\src\stm32f0xx_rcc.o
LOAD obj\Debug\Libraries\STM32F0xx_StdPeriph_Driver\src\stm32f0xx_rtc.o
LOAD obj\Debug\Libraries\STM32F0xx_StdPeriph_Driver\src\stm32f0xx_spi.o
LOAD obj\Debug\Libraries\STM32F0xx_StdPeriph_Driver\src\stm32f0xx_syscfg.o
LOAD obj\Debug\Libraries\STM32F0xx_StdPeriph_Driver\src\stm32f0xx_tim.o
LOAD obj\Debug\Libraries\STM32F0xx_StdPeriph_Driver\src\stm32f0xx_usart.o
LOAD obj\Debug\Libraries\STM32F0xx_StdPeriph_Driver\src\stm32f0xx_wwdg.o
LOAD obj\Debug\Setup\startup.o
LOAD obj\Debug\Src\display.o
LOAD obj\Debug\Src\i2c.o
LOAD obj\Debug\Src\main.o
LOAD obj\Debug\Src\stm32f0xx_it.o
LOAD obj\Debug\Src\syscalls.o
LOAD obj\Debug\Src\system_stm32f0xx.o
START GROUP
LOAD c:/program files (x86)/emide/emide v2.20/arm/bin/../lib/gcc/arm-none-eabi/4.7.4/armv6-m\libgcc.a
LOAD c:/program files (x86)/emide/emide v2.20/arm/bin/../lib/gcc/arm-none-eabi/4.7.4/../../../../arm-none-eabi/lib/armv6-m\libc.a
END GROUP
LOAD c:/program files (x86)/emide/emide v2.20/arm/bin/../lib/gcc/arm-none-eabi/4.7.4/armv6-m/crtend.o
LOAD c:/program files (x86)/emide/emide v2.20/arm/bin/../lib/gcc/arm-none-eabi/4.7.4/armv6-m/crtn.o
                0x20002000                _estack = 0x20002000
                0x00000800                _Min_Heap_Size = 0x800
                0x00000080                _Min_Stack_Size = 0x80

.isr_vector     0x08000000       0xc4
                0x08000000                . = ALIGN (0x4)
 *(.isr_vector)
 .isr_vector    0x08000000       0xc4 obj\Debug\Setup\startup.o
                0x08000000                g_pfnVectors
                0x080000c4                . = ALIGN (0x4)

.text           0x080000c8     0xbad8
                0x080000c8                . = ALIGN (0x4)
 *(.text)
 .text          0x080000c8       0x60 c:/program files (x86)/emide/emide v2.20/arm/bin/../lib/gcc/arm-none-eabi/4.7.4/armv6-m/crtbegin.o
 .text          0x08000128      0x47c obj\Debug\Libraries\STM32F0xx_StdPeriph_Driver\src\stm32f0xx_gpio.o
                0x08000128                GPIO_DeInit
                0x08000218                GPIO_Init
                0x08000350                GPIO_StructInit
                0x08000380                GPIO_PinLockConfig
                0x080003c4                GPIO_ReadInputDataBit
                0x0800040c                GPIO_ReadInputData
                0x08000424                GPIO_ReadOutputDataBit
                0x0800046c                GPIO_ReadOutputData
                0x08000484                GPIO_SetBits
                0x080004a0                GPIO_ResetBits
                0x080004bc                GPIO_WriteBit
                0x080004ec                GPIO_Write
                0x08000508                GPIO_PinAFConfig
 .text          0x080005a4      0xa44 obj\Debug\Libraries\STM32F0xx_StdPeriph_Driver\src\stm32f0xx_i2c.o
                0x080005a4                I2C_DeInit
                0x080005f0                I2C_Init
                0x080006c0                I2C_StructInit
                0x080006fc                I2C_Cmd
                0x08000738                I2C_SoftwareResetCmd
                0x08000774                I2C_ITConfig
                0x080007ac                I2C_StretchClockCmd
                0x080007e8                I2C_StopModeCmd
                0x08000824                I2C_DualAddressCmd
                0x08000860                I2C_OwnAddress2Config
                0x080008b0                I2C_GeneralCallCmd
                0x080008ec                I2C_SlaveByteControlCmd
                0x08000928                I2C_SlaveAddressConfig
                0x08000964                I2C_10BitAddressingModeCmd
                0x080009a0                I2C_AutoEndCmd
                0x080009dc                I2C_ReloadCmd
                0x08000a18                I2C_NumberOfBytesConfig
                0x08000a5c                I2C_MasterRequestConfig
                0x08000a98                I2C_GenerateSTART
                0x08000ad4                I2C_GenerateSTOP
                0x08000b10                I2C_10BitAddressHeaderCmd
                0x08000b4c                I2C_AcknowledgeConfig
                0x08000b88                I2C_GetAddressMatched
                0x08000ba8                I2C_GetTransferDirection
                0x08000bf0                I2C_TransferHandling
                0x08000c50                I2C_SMBusAlertCmd
                0x08000c8c                I2C_ClockTimeoutCmd
                0x08000cc8                I2C_ExtendedClockTimeoutCmd
                0x08000d00                I2C_IdleClockTimeoutCmd
                0x08000d3c                I2C_TimeoutAConfig
                0x08000d78                I2C_TimeoutBConfig
                0x08000dbc                I2C_CalculatePEC
                0x08000df8                I2C_PECRequestCmd
                0x08000e34                I2C_GetPEC
                0x08000e4c                I2C_ReadRegister
                0x08000e78                I2C_SendData
                0x08000e94                I2C_ReceiveData
                0x08000eac                I2C_DMACmd
                0x08000ee4                I2C_GetFlagStatus
                0x08000f30                I2C_ClearFlag
                0x08000f48                I2C_GetITStatus
                0x08000fd0                I2C_ClearITPendingBit
 .text          0x08000fe8      0x124 obj\Debug\Libraries\STM32F0xx_StdPeriph_Driver\src\stm32f0xx_misc.o
                0x08000fe8                NVIC_Init
                0x08001094                NVIC_SystemLPConfig
                0x080010d8                SysTick_CLKSourceConfig
 .text          0x0800110c      0xbd8 obj\Debug\Libraries\STM32F0xx_StdPeriph_Driver\src\stm32f0xx_rcc.o
                0x0800110c                RCC_DeInit
                0x08001194                RCC_HSEConfig
                0x080011b8                RCC_WaitForHSEStartUp
                0x08001218                RCC_AdjustHSICalibrationValue
                0x08001254                RCC_HSICmd
                0x0800128c                RCC_AdjustHSI14CalibrationValue
                0x080012c8                RCC_HSI14Cmd
                0x08001300                RCC_HSI14ADCRequestCmd
                0x08001338                RCC_LSEConfig
                0x08001370                RCC_LSEDriveConfig
                0x0800139c                RCC_LSICmd
                0x080013d4                RCC_PLLConfig
                0x08001408                RCC_PLLCmd
                0x08001448                RCC_HSI48Cmd
                0x08001488                RCC_PREDIV1Config
                0x080014bc                RCC_ClockSecuritySystemCmd
                0x080014fc                RCC_MCOConfig
                0x08001540                RCC_SYSCLKConfig
                0x08001574                RCC_GetSYSCLKSource
                0x08001590                RCC_HCLKConfig
                0x080015c4                RCC_PCLKConfig
                0x080015fc                RCC_ADCCLKConfig
                0x0800164c                RCC_CECCLKConfig
                0x08001678                RCC_I2CCLKConfig
                0x080016a4                RCC_USARTCLKConfig
                0x080016f0                RCC_USBCLKConfig
                0x0800171c                RCC_GetClocksFreq
                0x0800197c                RCC_RTCCLKConfig
                0x0800199c                RCC_RTCCLKCmd
                0x080019dc                RCC_BackupResetCmd
                0x08001a1c                RCC_AHBPeriphClockCmd
                0x08001a58                RCC_APB2PeriphClockCmd
                0x08001a94                RCC_APB1PeriphClockCmd
                0x08001ad0                RCC_AHBPeriphResetCmd
                0x08001b0c                RCC_APB2PeriphResetCmd
                0x08001b48                RCC_APB1PeriphResetCmd
                0x08001b84                RCC_ITConfig
                0x08001bd4                RCC_GetFlagStatus
                0x08001c64                RCC_ClearFlag
                0x08001c80                RCC_GetITStatus
                0x08001cc4                RCC_ClearITPendingBit
 .text          0x08001ce4      0xc84 obj\Debug\Libraries\STM32F0xx_StdPeriph_Driver\src\stm32f0xx_usart.o
                0x08001ce4                USART_DeInit
                0x08001d88                USART_Init
                0x08001efc                USART_StructInit
                0x08001f30                USART_ClockInit
                0x08001f78                USART_ClockStructInit
                0x08001fa0                USART_Cmd
                0x08001fdc                USART_DirectionModeCmd
                0x08002014                USART_OverSampling8Cmd
                0x08002050                USART_OneBitMethodCmd
                0x0800208c                USART_MSBFirstCmd
                0x080020c8                USART_DataInvCmd
                0x08002104                USART_InvPinCmd
                0x0800213c                USART_SWAPPinCmd
                0x08002178                USART_ReceiverTimeOutCmd
                0x080021b4                USART_SetReceiverTimeOut
                0x080021dc                USART_SetPrescaler
                0x08002214                USART_STOPModeCmd
                0x08002250                USART_StopModeWakeUpSourceConfig
                0x0800227c                USART_AutoBaudRateCmd
                0x080022b8                USART_AutoBaudRateConfig
                0x080022e4                USART_SendData
                0x08002308                USART_ReceiveData
                0x08002324                USART_SetAddress
                0x08002354                USART_MuteModeCmd
                0x08002390                USART_MuteModeWakeUpConfig
                0x080023bc                USART_AddressDetectionConfig
                0x080023e8                USART_LINBreakDetectLengthConfig
                0x08002414                USART_LINCmd
                0x08002450                USART_HalfDuplexCmd
                0x0800248c                USART_SetGuardTime
                0x080024c8                USART_SmartCardCmd
                0x08002504                USART_SmartCardNACKCmd
                0x08002540                USART_SetAutoRetryCount
                0x08002574                USART_SetBlockLength
                0x080025a4                USART_IrDAConfig
                0x080025d0                USART_IrDACmd
                0x0800260c                USART_DECmd
                0x08002648                USART_DEPolarityConfig
                0x08002674                USART_SetDEAssertionTime
                0x080026a4                USART_SetDEDeassertionTime
                0x080026d4                USART_DMACmd
                0x0800270c                USART_DMAReceptionErrorConfig
                0x08002738                USART_ITConfig
                0x080027bc                USART_RequestCmd
                0x08002804                USART_OverrunDetectionConfig
                0x08002830                USART_GetFlagStatus
                0x0800286c                USART_ClearFlag
                0x08002884                USART_GetITStatus
                0x08002938                USART_ClearITPendingBit
 .text          0x08002968      0x1f4 obj\Debug\Src\display.o
                0x08002968                BitTimer
                0x08002988                ResetTimer
                0x080029ac                ResetDisplay
                0x080029d8                InitDisplay
                0x08002a10                ClearDisplay
                0x08002a20                OverWriteDisplay
                0x08002a4c                NextLine
                0x08002a78                PrintToDisplay
                0x08002ad8                WriteByteDisplay
 .text          0x08002b5c       0xac obj\Debug\Src\i2c.o
                0x08002b5c                InitI2C
 .text          0x08002c08      0x48c obj\Debug\Src\main.o
                0x08002d34                Delay
                0x08002d58                GeneralDelay
                0x08002d74                SysTick_Handler
                0x08002db0                USART1_IRQHandler
                0x08002e00                TestI2C
                0x08002e64                main
 .text          0x08003094       0x20 obj\Debug\Src\stm32f0xx_it.o
                0x08003094                NMI_Handler
                0x0800309c                HardFault_Handler
                0x080030a4                SVC_Handler
                0x080030ac                PendSV_Handler
 .text          0x080030b4      0x168 obj\Debug\Src\syscalls.o
                0x080030b4                _kill
                0x080030d4                _exit
                0x080030ec                _read
                0x08003118                _write
                0x0800316c                _sbrk_r
                0x080031c0                _close
                0x080031d4                _isatty
                0x080031e8                _lseek
                0x08003200                _fstat
 .text          0x0800321c      0x23c obj\Debug\Src\system_stm32f0xx.o
                0x0800321c                SystemInit
                0x080032a8                SystemCoreClockUpdate
 .text          0x08003458       0x9c c:/program files (x86)/emide/emide v2.20/arm/bin/../lib/gcc/arm-none-eabi/4.7.4/armv6-m\libgcc.a(_udivsi3.o)
                0x08003458                __aeabi_uidiv
                0x08003458                __udivsi3
                0x080034e0                __aeabi_uidivmod
 .text          0x080034f4        0x4 c:/program files (x86)/emide/emide v2.20/arm/bin/../lib/gcc/arm-none-eabi/4.7.4/armv6-m\libgcc.a(_dvmd_tls.o)
                0x080034f4                __aeabi_idiv0
                0x080034f4                __aeabi_ldiv0
 .text          0x080034f8       0xc0 c:/program files (x86)/emide/emide v2.20/arm/bin/../lib/gcc/arm-none-eabi/4.7.4/armv6-m\libgcc.a(_divsi3.o)
                0x080034f8                __divsi3
                0x080034f8                __aeabi_idiv
                0x080035a4                __aeabi_idivmod
 .text          0x080035b8       0x7c c:/program files (x86)/emide/emide v2.20/arm/bin/../lib/gcc/arm-none-eabi/4.7.4/armv6-m\libgcc.a(_arm_cmpdf2.o)
                0x080035b8                __aeabi_cdrcmple
                0x080035c8                __aeabi_cdcmple
                0x080035c8                __aeabi_cdcmpeq
                0x080035d8                __aeabi_dcmpeq
                0x080035e4                __aeabi_dcmplt
                0x080035f8                __aeabi_dcmple
                0x0800360c                __aeabi_dcmpgt
                0x08003620                __aeabi_dcmpge
 .text          0x08003634       0x40 c:/program files (x86)/emide/emide v2.20/arm/bin/../lib/gcc/arm-none-eabi/4.7.4/armv6-m\libgcc.a(_aeabi_uldivmod.o)
                0x08003634                __aeabi_uldivmod
 .text          0x08003674       0x74 c:/program files (x86)/emide/emide v2.20/arm/bin/../lib/gcc/arm-none-eabi/4.7.4/armv6-m\libgcc.a(bpabi.o)
                0x08003674                __gnu_ldivmod_helper
                0x080036b0                __gnu_uldivmod_helper
 .text          0x080036e8      0x760 c:/program files (x86)/emide/emide v2.20/arm/bin/../lib/gcc/arm-none-eabi/4.7.4/armv6-m\libgcc.a(adddf3.o)
                0x080036e8                __aeabi_dadd
 .text          0x08003e48      0x5b8 c:/program files (x86)/emide/emide v2.20/arm/bin/../lib/gcc/arm-none-eabi/4.7.4/armv6-m\libgcc.a(divdf3.o)
                0x08003e48                __aeabi_ddiv
 .text          0x08004400       0x7c c:/program files (x86)/emide/emide v2.20/arm/bin/../lib/gcc/arm-none-eabi/4.7.4/armv6-m\libgcc.a(eqdf2.o)
                0x08004400                __nedf2
                0x08004400                __eqdf2
 .text          0x0800447c       0xe8 c:/program files (x86)/emide/emide v2.20/arm/bin/../lib/gcc/arm-none-eabi/4.7.4/armv6-m\libgcc.a(gedf2.o)
                0x0800447c                __gedf2
                0x0800447c                __gtdf2
 .text          0x08004564       0xd8 c:/program files (x86)/emide/emide v2.20/arm/bin/../lib/gcc/arm-none-eabi/4.7.4/armv6-m\libgcc.a(ledf2.o)
                0x08004564                __ledf2
                0x08004564                __ltdf2
 .text          0x0800463c      0x4e4 c:/program files (x86)/emide/emide v2.20/arm/bin/../lib/gcc/arm-none-eabi/4.7.4/armv6-m\libgcc.a(muldf3.o)
                0x0800463c                __aeabi_dmul
 .text          0x08004b20      0x704 c:/program files (x86)/emide/emide v2.20/arm/bin/../lib/gcc/arm-none-eabi/4.7.4/armv6-m\libgcc.a(subdf3.o)
                0x08004b20                __aeabi_dsub
 .text          0x08005224       0x68 c:/program files (x86)/emide/emide v2.20/arm/bin/../lib/gcc/arm-none-eabi/4.7.4/armv6-m\libgcc.a(fixdfsi.o)
                0x08005224                __aeabi_d2iz
 .text          0x0800528c       0x74 c:/program files (x86)/emide/emide v2.20/arm/bin/../lib/gcc/arm-none-eabi/4.7.4/armv6-m\libgcc.a(floatsidf.o)
                0x0800528c                __aeabi_i2d
 .text          0x08005300       0x64 c:/program files (x86)/emide/emide v2.20/arm/bin/../lib/gcc/arm-none-eabi/4.7.4/armv6-m\libgcc.a(floatunsidf.o)
                0x08005300                __aeabi_ui2d
 .text          0x08005364       0x3c c:/program files (x86)/emide/emide v2.20/arm/bin/../lib/gcc/arm-none-eabi/4.7.4/armv6-m\libgcc.a(_clzsi2.o)
                0x08005364                __clzsi2
 .text          0x080053a0       0x44 c:/program files (x86)/emide/emide v2.20/arm/bin/../lib/gcc/arm-none-eabi/4.7.4/armv6-m\libgcc.a(_muldi3.o)
                0x080053a0                __muldi3
                0x080053a0                __aeabi_lmul
 .text          0x080053e4      0x3d0 c:/program files (x86)/emide/emide v2.20/arm/bin/../lib/gcc/arm-none-eabi/4.7.4/armv6-m\libgcc.a(_divdi3.o)
                0x080053e4                __divdi3
 .text          0x080057b4      0x38c c:/program files (x86)/emide/emide v2.20/arm/bin/../lib/gcc/arm-none-eabi/4.7.4/armv6-m\libgcc.a(_udivdi3.o)
                0x080057b4                __udivdi3
 *(.text*)
 .text.Reset_Handler
                0x08005b40       0x50 obj\Debug\Setup\startup.o
                0x08005b40                Reset_Handler
 .text.Default_Handler
                0x08005b90        0x2 obj\Debug\Setup\startup.o
                0x08005b90                TIM1_CC_IRQHandler
                0x08005b90                ADC1_COMP_IRQHandler
                0x08005b90                PVD_IRQHandler
                0x08005b90                I2C1_IRQHandler
                0x08005b90                SPI1_IRQHandler
                0x08005b90                TIM6_DAC_IRQHandler
                0x08005b90                EXTI2_3_IRQHandler
                0x08005b90                I2C2_IRQHandler
                0x08005b90                TIM17_IRQHandler
                0x08005b90                RTC_IRQHandler
                0x08005b90                TIM16_IRQHandler
                0x08005b90                TIM3_IRQHandler
                0x08005b90                EXTI4_15_IRQHandler
                0x08005b90                RCC_IRQHandler
                0x08005b90                DMA1_Channel1_IRQHandler
                0x08005b90                Default_Handler
                0x08005b90                CEC_IRQHandler
                0x08005b90                TIM14_IRQHandler
                0x08005b90                DMA1_Channel4_5_IRQHandler
                0x08005b90                TIM15_IRQHandler
                0x08005b90                EXTI0_1_IRQHandler
                0x08005b90                SPI2_IRQHandler
                0x08005b90                TS_IRQHandler
                0x08005b90                WWDG_IRQHandler
                0x08005b90                TIM2_IRQHandler
                0x08005b90                DMA1_Channel2_3_IRQHandler
                0x08005b90                USART2_IRQHandler
                0x08005b90                FLASH_IRQHandler
                0x08005b90                TIM1_BRK_UP_TRG_COM_IRQHandler
 *fill*         0x08005b92        0x2 00
 .text.__register_exitproc
                0x08005b94       0xc4 c:/program files (x86)/emide/emide v2.20/arm/bin/../lib/gcc/arm-none-eabi/4.7.4/../../../../arm-none-eabi/lib/armv6-m\libc.a(lib_a-__atexit.o)
                0x08005b94                __register_exitproc
 .text.__errno  0x08005c58        0xc c:/program files (x86)/emide/emide v2.20/arm/bin/../lib/gcc/arm-none-eabi/4.7.4/../../../../arm-none-eabi/lib/armv6-m\libc.a(lib_a-errno.o)
                0x08005c58                __errno
 .text._fflush_r
                0x08005c64      0x15c c:/program files (x86)/emide/emide v2.20/arm/bin/../lib/gcc/arm-none-eabi/4.7.4/../../../../arm-none-eabi/lib/armv6-m\libc.a(lib_a-fflush.o)
                0x08005c64                _fflush_r
 .text.fflush   0x08005dc0       0x28 c:/program files (x86)/emide/emide v2.20/arm/bin/../lib/gcc/arm-none-eabi/4.7.4/../../../../arm-none-eabi/lib/armv6-m\libc.a(lib_a-fflush.o)
                0x08005dc0                fflush
 .text._cleanup_r
                0x08005de8       0x10 c:/program files (x86)/emide/emide v2.20/arm/bin/../lib/gcc/arm-none-eabi/4.7.4/../../../../arm-none-eabi/lib/armv6-m\libc.a(lib_a-findfp.o)
                0x08005de8                _cleanup_r
 .text.std.isra.0
                0x08005df8       0x48 c:/program files (x86)/emide/emide v2.20/arm/bin/../lib/gcc/arm-none-eabi/4.7.4/../../../../arm-none-eabi/lib/armv6-m\libc.a(lib_a-findfp.o)
 .text.__sinit  0x08005e40       0x50 c:/program files (x86)/emide/emide v2.20/arm/bin/../lib/gcc/arm-none-eabi/4.7.4/../../../../arm-none-eabi/lib/armv6-m\libc.a(lib_a-findfp.o)
                0x08005e40                __sinit
 .text.__sfp_lock_acquire
                0x08005e90        0x4 c:/program files (x86)/emide/emide v2.20/arm/bin/../lib/gcc/arm-none-eabi/4.7.4/../../../../arm-none-eabi/lib/armv6-m\libc.a(lib_a-findfp.o)
                0x08005e90                __sfp_lock_acquire
 .text.__sfp_lock_release
                0x08005e94        0x4 c:/program files (x86)/emide/emide v2.20/arm/bin/../lib/gcc/arm-none-eabi/4.7.4/../../../../arm-none-eabi/lib/armv6-m\libc.a(lib_a-findfp.o)
                0x08005e94                __sfp_lock_release
 .text.__libc_fini_array
                0x08005e98       0x60 c:/program files (x86)/emide/emide v2.20/arm/bin/../lib/gcc/arm-none-eabi/4.7.4/../../../../arm-none-eabi/lib/armv6-m\libc.a(lib_a-fini.o)
                0x08005e98                __libc_fini_array
 .text._malloc_trim_r
                0x08005ef8       0xa0 c:/program files (x86)/emide/emide v2.20/arm/bin/../lib/gcc/arm-none-eabi/4.7.4/../../../../arm-none-eabi/lib/armv6-m\libc.a(lib_a-freer.o)
                0x08005ef8                _malloc_trim_r
 .text._free_r  0x08005f98      0x190 c:/program files (x86)/emide/emide v2.20/arm/bin/../lib/gcc/arm-none-eabi/4.7.4/../../../../arm-none-eabi/lib/armv6-m\libc.a(lib_a-freer.o)
                0x08005f98                _free_r
 .text._fwalk   0x08006128       0xd8 c:/program files (x86)/emide/emide v2.20/arm/bin/../lib/gcc/arm-none-eabi/4.7.4/../../../../arm-none-eabi/lib/armv6-m\libc.a(lib_a-fwalk.o)
                0x08006128                _fwalk
 .text._fwalk_reent
                0x08006200       0xe4 c:/program files (x86)/emide/emide v2.20/arm/bin/../lib/gcc/arm-none-eabi/4.7.4/../../../../arm-none-eabi/lib/armv6-m\libc.a(lib_a-fwalk.o)
                0x08006200                _fwalk_reent
 .text.__libc_init_array
                0x080062e4       0x90 c:/program files (x86)/emide/emide v2.20/arm/bin/../lib/gcc/arm-none-eabi/4.7.4/../../../../arm-none-eabi/lib/armv6-m\libc.a(lib_a-init.o)
                0x080062e4                __libc_init_array
 .text._malloc_r
                0x08006374      0x514 c:/program files (x86)/emide/emide v2.20/arm/bin/../lib/gcc/arm-none-eabi/4.7.4/../../../../arm-none-eabi/lib/armv6-m\libc.a(lib_a-mallocr.o)
                0x08006374                _malloc_r
 .text.memset   0x08006888      0x118 c:/program files (x86)/emide/emide v2.20/arm/bin/../lib/gcc/arm-none-eabi/4.7.4/../../../../arm-none-eabi/lib/armv6-m\libc.a(lib_a-memset.o)
                0x08006888                memset
 .text.__malloc_lock
                0x080069a0        0x4 c:/program files (x86)/emide/emide v2.20/arm/bin/../lib/gcc/arm-none-eabi/4.7.4/../../../../arm-none-eabi/lib/armv6-m\libc.a(lib_a-mlock.o)
                0x080069a0                __malloc_lock
 .text.__malloc_unlock
                0x080069a4        0x4 c:/program files (x86)/emide/emide v2.20/arm/bin/../lib/gcc/arm-none-eabi/4.7.4/../../../../arm-none-eabi/lib/armv6-m\libc.a(lib_a-mlock.o)
                0x080069a4                __malloc_unlock
 .text._puts_r  0x080069a8       0x68 c:/program files (x86)/emide/emide v2.20/arm/bin/../lib/gcc/arm-none-eabi/4.7.4/../../../../arm-none-eabi/lib/armv6-m\libc.a(lib_a-puts.o)
                0x080069a8                _puts_r
 .text.puts     0x08006a10       0x14 c:/program files (x86)/emide/emide v2.20/arm/bin/../lib/gcc/arm-none-eabi/4.7.4/../../../../arm-none-eabi/lib/armv6-m\libc.a(lib_a-puts.o)
                0x08006a10                puts
 .text.sprintf  0x08006a24       0x44 c:/program files (x86)/emide/emide v2.20/arm/bin/../lib/gcc/arm-none-eabi/4.7.4/../../../../arm-none-eabi/lib/armv6-m\libc.a(lib_a-sprintf.o)
                0x08006a24                sprintf
 .text.__sread  0x08006a68       0x28 c:/program files (x86)/emide/emide v2.20/arm/bin/../lib/gcc/arm-none-eabi/4.7.4/../../../../arm-none-eabi/lib/armv6-m\libc.a(lib_a-stdio.o)
                0x08006a68                __sread
 .text.__swrite
                0x08006a90       0x38 c:/program files (x86)/emide/emide v2.20/arm/bin/../lib/gcc/arm-none-eabi/4.7.4/../../../../arm-none-eabi/lib/armv6-m\libc.a(lib_a-stdio.o)
                0x08006a90                __swrite
 .text.__sseek  0x08006ac8       0x2c c:/program files (x86)/emide/emide v2.20/arm/bin/../lib/gcc/arm-none-eabi/4.7.4/../../../../arm-none-eabi/lib/armv6-m\libc.a(lib_a-stdio.o)
                0x08006ac8                __sseek
 .text.__sclose
                0x08006af4        0xc c:/program files (x86)/emide/emide v2.20/arm/bin/../lib/gcc/arm-none-eabi/4.7.4/../../../../arm-none-eabi/lib/armv6-m\libc.a(lib_a-stdio.o)
                0x08006af4                __sclose
 .text.strlen   0x08006b00       0x10 c:/program files (x86)/emide/emide v2.20/arm/bin/../lib/gcc/arm-none-eabi/4.7.4/../../../../arm-none-eabi/lib/armv6-m\libc.a(lib_a-strlen.o)
                0x08006b00                strlen
 .text._svfprintf_r
                0x08006b10     0x1a80 c:/program files (x86)/emide/emide v2.20/arm/bin/../lib/gcc/arm-none-eabi/4.7.4/../../../../arm-none-eabi/lib/armv6-m\libc.a(lib_a-svfprintf.o)
                0x08006b10                _svfprintf_r
 .text._write_r
                0x08008590       0x28 c:/program files (x86)/emide/emide v2.20/arm/bin/../lib/gcc/arm-none-eabi/4.7.4/../../../../arm-none-eabi/lib/armv6-m\libc.a(lib_a-writer.o)
                0x08008590                _write_r
 .text.startup.register_fini
                0x080085b8       0x18 c:/program files (x86)/emide/emide v2.20/arm/bin/../lib/gcc/arm-none-eabi/4.7.4/../../../../arm-none-eabi/lib/armv6-m\libc.a(lib_a-__call_atexit.o)
 .text.atexit   0x080085d0       0x10 c:/program files (x86)/emide/emide v2.20/arm/bin/../lib/gcc/arm-none-eabi/4.7.4/../../../../arm-none-eabi/lib/armv6-m\libc.a(lib_a-atexit.o)
                0x080085d0                atexit
 .text._close_r
                0x080085e0       0x24 c:/program files (x86)/emide/emide v2.20/arm/bin/../lib/gcc/arm-none-eabi/4.7.4/../../../../arm-none-eabi/lib/armv6-m\libc.a(lib_a-closer.o)
                0x080085e0                _close_r
 .text.quorem   0x08008604      0x370 c:/program files (x86)/emide/emide v2.20/arm/bin/../lib/gcc/arm-none-eabi/4.7.4/../../../../arm-none-eabi/lib/armv6-m\libc.a(lib_a-dtoa.o)
 *fill*         0x08008974        0x4 00
 .text._dtoa_r  0x08008978     0x1378 c:/program files (x86)/emide/emide v2.20/arm/bin/../lib/gcc/arm-none-eabi/4.7.4/../../../../arm-none-eabi/lib/armv6-m\libc.a(lib_a-dtoa.o)
                0x08008978                _dtoa_r
 .text._fclose_r
                0x08009cf0       0xa0 c:/program files (x86)/emide/emide v2.20/arm/bin/../lib/gcc/arm-none-eabi/4.7.4/../../../../arm-none-eabi/lib/armv6-m\libc.a(lib_a-fclose.o)
                0x08009cf0                _fclose_r
 .text.fclose   0x08009d90       0x14 c:/program files (x86)/emide/emide v2.20/arm/bin/../lib/gcc/arm-none-eabi/4.7.4/../../../../arm-none-eabi/lib/armv6-m\libc.a(lib_a-fclose.o)
                0x08009d90                fclose
 .text.__sfvwrite_r
                0x08009da4      0x304 c:/program files (x86)/emide/emide v2.20/arm/bin/../lib/gcc/arm-none-eabi/4.7.4/../../../../arm-none-eabi/lib/armv6-m\libc.a(lib_a-fvwrite.o)
                0x08009da4                __sfvwrite_r
 .text._localeconv_r
                0x0800a0a8        0x8 c:/program files (x86)/emide/emide v2.20/arm/bin/../lib/gcc/arm-none-eabi/4.7.4/../../../../arm-none-eabi/lib/armv6-m\libc.a(lib_a-locale.o)
                0x0800a0a8                _localeconv_r
 .text._lseek_r
                0x0800a0b0       0x28 c:/program files (x86)/emide/emide v2.20/arm/bin/../lib/gcc/arm-none-eabi/4.7.4/../../../../arm-none-eabi/lib/armv6-m\libc.a(lib_a-lseekr.o)
                0x0800a0b0                _lseek_r
 .text.memchr   0x0800a0d8      0x120 c:/program files (x86)/emide/emide v2.20/arm/bin/../lib/gcc/arm-none-eabi/4.7.4/../../../../arm-none-eabi/lib/armv6-m\libc.a(lib_a-memchr.o)
                0x0800a0d8                memchr
 .text.memcpy   0x0800a1f8      0x144 c:/program files (x86)/emide/emide v2.20/arm/bin/../lib/gcc/arm-none-eabi/4.7.4/../../../../arm-none-eabi/lib/armv6-m\libc.a(lib_a-memcpy.o)
                0x0800a1f8                memcpy
 .text.memmove  0x0800a33c      0x19c c:/program files (x86)/emide/emide v2.20/arm/bin/../lib/gcc/arm-none-eabi/4.7.4/../../../../arm-none-eabi/lib/armv6-m\libc.a(lib_a-memmove.o)
                0x0800a33c                memmove
 .text._Balloc  0x0800a4d8       0x50 c:/program files (x86)/emide/emide v2.20/arm/bin/../lib/gcc/arm-none-eabi/4.7.4/../../../../arm-none-eabi/lib/armv6-m\libc.a(lib_a-mprec.o)
                0x0800a4d8                _Balloc
 .text._Bfree   0x0800a528       0x14 c:/program files (x86)/emide/emide v2.20/arm/bin/../lib/gcc/arm-none-eabi/4.7.4/../../../../arm-none-eabi/lib/armv6-m\libc.a(lib_a-mprec.o)
                0x0800a528                _Bfree
 .text.__multadd
                0x0800a53c      0x108 c:/program files (x86)/emide/emide v2.20/arm/bin/../lib/gcc/arm-none-eabi/4.7.4/../../../../arm-none-eabi/lib/armv6-m\libc.a(lib_a-mprec.o)
                0x0800a53c                __multadd
 .text.__hi0bits
                0x0800a644       0x34 c:/program files (x86)/emide/emide v2.20/arm/bin/../lib/gcc/arm-none-eabi/4.7.4/../../../../arm-none-eabi/lib/armv6-m\libc.a(lib_a-mprec.o)
                0x0800a644                __hi0bits
 .text.__lo0bits
                0x0800a678       0x5c c:/program files (x86)/emide/emide v2.20/arm/bin/../lib/gcc/arm-none-eabi/4.7.4/../../../../arm-none-eabi/lib/armv6-m\libc.a(lib_a-mprec.o)
                0x0800a678                __lo0bits
 .text.__i2b    0x0800a6d4       0x14 c:/program files (x86)/emide/emide v2.20/arm/bin/../lib/gcc/arm-none-eabi/4.7.4/../../../../arm-none-eabi/lib/armv6-m\libc.a(lib_a-mprec.o)
                0x0800a6d4                __i2b
 .text.__multiply
                0x0800a6e8      0x348 c:/program files (x86)/emide/emide v2.20/arm/bin/../lib/gcc/arm-none-eabi/4.7.4/../../../../arm-none-eabi/lib/armv6-m\libc.a(lib_a-mprec.o)
                0x0800a6e8                __multiply
 .text.__pow5mult
                0x0800aa30       0xb0 c:/program files (x86)/emide/emide v2.20/arm/bin/../lib/gcc/arm-none-eabi/4.7.4/../../../../arm-none-eabi/lib/armv6-m\libc.a(lib_a-mprec.o)
                0x0800aa30                __pow5mult
 .text.__lshift
                0x0800aae0      0x184 c:/program files (x86)/emide/emide v2.20/arm/bin/../lib/gcc/arm-none-eabi/4.7.4/../../../../arm-none-eabi/lib/armv6-m\libc.a(lib_a-mprec.o)
                0x0800aae0                __lshift
 .text.__mcmp   0x0800ac64       0x64 c:/program files (x86)/emide/emide v2.20/arm/bin/../lib/gcc/arm-none-eabi/4.7.4/../../../../arm-none-eabi/lib/armv6-m\libc.a(lib_a-mprec.o)
                0x0800ac64                __mcmp
 .text.__mdiff  0x0800acc8      0x258 c:/program files (x86)/emide/emide v2.20/arm/bin/../lib/gcc/arm-none-eabi/4.7.4/../../../../arm-none-eabi/lib/armv6-m\libc.a(lib_a-mprec.o)
                0x0800acc8                __mdiff
 .text.__d2b    0x0800af20       0xb8 c:/program files (x86)/emide/emide v2.20/arm/bin/../lib/gcc/arm-none-eabi/4.7.4/../../../../arm-none-eabi/lib/armv6-m\libc.a(lib_a-mprec.o)
                0x0800af20                __d2b
 .text._read_r  0x0800afd8       0x28 c:/program files (x86)/emide/emide v2.20/arm/bin/../lib/gcc/arm-none-eabi/4.7.4/../../../../arm-none-eabi/lib/armv6-m\libc.a(lib_a-readr.o)
                0x0800afd8                _read_r
 .text._realloc_r
                0x0800b000      0x3d4 c:/program files (x86)/emide/emide v2.20/arm/bin/../lib/gcc/arm-none-eabi/4.7.4/../../../../arm-none-eabi/lib/armv6-m\libc.a(lib_a-reallocr.o)
                0x0800b000                _realloc_r
 .text.__fpclassifyd
                0x0800b3d4       0x70 c:/program files (x86)/emide/emide v2.20/arm/bin/../lib/gcc/arm-none-eabi/4.7.4/../../../../arm-none-eabi/lib/armv6-m\libc.a(lib_a-s_fpclassify.o)
                0x0800b3d4                __fpclassifyd
 .text.__ssprint_r
                0x0800b444      0x124 c:/program files (x86)/emide/emide v2.20/arm/bin/../lib/gcc/arm-none-eabi/4.7.4/../../../../arm-none-eabi/lib/armv6-m\libc.a(lib_a-svfiprintf.o)
                0x0800b444                __ssprint_r
 .text.__swsetup_r
                0x0800b568       0xbc c:/program files (x86)/emide/emide v2.20/arm/bin/../lib/gcc/arm-none-eabi/4.7.4/../../../../arm-none-eabi/lib/armv6-m\libc.a(lib_a-wsetup.o)
                0x0800b568                __swsetup_r
 .text._calloc_r
                0x0800b624       0x60 c:/program files (x86)/emide/emide v2.20/arm/bin/../lib/gcc/arm-none-eabi/4.7.4/../../../../arm-none-eabi/lib/armv6-m\libc.a(lib_a-callocr.o)
                0x0800b624                _calloc_r
 .text.__smakebuf_r
                0x0800b684       0xdc c:/program files (x86)/emide/emide v2.20/arm/bin/../lib/gcc/arm-none-eabi/4.7.4/../../../../arm-none-eabi/lib/armv6-m\libc.a(lib_a-makebuf.o)
                0x0800b684                __smakebuf_r
 .text._fstat_r
                0x0800b760       0x28 c:/program files (x86)/emide/emide v2.20/arm/bin/../lib/gcc/arm-none-eabi/4.7.4/../../../../arm-none-eabi/lib/armv6-m\libc.a(lib_a-fstatr.o)
                0x0800b760                _fstat_r
 .text._isatty_r
                0x0800b788       0x24 c:/program files (x86)/emide/emide v2.20/arm/bin/../lib/gcc/arm-none-eabi/4.7.4/../../../../arm-none-eabi/lib/armv6-m\libc.a(lib_a-isattyr.o)
                0x0800b788                _isatty_r
 *(.rodata)
 .rodata        0x0800b7ac       0x6c obj\Debug\Src\main.o
 .rodata        0x0800b818       0x40 c:/program files (x86)/emide/emide v2.20/arm/bin/../lib/gcc/arm-none-eabi/4.7.4/armv6-m\libgcc.a(divdf3.o)
 .rodata        0x0800b858       0x40 c:/program files (x86)/emide/emide v2.20/arm/bin/../lib/gcc/arm-none-eabi/4.7.4/armv6-m\libgcc.a(muldf3.o)
 *(.rodata*)
 .rodata.str1.4
                0x0800b898        0x2 c:/program files (x86)/emide/emide v2.20/arm/bin/../lib/gcc/arm-none-eabi/4.7.4/../../../../arm-none-eabi/lib/armv6-m\libc.a(lib_a-impure.o)
                                  0x4 (size before relaxing)
 *fill*         0x0800b89a        0x2 00
 .rodata._global_impure_ptr
                0x0800b89c        0x4 c:/program files (x86)/emide/emide v2.20/arm/bin/../lib/gcc/arm-none-eabi/4.7.4/../../../../arm-none-eabi/lib/armv6-m\libc.a(lib_a-impure.o)
                0x0800b89c                _global_impure_ptr
 .rodata.str1.4
                0x0800b8a0        0x2 c:/program files (x86)/emide/emide v2.20/arm/bin/../lib/gcc/arm-none-eabi/4.7.4/../../../../arm-none-eabi/lib/armv6-m\libc.a(lib_a-puts.o)
                                  0x4 (size before relaxing)
 *fill*         0x0800b8a2        0x2 00
 .rodata._svfprintf_r
                0x0800b8a4      0x164 c:/program files (x86)/emide/emide v2.20/arm/bin/../lib/gcc/arm-none-eabi/4.7.4/../../../../arm-none-eabi/lib/armv6-m\libc.a(lib_a-svfprintf.o)
 .rodata.str1.4
                0x0800ba08       0x42 c:/program files (x86)/emide/emide v2.20/arm/bin/../lib/gcc/arm-none-eabi/4.7.4/../../../../arm-none-eabi/lib/armv6-m\libc.a(lib_a-svfprintf.o)
                                 0x44 (size before relaxing)
 *fill*         0x0800ba4a        0x2 00
 .rodata.zeroes.6721
                0x0800ba4c       0x10 c:/program files (x86)/emide/emide v2.20/arm/bin/../lib/gcc/arm-none-eabi/4.7.4/../../../../arm-none-eabi/lib/armv6-m\libc.a(lib_a-svfprintf.o)
 .rodata.blanks.6720
                0x0800ba5c       0x10 c:/program files (x86)/emide/emide v2.20/arm/bin/../lib/gcc/arm-none-eabi/4.7.4/../../../../arm-none-eabi/lib/armv6-m\libc.a(lib_a-svfprintf.o)
 .rodata.str1.4
                0x0800ba6c       0x10 c:/program files (x86)/emide/emide v2.20/arm/bin/../lib/gcc/arm-none-eabi/4.7.4/../../../../arm-none-eabi/lib/armv6-m\libc.a(lib_a-dtoa.o)
                                 0x14 (size before relaxing)
 .rodata.str1.4
                0x0800ba7c        0xc c:/program files (x86)/emide/emide v2.20/arm/bin/../lib/gcc/arm-none-eabi/4.7.4/../../../../arm-none-eabi/lib/armv6-m\libc.a(lib_a-locale.o)
                                 0x14 (size before relaxing)
 .rodata.p05.5242
                0x0800ba88        0xc c:/program files (x86)/emide/emide v2.20/arm/bin/../lib/gcc/arm-none-eabi/4.7.4/../../../../arm-none-eabi/lib/armv6-m\libc.a(lib_a-mprec.o)
 *fill*         0x0800ba94        0x4 00
 .rodata.__mprec_tens
                0x0800ba98       0xc8 c:/program files (x86)/emide/emide v2.20/arm/bin/../lib/gcc/arm-none-eabi/4.7.4/../../../../arm-none-eabi/lib/armv6-m\libc.a(lib_a-mprec.o)
                0x0800ba98                __mprec_tens
 .rodata.__mprec_bigtens
                0x0800bb60       0x28 c:/program files (x86)/emide/emide v2.20/arm/bin/../lib/gcc/arm-none-eabi/4.7.4/../../../../arm-none-eabi/lib/armv6-m\libc.a(lib_a-mprec.o)
                0x0800bb60                __mprec_bigtens
 *(.glue_7)
 .glue_7        0x00000000        0x0 linker stubs
 *(.glue_7t)
 .glue_7t       0x00000000        0x0 linker stubs
 *(.eh_frame)
 .eh_frame      0x0800bb88        0x0 c:/program files (x86)/emide/emide v2.20/arm/bin/../lib/gcc/arm-none-eabi/4.7.4/armv6-m/crtbegin.o
 *(.init)
 .init          0x0800bb88        0x4 c:/program files (x86)/emide/emide v2.20/arm/bin/../lib/gcc/arm-none-eabi/4.7.4/armv6-m/crti.o
                0x0800bb88                _init
 .init          0x0800bb8c        0x8 c:/program files (x86)/emide/emide v2.20/arm/bin/../lib/gcc/arm-none-eabi/4.7.4/armv6-m/crtn.o
 *(.fini)
 .fini          0x0800bb94        0x4 c:/program files (x86)/emide/emide v2.20/arm/bin/../lib/gcc/arm-none-eabi/4.7.4/armv6-m/crti.o
                0x0800bb94                _fini
 .fini          0x0800bb98        0x8 c:/program files (x86)/emide/emide v2.20/arm/bin/../lib/gcc/arm-none-eabi/4.7.4/armv6-m/crtn.o
                0x0800bba0                . = ALIGN (0x4)
                0x0800bba0                _etext = .

.vfp11_veneer   0x0800bba0        0x0
 .vfp11_veneer  0x00000000        0x0 linker stubs

.v4_bx          0x0800bba0        0x0
 .v4_bx         0x00000000        0x0 linker stubs

.iplt           0x0800bba0        0x0
 .iplt          0x00000000        0x0 c:/program files (x86)/emide/emide v2.20/arm/bin/../lib/gcc/arm-none-eabi/4.7.4/armv6-m/crtbegin.o

.ARM.extab
 *(.ARM.extab* .gnu.linkonce.armextab.*)

.ARM            0x0800bba0        0x8
                0x0800bba0                __exidx_start = .
 *(.ARM.exidx*)
 .ARM.exidx     0x0800bba0        0x8 c:/program files (x86)/emide/emide v2.20/arm/bin/../lib/gcc/arm-none-eabi/4.7.4/armv6-m\libgcc.a(_divdi3.o)
 .ARM.exidx     0x0800bba8        0x0 c:/program files (x86)/emide/emide v2.20/arm/bin/../lib/gcc/arm-none-eabi/4.7.4/armv6-m\libgcc.a(_udivdi3.o)
                                  0x8 (size before relaxing)
                0x0800bba8                __exidx_end = .

.rel.dyn        0x0800bba8        0x0
 .rel.iplt      0x00000000        0x0 c:/program files (x86)/emide/emide v2.20/arm/bin/../lib/gcc/arm-none-eabi/4.7.4/armv6-m/crtbegin.o

.preinit_array  0x0800bba8        0x0
                0x0800bba8                PROVIDE (__preinit_array_start, .)
 *(.preinit_array*)
                0x0800bba8                PROVIDE (__preinit_array_end, .)

.init_array     0x0800bba8        0x8
                0x0800bba8                PROVIDE (__init_array_start, .)
 *(SORT(.init_array.*))
 .init_array.00000
                0x0800bba8        0x4 c:/program files (x86)/emide/emide v2.20/arm/bin/../lib/gcc/arm-none-eabi/4.7.4/../../../../arm-none-eabi/lib/armv6-m\libc.a(lib_a-__call_atexit.o)
 *(.init_array*)
 .init_array    0x0800bbac        0x4 c:/program files (x86)/emide/emide v2.20/arm/bin/../lib/gcc/arm-none-eabi/4.7.4/armv6-m/crtbegin.o
                0x0800bbb0                PROVIDE (__init_array_end, .)

.fini_array     0x0800bbb0        0x4
                0x0800bbb0                PROVIDE (__fini_array_start, .)
 *(SORT(.fini_array.*))
 *(.fini_array*)
 .fini_array    0x0800bbb0        0x4 c:/program files (x86)/emide/emide v2.20/arm/bin/../lib/gcc/arm-none-eabi/4.7.4/armv6-m/crtbegin.o
                0x0800bbb4                PROVIDE (__fini_array_end, .)
                0x0800bbb4                _sidata = LOADADDR (.data)

.data           0x20000000      0x89c load address 0x0800bbb4
                0x20000000                . = ALIGN (0x4)
                0x20000000                _sdata = .
 *(.data)
 .data          0x20000000       0x10 obj\Debug\Libraries\STM32F0xx_StdPeriph_Driver\src\stm32f0xx_rcc.o
 .data          0x20000010       0x14 obj\Debug\Src\system_stm32f0xx.o
                0x20000010                SystemCoreClock
                0x20000014                AHBPrescTable
 *(.data*)
 *fill*         0x20000024        0x4 00
 .data.impure_data
                0x20000028      0x428 c:/program files (x86)/emide/emide v2.20/arm/bin/../lib/gcc/arm-none-eabi/4.7.4/../../../../arm-none-eabi/lib/armv6-m\libc.a(lib_a-impure.o)
 .data._impure_ptr
                0x20000450        0x4 c:/program files (x86)/emide/emide v2.20/arm/bin/../lib/gcc/arm-none-eabi/4.7.4/../../../../arm-none-eabi/lib/armv6-m\libc.a(lib_a-impure.o)
                0x20000450                _impure_ptr
 .data.__malloc_av_
                0x20000454      0x408 c:/program files (x86)/emide/emide v2.20/arm/bin/../lib/gcc/arm-none-eabi/4.7.4/../../../../arm-none-eabi/lib/armv6-m\libc.a(lib_a-mallocr.o)
                0x20000454                __malloc_av_
 .data.__malloc_trim_threshold
                0x2000085c        0x4 c:/program files (x86)/emide/emide v2.20/arm/bin/../lib/gcc/arm-none-eabi/4.7.4/../../../../arm-none-eabi/lib/armv6-m\libc.a(lib_a-mallocr.o)
                0x2000085c                __malloc_trim_threshold
 .data.__malloc_sbrk_base
                0x20000860        0x4 c:/program files (x86)/emide/emide v2.20/arm/bin/../lib/gcc/arm-none-eabi/4.7.4/../../../../arm-none-eabi/lib/armv6-m\libc.a(lib_a-mallocr.o)
                0x20000860                __malloc_sbrk_base
 .data.lconv    0x20000864       0x38 c:/program files (x86)/emide/emide v2.20/arm/bin/../lib/gcc/arm-none-eabi/4.7.4/../../../../arm-none-eabi/lib/armv6-m\libc.a(lib_a-locale.o)
                0x2000089c                . = ALIGN (0x4)
                0x2000089c                _edata = .

.jcr            0x2000089c        0x0 load address 0x0800c450
 .jcr           0x2000089c        0x0 c:/program files (x86)/emide/emide v2.20/arm/bin/../lib/gcc/arm-none-eabi/4.7.4/armv6-m/crtbegin.o

.igot.plt       0x2000089c        0x0 load address 0x0800c450
 .igot.plt      0x00000000        0x0 c:/program files (x86)/emide/emide v2.20/arm/bin/../lib/gcc/arm-none-eabi/4.7.4/armv6-m/crtbegin.o
                0x2000089c                . = ALIGN (0x4)

.bss            0x2000089c       0xe0 load address 0x0800c450
                0x2000089c                _sbss = .
                0x2000089c                __bss_start__ = _sbss
 *(.bss)
 .bss           0x2000089c       0x1c c:/program files (x86)/emide/emide v2.20/arm/bin/../lib/gcc/arm-none-eabi/4.7.4/armv6-m/crtbegin.o
 .bss           0x200008b8        0x8 obj\Debug\Src\main.o
                0x200008b8                timer
                0x200008bc                timerFlag
 .bss           0x200008c0        0x4 obj\Debug\Src\syscalls.o
                0x200008c0                heap_end
 *(.bss*)
 .bss.__malloc_max_total_mem
                0x200008c4        0x4 c:/program files (x86)/emide/emide v2.20/arm/bin/../lib/gcc/arm-none-eabi/4.7.4/../../../../arm-none-eabi/lib/armv6-m\libc.a(lib_a-mallocr.o)
                0x200008c4                __malloc_max_total_mem
 .bss.__malloc_max_sbrked_mem
                0x200008c8        0x4 c:/program files (x86)/emide/emide v2.20/arm/bin/../lib/gcc/arm-none-eabi/4.7.4/../../../../arm-none-eabi/lib/armv6-m\libc.a(lib_a-mallocr.o)
                0x200008c8                __malloc_max_sbrked_mem
 .bss.__malloc_top_pad
                0x200008cc        0x4 c:/program files (x86)/emide/emide v2.20/arm/bin/../lib/gcc/arm-none-eabi/4.7.4/../../../../arm-none-eabi/lib/armv6-m\libc.a(lib_a-mallocr.o)
                0x200008cc                __malloc_top_pad
 .bss.__malloc_current_mallinfo
                0x200008d0       0x28 c:/program files (x86)/emide/emide v2.20/arm/bin/../lib/gcc/arm-none-eabi/4.7.4/../../../../arm-none-eabi/lib/armv6-m\libc.a(lib_a-mallocr.o)
                0x200008d0                __malloc_current_mallinfo
 *(COMMON)
 COMMON         0x200008f8       0x24 obj\Debug\Src\i2c.o
                0x200008f8                I2C_InitStructure
                0x20000914                GPIO_InitStructure
 COMMON         0x2000091c       0x5b obj\Debug\Src\main.o
                0x2000091c                arr
                0x2000093c                testvar
                0x20000940                USART_ClockInitStructure
                0x20000950                TickFlagI2C
                0x20000954                USART_InitStructure
                0x2000096c                rxchar
                0x20000970                toggle
                0x20000974                NVIC_InitStructure
 *fill*         0x20000977        0x1 00
 COMMON         0x20000978        0x4 c:/program files (x86)/emide/emide v2.20/arm/bin/../lib/gcc/arm-none-eabi/4.7.4/../../../../arm-none-eabi/lib/armv6-m\libc.a(lib_a-reent.o)
                0x20000978                errno
                0x2000097c                . = ALIGN (0x4)
                0x2000097c                _ebss = .
                0x2000097c                __bss_end__ = _ebss

._user_heap_stack
                0x2000097c      0x880 load address 0x0800c450
                0x2000097c                . = ALIGN (0x4)
                0x2000097c                __heap_start__ = .
                0x2000097c                PROVIDE (end, .)
                0x2000097c                PROVIDE (_end, .)
                0x2000117c                . = (. + _Min_Heap_Size)
 *fill*         0x2000097c      0x800 00
                0x2000117c                __heap_end__ = .
                0x200011fc                . = (. + _Min_Stack_Size)
 *fill*         0x2000117c       0x80 00
                0x200011fc                . = ALIGN (0x4)

.memory_b1_text
 *(.mb1text)
 *(.mb1text*)
 *(.mb1rodata)
 *(.mb1rodata*)

/DISCARD/
 libc.a(*)
 libm.a(*)
 libgcc.a(*)

.ARM.attributes
                0x00000000       0x28
 *(.ARM.attributes)
 .ARM.attributes
                0x00000000       0x1e c:/program files (x86)/emide/emide v2.20/arm/bin/../lib/gcc/arm-none-eabi/4.7.4/armv6-m/crti.o
 .ARM.attributes
                0x0000001e       0x2c c:/program files (x86)/emide/emide v2.20/arm/bin/../lib/gcc/arm-none-eabi/4.7.4/armv6-m/crtbegin.o
 .ARM.attributes
                0x0000004a       0x31 obj\Debug\Libraries\STM32F0xx_StdPeriph_Driver\src\stm32f0xx_gpio.o
 .ARM.attributes
                0x0000007b       0x31 obj\Debug\Libraries\STM32F0xx_StdPeriph_Driver\src\stm32f0xx_i2c.o
 .ARM.attributes
                0x000000ac       0x31 obj\Debug\Libraries\STM32F0xx_StdPeriph_Driver\src\stm32f0xx_misc.o
 .ARM.attributes
                0x000000dd       0x31 obj\Debug\Libraries\STM32F0xx_StdPeriph_Driver\src\stm32f0xx_rcc.o
 .ARM.attributes
                0x0000010e       0x31 obj\Debug\Libraries\STM32F0xx_StdPeriph_Driver\src\stm32f0xx_usart.o
 .ARM.attributes
                0x0000013f       0x21 obj\Debug\Setup\startup.o
 .ARM.attributes
                0x00000160       0x31 obj\Debug\Src\display.o
 .ARM.attributes
                0x00000191       0x31 obj\Debug\Src\i2c.o
 .ARM.attributes
                0x000001c2       0x31 obj\Debug\Src\main.o
 .ARM.attributes
                0x000001f3       0x31 obj\Debug\Src\stm32f0xx_it.o
 .ARM.attributes
                0x00000224       0x31 obj\Debug\Src\syscalls.o
 .ARM.attributes
                0x00000255       0x31 obj\Debug\Src\system_stm32f0xx.o
 .ARM.attributes
                0x00000286       0x1e c:/program files (x86)/emide/emide v2.20/arm/bin/../lib/gcc/arm-none-eabi/4.7.4/armv6-m\libgcc.a(_udivsi3.o)
 .ARM.attributes
                0x000002a4       0x1e c:/program files (x86)/emide/emide v2.20/arm/bin/../lib/gcc/arm-none-eabi/4.7.4/armv6-m\libgcc.a(_dvmd_tls.o)
 .ARM.attributes
                0x000002c2       0x2c c:/program files (x86)/emide/emide v2.20/arm/bin/../lib/gcc/arm-none-eabi/4.7.4/../../../../arm-none-eabi/lib/armv6-m\libc.a(lib_a-__atexit.o)
 .ARM.attributes
                0x000002ee       0x2c c:/program files (x86)/emide/emide v2.20/arm/bin/../lib/gcc/arm-none-eabi/4.7.4/../../../../arm-none-eabi/lib/armv6-m\libc.a(lib_a-errno.o)
 .ARM.attributes
                0x0000031a       0x2c c:/program files (x86)/emide/emide v2.20/arm/bin/../lib/gcc/arm-none-eabi/4.7.4/../../../../arm-none-eabi/lib/armv6-m\libc.a(lib_a-fflush.o)
 .ARM.attributes
                0x00000346       0x2c c:/program files (x86)/emide/emide v2.20/arm/bin/../lib/gcc/arm-none-eabi/4.7.4/../../../../arm-none-eabi/lib/armv6-m\libc.a(lib_a-findfp.o)
 .ARM.attributes
                0x00000372       0x2c c:/program files (x86)/emide/emide v2.20/arm/bin/../lib/gcc/arm-none-eabi/4.7.4/../../../../arm-none-eabi/lib/armv6-m\libc.a(lib_a-fini.o)
 .ARM.attributes
                0x0000039e       0x2c c:/program files (x86)/emide/emide v2.20/arm/bin/../lib/gcc/arm-none-eabi/4.7.4/../../../../arm-none-eabi/lib/armv6-m\libc.a(lib_a-freer.o)
 .ARM.attributes
                0x000003ca       0x2c c:/program files (x86)/emide/emide v2.20/arm/bin/../lib/gcc/arm-none-eabi/4.7.4/../../../../arm-none-eabi/lib/armv6-m\libc.a(lib_a-fwalk.o)
 .ARM.attributes
                0x000003f6       0x2c c:/program files (x86)/emide/emide v2.20/arm/bin/../lib/gcc/arm-none-eabi/4.7.4/../../../../arm-none-eabi/lib/armv6-m\libc.a(lib_a-impure.o)
 .ARM.attributes
                0x00000422       0x2c c:/program files (x86)/emide/emide v2.20/arm/bin/../lib/gcc/arm-none-eabi/4.7.4/../../../../arm-none-eabi/lib/armv6-m\libc.a(lib_a-init.o)
 .ARM.attributes
                0x0000044e       0x2c c:/program files (x86)/emide/emide v2.20/arm/bin/../lib/gcc/arm-none-eabi/4.7.4/../../../../arm-none-eabi/lib/armv6-m\libc.a(lib_a-mallocr.o)
 .ARM.attributes
                0x0000047a       0x2c c:/program files (x86)/emide/emide v2.20/arm/bin/../lib/gcc/arm-none-eabi/4.7.4/../../../../arm-none-eabi/lib/armv6-m\libc.a(lib_a-memset.o)
 .ARM.attributes
                0x000004a6       0x2c c:/program files (x86)/emide/emide v2.20/arm/bin/../lib/gcc/arm-none-eabi/4.7.4/../../../../arm-none-eabi/lib/armv6-m\libc.a(lib_a-mlock.o)
 .ARM.attributes
                0x000004d2       0x2c c:/program files (x86)/emide/emide v2.20/arm/bin/../lib/gcc/arm-none-eabi/4.7.4/../../../../arm-none-eabi/lib/armv6-m\libc.a(lib_a-puts.o)
 .ARM.attributes
                0x000004fe       0x2c c:/program files (x86)/emide/emide v2.20/arm/bin/../lib/gcc/arm-none-eabi/4.7.4/../../../../arm-none-eabi/lib/armv6-m\libc.a(lib_a-sprintf.o)
 .ARM.attributes
                0x0000052a       0x2c c:/program files (x86)/emide/emide v2.20/arm/bin/../lib/gcc/arm-none-eabi/4.7.4/../../../../arm-none-eabi/lib/armv6-m\libc.a(lib_a-stdio.o)
 .ARM.attributes
                0x00000556       0x2c c:/program files (x86)/emide/emide v2.20/arm/bin/../lib/gcc/arm-none-eabi/4.7.4/../../../../arm-none-eabi/lib/armv6-m\libc.a(lib_a-strlen.o)
 .ARM.attributes
                0x00000582       0x2c c:/program files (x86)/emide/emide v2.20/arm/bin/../lib/gcc/arm-none-eabi/4.7.4/../../../../arm-none-eabi/lib/armv6-m\libc.a(lib_a-svfprintf.o)
 .ARM.attributes
                0x000005ae       0x2c c:/program files (x86)/emide/emide v2.20/arm/bin/../lib/gcc/arm-none-eabi/4.7.4/../../../../arm-none-eabi/lib/armv6-m\libc.a(lib_a-writer.o)
 .ARM.attributes
                0x000005da       0x2c c:/program files (x86)/emide/emide v2.20/arm/bin/../lib/gcc/arm-none-eabi/4.7.4/../../../../arm-none-eabi/lib/armv6-m\libc.a(lib_a-__call_atexit.o)
 .ARM.attributes
                0x00000606       0x2c c:/program files (x86)/emide/emide v2.20/arm/bin/../lib/gcc/arm-none-eabi/4.7.4/../../../../arm-none-eabi/lib/armv6-m\libc.a(lib_a-atexit.o)
 .ARM.attributes
                0x00000632       0x2c c:/program files (x86)/emide/emide v2.20/arm/bin/../lib/gcc/arm-none-eabi/4.7.4/../../../../arm-none-eabi/lib/armv6-m\libc.a(lib_a-closer.o)
 .ARM.attributes
                0x0000065e       0x2c c:/program files (x86)/emide/emide v2.20/arm/bin/../lib/gcc/arm-none-eabi/4.7.4/../../../../arm-none-eabi/lib/armv6-m\libc.a(lib_a-dtoa.o)
 .ARM.attributes
                0x0000068a       0x2c c:/program files (x86)/emide/emide v2.20/arm/bin/../lib/gcc/arm-none-eabi/4.7.4/../../../../arm-none-eabi/lib/armv6-m\libc.a(lib_a-fclose.o)
 .ARM.attributes
                0x000006b6       0x2c c:/program files (x86)/emide/emide v2.20/arm/bin/../lib/gcc/arm-none-eabi/4.7.4/../../../../arm-none-eabi/lib/armv6-m\libc.a(lib_a-fvwrite.o)
 .ARM.attributes
                0x000006e2       0x2c c:/program files (x86)/emide/emide v2.20/arm/bin/../lib/gcc/arm-none-eabi/4.7.4/../../../../arm-none-eabi/lib/armv6-m\libc.a(lib_a-locale.o)
 .ARM.attributes
                0x0000070e       0x2c c:/program files (x86)/emide/emide v2.20/arm/bin/../lib/gcc/arm-none-eabi/4.7.4/../../../../arm-none-eabi/lib/armv6-m\libc.a(lib_a-lseekr.o)
 .ARM.attributes
                0x0000073a       0x2c c:/program files (x86)/emide/emide v2.20/arm/bin/../lib/gcc/arm-none-eabi/4.7.4/../../../../arm-none-eabi/lib/armv6-m\libc.a(lib_a-memchr.o)
 .ARM.attributes
                0x00000766       0x2c c:/program files (x86)/emide/emide v2.20/arm/bin/../lib/gcc/arm-none-eabi/4.7.4/../../../../arm-none-eabi/lib/armv6-m\libc.a(lib_a-memcpy.o)
 .ARM.attributes
                0x00000792       0x2c c:/program files (x86)/emide/emide v2.20/arm/bin/../lib/gcc/arm-none-eabi/4.7.4/../../../../arm-none-eabi/lib/armv6-m\libc.a(lib_a-memmove.o)
 .ARM.attributes
                0x000007be       0x2c c:/program files (x86)/emide/emide v2.20/arm/bin/../lib/gcc/arm-none-eabi/4.7.4/../../../../arm-none-eabi/lib/armv6-m\libc.a(lib_a-mprec.o)
 .ARM.attributes
                0x000007ea       0x2c c:/program files (x86)/emide/emide v2.20/arm/bin/../lib/gcc/arm-none-eabi/4.7.4/../../../../arm-none-eabi/lib/armv6-m\libc.a(lib_a-readr.o)
 .ARM.attributes
                0x00000816       0x2c c:/program files (x86)/emide/emide v2.20/arm/bin/../lib/gcc/arm-none-eabi/4.7.4/../../../../arm-none-eabi/lib/armv6-m\libc.a(lib_a-reallocr.o)
 .ARM.attributes
                0x00000842       0x2c c:/program files (x86)/emide/emide v2.20/arm/bin/../lib/gcc/arm-none-eabi/4.7.4/../../../../arm-none-eabi/lib/armv6-m\libc.a(lib_a-reent.o)
 .ARM.attributes
                0x0000086e       0x2c c:/program files (x86)/emide/emide v2.20/arm/bin/../lib/gcc/arm-none-eabi/4.7.4/../../../../arm-none-eabi/lib/armv6-m\libc.a(lib_a-s_fpclassify.o)
 .ARM.attributes
                0x0000089a       0x2c c:/program files (x86)/emide/emide v2.20/arm/bin/../lib/gcc/arm-none-eabi/4.7.4/../../../../arm-none-eabi/lib/armv6-m\libc.a(lib_a-svfiprintf.o)
 .ARM.attributes
                0x000008c6       0x2c c:/program files (x86)/emide/emide v2.20/arm/bin/../lib/gcc/arm-none-eabi/4.7.4/../../../../arm-none-eabi/lib/armv6-m\libc.a(lib_a-wsetup.o)
 .ARM.attributes
                0x000008f2       0x2c c:/program files (x86)/emide/emide v2.20/arm/bin/../lib/gcc/arm-none-eabi/4.7.4/../../../../arm-none-eabi/lib/armv6-m\libc.a(lib_a-callocr.o)
 .ARM.attributes
                0x0000091e       0x2c c:/program files (x86)/emide/emide v2.20/arm/bin/../lib/gcc/arm-none-eabi/4.7.4/../../../../arm-none-eabi/lib/armv6-m\libc.a(lib_a-makebuf.o)
 .ARM.attributes
                0x0000094a       0x2c c:/program files (x86)/emide/emide v2.20/arm/bin/../lib/gcc/arm-none-eabi/4.7.4/../../../../arm-none-eabi/lib/armv6-m\libc.a(lib_a-fstatr.o)
 .ARM.attributes
                0x00000976       0x2c c:/program files (x86)/emide/emide v2.20/arm/bin/../lib/gcc/arm-none-eabi/4.7.4/../../../../arm-none-eabi/lib/armv6-m\libc.a(lib_a-isattyr.o)
 .ARM.attributes
                0x000009a2       0x1e c:/program files (x86)/emide/emide v2.20/arm/bin/../lib/gcc/arm-none-eabi/4.7.4/armv6-m\libgcc.a(_divsi3.o)
 .ARM.attributes
                0x000009c0       0x1e c:/program files (x86)/emide/emide v2.20/arm/bin/../lib/gcc/arm-none-eabi/4.7.4/armv6-m\libgcc.a(_arm_cmpdf2.o)
 .ARM.attributes
                0x000009de       0x1e c:/program files (x86)/emide/emide v2.20/arm/bin/../lib/gcc/arm-none-eabi/4.7.4/armv6-m\libgcc.a(_aeabi_uldivmod.o)
 .ARM.attributes
                0x000009fc       0x2c c:/program files (x86)/emide/emide v2.20/arm/bin/../lib/gcc/arm-none-eabi/4.7.4/armv6-m\libgcc.a(bpabi.o)
 .ARM.attributes
                0x00000a28       0x2c c:/program files (x86)/emide/emide v2.20/arm/bin/../lib/gcc/arm-none-eabi/4.7.4/armv6-m\libgcc.a(adddf3.o)
 .ARM.attributes
                0x00000a54       0x2c c:/program files (x86)/emide/emide v2.20/arm/bin/../lib/gcc/arm-none-eabi/4.7.4/armv6-m\libgcc.a(divdf3.o)
 .ARM.attributes
                0x00000a80       0x2c c:/program files (x86)/emide/emide v2.20/arm/bin/../lib/gcc/arm-none-eabi/4.7.4/armv6-m\libgcc.a(eqdf2.o)
 .ARM.attributes
                0x00000aac       0x2c c:/program files (x86)/emide/emide v2.20/arm/bin/../lib/gcc/arm-none-eabi/4.7.4/armv6-m\libgcc.a(gedf2.o)
 .ARM.attributes
                0x00000ad8       0x2c c:/program files (x86)/emide/emide v2.20/arm/bin/../lib/gcc/arm-none-eabi/4.7.4/armv6-m\libgcc.a(ledf2.o)
 .ARM.attributes
                0x00000b04       0x2c c:/program files (x86)/emide/emide v2.20/arm/bin/../lib/gcc/arm-none-eabi/4.7.4/armv6-m\libgcc.a(muldf3.o)
 .ARM.attributes
                0x00000b30       0x2c c:/program files (x86)/emide/emide v2.20/arm/bin/../lib/gcc/arm-none-eabi/4.7.4/armv6-m\libgcc.a(subdf3.o)
 .ARM.attributes
                0x00000b5c       0x2c c:/program files (x86)/emide/emide v2.20/arm/bin/../lib/gcc/arm-none-eabi/4.7.4/armv6-m\libgcc.a(fixdfsi.o)
 .ARM.attributes
                0x00000b88       0x2c c:/program files (x86)/emide/emide v2.20/arm/bin/../lib/gcc/arm-none-eabi/4.7.4/armv6-m\libgcc.a(floatsidf.o)
 .ARM.attributes
                0x00000bb4       0x2c c:/program files (x86)/emide/emide v2.20/arm/bin/../lib/gcc/arm-none-eabi/4.7.4/armv6-m\libgcc.a(floatunsidf.o)
 .ARM.attributes
                0x00000be0       0x1e c:/program files (x86)/emide/emide v2.20/arm/bin/../lib/gcc/arm-none-eabi/4.7.4/armv6-m\libgcc.a(_clzsi2.o)
 .ARM.attributes
                0x00000bfe       0x2c c:/program files (x86)/emide/emide v2.20/arm/bin/../lib/gcc/arm-none-eabi/4.7.4/armv6-m\libgcc.a(_muldi3.o)
 .ARM.attributes
                0x00000c2a       0x2c c:/program files (x86)/emide/emide v2.20/arm/bin/../lib/gcc/arm-none-eabi/4.7.4/armv6-m\libgcc.a(_divdi3.o)
 .ARM.attributes
                0x00000c56       0x2c c:/program files (x86)/emide/emide v2.20/arm/bin/../lib/gcc/arm-none-eabi/4.7.4/armv6-m\libgcc.a(_udivdi3.o)
 .ARM.attributes
                0x00000c82       0x1e c:/program files (x86)/emide/emide v2.20/arm/bin/../lib/gcc/arm-none-eabi/4.7.4/armv6-m/crtn.o
OUTPUT(bin\Debug\HDM01.elf elf32-littlearm)

.debug_info     0x00000000     0x5d89
 .debug_info    0x00000000      0x619 obj\Debug\Libraries\STM32F0xx_StdPeriph_Driver\src\stm32f0xx_gpio.o
 .debug_info    0x00000619      0xc9b obj\Debug\Libraries\STM32F0xx_StdPeriph_Driver\src\stm32f0xx_i2c.o
 .debug_info    0x000012b4      0x39d obj\Debug\Libraries\STM32F0xx_StdPeriph_Driver\src\stm32f0xx_misc.o
 .debug_info    0x00001651      0xb09 obj\Debug\Libraries\STM32F0xx_StdPeriph_Driver\src\stm32f0xx_rcc.o
 .debug_info    0x0000215a      0xf64 obj\Debug\Libraries\STM32F0xx_StdPeriph_Driver\src\stm32f0xx_usart.o
 .debug_info    0x000030be       0x86 obj\Debug\Setup\startup.o
 .debug_info    0x00003144      0x2b8 obj\Debug\Src\display.o
 .debug_info    0x000033fc      0x40e obj\Debug\Src\i2c.o
 .debug_info    0x0000380a     0x1319 obj\Debug\Src\main.o
 .debug_info    0x00004b23       0xcb obj\Debug\Src\stm32f0xx_it.o
 .debug_info    0x00004bee      0xe8b obj\Debug\Src\syscalls.o
 .debug_info    0x00005a79      0x310 obj\Debug\Src\system_stm32f0xx.o

.debug_abbrev   0x00000000      0xfda
 .debug_abbrev  0x00000000      0x19d obj\Debug\Libraries\STM32F0xx_StdPeriph_Driver\src\stm32f0xx_gpio.o
 .debug_abbrev  0x0000019d      0x187 obj\Debug\Libraries\STM32F0xx_StdPeriph_Driver\src\stm32f0xx_i2c.o
 .debug_abbrev  0x00000324      0x127 obj\Debug\Libraries\STM32F0xx_StdPeriph_Driver\src\stm32f0xx_misc.o
 .debug_abbrev  0x0000044b      0x1ee obj\Debug\Libraries\STM32F0xx_StdPeriph_Driver\src\stm32f0xx_rcc.o
 .debug_abbrev  0x00000639      0x15e obj\Debug\Libraries\STM32F0xx_StdPeriph_Driver\src\stm32f0xx_usart.o
 .debug_abbrev  0x00000797       0x12 obj\Debug\Setup\startup.o
 .debug_abbrev  0x000007a9      0x122 obj\Debug\Src\display.o
 .debug_abbrev  0x000008cb       0xf0 obj\Debug\Src\i2c.o
 .debug_abbrev  0x000009bb      0x28b obj\Debug\Src\main.o
 .debug_abbrev  0x00000c46       0x42 obj\Debug\Src\stm32f0xx_it.o
 .debug_abbrev  0x00000c88      0x21c obj\Debug\Src\syscalls.o
 .debug_abbrev  0x00000ea4      0x136 obj\Debug\Src\system_stm32f0xx.o

.debug_loc      0x00000000     0x26fa
 .debug_loc     0x00000000      0x2d8 obj\Debug\Libraries\STM32F0xx_StdPeriph_Driver\src\stm32f0xx_gpio.o
 .debug_loc     0x000002d8      0x930 obj\Debug\Libraries\STM32F0xx_StdPeriph_Driver\src\stm32f0xx_i2c.o
 .debug_loc     0x00000c08       0xa8 obj\Debug\Libraries\STM32F0xx_StdPeriph_Driver\src\stm32f0xx_misc.o
 .debug_loc     0x00000cb0      0x8d4 obj\Debug\Libraries\STM32F0xx_StdPeriph_Driver\src\stm32f0xx_rcc.o
 .debug_loc     0x00001584      0xaba obj\Debug\Libraries\STM32F0xx_StdPeriph_Driver\src\stm32f0xx_usart.o
 .debug_loc     0x0000203e      0x1bc obj\Debug\Src\display.o
 .debug_loc     0x000021fa       0x2c obj\Debug\Src\i2c.o
 .debug_loc     0x00002226      0x190 obj\Debug\Src\main.o
 .debug_loc     0x000023b6       0xb0 obj\Debug\Src\stm32f0xx_it.o
 .debug_loc     0x00002466      0x1f8 obj\Debug\Src\syscalls.o
 .debug_loc     0x0000265e       0x9c obj\Debug\Src\system_stm32f0xx.o

.debug_aranges  0x00000000      0x188
 .debug_aranges
                0x00000000       0x20 obj\Debug\Libraries\STM32F0xx_StdPeriph_Driver\src\stm32f0xx_gpio.o
 .debug_aranges
                0x00000020       0x20 obj\Debug\Libraries\STM32F0xx_StdPeriph_Driver\src\stm32f0xx_i2c.o
 .debug_aranges
                0x00000040       0x20 obj\Debug\Libraries\STM32F0xx_StdPeriph_Driver\src\stm32f0xx_misc.o
 .debug_aranges
                0x00000060       0x20 obj\Debug\Libraries\STM32F0xx_StdPeriph_Driver\src\stm32f0xx_rcc.o
 .debug_aranges
                0x00000080       0x20 obj\Debug\Libraries\STM32F0xx_StdPeriph_Driver\src\stm32f0xx_usart.o
 .debug_aranges
                0x000000a0       0x28 obj\Debug\Setup\startup.o
 .debug_aranges
                0x000000c8       0x20 obj\Debug\Src\display.o
 .debug_aranges
                0x000000e8       0x20 obj\Debug\Src\i2c.o
 .debug_aranges
                0x00000108       0x20 obj\Debug\Src\main.o
 .debug_aranges
                0x00000128       0x20 obj\Debug\Src\stm32f0xx_it.o
 .debug_aranges
                0x00000148       0x20 obj\Debug\Src\syscalls.o
 .debug_aranges
                0x00000168       0x20 obj\Debug\Src\system_stm32f0xx.o

.debug_line     0x00000000     0x1885
 .debug_line    0x00000000      0x210 obj\Debug\Libraries\STM32F0xx_StdPeriph_Driver\src\stm32f0xx_gpio.o
 .debug_line    0x00000210      0x2dd obj\Debug\Libraries\STM32F0xx_StdPeriph_Driver\src\stm32f0xx_i2c.o
 .debug_line    0x000004ed      0x1c7 obj\Debug\Libraries\STM32F0xx_StdPeriph_Driver\src\stm32f0xx_misc.o
 .debug_line    0x000006b4      0x309 obj\Debug\Libraries\STM32F0xx_StdPeriph_Driver\src\stm32f0xx_rcc.o
 .debug_line    0x000009bd      0x330 obj\Debug\Libraries\STM32F0xx_StdPeriph_Driver\src\stm32f0xx_usart.o
 .debug_line    0x00000ced       0x9b obj\Debug\Setup\startup.o
 .debug_line    0x00000d88      0x19b obj\Debug\Src\display.o
 .debug_line    0x00000f23      0x17e obj\Debug\Src\i2c.o
 .debug_line    0x000010a1      0x37a obj\Debug\Src\main.o
 .debug_line    0x0000141b       0x78 obj\Debug\Src\stm32f0xx_it.o
 .debug_line    0x00001493      0x275 obj\Debug\Src\syscalls.o
 .debug_line    0x00001708      0x17d obj\Debug\Src\system_stm32f0xx.o

.debug_str      0x00000000     0x21c0
 .debug_str     0x00000000      0x445 obj\Debug\Libraries\STM32F0xx_StdPeriph_Driver\src\stm32f0xx_gpio.o
                                0x479 (size before relaxing)
 .debug_str     0x00000445      0x4ce obj\Debug\Libraries\STM32F0xx_StdPeriph_Driver\src\stm32f0xx_i2c.o
                                0x627 (size before relaxing)
 .debug_str     0x00000913      0x18e obj\Debug\Libraries\STM32F0xx_StdPeriph_Driver\src\stm32f0xx_misc.o
                                0x2ee (size before relaxing)
 .debug_str     0x00000aa1      0x5d4 obj\Debug\Libraries\STM32F0xx_StdPeriph_Driver\src\stm32f0xx_rcc.o
                                0x771 (size before relaxing)
 .debug_str     0x00001075      0x718 obj\Debug\Libraries\STM32F0xx_StdPeriph_Driver\src\stm32f0xx_usart.o
                                0x965 (size before relaxing)
 .debug_str     0x0000178d       0xab obj\Debug\Src\display.o
                                0x21b (size before relaxing)
 .debug_str     0x00001838       0x60 obj\Debug\Src\i2c.o
                                0x3d0 (size before relaxing)
 .debug_str     0x00001898      0x69d obj\Debug\Src\main.o
                                0xb8a (size before relaxing)
 .debug_str     0x00001f35       0x75 obj\Debug\Src\stm32f0xx_it.o
                                0x174 (size before relaxing)
 .debug_str     0x00001faa      0x175 obj\Debug\Src\syscalls.o
                                0x6b8 (size before relaxing)
 .debug_str     0x0000211f       0xa1 obj\Debug\Src\system_stm32f0xx.o
                                0x25f (size before relaxing)

.comment        0x00000000       0x70
 .comment       0x00000000       0x70 obj\Debug\Libraries\STM32F0xx_StdPeriph_Driver\src\stm32f0xx_gpio.o
                                 0x71 (size before relaxing)
 .comment       0x00000000       0x71 obj\Debug\Libraries\STM32F0xx_StdPeriph_Driver\src\stm32f0xx_i2c.o
 .comment       0x00000000       0x71 obj\Debug\Libraries\STM32F0xx_StdPeriph_Driver\src\stm32f0xx_misc.o
 .comment       0x00000000       0x71 obj\Debug\Libraries\STM32F0xx_StdPeriph_Driver\src\stm32f0xx_rcc.o
 .comment       0x00000000       0x71 obj\Debug\Libraries\STM32F0xx_StdPeriph_Driver\src\stm32f0xx_usart.o
 .comment       0x00000000       0x71 obj\Debug\Src\display.o
 .comment       0x00000000       0x71 obj\Debug\Src\i2c.o
 .comment       0x00000000       0x71 obj\Debug\Src\main.o
 .comment       0x00000000       0x71 obj\Debug\Src\stm32f0xx_it.o
 .comment       0x00000000       0x71 obj\Debug\Src\syscalls.o
 .comment       0x00000000       0x71 obj\Debug\Src\system_stm32f0xx.o

.debug_frame    0x00000000     0x277c
 .debug_frame   0x00000000      0x1b0 obj\Debug\Libraries\STM32F0xx_StdPeriph_Driver\src\stm32f0xx_gpio.o
 .debug_frame   0x000001b0      0x550 obj\Debug\Libraries\STM32F0xx_StdPeriph_Driver\src\stm32f0xx_i2c.o
 .debug_frame   0x00000700       0x70 obj\Debug\Libraries\STM32F0xx_StdPeriph_Driver\src\stm32f0xx_misc.o
 .debug_frame   0x00000770      0x524 obj\Debug\Libraries\STM32F0xx_StdPeriph_Driver\src\stm32f0xx_rcc.o
 .debug_frame   0x00000c94      0x630 obj\Debug\Libraries\STM32F0xx_StdPeriph_Driver\src\stm32f0xx_usart.o
 .debug_frame   0x000012c4      0x11c obj\Debug\Src\display.o
 .debug_frame   0x000013e0       0x2c obj\Debug\Src\i2c.o
 .debug_frame   0x0000140c      0x104 obj\Debug\Src\main.o
 .debug_frame   0x00001510       0x80 obj\Debug\Src\stm32f0xx_it.o
 .debug_frame   0x00001590      0x130 obj\Debug\Src\syscalls.o
 .debug_frame   0x000016c0       0x6c obj\Debug\Src\system_stm32f0xx.o
 .debug_frame   0x0000172c       0x20 c:/program files (x86)/emide/emide v2.20/arm/bin/../lib/gcc/arm-none-eabi/4.7.4/armv6-m\libgcc.a(_udivsi3.o)
 .debug_frame   0x0000174c       0x38 c:/program files (x86)/emide/emide v2.20/arm/bin/../lib/gcc/arm-none-eabi/4.7.4/../../../../arm-none-eabi/lib/armv6-m\libc.a(lib_a-__atexit.o)
 .debug_frame   0x00001784       0x20 c:/program files (x86)/emide/emide v2.20/arm/bin/../lib/gcc/arm-none-eabi/4.7.4/../../../../arm-none-eabi/lib/armv6-m\libc.a(lib_a-errno.o)
 .debug_frame   0x000017a4       0x4c c:/program files (x86)/emide/emide v2.20/arm/bin/../lib/gcc/arm-none-eabi/4.7.4/../../../../arm-none-eabi/lib/armv6-m\libc.a(lib_a-fflush.o)
 .debug_frame   0x000017f0      0x138 c:/program files (x86)/emide/emide v2.20/arm/bin/../lib/gcc/arm-none-eabi/4.7.4/../../../../arm-none-eabi/lib/armv6-m\libc.a(lib_a-findfp.o)
 .debug_frame   0x00001928       0x34 c:/program files (x86)/emide/emide v2.20/arm/bin/../lib/gcc/arm-none-eabi/4.7.4/../../../../arm-none-eabi/lib/armv6-m\libc.a(lib_a-fini.o)
 .debug_frame   0x0000195c       0x54 c:/program files (x86)/emide/emide v2.20/arm/bin/../lib/gcc/arm-none-eabi/4.7.4/../../../../arm-none-eabi/lib/armv6-m\libc.a(lib_a-freer.o)
 .debug_frame   0x000019b0       0x64 c:/program files (x86)/emide/emide v2.20/arm/bin/../lib/gcc/arm-none-eabi/4.7.4/../../../../arm-none-eabi/lib/armv6-m\libc.a(lib_a-fwalk.o)
 .debug_frame   0x00001a14       0x30 c:/program files (x86)/emide/emide v2.20/arm/bin/../lib/gcc/arm-none-eabi/4.7.4/../../../../arm-none-eabi/lib/armv6-m\libc.a(lib_a-init.o)
 .debug_frame   0x00001a44       0x3c c:/program files (x86)/emide/emide v2.20/arm/bin/../lib/gcc/arm-none-eabi/4.7.4/../../../../arm-none-eabi/lib/armv6-m\libc.a(lib_a-mallocr.o)
 .debug_frame   0x00001a80       0x30 c:/program files (x86)/emide/emide v2.20/arm/bin/../lib/gcc/arm-none-eabi/4.7.4/../../../../arm-none-eabi/lib/armv6-m\libc.a(lib_a-memset.o)
 .debug_frame   0x00001ab0       0x30 c:/program files (x86)/emide/emide v2.20/arm/bin/../lib/gcc/arm-none-eabi/4.7.4/../../../../arm-none-eabi/lib/armv6-m\libc.a(lib_a-mlock.o)
 .debug_frame   0x00001ae0       0x44 c:/program files (x86)/emide/emide v2.20/arm/bin/../lib/gcc/arm-none-eabi/4.7.4/../../../../arm-none-eabi/lib/armv6-m\libc.a(lib_a-puts.o)
 .debug_frame   0x00001b24       0x4c c:/program files (x86)/emide/emide v2.20/arm/bin/../lib/gcc/arm-none-eabi/4.7.4/../../../../arm-none-eabi/lib/armv6-m\libc.a(lib_a-sprintf.o)
 .debug_frame   0x00001b70       0x90 c:/program files (x86)/emide/emide v2.20/arm/bin/../lib/gcc/arm-none-eabi/4.7.4/../../../../arm-none-eabi/lib/armv6-m\libc.a(lib_a-stdio.o)
 .debug_frame   0x00001c00       0x20 c:/program files (x86)/emide/emide v2.20/arm/bin/../lib/gcc/arm-none-eabi/4.7.4/../../../../arm-none-eabi/lib/armv6-m\libc.a(lib_a-strlen.o)
 .debug_frame   0x00001c20       0x3c c:/program files (x86)/emide/emide v2.20/arm/bin/../lib/gcc/arm-none-eabi/4.7.4/../../../../arm-none-eabi/lib/armv6-m\libc.a(lib_a-svfprintf.o)
 .debug_frame   0x00001c5c       0x2c c:/program files (x86)/emide/emide v2.20/arm/bin/../lib/gcc/arm-none-eabi/4.7.4/../../../../arm-none-eabi/lib/armv6-m\libc.a(lib_a-writer.o)
 .debug_frame   0x00001c88       0x54 c:/program files (x86)/emide/emide v2.20/arm/bin/../lib/gcc/arm-none-eabi/4.7.4/../../../../arm-none-eabi/lib/armv6-m\libc.a(lib_a-__call_atexit.o)
 .debug_frame   0x00001cdc       0x28 c:/program files (x86)/emide/emide v2.20/arm/bin/../lib/gcc/arm-none-eabi/4.7.4/../../../../arm-none-eabi/lib/armv6-m\libc.a(lib_a-atexit.o)
 .debug_frame   0x00001d04       0x2c c:/program files (x86)/emide/emide v2.20/arm/bin/../lib/gcc/arm-none-eabi/4.7.4/../../../../arm-none-eabi/lib/armv6-m\libc.a(lib_a-closer.o)
 .debug_frame   0x00001d30       0x68 c:/program files (x86)/emide/emide v2.20/arm/bin/../lib/gcc/arm-none-eabi/4.7.4/../../../../arm-none-eabi/lib/armv6-m\libc.a(lib_a-dtoa.o)
 .debug_frame   0x00001d98       0x44 c:/program files (x86)/emide/emide v2.20/arm/bin/../lib/gcc/arm-none-eabi/4.7.4/../../../../arm-none-eabi/lib/armv6-m\libc.a(lib_a-fclose.o)
 .debug_frame   0x00001ddc       0x3c c:/program files (x86)/emide/emide v2.20/arm/bin/../lib/gcc/arm-none-eabi/4.7.4/../../../../arm-none-eabi/lib/armv6-m\libc.a(lib_a-fvwrite.o)
 .debug_frame   0x00001e18       0xa4 c:/program files (x86)/emide/emide v2.20/arm/bin/../lib/gcc/arm-none-eabi/4.7.4/../../../../arm-none-eabi/lib/armv6-m\libc.a(lib_a-locale.o)
 .debug_frame   0x00001ebc       0x2c c:/program files (x86)/emide/emide v2.20/arm/bin/../lib/gcc/arm-none-eabi/4.7.4/../../../../arm-none-eabi/lib/armv6-m\libc.a(lib_a-lseekr.o)
 .debug_frame   0x00001ee8       0x34 c:/program files (x86)/emide/emide v2.20/arm/bin/../lib/gcc/arm-none-eabi/4.7.4/../../../../arm-none-eabi/lib/armv6-m\libc.a(lib_a-memchr.o)
 .debug_frame   0x00001f1c       0x34 c:/program files (x86)/emide/emide v2.20/arm/bin/../lib/gcc/arm-none-eabi/4.7.4/../../../../arm-none-eabi/lib/armv6-m\libc.a(lib_a-memcpy.o)
 .debug_frame   0x00001f50       0x38 c:/program files (x86)/emide/emide v2.20/arm/bin/../lib/gcc/arm-none-eabi/4.7.4/../../../../arm-none-eabi/lib/armv6-m\libc.a(lib_a-memmove.o)
 .debug_frame   0x00001f88      0x26c c:/program files (x86)/emide/emide v2.20/arm/bin/../lib/gcc/arm-none-eabi/4.7.4/../../../../arm-none-eabi/lib/armv6-m\libc.a(lib_a-mprec.o)
 .debug_frame   0x000021f4       0x2c c:/program files (x86)/emide/emide v2.20/arm/bin/../lib/gcc/arm-none-eabi/4.7.4/../../../../arm-none-eabi/lib/armv6-m\libc.a(lib_a-readr.o)
 .debug_frame   0x00002220       0x3c c:/program files (x86)/emide/emide v2.20/arm/bin/../lib/gcc/arm-none-eabi/4.7.4/../../../../arm-none-eabi/lib/armv6-m\libc.a(lib_a-reallocr.o)
 .debug_frame   0x0000225c       0x70 c:/program files (x86)/emide/emide v2.20/arm/bin/../lib/gcc/arm-none-eabi/4.7.4/../../../../arm-none-eabi/lib/armv6-m\libc.a(lib_a-reent.o)
 .debug_frame   0x000022cc       0x2c c:/program files (x86)/emide/emide v2.20/arm/bin/../lib/gcc/arm-none-eabi/4.7.4/../../../../arm-none-eabi/lib/armv6-m\libc.a(lib_a-s_fpclassify.o)
 .debug_frame   0x000022f8       0x68 c:/program files (x86)/emide/emide v2.20/arm/bin/../lib/gcc/arm-none-eabi/4.7.4/../../../../arm-none-eabi/lib/armv6-m\libc.a(lib_a-svfiprintf.o)
 .debug_frame   0x00002360       0x2c c:/program files (x86)/emide/emide v2.20/arm/bin/../lib/gcc/arm-none-eabi/4.7.4/../../../../arm-none-eabi/lib/armv6-m\libc.a(lib_a-wsetup.o)
 .debug_frame   0x0000238c       0x28 c:/program files (x86)/emide/emide v2.20/arm/bin/../lib/gcc/arm-none-eabi/4.7.4/../../../../arm-none-eabi/lib/armv6-m\libc.a(lib_a-callocr.o)
 .debug_frame   0x000023b4       0x30 c:/program files (x86)/emide/emide v2.20/arm/bin/../lib/gcc/arm-none-eabi/4.7.4/../../../../arm-none-eabi/lib/armv6-m\libc.a(lib_a-makebuf.o)
 .debug_frame   0x000023e4       0x2c c:/program files (x86)/emide/emide v2.20/arm/bin/../lib/gcc/arm-none-eabi/4.7.4/../../../../arm-none-eabi/lib/armv6-m\libc.a(lib_a-fstatr.o)
 .debug_frame   0x00002410       0x2c c:/program files (x86)/emide/emide v2.20/arm/bin/../lib/gcc/arm-none-eabi/4.7.4/../../../../arm-none-eabi/lib/armv6-m\libc.a(lib_a-isattyr.o)
 .debug_frame   0x0000243c       0x20 c:/program files (x86)/emide/emide v2.20/arm/bin/../lib/gcc/arm-none-eabi/4.7.4/armv6-m\libgcc.a(_divsi3.o)
 .debug_frame   0x0000245c       0x60 c:/program files (x86)/emide/emide v2.20/arm/bin/../lib/gcc/arm-none-eabi/4.7.4/armv6-m\libgcc.a(bpabi.o)
 .debug_frame   0x000024bc       0x3c c:/program files (x86)/emide/emide v2.20/arm/bin/../lib/gcc/arm-none-eabi/4.7.4/armv6-m\libgcc.a(adddf3.o)
 .debug_frame   0x000024f8       0x3c c:/program files (x86)/emide/emide v2.20/arm/bin/../lib/gcc/arm-none-eabi/4.7.4/armv6-m\libgcc.a(divdf3.o)
 .debug_frame   0x00002534       0x34 c:/program files (x86)/emide/emide v2.20/arm/bin/../lib/gcc/arm-none-eabi/4.7.4/armv6-m\libgcc.a(eqdf2.o)
 .debug_frame   0x00002568       0x38 c:/program files (x86)/emide/emide v2.20/arm/bin/../lib/gcc/arm-none-eabi/4.7.4/armv6-m\libgcc.a(gedf2.o)
 .debug_frame   0x000025a0       0x38 c:/program files (x86)/emide/emide v2.20/arm/bin/../lib/gcc/arm-none-eabi/4.7.4/armv6-m\libgcc.a(ledf2.o)
 .debug_frame   0x000025d8       0x3c c:/program files (x86)/emide/emide v2.20/arm/bin/../lib/gcc/arm-none-eabi/4.7.4/armv6-m\libgcc.a(muldf3.o)
 .debug_frame   0x00002614       0x38 c:/program files (x86)/emide/emide v2.20/arm/bin/../lib/gcc/arm-none-eabi/4.7.4/armv6-m\libgcc.a(subdf3.o)
 .debug_frame   0x0000264c       0x2c c:/program files (x86)/emide/emide v2.20/arm/bin/../lib/gcc/arm-none-eabi/4.7.4/armv6-m\libgcc.a(fixdfsi.o)
 .debug_frame   0x00002678       0x30 c:/program files (x86)/emide/emide v2.20/arm/bin/../lib/gcc/arm-none-eabi/4.7.4/armv6-m\libgcc.a(floatsidf.o)
 .debug_frame   0x000026a8       0x2c c:/program files (x86)/emide/emide v2.20/arm/bin/../lib/gcc/arm-none-eabi/4.7.4/armv6-m\libgcc.a(floatunsidf.o)
 .debug_frame   0x000026d4       0x30 c:/program files (x86)/emide/emide v2.20/arm/bin/../lib/gcc/arm-none-eabi/4.7.4/armv6-m\libgcc.a(_muldi3.o)
 .debug_frame   0x00002704       0x3c c:/program files (x86)/emide/emide v2.20/arm/bin/../lib/gcc/arm-none-eabi/4.7.4/armv6-m\libgcc.a(_divdi3.o)
 .debug_frame   0x00002740       0x3c c:/program files (x86)/emide/emide v2.20/arm/bin/../lib/gcc/arm-none-eabi/4.7.4/armv6-m\libgcc.a(_udivdi3.o)

.debug_ranges   0x00000000       0x20
 .debug_ranges  0x00000000       0x20 obj\Debug\Setup\startup.o

Cross Reference Table

Symbol                                            File
ADC1_COMP_IRQHandler                              obj\Debug\Setup\startup.o
ADC_AnalogWatchdogCmd                             obj\Debug\Libraries\STM32F0xx_StdPeriph_Driver\src\stm32f0xx_adc.o
ADC_AnalogWatchdogSingleChannelCmd                obj\Debug\Libraries\STM32F0xx_StdPeriph_Driver\src\stm32f0xx_adc.o
ADC_AnalogWatchdogSingleChannelConfig             obj\Debug\Libraries\STM32F0xx_StdPeriph_Driver\src\stm32f0xx_adc.o
ADC_AnalogWatchdogThresholdsConfig                obj\Debug\Libraries\STM32F0xx_StdPeriph_Driver\src\stm32f0xx_adc.o
ADC_AutoPowerOffCmd                               obj\Debug\Libraries\STM32F0xx_StdPeriph_Driver\src\stm32f0xx_adc.o
ADC_ChannelConfig                                 obj\Debug\Libraries\STM32F0xx_StdPeriph_Driver\src\stm32f0xx_adc.o
ADC_ClearFlag                                     obj\Debug\Libraries\STM32F0xx_StdPeriph_Driver\src\stm32f0xx_adc.o
ADC_ClearITPendingBit                             obj\Debug\Libraries\STM32F0xx_StdPeriph_Driver\src\stm32f0xx_adc.o
ADC_Cmd                                           obj\Debug\Libraries\STM32F0xx_StdPeriph_Driver\src\stm32f0xx_adc.o
ADC_ContinuousModeCmd                             obj\Debug\Libraries\STM32F0xx_StdPeriph_Driver\src\stm32f0xx_adc.o
ADC_DMACmd                                        obj\Debug\Libraries\STM32F0xx_StdPeriph_Driver\src\stm32f0xx_adc.o
ADC_DMARequestModeConfig                          obj\Debug\Libraries\STM32F0xx_StdPeriph_Driver\src\stm32f0xx_adc.o
ADC_DeInit                                        obj\Debug\Libraries\STM32F0xx_StdPeriph_Driver\src\stm32f0xx_adc.o
ADC_DiscModeCmd                                   obj\Debug\Libraries\STM32F0xx_StdPeriph_Driver\src\stm32f0xx_adc.o
ADC_GetCalibrationFactor                          obj\Debug\Libraries\STM32F0xx_StdPeriph_Driver\src\stm32f0xx_adc.o
ADC_GetConversionValue                            obj\Debug\Libraries\STM32F0xx_StdPeriph_Driver\src\stm32f0xx_adc.o
ADC_GetFlagStatus                                 obj\Debug\Libraries\STM32F0xx_StdPeriph_Driver\src\stm32f0xx_adc.o
ADC_GetITStatus                                   obj\Debug\Libraries\STM32F0xx_StdPeriph_Driver\src\stm32f0xx_adc.o
ADC_ITConfig                                      obj\Debug\Libraries\STM32F0xx_StdPeriph_Driver\src\stm32f0xx_adc.o
ADC_Init                                          obj\Debug\Libraries\STM32F0xx_StdPeriph_Driver\src\stm32f0xx_adc.o
ADC_JitterCmd                                     obj\Debug\Libraries\STM32F0xx_StdPeriph_Driver\src\stm32f0xx_adc.o
ADC_OverrunModeCmd                                obj\Debug\Libraries\STM32F0xx_StdPeriph_Driver\src\stm32f0xx_adc.o
ADC_StartOfConversion                             obj\Debug\Libraries\STM32F0xx_StdPeriph_Driver\src\stm32f0xx_adc.o
ADC_StopOfConversion                              obj\Debug\Libraries\STM32F0xx_StdPeriph_Driver\src\stm32f0xx_adc.o
ADC_StructInit                                    obj\Debug\Libraries\STM32F0xx_StdPeriph_Driver\src\stm32f0xx_adc.o
ADC_TempSensorCmd                                 obj\Debug\Libraries\STM32F0xx_StdPeriph_Driver\src\stm32f0xx_adc.o
ADC_VbatCmd                                       obj\Debug\Libraries\STM32F0xx_StdPeriph_Driver\src\stm32f0xx_adc.o
ADC_VrefintCmd                                    obj\Debug\Libraries\STM32F0xx_StdPeriph_Driver\src\stm32f0xx_adc.o
ADC_WaitModeCmd                                   obj\Debug\Libraries\STM32F0xx_StdPeriph_Driver\src\stm32f0xx_adc.o
AHBPrescTable                                     obj\Debug\Src\system_stm32f0xx.o
BitTimer                                          obj\Debug\Src\display.o
CAN_CancelTransmit                                obj\Debug\Libraries\STM32F0xx_StdPeriph_Driver\src\stm32f0xx_can.o
CAN_ClearFlag                                     obj\Debug\Libraries\STM32F0xx_StdPeriph_Driver\src\stm32f0xx_can.o
CAN_ClearITPendingBit                             obj\Debug\Libraries\STM32F0xx_StdPeriph_Driver\src\stm32f0xx_can.o
CAN_DBGFreeze                                     obj\Debug\Libraries\STM32F0xx_StdPeriph_Driver\src\stm32f0xx_can.o
CAN_DeInit                                        obj\Debug\Libraries\STM32F0xx_StdPeriph_Driver\src\stm32f0xx_can.o
CAN_FIFORelease                                   obj\Debug\Libraries\STM32F0xx_StdPeriph_Driver\src\stm32f0xx_can.o
CAN_FilterInit                                    obj\Debug\Libraries\STM32F0xx_StdPeriph_Driver\src\stm32f0xx_can.o
CAN_GetFlagStatus                                 obj\Debug\Libraries\STM32F0xx_StdPeriph_Driver\src\stm32f0xx_can.o
CAN_GetITStatus                                   obj\Debug\Libraries\STM32F0xx_StdPeriph_Driver\src\stm32f0xx_can.o
CAN_GetLSBTransmitErrorCounter                    obj\Debug\Libraries\STM32F0xx_StdPeriph_Driver\src\stm32f0xx_can.o
CAN_GetLastErrorCode                              obj\Debug\Libraries\STM32F0xx_StdPeriph_Driver\src\stm32f0xx_can.o
CAN_GetReceiveErrorCounter                        obj\Debug\Libraries\STM32F0xx_StdPeriph_Driver\src\stm32f0xx_can.o
CAN_ITConfig                                      obj\Debug\Libraries\STM32F0xx_StdPeriph_Driver\src\stm32f0xx_can.o
CAN_Init                                          obj\Debug\Libraries\STM32F0xx_StdPeriph_Driver\src\stm32f0xx_can.o
CAN_MessagePending                                obj\Debug\Libraries\STM32F0xx_StdPeriph_Driver\src\stm32f0xx_can.o
CAN_OperatingModeRequest                          obj\Debug\Libraries\STM32F0xx_StdPeriph_Driver\src\stm32f0xx_can.o
CAN_Receive                                       obj\Debug\Libraries\STM32F0xx_StdPeriph_Driver\src\stm32f0xx_can.o
CAN_SlaveStartBank                                obj\Debug\Libraries\STM32F0xx_StdPeriph_Driver\src\stm32f0xx_can.o
CAN_Sleep                                         obj\Debug\Libraries\STM32F0xx_StdPeriph_Driver\src\stm32f0xx_can.o
CAN_StructInit                                    obj\Debug\Libraries\STM32F0xx_StdPeriph_Driver\src\stm32f0xx_can.o
CAN_TTComModeCmd                                  obj\Debug\Libraries\STM32F0xx_StdPeriph_Driver\src\stm32f0xx_can.o
CAN_Transmit                                      obj\Debug\Libraries\STM32F0xx_StdPeriph_Driver\src\stm32f0xx_can.o
CAN_TransmitStatus                                obj\Debug\Libraries\STM32F0xx_StdPeriph_Driver\src\stm32f0xx_can.o
CAN_WakeUp                                        obj\Debug\Libraries\STM32F0xx_StdPeriph_Driver\src\stm32f0xx_can.o
CEC_ClearFlag                                     obj\Debug\Libraries\STM32F0xx_StdPeriph_Driver\src\stm32f0xx_cec.o
CEC_ClearITPendingBit                             obj\Debug\Libraries\STM32F0xx_StdPeriph_Driver\src\stm32f0xx_cec.o
CEC_Cmd                                           obj\Debug\Libraries\STM32F0xx_StdPeriph_Driver\src\stm32f0xx_cec.o
CEC_DeInit                                        obj\Debug\Libraries\STM32F0xx_StdPeriph_Driver\src\stm32f0xx_cec.o
CEC_EndOfMessage                                  obj\Debug\Libraries\STM32F0xx_StdPeriph_Driver\src\stm32f0xx_cec.o
CEC_GetFlagStatus                                 obj\Debug\Libraries\STM32F0xx_StdPeriph_Driver\src\stm32f0xx_cec.o
CEC_GetITStatus                                   obj\Debug\Libraries\STM32F0xx_StdPeriph_Driver\src\stm32f0xx_cec.o
CEC_IRQHandler                                    obj\Debug\Setup\startup.o
CEC_ITConfig                                      obj\Debug\Libraries\STM32F0xx_StdPeriph_Driver\src\stm32f0xx_cec.o
CEC_Init                                          obj\Debug\Libraries\STM32F0xx_StdPeriph_Driver\src\stm32f0xx_cec.o
CEC_ListenModeCmd                                 obj\Debug\Libraries\STM32F0xx_StdPeriph_Driver\src\stm32f0xx_cec.o
CEC_OwnAddressClear                               obj\Debug\Libraries\STM32F0xx_StdPeriph_Driver\src\stm32f0xx_cec.o
CEC_OwnAddressConfig                              obj\Debug\Libraries\STM32F0xx_StdPeriph_Driver\src\stm32f0xx_cec.o
CEC_ReceiveData                                   obj\Debug\Libraries\STM32F0xx_StdPeriph_Driver\src\stm32f0xx_cec.o
CEC_SendData                                      obj\Debug\Libraries\STM32F0xx_StdPeriph_Driver\src\stm32f0xx_cec.o
CEC_StartOfMessage                                obj\Debug\Libraries\STM32F0xx_StdPeriph_Driver\src\stm32f0xx_cec.o
CEC_StructInit                                    obj\Debug\Libraries\STM32F0xx_StdPeriph_Driver\src\stm32f0xx_cec.o
COMP_Cmd                                          obj\Debug\Libraries\STM32F0xx_StdPeriph_Driver\src\stm32f0xx_comp.o
COMP_DeInit                                       obj\Debug\Libraries\STM32F0xx_StdPeriph_Driver\src\stm32f0xx_comp.o
COMP_GetOutputLevel                               obj\Debug\Libraries\STM32F0xx_StdPeriph_Driver\src\stm32f0xx_comp.o
COMP_Init                                         obj\Debug\Libraries\STM32F0xx_StdPeriph_Driver\src\stm32f0xx_comp.o
COMP_LockConfig                                   obj\Debug\Libraries\STM32F0xx_StdPeriph_Driver\src\stm32f0xx_comp.o
COMP_StructInit                                   obj\Debug\Libraries\STM32F0xx_StdPeriph_Driver\src\stm32f0xx_comp.o
COMP_SwitchCmd                                    obj\Debug\Libraries\STM32F0xx_StdPeriph_Driver\src\stm32f0xx_comp.o
COMP_WindowCmd                                    obj\Debug\Libraries\STM32F0xx_StdPeriph_Driver\src\stm32f0xx_comp.o
CRC_CalcBlockCRC                                  obj\Debug\Libraries\STM32F0xx_StdPeriph_Driver\src\stm32f0xx_crc.o
CRC_CalcCRC                                       obj\Debug\Libraries\STM32F0xx_StdPeriph_Driver\src\stm32f0xx_crc.o
CRC_CalcCRC16bits                                 obj\Debug\Libraries\STM32F0xx_StdPeriph_Driver\src\stm32f0xx_crc.o
CRC_CalcCRC8bits                                  obj\Debug\Libraries\STM32F0xx_StdPeriph_Driver\src\stm32f0xx_crc.o
CRC_DeInit                                        obj\Debug\Libraries\STM32F0xx_StdPeriph_Driver\src\stm32f0xx_crc.o
CRC_GetCRC                                        obj\Debug\Libraries\STM32F0xx_StdPeriph_Driver\src\stm32f0xx_crc.o
CRC_GetIDRegister                                 obj\Debug\Libraries\STM32F0xx_StdPeriph_Driver\src\stm32f0xx_crc.o
CRC_PolynomialSizeSelect                          obj\Debug\Libraries\STM32F0xx_StdPeriph_Driver\src\stm32f0xx_crc.o
CRC_ResetDR                                       obj\Debug\Libraries\STM32F0xx_StdPeriph_Driver\src\stm32f0xx_crc.o
CRC_ReverseInputDataSelect                        obj\Debug\Libraries\STM32F0xx_StdPeriph_Driver\src\stm32f0xx_crc.o
CRC_ReverseOutputDataCmd                          obj\Debug\Libraries\STM32F0xx_StdPeriph_Driver\src\stm32f0xx_crc.o
CRC_SetIDRegister                                 obj\Debug\Libraries\STM32F0xx_StdPeriph_Driver\src\stm32f0xx_crc.o
CRC_SetInitRegister                               obj\Debug\Libraries\STM32F0xx_StdPeriph_Driver\src\stm32f0xx_crc.o
CRC_SetPolynomial                                 obj\Debug\Libraries\STM32F0xx_StdPeriph_Driver\src\stm32f0xx_crc.o
CRS_AdjustHSI48CalibrationValue                   obj\Debug\Libraries\STM32F0xx_StdPeriph_Driver\src\stm32f0xx_crs.o
CRS_AutomaticCalibrationCmd                       obj\Debug\Libraries\STM32F0xx_StdPeriph_Driver\src\stm32f0xx_crs.o
CRS_ClearFlag                                     obj\Debug\Libraries\STM32F0xx_StdPeriph_Driver\src\stm32f0xx_crs.o
CRS_ClearITPendingBit                             obj\Debug\Libraries\STM32F0xx_StdPeriph_Driver\src\stm32f0xx_crs.o
CRS_DeInit                                        obj\Debug\Libraries\STM32F0xx_StdPeriph_Driver\src\stm32f0xx_crs.o
CRS_FrequencyErrorCounterCmd                      obj\Debug\Libraries\STM32F0xx_StdPeriph_Driver\src\stm32f0xx_crs.o
CRS_FrequencyErrorCounterReload                   obj\Debug\Libraries\STM32F0xx_StdPeriph_Driver\src\stm32f0xx_crs.o
CRS_FrequencyErrorLimitConfig                     obj\Debug\Libraries\STM32F0xx_StdPeriph_Driver\src\stm32f0xx_crs.o
CRS_GetFlagStatus                                 obj\Debug\Libraries\STM32F0xx_StdPeriph_Driver\src\stm32f0xx_crs.o
CRS_GetFrequencyErrorDirection                    obj\Debug\Libraries\STM32F0xx_StdPeriph_Driver\src\stm32f0xx_crs.o
CRS_GetFrequencyErrorValue                        obj\Debug\Libraries\STM32F0xx_StdPeriph_Driver\src\stm32f0xx_crs.o
CRS_GetHSI48CalibrationValue                      obj\Debug\Libraries\STM32F0xx_StdPeriph_Driver\src\stm32f0xx_crs.o
CRS_GetITStatus                                   obj\Debug\Libraries\STM32F0xx_StdPeriph_Driver\src\stm32f0xx_crs.o
CRS_GetReloadValue                                obj\Debug\Libraries\STM32F0xx_StdPeriph_Driver\src\stm32f0xx_crs.o
CRS_ITConfig                                      obj\Debug\Libraries\STM32F0xx_StdPeriph_Driver\src\stm32f0xx_crs.o
CRS_SoftwareSynchronizationGenerate               obj\Debug\Libraries\STM32F0xx_StdPeriph_Driver\src\stm32f0xx_crs.o
CRS_SynchronizationPolarityConfig                 obj\Debug\Libraries\STM32F0xx_StdPeriph_Driver\src\stm32f0xx_crs.o
CRS_SynchronizationPrescalerConfig                obj\Debug\Libraries\STM32F0xx_StdPeriph_Driver\src\stm32f0xx_crs.o
CRS_SynchronizationSourceConfig                   obj\Debug\Libraries\STM32F0xx_StdPeriph_Driver\src\stm32f0xx_crs.o
ClearDisplay                                      obj\Debug\Src\display.o
DAC_ClearFlag                                     obj\Debug\Libraries\STM32F0xx_StdPeriph_Driver\src\stm32f0xx_dac.o
DAC_ClearITPendingBit                             obj\Debug\Libraries\STM32F0xx_StdPeriph_Driver\src\stm32f0xx_dac.o