Archive member included because of file (symbol)

c:/program files (x86)/emide/emide v2.20/arm/bin/../lib/gcc/arm-none-eabi/4.7.4/armv6-m\libgcc.a(_udivsi3.o)
                              obj\Debug\Libraries\STM32F0xx_StdPeriph_Driver\src\stm32f0xx_rcc.o (__aeabi_uidiv)
c:/program files (x86)/emide/emide v2.20/arm/bin/../lib/gcc/arm-none-eabi/4.7.4/armv6-m\libgcc.a(_dvmd_tls.o)
                              c:/program files (x86)/emide/emide v2.20/arm/bin/../lib/gcc/arm-none-eabi/4.7.4/armv6-m\libgcc.a(_udivsi3.o) (__aeabi_idiv0)
c:/program files (x86)/emide/emide v2.20/arm/bin/../lib/gcc/arm-none-eabi/4.7.4/armv6-m\libgcc.a(_aeabi_uldivmod.o)
                              obj\Debug\Src\display.o (__aeabi_uldivmod)
c:/program files (x86)/emide/emide v2.20/arm/bin/../lib/gcc/arm-none-eabi/4.7.4/armv6-m\libgcc.a(_muldi3.o)
                              obj\Debug\Src\display.o (__aeabi_lmul)
c:/program files (x86)/emide/emide v2.20/arm/bin/../lib/gcc/arm-none-eabi/4.7.4/armv6-m\libgcc.a(bpabi.o)
                              c:/program files (x86)/emide/emide v2.20/arm/bin/../lib/gcc/arm-none-eabi/4.7.4/armv6-m\libgcc.a(_aeabi_uldivmod.o) (__gnu_uldivmod_helper)
c:/program files (x86)/emide/emide v2.20/arm/bin/../lib/gcc/arm-none-eabi/4.7.4/armv6-m\libgcc.a(_divdi3.o)
                              c:/program files (x86)/emide/emide v2.20/arm/bin/../lib/gcc/arm-none-eabi/4.7.4/armv6-m\libgcc.a(bpabi.o) (__divdi3)
c:/program files (x86)/emide/emide v2.20/arm/bin/../lib/gcc/arm-none-eabi/4.7.4/armv6-m\libgcc.a(_udivdi3.o)
                              c:/program files (x86)/emide/emide v2.20/arm/bin/../lib/gcc/arm-none-eabi/4.7.4/armv6-m\libgcc.a(bpabi.o) (__udivdi3)
c:/program files (x86)/emide/emide v2.20/arm/bin/../lib/gcc/arm-none-eabi/4.7.4/armv6-m\libgcc.a(_clzsi2.o)
                              c:/program files (x86)/emide/emide v2.20/arm/bin/../lib/gcc/arm-none-eabi/4.7.4/armv6-m\libgcc.a(_divdi3.o) (__clzsi2)
c:/program files (x86)/emide/emide v2.20/arm/bin/../lib/gcc/arm-none-eabi/4.7.4/../../../../arm-none-eabi/lib/armv6-m\libc.a(lib_a-__atexit.o)
                              c:/program files (x86)/emide/emide v2.20/arm/bin/../lib/gcc/arm-none-eabi/4.7.4/../../../../arm-none-eabi/lib/armv6-m/crt0.o (__register_exitproc)
c:/program files (x86)/emide/emide v2.20/arm/bin/../lib/gcc/arm-none-eabi/4.7.4/../../../../arm-none-eabi/lib/armv6-m\libc.a(lib_a-errno.o)
                              obj\Debug\Src\syscalls.o (__errno)
c:/program files (x86)/emide/emide v2.20/arm/bin/../lib/gcc/arm-none-eabi/4.7.4/../../../../arm-none-eabi/lib/armv6-m\libc.a(lib_a-exit.o)
                              c:/program files (x86)/emide/emide v2.20/arm/bin/../lib/gcc/arm-none-eabi/4.7.4/../../../../arm-none-eabi/lib/armv6-m/crt0.o (exit)
c:/program files (x86)/emide/emide v2.20/arm/bin/../lib/gcc/arm-none-eabi/4.7.4/../../../../arm-none-eabi/lib/armv6-m\libc.a(lib_a-fflush.o)
                              obj\Debug\Src\main.o (fflush)
c:/program files (x86)/emide/emide v2.20/arm/bin/../lib/gcc/arm-none-eabi/4.7.4/../../../../arm-none-eabi/lib/armv6-m\libc.a(lib_a-findfp.o)
                              c:/program files (x86)/emide/emide v2.20/arm/bin/../lib/gcc/arm-none-eabi/4.7.4/../../../../arm-none-eabi/lib/armv6-m\libc.a(lib_a-fflush.o) (__sinit)
c:/program files (x86)/emide/emide v2.20/arm/bin/../lib/gcc/arm-none-eabi/4.7.4/../../../../arm-none-eabi/lib/armv6-m\libc.a(lib_a-fini.o)
                              c:/program files (x86)/emide/emide v2.20/arm/bin/../lib/gcc/arm-none-eabi/4.7.4/../../../../arm-none-eabi/lib/armv6-m/crt0.o (__libc_fini_array)
c:/program files (x86)/emide/emide v2.20/arm/bin/../lib/gcc/arm-none-eabi/4.7.4/../../../../arm-none-eabi/lib/armv6-m\libc.a(lib_a-freer.o)
                              c:/program files (x86)/emide/emide v2.20/arm/bin/../lib/gcc/arm-none-eabi/4.7.4/../../../../arm-none-eabi/lib/armv6-m\libc.a(lib_a-fflush.o) (_free_r)
c:/program files (x86)/emide/emide v2.20/arm/bin/../lib/gcc/arm-none-eabi/4.7.4/../../../../arm-none-eabi/lib/armv6-m\libc.a(lib_a-fwalk.o)
                              c:/program files (x86)/emide/emide v2.20/arm/bin/../lib/gcc/arm-none-eabi/4.7.4/../../../../arm-none-eabi/lib/armv6-m\libc.a(lib_a-findfp.o) (_fwalk)
c:/program files (x86)/emide/emide v2.20/arm/bin/../lib/gcc/arm-none-eabi/4.7.4/../../../../arm-none-eabi/lib/armv6-m\libc.a(lib_a-impure.o)
                              c:/program files (x86)/emide/emide v2.20/arm/bin/../lib/gcc/arm-none-eabi/4.7.4/../../../../arm-none-eabi/lib/armv6-m\libc.a(lib_a-__atexit.o) (_global_impure_ptr)
c:/program files (x86)/emide/emide v2.20/arm/bin/../lib/gcc/arm-none-eabi/4.7.4/../../../../arm-none-eabi/lib/armv6-m\libc.a(lib_a-init.o)
                              c:/program files (x86)/emide/emide v2.20/arm/bin/../lib/gcc/arm-none-eabi/4.7.4/../../../../arm-none-eabi/lib/armv6-m/crt0.o (__libc_init_array)
[...]
Memory Configuration

Name             Origin             Length             Attributes
FLASH            0x08000000         0x00020000         xr
RAM              0x20000000         0x00004000         xrw
MEMORY_B1        0x60000000         0x00000000         xr
*default*        0x00000000         0xffffffff

Linker script and memory map

LOAD c:/program files (x86)/emide/emide v2.20/arm/bin/../lib/gcc/arm-none-eabi/4.7.4/armv6-m/crti.o
LOAD c:/program files (x86)/emide/emide v2.20/arm/bin/../lib/gcc/arm-none-eabi/4.7.4/armv6-m/crtbegin.o
LOAD c:/program files (x86)/emide/emide v2.20/arm/bin/../lib/gcc/arm-none-eabi/4.7.4/../../../../arm-none-eabi/lib/armv6-m/crt0.o
LOAD obj\Debug\Libraries\STM32F0xx_StdPeriph_Driver\src\stm32f0xx_adc.o
LOAD obj\Debug\Libraries\STM32F0xx_StdPeriph_Driver\src\stm32f0xx_can.o
LOAD obj\Debug\Libraries\STM32F0xx_StdPeriph_Driver\src\stm32f0xx_cec.o
LOAD obj\Debug\Libraries\STM32F0xx_StdPeriph_Driver\src\stm32f0xx_comp.o
LOAD obj\Debug\Libraries\STM32F0xx_StdPeriph_Driver\src\stm32f0xx_crc.o
LOAD obj\Debug\Libraries\STM32F0xx_StdPeriph_Driver\src\stm32f0xx_crs.o
LOAD obj\Debug\Libraries\STM32F0xx_StdPeriph_Driver\src\stm32f0xx_dac.o
LOAD obj\Debug\Libraries\STM32F0xx_StdPeriph_Driver\src\stm32f0xx_dbgmcu.o
LOAD obj\Debug\Libraries\STM32F0xx_StdPeriph_Driver\src\stm32f0xx_dma.o
LOAD obj\Debug\Libraries\STM32F0xx_StdPeriph_Driver\src\stm32f0xx_exti.o
LOAD obj\Debug\Libraries\STM32F0xx_StdPeriph_Driver\src\stm32f0xx_flash.o
LOAD obj\Debug\Libraries\STM32F0xx_StdPeriph_Driver\src\stm32f0xx_gpio.o
LOAD obj\Debug\Libraries\STM32F0xx_StdPeriph_Driver\src\stm32f0xx_i2c.o
LOAD obj\Debug\Libraries\STM32F0xx_StdPeriph_Driver\src\stm32f0xx_iwdg.o
LOAD obj\Debug\Libraries\STM32F0xx_StdPeriph_Driver\src\stm32f0xx_misc.o
LOAD obj\Debug\Libraries\STM32F0xx_StdPeriph_Driver\src\stm32f0xx_pwr.o
LOAD obj\Debug\Libraries\STM32F0xx_StdPeriph_Driver\src\stm32f0xx_rcc.o
LOAD obj\Debug\Libraries\STM32F0xx_StdPeriph_Driver\src\stm32f0xx_rtc.o
LOAD obj\Debug\Libraries\STM32F0xx_StdPeriph_Driver\src\stm32f0xx_spi.o
LOAD obj\Debug\Libraries\STM32F0xx_StdPeriph_Driver\src\stm32f0xx_syscfg.o
LOAD obj\Debug\Libraries\STM32F0xx_StdPeriph_Driver\src\stm32f0xx_tim.o
LOAD obj\Debug\Libraries\STM32F0xx_StdPeriph_Driver\src\stm32f0xx_usart.o
LOAD obj\Debug\Libraries\STM32F0xx_StdPeriph_Driver\src\stm32f0xx_wwdg.o
LOAD obj\Debug\Setup\startup.o
LOAD obj\Debug\Src\clock.o
LOAD obj\Debug\Src\display.o
LOAD obj\Debug\Src\graphlib.o
LOAD obj\Debug\Src\i2c.o
LOAD obj\Debug\Src\main.o
LOAD obj\Debug\Src\stm32f0xx_it.o
LOAD obj\Debug\Src\syscalls.o
LOAD obj\Debug\Src\system_stm32f0xx.o
START GROUP
LOAD c:/program files (x86)/emide/emide v2.20/arm/bin/../lib/gcc/arm-none-eabi/4.7.4/armv6-m\libgcc.a
LOAD c:/program files (x86)/emide/emide v2.20/arm/bin/../lib/gcc/arm-none-eabi/4.7.4/../../../../arm-none-eabi/lib/armv6-m\libc.a
END GROUP
LOAD c:/program files (x86)/emide/emide v2.20/arm/bin/../lib/gcc/arm-none-eabi/4.7.4/armv6-m/crtend.o
LOAD c:/program files (x86)/emide/emide v2.20/arm/bin/../lib/gcc/arm-none-eabi/4.7.4/armv6-m/crtn.o
                0x20004000                _estack = 0x20004000
                0x00000800                _Min_Heap_Size = 0x800
                0x00000080                _Min_Stack_Size = 0x80

.isr_vector     0x08000000       0xc4
                0x08000000                . = ALIGN (0x4)
 *(.isr_vector)
 .isr_vector    0x08000000       0xc4 obj\Debug\Setup\startup.o
                0x08000000                g_pfnVectors
                0x080000c4                . = ALIGN (0x4)

.text           0x080000c8    0x101a0
                0x080000c8                . = ALIGN (0x4)
 *(.text)
 .text          0x080000c8       0x60 c:/program files (x86)/emide/emide v2.20/arm/bin/../lib/gcc/arm-none-eabi/4.7.4/armv6-m/crtbegin.o
 .text          0x08000128      0x47c obj\Debug\Libraries\STM32F0xx_StdPeriph_Driver\src\stm32f0xx_gpio.o
                0x08000128                GPIO_DeInit
                0x08000218                GPIO_Init
                0x08000350                GPIO_StructInit
                0x08000380                GPIO_PinLockConfig
                0x080003c4                GPIO_ReadInputDataBit
                0x0800040c                GPIO_ReadInputData
                0x08000424                GPIO_ReadOutputDataBit
                0x0800046c                GPIO_ReadOutputData
                0x08000484                GPIO_SetBits
                0x080004a0                GPIO_ResetBits
                0x080004bc                GPIO_WriteBit
                0x080004ec                GPIO_Write
                0x08000508                GPIO_PinAFConfig
 .text          0x080005a4      0xa44 obj\Debug\Libraries\STM32F0xx_StdPeriph_Driver\src\stm32f0xx_i2c.o
                0x080005a4                I2C_DeInit
                0x080005f0                I2C_Init
                0x080006c0                I2C_StructInit
                0x080006fc                I2C_Cmd
                0x08000738                I2C_SoftwareResetCmd
                0x08000774                I2C_ITConfig
                0x080007ac                I2C_StretchClockCmd
                0x080007e8                I2C_StopModeCmd
                0x08000824                I2C_DualAddressCmd
                0x08000860                I2C_OwnAddress2Config
                0x080008b0                I2C_GeneralCallCmd
                0x080008ec                I2C_SlaveByteControlCmd
                0x08000928                I2C_SlaveAddressConfig
                0x08000964                I2C_10BitAddressingModeCmd
                0x080009a0                I2C_AutoEndCmd
                0x080009dc                I2C_ReloadCmd
                0x08000a18                I2C_NumberOfBytesConfig
                0x08000a5c                I2C_MasterRequestConfig
                0x08000a98                I2C_GenerateSTART
                0x08000ad4                I2C_GenerateSTOP
                0x08000b10                I2C_10BitAddressHeaderCmd
                0x08000b4c                I2C_AcknowledgeConfig
                0x08000b88                I2C_GetAddressMatched
                0x08000ba8                I2C_GetTransferDirection
                0x08000bf0                I2C_TransferHandling
                0x08000c50                I2C_SMBusAlertCmd
                0x08000c8c                I2C_ClockTimeoutCmd
                0x08000cc8                I2C_ExtendedClockTimeoutCmd
                0x08000d00                I2C_IdleClockTimeoutCmd
                0x08000d3c                I2C_TimeoutAConfig
                0x08000d78                I2C_TimeoutBConfig
                0x08000dbc                I2C_CalculatePEC
                0x08000df8                I2C_PECRequestCmd
                0x08000e34                I2C_GetPEC
                0x08000e4c                I2C_ReadRegister
                0x08000e78                I2C_SendData
                0x08000e94                I2C_ReceiveData
                0x08000eac                I2C_DMACmd
                0x08000ee4                I2C_GetFlagStatus
                0x08000f30                I2C_ClearFlag
                0x08000f48                I2C_GetITStatus
                0x08000fd0                I2C_ClearITPendingBit
 .text          0x08000fe8      0x124 obj\Debug\Libraries\STM32F0xx_StdPeriph_Driver\src\stm32f0xx_misc.o
                0x08000fe8                NVIC_Init
                0x08001094                NVIC_SystemLPConfig
                0x080010d8                SysTick_CLKSourceConfig
 .text          0x0800110c      0xbd8 obj\Debug\Libraries\STM32F0xx_StdPeriph_Driver\src\stm32f0xx_rcc.o
                0x0800110c                RCC_DeInit
                0x08001194                RCC_HSEConfig
                0x080011b8                RCC_WaitForHSEStartUp
                0x08001218                RCC_AdjustHSICalibrationValue
                0x08001254                RCC_HSICmd
                0x0800128c                RCC_AdjustHSI14CalibrationValue
                0x080012c8                RCC_HSI14Cmd
                0x08001300                RCC_HSI14ADCRequestCmd
                0x08001338                RCC_LSEConfig
                0x08001370                RCC_LSEDriveConfig
                0x0800139c                RCC_LSICmd
                0x080013d4                RCC_PLLConfig
                0x08001408                RCC_PLLCmd
                0x08001448                RCC_HSI48Cmd
                0x08001488                RCC_PREDIV1Config
                0x080014bc                RCC_ClockSecuritySystemCmd
                0x080014fc                RCC_MCOConfig
                0x08001540                RCC_SYSCLKConfig
                0x08001574                RCC_GetSYSCLKSource
                0x08001590                RCC_HCLKConfig
                0x080015c4                RCC_PCLKConfig
                0x080015fc                RCC_ADCCLKConfig
                0x0800164c                RCC_CECCLKConfig
                0x08001678                RCC_I2CCLKConfig
                0x080016a4                RCC_USARTCLKConfig
                0x080016f0                RCC_USBCLKConfig
                0x0800171c                RCC_GetClocksFreq
                0x0800197c                RCC_RTCCLKConfig
                0x0800199c                RCC_RTCCLKCmd
                0x080019dc                RCC_BackupResetCmd
                0x08001a1c                RCC_AHBPeriphClockCmd
                0x08001a58                RCC_APB2PeriphClockCmd
                0x08001a94                RCC_APB1PeriphClockCmd
                0x08001ad0                RCC_AHBPeriphResetCmd
                0x08001b0c                RCC_APB2PeriphResetCmd
                0x08001b48                RCC_APB1PeriphResetCmd
                0x08001b84                RCC_ITConfig
                0x08001bd4                RCC_GetFlagStatus
                0x08001c64                RCC_ClearFlag
                0x08001c80                RCC_GetITStatus
                0x08001cc4                RCC_ClearITPendingBit
 .text          0x08001ce4     0x1474 obj\Debug\Libraries\STM32F0xx_StdPeriph_Driver\src\stm32f0xx_rtc.o
                0x08001ce4                RTC_DeInit
                0x08001d94                RTC_Init
                0x08001e1c                RTC_StructInit
                0x08001e3c                RTC_WriteProtectionCmd
                0x08001e70                RTC_EnterInitMode
                0x08001ef0                RTC_ExitInitMode
                0x08001f08                RTC_WaitForSynchro
                0x08001fa0                RTC_RefClockCmd
                0x0800201c                RTC_BypassShadowCmd
                0x08002068                RTC_SetTime
                0x08002190                RTC_TimeStructInit
                0x080021b8                RTC_GetTime
                0x08002258                RTC_GetSubSecond
                0x0800227c                RTC_SetDate
                0x080023b0                RTC_DateStructInit
                0x080023d8                RTC_GetDate
                0x08002480                RTC_SetAlarm
                0x080025a4                RTC_AlarmStructInit
                0x080025dc                RTC_GetAlarm
                0x080026b4                RTC_AlarmCmd
                0x08002764                RTC_AlarmSubSecondConfig
                0x080027a4                RTC_GetAlarmSubSecond
                0x080027c8                RTC_WakeUpClockConfig
                0x08002804                RTC_SetWakeUpCounter
                0x08002830                RTC_GetWakeUpCounter
                0x08002848                RTC_WakeUpCmd
                0x080028f4                RTC_DayLightSavingConfig
                0x0800293c                RTC_GetStoreOperation
                0x08002954                RTC_OutputConfig
                0x0800299c                RTC_CalibOutputCmd
                0x080029ec                RTC_CalibOutputConfig
                0x08002a2c                RTC_SmoothCalibConfig
                0x08002ac0                RTC_TimeStampCmd
                0x08002b24                RTC_GetTimeStamp
                0x08002c44                RTC_GetTimeStampSubSecond
                0x08002c58                RTC_TamperTriggerConfig
                0x08002c94                RTC_TamperCmd
                0x08002cd0                RTC_TamperFilterConfig
                0x08002d00                RTC_TamperSamplingFreqConfig
                0x08002d30                RTC_TamperPinsPrechargeDuration
                0x08002d60                RTC_TimeStampOnTamperDetectionCmd
                0x08002d98                RTC_TamperPullUpCmd
                0x08002dd8                RTC_WriteBackupRegister
                0x08002e04                RTC_ReadBackupRegister
                0x08002e30                RTC_OutputTypeConfig
                0x08002e60                RTC_SynchroShiftConfig
                0x08002f10                RTC_ITConfig
                0x08002f88                RTC_GetFlagStatus
                0x08002fd8                RTC_ClearFlag
                0x08003008                RTC_GetITStatus
                0x08003088                RTC_ClearITPendingBit
 .text          0x08003158      0xc84 obj\Debug\Libraries\STM32F0xx_StdPeriph_Driver\src\stm32f0xx_usart.o
                0x08003158                USART_DeInit
                0x080031fc                USART_Init
                0x08003370                USART_StructInit
                0x080033a4                USART_ClockInit
                0x080033ec                USART_ClockStructInit
                0x08003414                USART_Cmd
                0x08003450                USART_DirectionModeCmd
                0x08003488                USART_OverSampling8Cmd
                0x080034c4                USART_OneBitMethodCmd
                0x08003500                USART_MSBFirstCmd
                0x0800353c                USART_DataInvCmd
                0x08003578                USART_InvPinCmd
                0x080035b0                USART_SWAPPinCmd
                0x080035ec                USART_ReceiverTimeOutCmd
                0x08003628                USART_SetReceiverTimeOut
                0x08003650                USART_SetPrescaler
                0x08003688                USART_STOPModeCmd
                0x080036c4                USART_StopModeWakeUpSourceConfig
                0x080036f0                USART_AutoBaudRateCmd
                0x0800372c                USART_AutoBaudRateConfig
                0x08003758                USART_SendData
                0x0800377c                USART_ReceiveData
                0x08003798                USART_SetAddress
                0x080037c8                USART_MuteModeCmd
                0x08003804                USART_MuteModeWakeUpConfig
                0x08003830                USART_AddressDetectionConfig
                0x0800385c                USART_LINBreakDetectLengthConfig
                0x08003888                USART_LINCmd
                0x080038c4                USART_HalfDuplexCmd
                0x08003900                USART_SetGuardTime
                0x0800393c                USART_SmartCardCmd
                0x08003978                USART_SmartCardNACKCmd
                0x080039b4                USART_SetAutoRetryCount
                0x080039e8                USART_SetBlockLength
                0x08003a18                USART_IrDAConfig
                0x08003a44                USART_IrDACmd
                0x08003a80                USART_DECmd
                0x08003abc                USART_DEPolarityConfig
                0x08003ae8                USART_SetDEAssertionTime
                0x08003b18                USART_SetDEDeassertionTime
                0x08003b48                USART_DMACmd
                0x08003b80                USART_DMAReceptionErrorConfig
                0x08003bac                USART_ITConfig
                0x08003c30                USART_RequestCmd
                0x08003c78                USART_OverrunDetectionConfig
                0x08003ca4                USART_GetFlagStatus
                0x08003ce0                USART_ClearFlag
                0x08003cf8                USART_GetITStatus
                0x08003dac                USART_ClearITPendingBit
 .text          0x08003ddc       0x34 obj\Debug\Src\clock.o
                0x08003ddc                CheckClock
                0x08003e08                InitClockHW
 .text          0x08003e10      0x518 obj\Debug\Src\display.o
                0x08003e10                BitTimer
                0x08003e30                ResetTimer
                0x08003e54                PutGraphic
                0x08004074                ResetDisplay
                0x080040a0                InitDisplay
                0x080040fc                eWriteDispData
                0x08004150                UpdateFromFB
                0x08004164                ClearFB
                0x0800417c                ClearDisplay
                0x080041a0                OverWriteDisplay
                0x080041cc                NextLine
                0x080041f8                PrintToDisplay
                0x08004258                WriteByteDisplay
                0x080042d0                SetXY
                0x08004300                GetX
                0x08004314                GetY
 .text          0x08004328      0x164 obj\Debug\Src\graphlib.o
                0x08004328                OutChar
                0x08004450                OutString
 .text          0x0800448c       0xac obj\Debug\Src\i2c.o
                0x0800448c                InitI2C
 .text          0x08004538      0x534 obj\Debug\Src\main.o
                0x08004664                Delay
                0x08004688                GeneralDelay
                0x080046a4                SysTick_Handler
                0x080046e0                USART1_IRQHandler
                0x08004730                TestI2C
                0x08004794                main
 .text          0x08004a6c       0x20 obj\Debug\Src\stm32f0xx_it.o
                0x08004a6c                NMI_Handler
                0x08004a74                HardFault_Handler
                0x08004a7c                SVC_Handler
                0x08004a84                PendSV_Handler
 .text          0x08004a8c      0x168 obj\Debug\Src\syscalls.o
                0x08004a8c                _kill
                0x08004aac                _exit
                0x08004ac4                _read
                0x08004af0                _write
                0x08004b44                _sbrk_r
                0x08004b98                _close
                0x08004bac                _isatty
                0x08004bc0                _lseek
                0x08004bd8                _fstat
 .text          0x08004bf4      0x23c obj\Debug\Src\system_stm32f0xx.o
                0x08004bf4                SystemInit
                0x08004c80                SystemCoreClockUpdate
 .text          0x08004e30       0x9c c:/program files (x86)/emide/emide v2.20/arm/bin/../lib/gcc/arm-none-eabi/4.7.4/armv6-m\libgcc.a(_udivsi3.o)
                0x08004e30                __aeabi_uidiv
                0x08004e30                __udivsi3
                0x08004eb8                __aeabi_uidivmod
 .text          0x08004ecc        0x4 c:/program files (x86)/emide/emide v2.20/arm/bin/../lib/gcc/arm-none-eabi/4.7.4/armv6-m\libgcc.a(_dvmd_tls.o)
                0x08004ecc                __aeabi_idiv0
                0x08004ecc                __aeabi_ldiv0
 .text          0x08004ed0       0x40 c:/program files (x86)/emide/emide v2.20/arm/bin/../lib/gcc/arm-none-eabi/4.7.4/armv6-m\libgcc.a(_aeabi_uldivmod.o)
                0x08004ed0                __aeabi_uldivmod
 .text          0x08004f10       0x44 c:/program files (x86)/emide/emide v2.20/arm/bin/../lib/gcc/arm-none-eabi/4.7.4/armv6-m\libgcc.a(_muldi3.o)
                0x08004f10                __muldi3
                0x08004f10                __aeabi_lmul
 .text          0x08004f54       0x74 c:/program files (x86)/emide/emide v2.20/arm/bin/../lib/gcc/arm-none-eabi/4.7.4/armv6-m\libgcc.a(bpabi.o)
                0x08004f54                __gnu_ldivmod_helper
                0x08004f90                __gnu_uldivmod_helper
 .text          0x08004fc8      0x3d0 c:/program files (x86)/emide/emide v2.20/arm/bin/../lib/gcc/arm-none-eabi/4.7.4/armv6-m\libgcc.a(_divdi3.o)
                0x08004fc8                __divdi3
 .text          0x08005398      0x38c c:/program files (x86)/emide/emide v2.20/arm/bin/../lib/gcc/arm-none-eabi/4.7.4/armv6-m\libgcc.a(_udivdi3.o)
                0x08005398                __udivdi3
 .text          0x08005724       0x3c c:/program files (x86)/emide/emide v2.20/arm/bin/../lib/gcc/arm-none-eabi/4.7.4/armv6-m\libgcc.a(_clzsi2.o)
                0x08005724                __clzsi2
 .text          0x08005760       0xc0 c:/program files (x86)/emide/emide v2.20/arm/bin/../lib/gcc/arm-none-eabi/4.7.4/armv6-m\libgcc.a(_divsi3.o)
                0x08005760                __divsi3
                0x08005760                __aeabi_idiv
                0x0800580c                __aeabi_idivmod
 .text          0x08005820       0x7c c:/program files (x86)/emide/emide v2.20/arm/bin/../lib/gcc/arm-none-eabi/4.7.4/armv6-m\libgcc.a(_arm_cmpdf2.o)
                0x08005820                __aeabi_cdrcmple
                0x08005830                __aeabi_cdcmple
                0x08005830                __aeabi_cdcmpeq
                0x08005840                __aeabi_dcmpeq
                0x0800584c                __aeabi_dcmplt
                0x08005860                __aeabi_dcmple
                0x08005874                __aeabi_dcmpgt
                0x08005888                __aeabi_dcmpge
 .text          0x0800589c      0x760 c:/program files (x86)/emide/emide v2.20/arm/bin/../lib/gcc/arm-none-eabi/4.7.4/armv6-m\libgcc.a(adddf3.o)
                0x0800589c                __aeabi_dadd
 .text          0x08005ffc      0x5b8 c:/program files (x86)/emide/emide v2.20/arm/bin/../lib/gcc/arm-none-eabi/4.7.4/armv6-m\libgcc.a(divdf3.o)
                0x08005ffc                __aeabi_ddiv
 .text          0x080065b4       0x7c c:/program files (x86)/emide/emide v2.20/arm/bin/../lib/gcc/arm-none-eabi/4.7.4/armv6-m\libgcc.a(eqdf2.o)
                0x080065b4                __nedf2
                0x080065b4                __eqdf2
 .text          0x08006630       0xe8 c:/program files (x86)/emide/emide v2.20/arm/bin/../lib/gcc/arm-none-eabi/4.7.4/armv6-m\libgcc.a(gedf2.o)
                0x08006630                __gedf2
                0x08006630                __gtdf2
 .text          0x08006718       0xd8 c:/program files (x86)/emide/emide v2.20/arm/bin/../lib/gcc/arm-none-eabi/4.7.4/armv6-m\libgcc.a(ledf2.o)
                0x08006718                __ledf2
                0x08006718                __ltdf2
 .text          0x080067f0      0x4e4 c:/program files (x86)/emide/emide v2.20/arm/bin/../lib/gcc/arm-none-eabi/4.7.4/armv6-m\libgcc.a(muldf3.o)
                0x080067f0                __aeabi_dmul
 .text          0x08006cd4      0x704 c:/program files (x86)/emide/emide v2.20/arm/bin/../lib/gcc/arm-none-eabi/4.7.4/armv6-m\libgcc.a(subdf3.o)
                0x08006cd4                __aeabi_dsub
 .text          0x080073d8       0x68 c:/program files (x86)/emide/emide v2.20/arm/bin/../lib/gcc/arm-none-eabi/4.7.4/armv6-m\libgcc.a(fixdfsi.o)
                0x080073d8                __aeabi_d2iz
 .text          0x08007440       0x74 c:/program files (x86)/emide/emide v2.20/arm/bin/../lib/gcc/arm-none-eabi/4.7.4/armv6-m\libgcc.a(floatsidf.o)
                0x08007440                __aeabi_i2d
 .text          0x080074b4       0x64 c:/program files (x86)/emide/emide v2.20/arm/bin/../lib/gcc/arm-none-eabi/4.7.4/armv6-m\libgcc.a(floatunsidf.o)
                0x080074b4                __aeabi_ui2d
 *(.text*)
 .text.Reset_Handler
                0x08007518       0x50 obj\Debug\Setup\startup.o
                0x08007518                Reset_Handler
 .text.Default_Handler
                0x08007568        0x2 obj\Debug\Setup\startup.o
                0x08007568                TIM1_CC_IRQHandler
                0x08007568                ADC1_COMP_IRQHandler
                0x08007568                PVD_IRQHandler
                0x08007568                I2C1_IRQHandler
                0x08007568                SPI1_IRQHandler
                0x08007568                TIM6_DAC_IRQHandler
                0x08007568                EXTI2_3_IRQHandler
                0x08007568                I2C2_IRQHandler
                0x08007568                TIM17_IRQHandler
                0x08007568                RTC_IRQHandler
                0x08007568                TIM16_IRQHandler
                0x08007568                TIM3_IRQHandler
                0x08007568                EXTI4_15_IRQHandler
                0x08007568                RCC_IRQHandler
                0x08007568                DMA1_Channel1_IRQHandler
                0x08007568                Default_Handler
                0x08007568                CEC_IRQHandler
                0x08007568                TIM14_IRQHandler
                0x08007568                DMA1_Channel4_5_IRQHandler
                0x08007568                TIM15_IRQHandler
                0x08007568                EXTI0_1_IRQHandler
                0x08007568                SPI2_IRQHandler
                0x08007568                TS_IRQHandler
                0x08007568                WWDG_IRQHandler
                0x08007568                TIM2_IRQHandler
                0x08007568                DMA1_Channel2_3_IRQHandler
                0x08007568                USART2_IRQHandler
                0x08007568                FLASH_IRQHandler
                0x08007568                TIM1_BRK_UP_TRG_COM_IRQHandler
 *fill*         0x0800756a        0x2 00
 .text.__register_exitproc
                0x0800756c       0xc4 c:/program files (x86)/emide/emide v2.20/arm/bin/../lib/gcc/arm-none-eabi/4.7.4/../../../../arm-none-eabi/lib/armv6-m\libc.a(lib_a-__atexit.o)
                0x0800756c                __register_exitproc
 .text.__errno  0x08007630        0xc c:/program files (x86)/emide/emide v2.20/arm/bin/../lib/gcc/arm-none-eabi/4.7.4/../../../../arm-none-eabi/lib/armv6-m\libc.a(lib_a-errno.o)
                0x08007630                __errno
 .text._fflush_r
                0x0800763c      0x15c c:/program files (x86)/emide/emide v2.20/arm/bin/../lib/gcc/arm-none-eabi/4.7.4/../../../../arm-none-eabi/lib/armv6-m\libc.a(lib_a-fflush.o)
                0x0800763c                _fflush_r
 .text.fflush   0x08007798       0x28 c:/program files (x86)/emide/emide v2.20/arm/bin/../lib/gcc/arm-none-eabi/4.7.4/../../../../arm-none-eabi/lib/armv6-m\libc.a(lib_a-fflush.o)
                0x08007798                fflush
 .text._cleanup_r
                0x080077c0       0x10 c:/program files (x86)/emide/emide v2.20/arm/bin/../lib/gcc/arm-none-eabi/4.7.4/../../../../arm-none-eabi/lib/armv6-m\libc.a(lib_a-findfp.o)
                0x080077c0                _cleanup_r
 .text.std.isra.0
                0x080077d0       0x48 c:/program files (x86)/emide/emide v2.20/arm/bin/../lib/gcc/arm-none-eabi/4.7.4/../../../../arm-none-eabi/lib/armv6-m\libc.a(lib_a-findfp.o)
 .text.__sinit  0x08007818       0x50 c:/program files (x86)/emide/emide v2.20/arm/bin/../lib/gcc/arm-none-eabi/4.7.4/../../../../arm-none-eabi/lib/armv6-m\libc.a(lib_a-findfp.o)
                0x08007818                __sinit
 .text.__sfp_lock_acquire
                0x08007868        0x4 c:/program files (x86)/emide/emide v2.20/arm/bin/../lib/gcc/arm-none-eabi/4.7.4/../../../../arm-none-eabi/lib/armv6-m\libc.a(lib_a-findfp.o)
                0x08007868                __sfp_lock_acquire
 .text.__sfp_lock_release
                0x0800786c        0x4 c:/program files (x86)/emide/emide v2.20/arm/bin/../lib/gcc/arm-none-eabi/4.7.4/../../../../arm-none-eabi/lib/armv6-m\libc.a(lib_a-findfp.o)
                0x0800786c                __sfp_lock_release
 .text.__libc_fini_array
                0x08007870       0x60 c:/program files (x86)/emide/emide v2.20/arm/bin/../lib/gcc/arm-none-eabi/4.7.4/../../../../arm-none-eabi/lib/armv6-m\libc.a(lib_a-fini.o)
                0x08007870                __libc_fini_array
 .text._malloc_trim_r
                0x080078d0       0xa0 c:/program files (x86)/emide/emide v2.20/arm/bin/../lib/gcc/arm-none-eabi/4.7.4/../../../../arm-none-eabi/lib/armv6-m\libc.a(lib_a-freer.o)
                0x080078d0                _malloc_trim_r
 .text._free_r  0x08007970      0x190 c:/program files (x86)/emide/emide v2.20/arm/bin/../lib/gcc/arm-none-eabi/4.7.4/../../../../arm-none-eabi/lib/armv6-m\libc.a(lib_a-freer.o)
                0x08007970                _free_r
 .text._fwalk   0x08007b00       0xd8 c:/program files (x86)/emide/emide v2.20/arm/bin/../lib/gcc/arm-none-eabi/4.7.4/../../../../arm-none-eabi/lib/armv6-m\libc.a(lib_a-fwalk.o)
                0x08007b00                _fwalk
 .text._fwalk_reent
                0x08007bd8       0xe4 c:/program files (x86)/emide/emide v2.20/arm/bin/../lib/gcc/arm-none-eabi/4.7.4/../../../../arm-none-eabi/lib/armv6-m\libc.a(lib_a-fwalk.o)
                0x08007bd8                _fwalk_reent
 .text.__libc_init_array
                0x08007cbc       0x90 c:/program files (x86)/emide/emide v2.20/arm/bin/../lib/gcc/arm-none-eabi/4.7.4/../../../../arm-none-eabi/lib/armv6-m\libc.a(lib_a-init.o)
                0x08007cbc                __libc_init_array
 .text._malloc_r
                0x08007d4c      0x514 c:/program files (x86)/emide/emide v2.20/arm/bin/../lib/gcc/arm-none-eabi/4.7.4/../../../../arm-none-eabi/lib/armv6-m\libc.a(lib_a-mallocr.o)
                0x08007d4c                _malloc_r
 .text.memset   0x08008260      0x118 c:/program files (x86)/emide/emide v2.20/arm/bin/../lib/gcc/arm-none-eabi/4.7.4/../../../../arm-none-eabi/lib/armv6-m\libc.a(lib_a-memset.o)
                0x08008260                memset
 .text.__malloc_lock
                0x08008378        0x4 c:/program files (x86)/emide/emide v2.20/arm/bin/../lib/gcc/arm-none-eabi/4.7.4/../../../../arm-none-eabi/lib/armv6-m\libc.a(lib_a-mlock.o)
                0x08008378                __malloc_lock
 .text.__malloc_unlock
                0x0800837c        0x4 c:/program files (x86)/emide/emide v2.20/arm/bin/../lib/gcc/arm-none-eabi/4.7.4/../../../../arm-none-eabi/lib/armv6-m\libc.a(lib_a-mlock.o)
                0x0800837c                __malloc_unlock
 .text._puts_r  0x08008380       0x68 c:/program files (x86)/emide/emide v2.20/arm/bin/../lib/gcc/arm-none-eabi/4.7.4/../../../../arm-none-eabi/lib/armv6-m\libc.a(lib_a-puts.o)
                0x08008380                _puts_r
 .text.puts     0x080083e8       0x14 c:/program files (x86)/emide/emide v2.20/arm/bin/../lib/gcc/arm-none-eabi/4.7.4/../../../../arm-none-eabi/lib/armv6-m\libc.a(lib_a-puts.o)
                0x080083e8                puts
 .text.sprintf  0x080083fc       0x44 c:/program files (x86)/emide/emide v2.20/arm/bin/../lib/gcc/arm-none-eabi/4.7.4/../../../../arm-none-eabi/lib/armv6-m\libc.a(lib_a-sprintf.o)
                0x080083fc                sprintf
 .text.__sread  0x08008440       0x28 c:/program files (x86)/emide/emide v2.20/arm/bin/../lib/gcc/arm-none-eabi/4.7.4/../../../../arm-none-eabi/lib/armv6-m\libc.a(lib_a-stdio.o)
                0x08008440                __sread
 .text.__swrite
                0x08008468       0x38 c:/program files (x86)/emide/emide v2.20/arm/bin/../lib/gcc/arm-none-eabi/4.7.4/../../../../arm-none-eabi/lib/armv6-m\libc.a(lib_a-stdio.o)
                0x08008468                __swrite
 .text.__sseek  0x080084a0       0x2c c:/program files (x86)/emide/emide v2.20/arm/bin/../lib/gcc/arm-none-eabi/4.7.4/../../../../arm-none-eabi/lib/armv6-m\libc.a(lib_a-stdio.o)
                0x080084a0                __sseek
 .text.__sclose
                0x080084cc        0xc c:/program files (x86)/emide/emide v2.20/arm/bin/../lib/gcc/arm-none-eabi/4.7.4/../../../../arm-none-eabi/lib/armv6-m\libc.a(lib_a-stdio.o)
                0x080084cc                __sclose
 .text.strlen   0x080084d8       0x10 c:/program files (x86)/emide/emide v2.20/arm/bin/../lib/gcc/arm-none-eabi/4.7.4/../../../../arm-none-eabi/lib/armv6-m\libc.a(lib_a-strlen.o)
                0x080084d8                strlen
 .text._svfprintf_r
                0x080084e8     0x1a80 c:/program files (x86)/emide/emide v2.20/arm/bin/../lib/gcc/arm-none-eabi/4.7.4/../../../../arm-none-eabi/lib/armv6-m\libc.a(lib_a-svfprintf.o)
                0x080084e8                _svfprintf_r
 .text._write_r
                0x08009f68       0x28 c:/program files (x86)/emide/emide v2.20/arm/bin/../lib/gcc/arm-none-eabi/4.7.4/../../../../arm-none-eabi/lib/armv6-m\libc.a(lib_a-writer.o)
                0x08009f68                _write_r
 .text.startup.register_fini
                0x08009f90       0x18 c:/program files (x86)/emide/emide v2.20/arm/bin/../lib/gcc/arm-none-eabi/4.7.4/../../../../arm-none-eabi/lib/armv6-m\libc.a(lib_a-__call_atexit.o)
 .text.atexit   0x08009fa8       0x10 c:/program files (x86)/emide/emide v2.20/arm/bin/../lib/gcc/arm-none-eabi/4.7.4/../../../../arm-none-eabi/lib/armv6-m\libc.a(lib_a-atexit.o)
                0x08009fa8                atexit
 .text._close_r
                0x08009fb8       0x24 c:/program files (x86)/emide/emide v2.20/arm/bin/../lib/gcc/arm-none-eabi/4.7.4/../../../../arm-none-eabi/lib/armv6-m\libc.a(lib_a-closer.o)
                0x08009fb8                _close_r
 .text.quorem   0x08009fdc      0x370 c:/program files (x86)/emide/emide v2.20/arm/bin/../lib/gcc/arm-none-eabi/4.7.4/../../../../arm-none-eabi/lib/armv6-m\libc.a(lib_a-dtoa.o)
 *fill*         0x0800a34c        0x4 00
 .text._dtoa_r  0x0800a350     0x1378 c:/program files (x86)/emide/emide v2.20/arm/bin/../lib/gcc/arm-none-eabi/4.7.4/../../../../arm-none-eabi/lib/armv6-m\libc.a(lib_a-dtoa.o)
                0x0800a350                _dtoa_r
 .text._fclose_r
                0x0800b6c8       0xa0 c:/program files (x86)/emide/emide v2.20/arm/bin/../lib/gcc/arm-none-eabi/4.7.4/../../../../arm-none-eabi/lib/armv6-m\libc.a(lib_a-fclose.o)
                0x0800b6c8                _fclose_r
 .text.fclose   0x0800b768       0x14 c:/program files (x86)/emide/emide v2.20/arm/bin/../lib/gcc/arm-none-eabi/4.7.4/../../../../arm-none-eabi/lib/armv6-m\libc.a(lib_a-fclose.o)
                0x0800b768                fclose
 .text.__sfvwrite_r
                0x0800b77c      0x304 c:/program files (x86)/emide/emide v2.20/arm/bin/../lib/gcc/arm-none-eabi/4.7.4/../../../../arm-none-eabi/lib/armv6-m\libc.a(lib_a-fvwrite.o)
                0x0800b77c                __sfvwrite_r
 .text._localeconv_r
                0x0800ba80        0x8 c:/program files (x86)/emide/emide v2.20/arm/bin/../lib/gcc/arm-none-eabi/4.7.4/../../../../arm-none-eabi/lib/armv6-m\libc.a(lib_a-locale.o)
                0x0800ba80                _localeconv_r
 .text._lseek_r
                0x0800ba88       0x28 c:/program files (x86)/emide/emide v2.20/arm/bin/../lib/gcc/arm-none-eabi/4.7.4/../../../../arm-none-eabi/lib/armv6-m\libc.a(lib_a-lseekr.o)
                0x0800ba88                _lseek_r
 .text.memchr   0x0800bab0      0x120 c:/program files (x86)/emide/emide v2.20/arm/bin/../lib/gcc/arm-none-eabi/4.7.4/../../../../arm-none-eabi/lib/armv6-m\libc.a(lib_a-memchr.o)
                0x0800bab0                memchr
 .text.memcpy   0x0800bbd0      0x144 c:/program files (x86)/emide/emide v2.20/arm/bin/../lib/gcc/arm-none-eabi/4.7.4/../../../../arm-none-eabi/lib/armv6-m\libc.a(lib_a-memcpy.o)
                0x0800bbd0                memcpy
 .text.memmove  0x0800bd14      0x19c c:/program files (x86)/emide/emide v2.20/arm/bin/../lib/gcc/arm-none-eabi/4.7.4/../../../../arm-none-eabi/lib/armv6-m\libc.a(lib_a-memmove.o)
                0x0800bd14                memmove
 .text._Balloc  0x0800beb0       0x50 c:/program files (x86)/emide/emide v2.20/arm/bin/../lib/gcc/arm-none-eabi/4.7.4/../../../../arm-none-eabi/lib/armv6-m\libc.a(lib_a-mprec.o)
                0x0800beb0                _Balloc
 .text._Bfree   0x0800bf00       0x14 c:/program files (x86)/emide/emide v2.20/arm/bin/../lib/gcc/arm-none-eabi/4.7.4/../../../../arm-none-eabi/lib/armv6-m\libc.a(lib_a-mprec.o)
                0x0800bf00                _Bfree
 .text.__multadd
                0x0800bf14      0x108 c:/program files (x86)/emide/emide v2.20/arm/bin/../lib/gcc/arm-none-eabi/4.7.4/../../../../arm-none-eabi/lib/armv6-m\libc.a(lib_a-mprec.o)
                0x0800bf14                __multadd
 .text.__hi0bits
                0x0800c01c       0x34 c:/program files (x86)/emide/emide v2.20/arm/bin/../lib/gcc/arm-none-eabi/4.7.4/../../../../arm-none-eabi/lib/armv6-m\libc.a(lib_a-mprec.o)
                0x0800c01c                __hi0bits
 .text.__lo0bits
                0x0800c050       0x5c c:/program files (x86)/emide/emide v2.20/arm/bin/../lib/gcc/arm-none-eabi/4.7.4/../../../../arm-none-eabi/lib/armv6-m\libc.a(lib_a-mprec.o)
                0x0800c050                __lo0bits
 .text.__i2b    0x0800c0ac       0x14 c:/program files (x86)/emide/emide v2.20/arm/bin/../lib/gcc/arm-none-eabi/4.7.4/../../../../arm-none-eabi/lib/armv6-m\libc.a(lib_a-mprec.o)
                0x0800c0ac                __i2b
 .text.__multiply
                0x0800c0c0      0x348 c:/program files (x86)/emide/emide v2.20/arm/bin/../lib/gcc/arm-none-eabi/4.7.4/../../../../arm-none-eabi/lib/armv6-m\libc.a(lib_a-mprec.o)
                0x0800c0c0                __multiply
 .text.__pow5mult
                0x0800c408       0xb0 c:/program files (x86)/emide/emide v2.20/arm/bin/../lib/gcc/arm-none-eabi/4.7.4/../../../../arm-none-eabi/lib/armv6-m\libc.a(lib_a-mprec.o)
                0x0800c408                __pow5mult
 .text.__lshift
                0x0800c4b8      0x184 c:/program files (x86)/emide/emide v2.20/arm/bin/../lib/gcc/arm-none-eabi/4.7.4/../../../../arm-none-eabi/lib/armv6-m\libc.a(lib_a-mprec.o)
                0x0800c4b8                __lshift
 .text.__mcmp   0x0800c63c       0x64 c:/program files (x86)/emide/emide v2.20/arm/bin/../lib/gcc/arm-none-eabi/4.7.4/../../../../arm-none-eabi/lib/armv6-m\libc.a(lib_a-mprec.o)
                0x0800c63c                __mcmp
 .text.__mdiff  0x0800c6a0      0x258 c:/program files (x86)/emide/emide v2.20/arm/bin/../lib/gcc/arm-none-eabi/4.7.4/../../../../arm-none-eabi/lib/armv6-m\libc.a(lib_a-mprec.o)
                0x0800c6a0                __mdiff
 .text.__d2b    0x0800c8f8       0xb8 c:/program files (x86)/emide/emide v2.20/arm/bin/../lib/gcc/arm-none-eabi/4.7.4/../../../../arm-none-eabi/lib/armv6-m\libc.a(lib_a-mprec.o)
                0x0800c8f8                __d2b
 .text._read_r  0x0800c9b0       0x28 c:/program files (x86)/emide/emide v2.20/arm/bin/../lib/gcc/arm-none-eabi/4.7.4/../../../../arm-none-eabi/lib/armv6-m\libc.a(lib_a-readr.o)
                0x0800c9b0                _read_r
 .text._realloc_r
                0x0800c9d8      0x3d4 c:/program files (x86)/emide/emide v2.20/arm/bin/../lib/gcc/arm-none-eabi/4.7.4/../../../../arm-none-eabi/lib/armv6-m\libc.a(lib_a-reallocr.o)
                0x0800c9d8                _realloc_r
 .text.__fpclassifyd
                0x0800cdac       0x70 c:/program files (x86)/emide/emide v2.20/arm/bin/../lib/gcc/arm-none-eabi/4.7.4/../../../../arm-none-eabi/lib/armv6-m\libc.a(lib_a-s_fpclassify.o)
                0x0800cdac                __fpclassifyd
 .text.__ssprint_r
                0x0800ce1c      0x124 c:/program files (x86)/emide/emide v2.20/arm/bin/../lib/gcc/arm-none-eabi/4.7.4/../../../../arm-none-eabi/lib/armv6-m\libc.a(lib_a-svfiprintf.o)
                0x0800ce1c                __ssprint_r
 .text.__swsetup_r
                0x0800cf40       0xbc c:/program files (x86)/emide/emide v2.20/arm/bin/../lib/gcc/arm-none-eabi/4.7.4/../../../../arm-none-eabi/lib/armv6-m\libc.a(lib_a-wsetup.o)
                0x0800cf40                __swsetup_r
 .text._calloc_r
                0x0800cffc       0x60 c:/program files (x86)/emide/emide v2.20/arm/bin/../lib/gcc/arm-none-eabi/4.7.4/../../../../arm-none-eabi/lib/armv6-m\libc.a(lib_a-callocr.o)
                0x0800cffc                _calloc_r
 .text.__smakebuf_r
                0x0800d05c       0xdc c:/program files (x86)/emide/emide v2.20/arm/bin/../lib/gcc/arm-none-eabi/4.7.4/../../../../arm-none-eabi/lib/armv6-m\libc.a(lib_a-makebuf.o)
                0x0800d05c                __smakebuf_r
 .text._fstat_r
                0x0800d138       0x28 c:/program files (x86)/emide/emide v2.20/arm/bin/../lib/gcc/arm-none-eabi/4.7.4/../../../../arm-none-eabi/lib/armv6-m\libc.a(lib_a-fstatr.o)
                0x0800d138                _fstat_r
 .text._isatty_r
                0x0800d160       0x24 c:/program files (x86)/emide/emide v2.20/arm/bin/../lib/gcc/arm-none-eabi/4.7.4/../../../../arm-none-eabi/lib/armv6-m\libc.a(lib_a-isattyr.o)
                0x0800d160                _isatty_r
 *(.rodata)
 .rodata        0x0800d184     0x2d60 obj\Debug\Src\main.o
                0x0800d184                Graphic1
                0x0800d264                f01_00
                0x0800d26c                f01_01
                0x0800d274                f01_02
                0x0800d27c                f01_03
                0x0800d290                f01_04
                0x0800d2a0                f01_05
                0x0800d2ac                f01_06
                0x0800d2c0                f01_07
                0x0800d2c8                f01_08
                0x0800d2d8                f01_09
                0x0800d2e0                f01_10
                0x0800d2e8                f01_11
                0x0800d2f0                f01_12
                0x0800d2f8                f01_13
                0x0800d30c                f01_14
                0x0800d320                f01_15
                0x0800d334                f01_16
                0x0800d33c                f01_17
                0x0800d344                f01_18
                0x0800d34c                f01_19
                0x0800d354                f01_20
                0x0800d35c                f01_21
                0x0800d364                f01_22
                0x0800d36c                f01_23
                0x0800d374                f01_24
                0x0800d37c                f01_25
                0x0800d384                f01_26
                0x0800d38c                f01_27
                0x0800d394                f01_28
                0x0800d39c                f01_29
                0x0800d3a4                f01_30
                0x0800d3ac                f01_31
                0x0800d3b4                f01_32
                0x0800d3bc                f01_33
                0x0800d3c4                f01_34
                0x0800d3cc                f01_35
                0x0800d3d4                f01_36
                0x0800d3dc                f01_37
                0x0800d3e4                f01_38
                0x0800d3ec                f01_39
                0x0800d3f4                f01_40
                0x0800d3fc                f01_41
                0x0800d404                f01_42
                0x0800d40c                f01_43
                0x0800d414                f01_44
                0x0800d41c                f01_45
                0x0800d424                f01_46
                0x0800d42c                f01_47
                0x0800d434                f01_48
                0x0800d43c                f01_49
                0x0800d444                f01_50
                0x0800d44c                f01_51
                0x0800d454                f01_52
                0x0800d45c                f01_53
                0x0800d464                f01_54
                0x0800d46c                f01_55
                0x0800d474                f01_56
                0x0800d47c                f01_57
                0x0800d484                f01_58
                0x0800d48c                f01_59
                0x0800d494                f01_60
                0x0800d49c                f01_61
                0x0800d4a4                f01_62
                0x0800d4ac                f01_63
                0x0800d4b4                f01_64
                0x0800d4bc                f01_65
                0x0800d4c4                f01_66
                0x0800d4cc                f01_67
                0x0800d4d4                f01_68
                0x0800d4dc                f01_69
                0x0800d4e4                f01_70
                0x0800d4ec                f01_71
                0x0800d4f4                f01_72
                0x0800d4fc                f01_73
                0x0800d504                f01_74
                0x0800d50c                f01_75
                0x0800d514                f01_76
                0x0800d51c                f01_77
                0x0800d524                f01_78
                0x0800d52c                f01_79
                0x0800d534                f01_80
                0x0800d53c                f01_81
                0x0800d544                f01_82
                0x0800d54c                f01_83
                0x0800d554                f01_84
                0x0800d55c                f01_85
                0x0800d564                f01_86
                0x0800d56c                f01_87
                0x0800d574                f01_88
                0x0800d57c                f01_89
                0x0800d584                f01_90
                0x0800d58c                f01_91
                0x0800d594                f01_92
                0x0800d59c                f01_93
                0x0800d5a4                f01_94
                0x0800d5ac                f01_95
                0x0800d5b4                f01_96
                0x0800d5bc                f01_97
                0x0800d5c4                f01_98
                0x0800d5cc                f01_99
                0x0800d5d4                f01_100
                0x0800d5dc                f01_101
                0x0800d5e4                f01_102
                0x0800d5ec                f01_103
                0x0800d5f4                f01_104
                0x0800d5fc                f01_105
                0x0800d604                f01_106
                0x0800d60c                f01_107
                0x0800d614                f01_108
                0x0800d61c                f01_109
                0x0800d624                f01_110
                0x0800d62c                f01_111
                0x0800d634                f01_112
                0x0800d63c                f01_113
                0x0800d644                f01_114
                0x0800d64c                f01_115
                0x0800d654                f01_116
                0x0800d65c                f01_117
                0x0800d664                f01_118
                0x0800d66c                f01_119
                0x0800d674                f01_120
                0x0800d67c                f01_121
                0x0800d684                f01_122
                0x0800d68c                f01_123
                0x0800d694                f01_124
                0x0800d69c                f01_125
                0x0800d6a4                f01_126
                0x0800d6ac                f01_127
                0x0800d6b4                f01_128
                0x0800d6bc                f01_129
                0x0800d6c4                f01_130
                0x0800d6cc                f01_131
                0x0800d6d4                f01_132
                0x0800d6dc                f01_133
                0x0800d6e4                f01_134
                0x0800d6ec                f01_135
                0x0800d6f4                f01_136
                0x0800d6fc                f01_137
                0x0800d704                f01_138
                0x0800d70c                f01_139
                0x0800d714                f01_140
                0x0800d71c                f01_141
                0x0800d724                f01_142
                0x0800d72c                f01_143
                0x0800d734                f01_144
                0x0800d73c                f01_145
                0x0800d744                f01_146
                0x0800d74c                f01_147
                0x0800d754                f01_148
                0x0800d75c                f01_149
                0x0800d764                f01_150
                0x0800d76c                f01_151
                0x0800d774                f01_152
                0x0800d77c                f01_153
                0x0800d784                f01_154
                0x0800d78c                f01_155
                0x0800d794                f01_156
                0x0800d79c                f01_157
                0x0800d7a4                f01_158
                0x0800d7ac                f01_159
                0x0800d7b4                f01_160
                0x0800d7bc                f01_161
                0x0800d7c4                f01_162
                0x0800d7cc                f01_163
                0x0800d7d4                f01_164
                0x0800d7dc                f01_165
                0x0800d7e4                f01_166
                0x0800d7ec                f01_167
                0x0800d7f4                f01_168
                0x0800d7fc                f01_169
                0x0800d804                f01_170
                0x0800d80c                f01_171
                0x0800d814                f01_172
                0x0800d81c                f01_173
                0x0800d824                f01_174
                0x0800d82c                f01_175
                0x0800d834                f01_176
                0x0800d83c                f01_177
                0x0800d844                f01_178
                0x0800d84c                f01_179
                0x0800d854                f01_180
                0x0800d85c                f01_181
                0x0800d864                f01_182
                0x0800d86c                f01_183
                0x0800d874                f01_184
                0x0800d87c                f01_185
                0x0800d884                f01_186
                0x0800d88c                f01_187
                0x0800d894                f01_188
                0x0800d89c                f01_189
                0x0800d8a4                f01_190
                0x0800d8ac                f01_191
                0x0800d8b4                f01_192
                0x0800d8bc                f01_193
                0x0800d8c4                f01_194
                0x0800d8cc                f01_195
                0x0800d8d4                f01_196
                0x0800d8dc                f01_197
                0x0800d8e4                f01_198
                0x0800d8ec                f01_199
                0x0800d8f4                f01_200
                0x0800d8fc                f01_201
                0x0800d904                f01_202
                0x0800d90c                f01_203
                0x0800d914                f01_204
                0x0800d91c                f01_205
                0x0800d924                f01_206
                0x0800d92c                f01_207
                0x0800d934                f01_208
                0x0800d93c                f01_209
                0x0800d944                f01_210
                0x0800d94c                f01_211
                0x0800d954                f01_212
                0x0800d95c                f01_213
                0x0800d964                f01_214
                0x0800d96c                f01_215
                0x0800d974                f01_216
                0x0800d97c                f01_217
                0x0800d984                f01_218
                0x0800d98c                f01_219
                0x0800d994                f01_220
                0x0800d99c                f01_221
                0x0800d9a4                f01_222
                0x0800d9ac                f01_223
                0x0800d9b4                f01_224
                0x0800d9bc                f01_225
                0x0800d9c4                f01_226
                0x0800d9cc                f01_227
                0x0800d9d4                f01_228
                0x0800d9dc                f01_229
                0x0800d9e4                f01_230
                0x0800d9ec                f01_231
                0x0800d9f4                f01_232
                0x0800d9fc                f01_233
                0x0800da04                f01_234
                0x0800da0c                f01_235
                0x0800da14                f01_236
                0x0800da1c                f01_237
                0x0800da24                f01_238
                0x0800da2c                f01_239
                0x0800da34                f01_240
                0x0800da3c                f01_241
                0x0800da44                f01_242
                0x0800da4c                f01_243
                0x0800da54                f01_244
                0x0800da5c                f01_245
                0x0800da64                f01_246
                0x0800da6c                f01_247
                0x0800da74                f01_248
                0x0800da7c                f01_249
                0x0800da84                f01_250
                0x0800da8c                f01_251
                0x0800da94                f01_252
                0x0800da9c                f01_253
                0x0800daa4                f01_254
                0x0800daac                f01_255
                0x0800dab4                Font1
                0x0800deb4                f02_default
                0x0800dec4                f02_29
                0x0800ded8                f02_30
                0x0800deec                f02_31
                0x0800df00                f02_32
                0x0800df14                f02_33
                0x0800df1c                f02_34
                0x0800df28                f02_35
                0x0800df40                f02_36
                0x0800df54                f02_37
                0x0800df74                f02_38
                0x0800df8c                f02_39
                0x0800df94                f02_40
                0x0800dfa0                f02_41
                0x0800dfac                f02_42
                0x0800dfc0                f02_43
                0x0800dfd0                f02_44
                0x0800dfdc                f02_45
                0x0800dfe8                f02_46
                0x0800dff4                f02_47
                0x0800e004                f02_48
                0x0800e018                f02_49
                0x0800e024                f02_50
                0x0800e034                f02_51
                0x0800e048                f02_52
                0x0800e05c                f02_53
                0x0800e070                f02_54
                0x0800e084                f02_55
                0x0800e098                f02_56
                0x0800e0ac                f02_57
                0x0800e0c0                f02_58
                0x0800e0c8                f02_59
                0x0800e0d0                f02_60
                0x0800e0e4                f02_61
                0x0800e0f8                f02_62
                0x0800e10c                f02_63
                0x0800e120                f02_64
                0x0800e13c                f02_65
                0x0800e150                f02_66
                0x0800e168                f02_67
                0x0800e180                f02_68
                0x0800e198                f02_69
                0x0800e1ac                f02_70
                0x0800e1c0                f02_71
                0x0800e1d8                f02_72
                0x0800e1f0                f02_73
                0x0800e1f8                f02_74
                0x0800e204                f02_75
                0x0800e21c                f02_76
                0x0800e22c                f02_77
                0x0800e248                f02_78
                0x0800e260                f02_79
                0x0800e27c                f02_80
                0x0800e294                f02_81
                0x0800e2b0                f02_82
                0x0800e2c8                f02_83
                0x0800e2dc                f02_84
                0x0800e2f0                f02_85
                0x0800e308                f02_86
                0x0800e31c                f02_87
                0x0800e33c                f02_88
                0x0800e354                f02_89
                0x0800e36c                f02_90
                0x0800e384                f02_91
                0x0800e390                f02_92
                0x0800e3a0                f02_93
                0x0800e3ac                f02_94
                0x0800e3bc                f02_95
                0x0800e3d0                f02_96
                0x0800e3dc                f02_97
                0x0800e3f0                f02_98
                0x0800e404                f02_99
                0x0800e418                f02_100
                0x0800e42c                f02_101
                0x0800e440                f02_102
                0x0800e450                f02_103
                0x0800e464                f02_104
                0x0800e478                f02_105
                0x0800e480                f02_106
                0x0800e48c                f02_107
                0x0800e4a0                f02_108
                0x0800e4a8                f02_109
                0x0800e4c4                f02_110
                0x0800e4d8                f02_111
                0x0800e4ec                f02_112
                0x0800e500                f02_113
                0x0800e514                f02_114
                0x0800e528                f02_115
                0x0800e538                f02_116
                0x0800e544                f02_117
                0x0800e558                f02_118
                0x0800e56c                f02_119
                0x0800e584                f02_120
                0x0800e594                f02_121
                0x0800e5a8                f02_122
                0x0800e5bc                f02_123
                0x0800e5cc                f02_124
                0x0800e5d4                f02_125
                0x0800e5e4                f02_126
                0x0800e5f8                Font2
                0x0800e9f8                f03_00
                0x0800ea00                f03_01
                0x0800ea08                f03_02
                0x0800ea10                f03_32
                0x0800ea18                f03_33
                0x0800ea1c                f03_34
                0x0800ea20                f03_35
                0x0800ea28                f03_36
                0x0800ea30                f03_37
                0x0800ea38                f03_38
                0x0800ea40                f03_39
                0x0800ea44                f03_40
                0x0800ea48                f03_41
                0x0800ea4c                f03_42
                0x0800ea54                f03_43
                0x0800ea5c                f03_44
                0x0800ea60                f03_45
                0x0800ea68                f03_46
                0x0800ea6c                f03_47
                0x0800ea70                f03_48
                0x0800ea78                f03_49
                0x0800ea7c                f03_50
                0x0800ea84                f03_51
                0x0800ea8c                f03_52
                0x0800ea94                f03_53
                0x0800ea9c                f03_54
                0x0800eaa4                f03_55
                0x0800eaac                f03_56
                0x0800eab4                f03_57
                0x0800eabc                f03_58
                0x0800eac0                f03_59
                0x0800eac4                f03_60
                0x0800eacc                f03_61
                0x0800ead4                f03_62
                0x0800eadc                f03_63
                0x0800eae4                f03_64
                0x0800eaec                f03_65
                0x0800eaf4                f03_66
                0x0800eafc                f03_67
                0x0800eb04                f03_68
                0x0800eb0c                f03_69
                0x0800eb14                f03_70
                0x0800eb1c                f03_71
                0x0800eb24                f03_72
                0x0800eb2c                f03_73
                0x0800eb30                f03_74
                0x0800eb38                f03_75
                0x0800eb40                f03_76
                0x0800eb48                f03_77
                0x0800eb50                f03_78
                0x0800eb58                f03_79
                0x0800eb60                f03_80
                0x0800eb68                f03_81
                0x0800eb70                f03_82
                0x0800eb78                f03_83
                0x0800eb80                f03_84
                0x0800eb88                f03_85
                0x0800eb90                f03_86
                0x0800eb98                f03_87
                0x0800eba0                f03_88
                0x0800eba8                f03_89
                0x0800ebb0                f03_90
                0x0800ebb8                f03_91
                0x0800ebc0                f03_92
                0x0800ebc8                f03_93
                0x0800ebd0                f03_94
                0x0800ebd8                f03_95
                0x0800ebe0                f03_96
                0x0800ebe8                f03_97
                0x0800ebf0                f03_98
                0x0800ebf8                f03_99
                0x0800ec00                f03_100
                0x0800ec08                f03_101
                0x0800ec10                f03_102
                0x0800ec18                f03_103
                0x0800ec20                f03_104
                0x0800ec28                f03_105
                0x0800ec30                f03_106
                0x0800ec38                f03_107
                0x0800ec40                f03_108
                0x0800ec48                f03_109
                0x0800ec50                f03_110
                0x0800ec58                f03_111
                0x0800ec60                f03_112
                0x0800ec68                f03_113
                0x0800ec70                f03_114
                0x0800ec78                f03_115
                0x0800ec80                f03_116
                0x0800ec88                f03_117
                0x0800ec90                f03_118
                0x0800ec98                f03_119
                0x0800eca0                f03_120
                0x0800eca8                f03_121
                0x0800ecb0                f03_122
                0x0800ecb8                f03_123
                0x0800ecc0                f03_124
                0x0800ecc8                f03_125
                0x0800ecd0                f03_126
                0x0800ecd8                f03_127
                0x0800ece0                f03_128
                0x0800ece8                f03_129
                0x0800ecf0                f03_130
                0x0800ecf8                f03_131
                0x0800ed00                f03_132
                0x0800ed08                f03_133
                0x0800ed10                f03_134
                0x0800ed18                f03_135
                0x0800ed20                f03_136
                0x0800ed28                f03_137
                0x0800ed30                f03_138
                0x0800ed38                f03_139
                0x0800ed40                f03_140
                0x0800ed48                f03_141
                0x0800ed50                f03_142
                0x0800ed58                f03_143
                0x0800ed60                f03_144
                0x0800ed68                f03_145
                0x0800ed70                f03_146
                0x0800ed78                f03_147
                0x0800ed80                f03_148
                0x0800ed88                f03_149
                0x0800ed90                f03_150
                0x0800ed98                f03_151
                0x0800eda0                f03_152
                0x0800eda8                f03_153
                0x0800edb0                f03_154
                0x0800edb8                f03_155
                0x0800edc0                f03_156
                0x0800edc8                f03_157
                0x0800edd0                f03_158
                0x0800edd8                f03_159
                0x0800ede0                f03_160
                0x0800ede8                f03_161
                0x0800edf0                f03_162
                0x0800edf8                f03_163
                0x0800ee00                f03_164
                0x0800ee08                f03_165
                0x0800ee10                f03_166
                0x0800ee18                f03_167
                0x0800ee20                f03_168
                0x0800ee28                f03_169
                0x0800ee30                f03_170
                0x0800ee38                f03_171
                0x0800ee40                f03_172
                0x0800ee48                f03_173
                0x0800ee50                f03_174
                0x0800ee58                f03_175
                0x0800ee60                f03_176
                0x0800ee68                f03_177
                0x0800ee70                f03_178
                0x0800ee78                f03_179
                0x0800ee80                f03_180
                0x0800ee88                f03_181
                0x0800ee90                f03_182
                0x0800ee98                f03_183
                0x0800eea0                f03_184
                0x0800eea8                f03_185
                0x0800eeb0                f03_186
                0x0800eeb8                f03_187
                0x0800eec0                f03_188
                0x0800eec8                f03_189
                0x0800eed0                f03_190
                0x0800eed8                f03_191
                0x0800eee0                f03_192
                0x0800eee8                f03_193
                0x0800eef0                f03_194
                0x0800eef8                f03_195
                0x0800ef00                f03_196
                0x0800ef08                f03_197
                0x0800ef10                f03_198
                0x0800ef18                f03_199
                0x0800ef20                f03_200
                0x0800ef28                f03_201
                0x0800ef30                f03_202
                0x0800ef38                f03_203
                0x0800ef40                f03_204
                0x0800ef48                f03_205
                0x0800ef50                f03_206
                0x0800ef58                f03_207
                0x0800ef60                f03_208
                0x0800ef68                f03_209
                0x0800ef70                f03_210
                0x0800ef78                f03_211
                0x0800ef80                f03_212
                0x0800ef88                f03_213
                0x0800ef90                f03_214
                0x0800ef98                f03_215
                0x0800efa0                f03_216
                0x0800efa8                f03_217
                0x0800efb0                f03_218
                0x0800efb8                f03_219
                0x0800efc0                f03_220
                0x0800efc8                f03_221
                0x0800efd0                f03_222
                0x0800efd8                f03_223
                0x0800efe0                f03_224
                0x0800efe8                f03_225
                0x0800eff0                f03_226
                0x0800eff8                f03_227
                0x0800f000                f03_228
                0x0800f008                f03_229
                0x0800f010                f03_230
                0x0800f018                f03_231
                0x0800f020                f03_232
                0x0800f028                f03_233
                0x0800f030                f03_234
                0x0800f038                f03_235
                0x0800f040                f03_236
                0x0800f048                f03_237
                0x0800f050                f03_238
                0x0800f058                f03_239
                0x0800f060                f03_240
                0x0800f068                f03_241
                0x0800f070                f03_242
                0x0800f078                f03_243
                0x0800f080                f03_244
                0x0800f088                f03_245
                0x0800f090                f03_246
                0x0800f098                f03_247
                0x0800f0a0                f03_248
                0x0800f0a8                f03_249
                0x0800f0b0                f03_250
                0x0800f0b8                f03_251
                0x0800f0c0                f03_252
                0x0800f0c8                f03_253
                0x0800f0d0                f03_254
                0x0800f0d8                f03_255
                0x0800f0e0                Font3
                0x0800f4e0                f04_32
                0x0800f4ec                f04_33
                0x0800f4f4                f04_34
                0x0800f500                f04_35
                0x0800f510                f04_36
                0x0800f520                f04_37
                0x0800f534                f04_38
                0x0800f548                f04_39
                0x0800f550                f04_40
                0x0800f558                f04_41
                0x0800f560                f04_42
                0x0800f570                f04_43
                0x0800f57c                f04_44
                0x0800f584                f04_45
                0x0800f58c                f04_46
                0x0800f594                f04_47
                0x0800f5a0                f04_48
                0x0800f5b0                f04_49
                0x0800f5bc                f04_50
                0x0800f5cc                f04_51
                0x0800f5dc                f04_52
                0x0800f5ec                f04_53
                0x0800f5fc                f04_54
                0x0800f60c                f04_55
                0x0800f61c                f04_56
                0x0800f62c                f04_57
                0x0800f63c                f04_58
                0x0800f644                f04_59
                0x0800f65c                f04_60
                0x0800f668                f04_61
                0x0800f678                f04_62
                0x0800f684                f04_63
                0x0800f690                f04_64
                0x0800f6a4                f04_65
                0x0800f6b4                f04_66
                0x0800f6c4                f04_67
                0x0800f6d4                f04_68
                0x0800f6e4                f04_69
                0x0800f6f0                f04_70
                0x0800f700                f04_71
                0x0800f714                f04_72
                0x0800f728                f04_73
                0x0800f730                f04_74
                0x0800f740                f04_75
                0x0800f754                f04_76
                0x0800f764                f04_77
                0x0800f778                f04_78
                0x0800f78c                f04_79
                0x0800f7a0                f04_80
                0x0800f7b0                f04_81
                0x0800f7c4                f04_82
                0x0800f7d8                f04_83
                0x0800f7e8                f04_84
                0x0800f7fc                f04_85
                0x0800f810                f04_86
                0x0800f820                f04_87
                0x0800f838                f04_88
                0x0800f84c                f04_89
                0x0800f860                f04_90
                0x0800f870                f04_91
                0x0800f87c                f04_92
                0x0800f888                f04_93
                0x0800f894                f04_94
                0x0800f8a0                f04_95
                0x0800f8b4                f04_96
                0x0800f8bc                f04_97
                0x0800f8cc                f04_98
                0x0800f8dc                f04_99
                0x0800f8ec                f04_100
                0x0800f8fc                f04_101
                0x0800f90c                f04_102
                0x0800f918                f04_103
                0x0800f928                f04_104
                0x0800f938                f04_105
                0x0800f940                f04_106
                0x0800f94c                f04_107
                0x0800f95c                f04_108
                0x0800f964                f04_109
                0x0800f97c                f04_110
                0x0800f98c                f04_111
                0x0800f99c                f04_112
                0x0800f9ac                f04_113
                0x0800f9bc                f04_114
                0x0800f9c8                f04_115
                0x0800f9d4                f04_116
                0x0800f9e0                f04_117
                0x0800f9f0                f04_118
                0x0800fa00                f04_119
                0x0800fa18                f04_120
                0x0800fa28                f04_121
                0x0800fa38                f04_122
                0x0800fa48                f04_123
                0x0800fa60                f04_124
                0x0800fa78                f04_125
                0x0800fa90                f04_126
                0x0800faa8                f04_DEFAULT
                0x0800fab8                Font4
 .rodata        0x0800fee4       0x40 c:/program files (x86)/emide/emide v2.20/arm/bin/../lib/gcc/arm-none-eabi/4.7.4/armv6-m\libgcc.a(divdf3.o)
 .rodata        0x0800ff24       0x40 c:/program files (x86)/emide/emide v2.20/arm/bin/../lib/gcc/arm-none-eabi/4.7.4/armv6-m\libgcc.a(muldf3.o)
 *(.rodata*)
 .rodata.str1.4
                0x0800ff64        0x2 c:/program files (x86)/emide/emide v2.20/arm/bin/../lib/gcc/arm-none-eabi/4.7.4/../../../../arm-none-eabi/lib/armv6-m\libc.a(lib_a-impure.o)
                                  0x4 (size before relaxing)
 *fill*         0x0800ff66        0x2 00
 .rodata._global_impure_ptr
                0x0800ff68        0x4 c:/program files (x86)/emide/emide v2.20/arm/bin/../lib/gcc/arm-none-eabi/4.7.4/../../../../arm-none-eabi/lib/armv6-m\libc.a(lib_a-impure.o)
                0x0800ff68                _global_impure_ptr
 .rodata.str1.4
                0x0800ff6c        0x2 c:/program files (x86)/emide/emide v2.20/arm/bin/../lib/gcc/arm-none-eabi/4.7.4/../../../../arm-none-eabi/lib/armv6-m\libc.a(lib_a-puts.o)
                                  0x4 (size before relaxing)
 *fill*         0x0800ff6e        0x2 00
 .rodata._svfprintf_r
                0x0800ff70      0x164 c:/program files (x86)/emide/emide v2.20/arm/bin/../lib/gcc/arm-none-eabi/4.7.4/../../../../arm-none-eabi/lib/armv6-m\libc.a(lib_a-svfprintf.o)
 .rodata.str1.4
                0x080100d4       0x42 c:/program files (x86)/emide/emide v2.20/arm/bin/../lib/gcc/arm-none-eabi/4.7.4/../../../../arm-none-eabi/lib/armv6-m\libc.a(lib_a-svfprintf.o)
                                 0x44 (size before relaxing)
 *fill*         0x08010116        0x2 00
 .rodata.zeroes.6721
                0x08010118       0x10 c:/program files (x86)/emide/emide v2.20/arm/bin/../lib/gcc/arm-none-eabi/4.7.4/../../../../arm-none-eabi/lib/armv6-m\libc.a(lib_a-svfprintf.o)
 .rodata.blanks.6720
                0x08010128       0x10 c:/program files (x86)/emide/emide v2.20/arm/bin/../lib/gcc/arm-none-eabi/4.7.4/../../../../arm-none-eabi/lib/armv6-m\libc.a(lib_a-svfprintf.o)
 .rodata.str1.4
                0x08010138       0x10 c:/program files (x86)/emide/emide v2.20/arm/bin/../lib/gcc/arm-none-eabi/4.7.4/../../../../arm-none-eabi/lib/armv6-m\libc.a(lib_a-dtoa.o)
                                 0x14 (size before relaxing)
 .rodata.str1.4
                0x08010148        0xc c:/program files (x86)/emide/emide v2.20/arm/bin/../lib/gcc/arm-none-eabi/4.7.4/../../../../arm-none-eabi/lib/armv6-m\libc.a(lib_a-locale.o)
                                 0x14 (size before relaxing)
 .rodata.p05.5242
                0x08010154        0xc c:/program files (x86)/emide/emide v2.20/arm/bin/../lib/gcc/arm-none-eabi/4.7.4/../../../../arm-none-eabi/lib/armv6-m\libc.a(lib_a-mprec.o)
 .rodata.__mprec_tens
                0x08010160       0xc8 c:/program files (x86)/emide/emide v2.20/arm/bin/../lib/gcc/arm-none-eabi/4.7.4/../../../../arm-none-eabi/lib/armv6-m\libc.a(lib_a-mprec.o)
                0x08010160                __mprec_tens
 .rodata.__mprec_bigtens
                0x08010228       0x28 c:/program files (x86)/emide/emide v2.20/arm/bin/../lib/gcc/arm-none-eabi/4.7.4/../../../../arm-none-eabi/lib/armv6-m\libc.a(lib_a-mprec.o)
                0x08010228                __mprec_bigtens
 *(.glue_7)
 .glue_7        0x00000000        0x0 linker stubs
 *(.glue_7t)
 .glue_7t       0x00000000        0x0 linker stubs
 *(.eh_frame)
 .eh_frame      0x08010250        0x0 c:/program files (x86)/emide/emide v2.20/arm/bin/../lib/gcc/arm-none-eabi/4.7.4/armv6-m/crtbegin.o
 *(.init)
 .init          0x08010250        0x4 c:/program files (x86)/emide/emide v2.20/arm/bin/../lib/gcc/arm-none-eabi/4.7.4/armv6-m/crti.o
                0x08010250                _init
 .init          0x08010254        0x8 c:/program files (x86)/emide/emide v2.20/arm/bin/../lib/gcc/arm-none-eabi/4.7.4/armv6-m/crtn.o
 *(.fini)
 .fini          0x0801025c        0x4 c:/program files (x86)/emide/emide v2.20/arm/bin/../lib/gcc/arm-none-eabi/4.7.4/armv6-m/crti.o
                0x0801025c                _fini
 .fini          0x08010260        0x8 c:/program files (x86)/emide/emide v2.20/arm/bin/../lib/gcc/arm-none-eabi/4.7.4/armv6-m/crtn.o
                0x08010268                . = ALIGN (0x4)
                0x08010268                _etext = .

.vfp11_veneer   0x08010268        0x0
 .vfp11_veneer  0x00000000        0x0 linker stubs

.v4_bx          0x08010268        0x0
 .v4_bx         0x00000000        0x0 linker stubs

.iplt           0x08010268        0x0
 .iplt          0x00000000        0x0 c:/program files (x86)/emide/emide v2.20/arm/bin/../lib/gcc/arm-none-eabi/4.7.4/armv6-m/crtbegin.o

.ARM.extab
 *(.ARM.extab* .gnu.linkonce.armextab.*)

.ARM            0x08010268        0x8
                0x08010268                __exidx_start = .
 *(.ARM.exidx*)
 .ARM.exidx     0x08010268        0x8 c:/program files (x86)/emide/emide v2.20/arm/bin/../lib/gcc/arm-none-eabi/4.7.4/armv6-m\libgcc.a(_divdi3.o)
 .ARM.exidx     0x08010270        0x0 c:/program files (x86)/emide/emide v2.20/arm/bin/../lib/gcc/arm-none-eabi/4.7.4/armv6-m\libgcc.a(_udivdi3.o)
                                  0x8 (size before relaxing)
                0x08010270                __exidx_end = .

.rel.dyn        0x08010270        0x0
 .rel.iplt      0x00000000        0x0 c:/program files (x86)/emide/emide v2.20/arm/bin/../lib/gcc/arm-none-eabi/4.7.4/armv6-m/crtbegin.o

.preinit_array  0x08010270        0x0
                0x08010270                PROVIDE (__preinit_array_start, .)
 *(.preinit_array*)
                0x08010270                PROVIDE (__preinit_array_end, .)

.init_array     0x08010270        0x8
                0x08010270                PROVIDE (__init_array_start, .)
 *(SORT(.init_array.*))
 .init_array.00000
                0x08010270        0x4 c:/program files (x86)/emide/emide v2.20/arm/bin/../lib/gcc/arm-none-eabi/4.7.4/../../../../arm-none-eabi/lib/armv6-m\libc.a(lib_a-__call_atexit.o)
 *(.init_array*)
 .init_array    0x08010274        0x4 c:/program files (x86)/emide/emide v2.20/arm/bin/../lib/gcc/arm-none-eabi/4.7.4/armv6-m/crtbegin.o
                0x08010278                PROVIDE (__init_array_end, .)

.fini_array     0x08010278        0x4
                0x08010278                PROVIDE (__fini_array_start, .)
 *(SORT(.fini_array.*))
 *(.fini_array*)
 .fini_array    0x08010278        0x4 c:/program files (x86)/emide/emide v2.20/arm/bin/../lib/gcc/arm-none-eabi/4.7.4/armv6-m/crtbegin.o
                0x0801027c                PROVIDE (__fini_array_end, .)
                0x0801027c                _sidata = LOADADDR (.data)

.data           0x20000000      0x89c load address 0x0801027c
                0x20000000                . = ALIGN (0x4)
                0x20000000                _sdata = .
 *(.data)
 .data          0x20000000       0x10 obj\Debug\Libraries\STM32F0xx_StdPeriph_Driver\src\stm32f0xx_rcc.o
 .data          0x20000010       0x14 obj\Debug\Src\system_stm32f0xx.o
                0x20000010                SystemCoreClock
                0x20000014                AHBPrescTable
 *(.data*)
 *fill*         0x20000024        0x4 00
 .data.impure_data
                0x20000028      0x428 c:/program files (x86)/emide/emide v2.20/arm/bin/../lib/gcc/arm-none-eabi/4.7.4/../../../../arm-none-eabi/lib/armv6-m\libc.a(lib_a-impure.o)
 .data._impure_ptr
                0x20000450        0x4 c:/program files (x86)/emide/emide v2.20/arm/bin/../lib/gcc/arm-none-eabi/4.7.4/../../../../arm-none-eabi/lib/armv6-m\libc.a(lib_a-impure.o)
                0x20000450                _impure_ptr
 .data.__malloc_av_
                0x20000454      0x408 c:/program files (x86)/emide/emide v2.20/arm/bin/../lib/gcc/arm-none-eabi/4.7.4/../../../../arm-none-eabi/lib/armv6-m\libc.a(lib_a-mallocr.o)
                0x20000454                __malloc_av_
 .data.__malloc_trim_threshold
                0x2000085c        0x4 c:/program files (x86)/emide/emide v2.20/arm/bin/../lib/gcc/arm-none-eabi/4.7.4/../../../../arm-none-eabi/lib/armv6-m\libc.a(lib_a-mallocr.o)
                0x2000085c                __malloc_trim_threshold
 .data.__malloc_sbrk_base
                0x20000860        0x4 c:/program files (x86)/emide/emide v2.20/arm/bin/../lib/gcc/arm-none-eabi/4.7.4/../../../../arm-none-eabi/lib/armv6-m\libc.a(lib_a-mallocr.o)
                0x20000860                __malloc_sbrk_base
 .data.lconv    0x20000864       0x38 c:/program files (x86)/emide/emide v2.20/arm/bin/../lib/gcc/arm-none-eabi/4.7.4/../../../../arm-none-eabi/lib/armv6-m\libc.a(lib_a-locale.o)
                0x2000089c                . = ALIGN (0x4)
                0x2000089c                _edata = .

.jcr            0x2000089c        0x0 load address 0x08010b18
 .jcr           0x2000089c        0x0 c:/program files (x86)/emide/emide v2.20/arm/bin/../lib/gcc/arm-none-eabi/4.7.4/armv6-m/crtbegin.o

.igot.plt       0x2000089c        0x0 load address 0x08010b18
 .igot.plt      0x00000000        0x0 c:/program files (x86)/emide/emide v2.20/arm/bin/../lib/gcc/arm-none-eabi/4.7.4/armv6-m/crtbegin.o
                0x2000089c                . = ALIGN (0x4)

.bss            0x2000089c      0x1e8 load address 0x08010b18
                0x2000089c                _sbss = .
                0x2000089c                __bss_start__ = _sbss
 *(.bss)
 .bss           0x2000089c       0x1c c:/program files (x86)/emide/emide v2.20/arm/bin/../lib/gcc/arm-none-eabi/4.7.4/armv6-m/crtbegin.o
 .bss           0x200008b8        0x8 obj\Debug\Src\main.o
                0x200008b8                timer
                0x200008bc                timerFlag
 .bss           0x200008c0        0x4 obj\Debug\Src\syscalls.o
                0x200008c0                heap_end
 *(.bss*)
 .bss.__malloc_max_total_mem
                0x200008c4        0x4 c:/program files (x86)/emide/emide v2.20/arm/bin/../lib/gcc/arm-none-eabi/4.7.4/../../../../arm-none-eabi/lib/armv6-m\libc.a(lib_a-mallocr.o)
                0x200008c4                __malloc_max_total_mem
 .bss.__malloc_max_sbrked_mem
                0x200008c8        0x4 c:/program files (x86)/emide/emide v2.20/arm/bin/../lib/gcc/arm-none-eabi/4.7.4/../../../../arm-none-eabi/lib/armv6-m\libc.a(lib_a-mallocr.o)
                0x200008c8                __malloc_max_sbrked_mem
 .bss.__malloc_top_pad
                0x200008cc        0x4 c:/program files (x86)/emide/emide v2.20/arm/bin/../lib/gcc/arm-none-eabi/4.7.4/../../../../arm-none-eabi/lib/armv6-m\libc.a(lib_a-mallocr.o)
                0x200008cc                __malloc_top_pad
 .bss.__malloc_current_mallinfo
                0x200008d0       0x28 c:/program files (x86)/emide/emide v2.20/arm/bin/../lib/gcc/arm-none-eabi/4.7.4/../../../../arm-none-eabi/lib/armv6-m\libc.a(lib_a-mallocr.o)
                0x200008d0                __malloc_current_mallinfo
 *(COMMON)
 COMMON         0x200008f8      0x101 obj\Debug\Src\display.o
                0x200008f8                framebuffer
                0x200009f7                DISPLAY_COLUMN
                0x200009f8                DISPLAY_ROW
 *fill*         0x200009f9        0x3 00
 COMMON         0x200009fc       0x24 obj\Debug\Src\i2c.o
                0x200009fc                I2C_InitStructure
                0x20000a18                GPIO_InitStructure
 COMMON         0x20000a20       0x5f obj\Debug\Src\main.o
                0x20000a20                arr
                0x20000a40                testvar
                0x20000a44                USART_ClockInitStructure
                0x20000a54                cnt
                0x20000a58                TickFlagI2C
                0x20000a5c                USART_InitStructure
                0x20000a74                rxchar
                0x20000a78                toggle
                0x20000a7c                NVIC_InitStructure
 *fill*         0x20000a7f        0x1 00
 COMMON         0x20000a80        0x4 c:/program files (x86)/emide/emide v2.20/arm/bin/../lib/gcc/arm-none-eabi/4.7.4/../../../../arm-none-eabi/lib/armv6-m\libc.a(lib_a-reent.o)
                0x20000a80                errno
                0x20000a84                . = ALIGN (0x4)
                0x20000a84                _ebss = .
                0x20000a84                __bss_end__ = _ebss

._user_heap_stack
                0x20000a84      0x880 load address 0x08010b18
                0x20000a84                . = ALIGN (0x4)
                0x20000a84                __heap_start__ = .
                0x20000a84                PROVIDE (end, .)
                0x20000a84                PROVIDE (_end, .)
                0x20001284                . = (. + _Min_Heap_Size)
 *fill*         0x20000a84      0x800 00
                0x20001284                __heap_end__ = .
                0x20001304                . = (. + _Min_Stack_Size)
 *fill*         0x20001284       0x80 00
                0x20001304                . = ALIGN (0x4)

.memory_b1_text
 *(.mb1text)
 *(.mb1text*)
 *(.mb1rodata)
 *(.mb1rodata*)

/DISCARD/
 libc.a(*)
 libm.a(*)
 libgcc.a(*)

.ARM.attributes
                0x00000000       0x28
 *(.ARM.attributes)
 .ARM.attributes
                0x00000000       0x1e c:/program files (x86)/emide/emide v2.20/arm/bin/../lib/gcc/arm-none-eabi/4.7.4/armv6-m/crti.o
 .ARM.attributes
                0x0000001e       0x2c c:/program files (x86)/emide/emide v2.20/arm/bin/../lib/gcc/arm-none-eabi/4.7.4/armv6-m/crtbegin.o
 .ARM.attributes
                0x0000004a       0x31 obj\Debug\Libraries\STM32F0xx_StdPeriph_Driver\src\stm32f0xx_gpio.o
 .ARM.attributes
                0x0000007b       0x31 obj\Debug\Libraries\STM32F0xx_StdPeriph_Driver\src\stm32f0xx_i2c.o
 .ARM.attributes
                0x000000ac       0x31 obj\Debug\Libraries\STM32F0xx_StdPeriph_Driver\src\stm32f0xx_misc.o
 .ARM.attributes
                0x000000dd       0x31 obj\Debug\Libraries\STM32F0xx_StdPeriph_Driver\src\stm32f0xx_rcc.o
 .ARM.attributes
                0x0000010e       0x31 obj\Debug\Libraries\STM32F0xx_StdPeriph_Driver\src\stm32f0xx_rtc.o
 .ARM.attributes
                0x0000013f       0x31 obj\Debug\Libraries\STM32F0xx_StdPeriph_Driver\src\stm32f0xx_usart.o
 .ARM.attributes
                0x00000170       0x21 obj\Debug\Setup\startup.o
 .ARM.attributes
                0x00000191       0x31 obj\Debug\Src\clock.o
 .ARM.attributes
                0x000001c2       0x31 obj\Debug\Src\display.o
 .ARM.attributes
                0x000001f3       0x31 obj\Debug\Src\graphlib.o
 .ARM.attributes
                0x00000224       0x31 obj\Debug\Src\i2c.o
 .ARM.attributes
                0x00000255       0x31 obj\Debug\Src\main.o
 .ARM.attributes
                0x00000286       0x31 obj\Debug\Src\stm32f0xx_it.o
 .ARM.attributes
                0x000002b7       0x31 obj\Debug\Src\syscalls.o
 .ARM.attributes
                0x000002e8       0x31 obj\Debug\Src\system_stm32f0xx.o
 .ARM.attributes
                0x00000319       0x1e c:/program files (x86)/emide/emide v2.20/arm/bin/../lib/gcc/arm-none-eabi/4.7.4/armv6-m\libgcc.a(_udivsi3.o)
 .ARM.attributes
                0x00000337       0x1e c:/program files (x86)/emide/emide v2.20/arm/bin/../lib/gcc/arm-none-eabi/4.7.4/armv6-m\libgcc.a(_dvmd_tls.o)
 .ARM.attributes
                0x00000355       0x1e c:/program files (x86)/emide/emide v2.20/arm/bin/../lib/gcc/arm-none-eabi/4.7.4/armv6-m\libgcc.a(_aeabi_uldivmod.o)
 .ARM.attributes
                0x00000373       0x2c c:/program files (x86)/emide/emide v2.20/arm/bin/../lib/gcc/arm-none-eabi/4.7.4/armv6-m\libgcc.a(_muldi3.o)
 .ARM.attributes
                0x0000039f       0x2c c:/program files (x86)/emide/emide v2.20/arm/bin/../lib/gcc/arm-none-eabi/4.7.4/armv6-m\libgcc.a(bpabi.o)
 .ARM.attributes
                0x000003cb       0x2c c:/program files (x86)/emide/emide v2.20/arm/bin/../lib/gcc/arm-none-eabi/4.7.4/armv6-m\libgcc.a(_divdi3.o)
 .ARM.attributes
                0x000003f7       0x2c c:/program files (x86)/emide/emide v2.20/arm/bin/../lib/gcc/arm-none-eabi/4.7.4/armv6-m\libgcc.a(_udivdi3.o)
 .ARM.attributes
                0x00000423       0x1e c:/program files (x86)/emide/emide v2.20/arm/bin/../lib/gcc/arm-none-eabi/4.7.4/armv6-m\libgcc.a(_clzsi2.o)
 .ARM.attributes
                0x00000441       0x2c c:/program files (x86)/emide/emide v2.20/arm/bin/../lib/gcc/arm-none-eabi/4.7.4/../../../../arm-none-eabi/lib/armv6-m\libc.a(lib_a-__atexit.o)
 .ARM.attributes
                0x0000046d       0x2c c:/program files (x86)/emide/emide v2.20/arm/bin/../lib/gcc/arm-none-eabi/4.7.4/../../../../arm-none-eabi/lib/armv6-m\libc.a(lib_a-errno.o)
 .ARM.attributes
                0x00000499       0x2c c:/program files (x86)/emide/emide v2.20/arm/bin/../lib/gcc/arm-none-eabi/4.7.4/../../../../arm-none-eabi/lib/armv6-m\libc.a(lib_a-fflush.o)
 .ARM.attributes
                0x000004c5       0x2c c:/program files (x86)/emide/emide v2.20/arm/bin/../lib/gcc/arm-none-eabi/4.7.4/../../../../arm-none-eabi/lib/armv6-m\libc.a(lib_a-findfp.o)
 .ARM.attributes
                0x000004f1       0x2c c:/program files (x86)/emide/emide v2.20/arm/bin/../lib/gcc/arm-none-eabi/4.7.4/../../../../arm-none-eabi/lib/armv6-m\libc.a(lib_a-fini.o)
 .ARM.attributes
                0x0000051d       0x2c c:/program files (x86)/emide/emide v2.20/arm/bin/../lib/gcc/arm-none-eabi/4.7.4/../../../../arm-none-eabi/lib/armv6-m\libc.a(lib_a-freer.o)
 .ARM.attributes
                0x00000549       0x2c c:/program files (x86)/emide/emide v2.20/arm/bin/../lib/gcc/arm-none-eabi/4.7.4/../../../../arm-none-eabi/lib/armv6-m\libc.a(lib_a-fwalk.o)
 .ARM.attributes
                0x00000575       0x2c c:/program files (x86)/emide/emide v2.20/arm/bin/../lib/gcc/arm-none-eabi/4.7.4/../../../../arm-none-eabi/lib/armv6-m\libc.a(lib_a-impure.o)
 .ARM.attributes
                0x000005a1       0x2c c:/program files (x86)/emide/emide v2.20/arm/bin/../lib/gcc/arm-none-eabi/4.7.4/../../../../arm-none-eabi/lib/armv6-m\libc.a(lib_a-init.o)
 .ARM.attributes
                0x000005cd       0x2c c:/program files (x86)/emide/emide v2.20/arm/bin/../lib/gcc/arm-none-eabi/4.7.4/../../../../arm-none-eabi/lib/armv6-m\libc.a(lib_a-mallocr.o)
 .ARM.attributes
                0x000005f9       0x2c c:/program files (x86)/emide/emide v2.20/arm/bin/../lib/gcc/arm-none-eabi/4.7.4/../../../../arm-none-eabi/lib/armv6-m\libc.a(lib_a-memset.o)
 .ARM.attributes
                0x00000625       0x2c c:/program files (x86)/emide/emide v2.20/arm/bin/../lib/gcc/arm-none-eabi/4.7.4/../../../../arm-none-eabi/lib/armv6-m\libc.a(lib_a-mlock.o)
 .ARM.attributes
                0x00000651       0x2c c:/program files (x86)/emide/emide v2.20/arm/bin/../lib/gcc/arm-none-eabi/4.7.4/../../../../arm-none-eabi/lib/armv6-m\libc.a(lib_a-puts.o)
 .ARM.attributes
                0x0000067d       0x2c c:/program files (x86)/emide/emide v2.20/arm/bin/../lib/gcc/arm-none-eabi/4.7.4/../../../../arm-none-eabi/lib/armv6-m\libc.a(lib_a-sprintf.o)
 .ARM.attributes
                0x000006a9       0x2c c:/program files (x86)/emide/emide v2.20/arm/bin/../lib/gcc/arm-none-eabi/4.7.4/../../../../arm-none-eabi/lib/armv6-m\libc.a(lib_a-stdio.o)
 .ARM.attributes
                0x000006d5       0x2c c:/program files (x86)/emide/emide v2.20/arm/bin/../lib/gcc/arm-none-eabi/4.7.4/../../../../arm-none-eabi/lib/armv6-m\libc.a(lib_a-strlen.o)
 .ARM.attributes
                0x00000701       0x2c c:/program files (x86)/emide/emide v2.20/arm/bin/../lib/gcc/arm-none-eabi/4.7.4/../../../../arm-none-eabi/lib/armv6-m\libc.a(lib_a-svfprintf.o)
 .ARM.attributes